#
# A fatal error has been detected by the Java Runtime Environment:
#
#  EXCEPTION_ACCESS_VIOLATION (0xc0000005) at pc=0x00007fff0c661ea3, pid=23576, tid=24892
#
# JRE version: OpenJDK Runtime Environment Temurin-21.0.10+7 (21.0.10+7) (build 21.0.10+7-LTS)
# Java VM: OpenJDK 64-Bit Server VM Temurin-21.0.10+7 (21.0.10+7-LTS, mixed mode, sharing, tiered, compressed oops, compressed class ptrs, parallel gc, windows-amd64)
# Problematic frame:
# V  [jvm.dll+0x6e1ea3]
#
# No core dump will be written. Minidumps are not enabled by default on client versions of Windows
#
# If you would like to submit a bug report, please visit:
#   https://github.com/adoptium/adoptium-support/issues
#

---------------  S U M M A R Y ------------

Command Line: --add-modules=ALL-SYSTEM --add-opens=java.base/java.util=ALL-UNNAMED --add-opens=java.base/java.lang=ALL-UNNAMED --add-opens=java.base/sun.nio.fs=ALL-UNNAMED -Declipse.application=org.eclipse.jdt.ls.core.id1 -Dosgi.bundles.defaultStartLevel=4 -Declipse.product=org.eclipse.jdt.ls.core.product -Djava.import.generatesMetadataFilesAtProjectRoot=false -DDetectVMInstallationsJob.disabled=true -Dfile.encoding=utf8 -XX:+UseParallelGC -XX:GCTimeRatio=4 -XX:AdaptiveSizePolicyWeight=90 -Dsun.zip.disableMemoryMapping=true -Xmx2G -Xms100m -Xlog:disable -javaagent:c:\Users\Akanksha.Surve\.antigravity\extensions\redhat.java-1.54.0-win32-x64\lombok\lombok-1.18.39-4050.jar -XX:+HeapDumpOnOutOfMemoryError -XX:HeapDumpPath=c:\Users\Akanksha.Surve\AppData\Roaming\Antigravity\User\workspaceStorage\c3684e1d2115715f3b0a0c14ab701b21\redhat.java -Daether.dependencyCollector.impl=bf c:\Users\Akanksha.Surve\.antigravity\extensions\redhat.java-1.54.0-win32-x64\server\plugins\org.eclipse.equinox.launcher_1.7.100.v20251111-0406.jar -configuration c:\Users\Akanksha.Surve\AppData\Roaming\Antigravity\User\globalStorage\redhat.java\1.54.0\config_win -data c:\Users\Akanksha.Surve\AppData\Roaming\Antigravity\User\workspaceStorage\c3684e1d2115715f3b0a0c14ab701b21\redhat.java\jdt_ws --pipe=\\.\pipe\lsp-27d830b2af5c5a21f61994bb62f07240-sock

Host: Intel(R) Core(TM) i5-14400, 16 cores, 31G,  Windows 11 , 64 bit Build 26100 (10.0.26100.7019)
Time: Fri May  8 12:15:23 2026 India Standard Time elapsed time: 6217.357254 seconds (0d 1h 43m 37s)

---------------  T H R E A D  ---------------

Current thread (0x000001e5108b0fc0):  WorkerThread "GC Thread#7"    [id=24892, stack(0x000000b372000000,0x000000b372100000) (1024K)]

Stack: [0x000000b372000000,0x000000b372100000],  sp=0x000000b3720ff440,  free space=1021k
Native frames: (J=compiled Java code, j=interpreted, Vv=VM code, C=native code)
V  [jvm.dll+0x6e1ea3]
V  [jvm.dll+0x71406c]
V  [jvm.dll+0x71061c]
V  [jvm.dll+0x6e3e7b]
V  [jvm.dll+0x7111bc]
V  [jvm.dll+0x710c37]
V  [jvm.dll+0x70bf28]
V  [jvm.dll+0x70f605]
V  [jvm.dll+0x71471a]
V  [jvm.dll+0x8e2b41]
V  [jvm.dll+0x85f59d]
V  [jvm.dll+0x6d626d]
C  [ucrtbase.dll+0x37b0]
C  [KERNEL32.DLL+0x2e8d7]
C  [ntdll.dll+0x8c53c]


siginfo: EXCEPTION_ACCESS_VIOLATION (0xc0000005), reading address 0x00000000461fe610


Registers:
RAX=0x00000000000001e4, RBX=0x00000000461fe610, RCX=0x000000b3720ff4a0, RDX=0x000000008a8e2ed0
RSP=0x000000b3720ff440, RBP=0x000001e4c80801c0, RSI=0x00000000461feda0, RDI=0x0000000003e60000
R8 =0x000001e4c8000000, R9 =0x0000000000007fff, R10=0x0000000000010038, R11=0x000001e4b135edb0
R12=0x000000008a8e2ed0, R13=0x00000000000003e5, R14=0x000000b3720ff4a0, R15=0x000001e529ae86c0
RIP=0x00007fff0c661ea3, EFLAGS=0x0000000000010283

XMM[0]=0x000000000020b9e0 0x0000000000000009
XMM[1]=0x000000000020b9e0 0x0000000000000009
XMM[2]=0x4d8b4f19001a0120 0x0000000000000001
XMM[3]=0x0000000000000001 0x0000000000000000
XMM[4]=0x0000000000000001 0x0000000000000000
XMM[5]=0x0000000082476ea0 0x000000000020b9e0
XMM[6]=0x0000000000000000 0x0000000000000000
XMM[7]=0x0000000000000000 0x0000000000000000
XMM[8]=0x0000000000000000 0x0000000000000000
XMM[9]=0x0000000000000000 0x0000000000000000
XMM[10]=0x0000000000000000 0x0000000000000000
XMM[11]=0x0000000000000000 0x0000000000000000
XMM[12]=0x0000000000000000 0x0000000000000000
XMM[13]=0x0000000000000000 0x0000000000000000
XMM[14]=0x0000000000000000 0x0000000000000000
XMM[15]=0x0000000000000000 0x0000000000000000
  MXCSR=0x00001fa0


Register to memory mapping:

RAX=0x00000000000001e4 is an unknown value
RBX=0x00000000461fe610 is an unknown value
RCX=0x000000b3720ff4a0 points into unknown readable memory: 0x00007fff0ca19db8 | b8 9d a1 0c ff 7f 00 00
RDX=
[error occurred during error reporting (printing register info), id 0xc0000005, EXCEPTION_ACCESS_VIOLATION (0xc0000005) at pc=0x00007fff0c666543]
RSP=0x000000b3720ff440 points into unknown readable memory: 0x000000008be60268 | 68 02 e6 8b 00 00 00 00
RBP=0x000001e4c80801c0 is pointing into metadata
RSI=0x00000000461feda0 is an unknown value
RDI=0x0000000003e60000 is an unknown value
R8 =0x000001e4c8000000 is pointing into metadata
R9 =0x0000000000007fff is an unknown value
R10=0x0000000000010038 is an unknown value
R11=0x000001e4b135edb0 points into unknown readable memory: 0x000001e4b118d8a0 | a0 d8 18 b1 e4 01 00 00
R12=
[error occurred during error reporting (printing register info, attempt 2), id 0xc0000005, EXCEPTION_ACCESS_VIOLATION (0xc0000005) at pc=0x00007fff0c666543]
R13=0x00000000000003e5 is an unknown value
R14=0x000000b3720ff4a0 points into unknown readable memory: 0x00007fff0ca19db8 | b8 9d a1 0c ff 7f 00 00
R15=0x000001e529ae86c0 is an unknown value

Top of Stack: (sp=0x000000b3720ff440)
0x000000b3720ff440:   000000008be60268 000001e4b08a9100
0x000000b3720ff450:   000001e4b135edb0 000001e4b08ba6d0
0x000000b3720ff460:   000000b3720ff5f0 00007fff0cc43450
0x000000b3720ff470:   00000000d5432180 00007fff0c69406c
0x000000b3720ff480:   000000b3720ff5f0 00000000000065f0
0x000000b3720ff490:   0000000003e60000 0000000000000cbe
0x000000b3720ff4a0:   00007fff0ca19db8 0000000000000000
0x000000b3720ff4b0:   000001e4b135edb0 00000000000065f0
0x000000b3720ff4c0:   0000000003e60000 00007fff0c69061c
0x000000b3720ff4d0:   000001e5171cc760 0000000000000020
0x000000b3720ff4e0:   000001e4b13393a0 00007fff0bf89f04
0x000000b3720ff4f0:   0000000003e60000 00007fff0c663e7b
0x000000b3720ff500:   0000000003e5470d 0000000003e60000
0x000000b3720ff510:   0000000003e53a50 00007fff0c68cbfa
0x000000b3720ff520:   000000009e380000 000000b3720ff608
0x000000b3720ff530:   00000000000003e5 00000000d5432180
0x000000b3720ff540:   000000009e380000 00007fff0c6911bc
0x000000b3720ff550:   000000b3720ff5f0 0000000000000000
0x000000b3720ff560:   000000009f300000 000000009e380000
0x000000b3720ff570:   000001e4b08a34a8 000000008a880000
0x000000b3720ff580:   0000000000d6fffa 0000000000000003
0x000000b3720ff590:   000001e4b135edb0 0000000000000000
0x000000b3720ff5a0:   000000b3707fe890 0000000000000000
0x000000b3720ff5b0:   0000000000000000 000001e5108b0fc0
0x000000b3720ff5c0:   0000000000000151 00007fff0c690c37
0x000000b3720ff5d0:   000001e4b135edb0 000001e500000000
0x000000b3720ff5e0:   0000000000010000 00000000d5432180
0x000000b3720ff5f0:   00007fff0ca19d68 00007fff0cc43450
0x000000b3720ff600:   000001e4b135edb0 0000000000003a26
0x000000b3720ff610:   000000009f29d280 000000008a8e2ed0
0x000000b3720ff620:   000001e4b12cb660 0000000000000000
0x000000b3720ff630:   0000000000000015 00007fff0c68bf28 

Instructions: (pc=0x00007fff0c661ea3)
0x00007fff0c661da3:   41 48 89 7c 24 50 0f 1f 80 00 00 00 00 48 63 1e
0x00007fff0c661db3:   8b 46 04 49 03 df 48 8d 3c c3 48 3b df 73 15 48
0x00007fff0c661dc3:   8b 4d 18 48 8b d3 e8 b2 f9 ff ff 48 83 c3 08 48
0x00007fff0c661dd3:   3b df 72 eb 48 83 c6 08 49 3b f6 72 d0 48 8b 7c
0x00007fff0c661de3:   24 50 49 8b cf e8 93 ef d0 ff 4c 8b 7c 24 20 4c
0x00007fff0c661df3:   8b 74 24 28 48 8b 74 24 48 48 8b 5c 24 40 48 85
0x00007fff0c661e03:   c0 74 17 44 8b 45 10 45 33 c9 48 8b d5 48 8b c8
0x00007fff0c661e13:   48 83 c4 30 5d e9 03 48 b4 ff 48 83 c4 30 5d c3
0x00007fff0c661e23:   cc cc cc cc cc cc cc cc cc cc cc cc cc 48 89 6c
0x00007fff0c661e33:   24 20 41 54 41 56 41 57 48 83 ec 20 4d 63 90 ac
0x00007fff0c661e43:   00 00 00 4c 8b e2 4d 63 88 24 01 00 00 49 83 c2
0x00007fff0c661e53:   3a 41 8b 80 20 01 00 00 4d 03 d1 49 03 c2 4c 8b
0x00007fff0c661e63:   f1 4b 8d 2c d0 4d 8d 3c c0 49 3b ef 0f 83 91 00
0x00007fff0c661e73:   00 00 48 89 5c 24 40 48 89 74 24 48 48 89 7c 24
0x00007fff0c661e83:   50 0f 1f 40 00 0f 1f 84 00 00 00 00 00 48 63 5d
0x00007fff0c661e93:   00 8b 45 04 49 03 dc 48 8d 34 83 48 3b de 73 4b
0x00007fff0c661ea3:   8b 03 85 c0 74 3c 8b 0d 79 71 55 00 8b f8 4d 8b
0x00007fff0c661eb3:   46 10 48 d3 e7 48 8d 0d d1 15 5e 00 48 03 3d 5a
0x00007fff0c661ec3:   71 55 00 48 8b d7 e8 e2 d2 02 00 48 3b c7 74 12
0x00007fff0c661ed3:   48 2b 05 46 71 55 00 8b 0d 48 71 55 00 48 d3 e8
0x00007fff0c661ee3:   89 03 48 83 c3 04 48 3b de 72 b5 48 83 c5 08 49
0x00007fff0c661ef3:   3b ef 72 99 48 8b 7c 24 50 48 8b 74 24 48 48 8b
0x00007fff0c661f03:   5c 24 40 48 8b 6c 24 58 48 83 c4 20 41 5f 41 5e
0x00007fff0c661f13:   41 5c c3 cc cc cc cc cc cc cc cc cc cc 40 55 48
0x00007fff0c661f23:   83 ec 30 48 89 5c 24 40 48 8b e9 49 8b d8 48 89
0x00007fff0c661f33:   74 24 48 44 8b 41 10 45 33 c9 4c 89 74 24 28 4c
0x00007fff0c661f43:   89 7c 24 20 4c 8b fa 48 8b d1 48 8b 8b 98 00 00
0x00007fff0c661f53:   00 e8 c7 46 b4 ff 4c 63 93 ac 00 00 00 4c 63 8b
0x00007fff0c661f63:   24 01 00 00 49 83 c2 3a 8b 83 20 01 00 00 4d 03
0x00007fff0c661f73:   d1 49 03 c2 4a 8d 34 d3 4c 8d 34 c3 49 3b f6 73
0x00007fff0c661f83:   41 48 89 7c 24 50 0f 1f 80 00 00 00 00 48 63 1e
0x00007fff0c661f93:   8b 46 04 49 03 df 48 8d 3c 83 48 3b df 73 15 48 


Stack slot to memory mapping:

stack at sp + 0 slots: 0x000000008be60268 is an oop: java.util.WeakHashMap$Entry 
{0x000000008be60268} - klass: 'java/util/WeakHashMap$Entry'
 - ---- fields (total size 5 words):
 - private 'referent' 'Ljava/lang/Object;' @12  null (0x00000000)
 - volatile 'queue' 'Ljava/lang/ref/ReferenceQueue;' @16  a 'java/lang/ref/ReferenceQueue'{0x0000000082476ea0} (0x82476ea0)
 - volatile 'next' 'Ljava/lang/ref/Reference;' @20  null (0x00000000)
 - private transient 'discovered' 'Ljava/lang/ref/Reference;' @24  a 'java/util/WeakHashMap$Entry'{0x000000008aa3da18} (0x8aa3da18)
 - final 'hash' 'I' @28  1431741632 (0x5556a4c0)
 - 'value' 'Ljava/lang/Object;' @32  a 'java/lang/Boolean'{0x0000000080003830} = true (0x80003830)
 - 'next' 'Ljava/util/WeakHashMap$Entry;' @36  a 'java/util/WeakHashMap$Entry'{0x000000008a62be38} (0x8a62be38)
stack at sp + 1 slots: 0x000001e4b08a9100 points into unknown readable memory: 0x000000008a698bc0 | c0 8b 69 8a 00 00 00 00
stack at sp + 2 slots: 0x000001e4b135edb0 points into unknown readable memory: 0x000001e4b118d8a0 | a0 d8 18 b1 e4 01 00 00
stack at sp + 3 slots: 0x000001e4b08ba6d0 points into unknown readable memory: 0x000000008be60268 | 68 02 e6 8b 00 00 00 00
stack at sp + 4 slots: 0x000000b3720ff5f0 points into unknown readable memory: 0x00007fff0ca19d68 | 68 9d a1 0c ff 7f 00 00
stack at sp + 5 slots: 0x00007fff0cc43450 jvm.dll
stack at sp + 6 slots: 
[error occurred during error reporting (inspecting top of stack), id 0xc0000005, EXCEPTION_ACCESS_VIOLATION (0xc0000005) at pc=0x00007fff0c6664e7]
stack at sp + 7 slots: 0x00007fff0c69406c jvm.dll


---------------  P R O C E S S  ---------------

Threads class SMR info:
_java_thread_list=0x000001e50a11d610, length=78, elements={
0x000001e4b12ba360, 0x000001e4b126d4e0, 0x000001e4b1360b20, 0x000001e4b1366680,
0x000001e4b1367ea0, 0x000001e4b1369480, 0x000001e4b1376aa0, 0x000001e4b137b560,
0x000001e4b137d510, 0x000001e4b1379200, 0x000001e4b1377130, 0x000001e4b1378b70,
0x000001e4b1376410, 0x000001e4b13777c0, 0x000001e4b13784e0, 0x000001e4b1375d80,
0x000001e4b1377e50, 0x000001e510ad9db0, 0x000001e510ada440, 0x000001e510adb160,
0x000001e510ad8a00, 0x000001e510ad9720, 0x000001e51401c810, 0x000001e51401b460,
0x000001e51401baf0, 0x000001e514019390, 0x000001e51401cea0, 0x000001e51401a740,
0x000001e51401add0, 0x000001e514019a20, 0x000001e51401c180, 0x000001e51401d530,
0x000001e51401a0b0, 0x000001e51401f600, 0x000001e514020320, 0x000001e5140209b0,
0x000001e51401ef70, 0x000001e51401dbc0, 0x000001e51401e250, 0x000001e51401e8e0,
0x000001e513f7e9c0, 0x000001e5156a5670, 0x000001e5156a07b0, 0x000001e5156a0e40,
0x000001e5156a1b60, 0x000001e5156a21f0, 0x000001e5156a2f10, 0x000001e511c4e990,
0x000001e511c4f6b0, 0x000001e511c50a60, 0x000001e511c510f0, 0x000001e511c4dc70,
0x000001e511c4e300, 0x000001e511c52b30, 0x000001e511c53850, 0x000001e511c53ee0,
0x000001e511c54570, 0x000001e511c51e10, 0x000001e511c524a0, 0x000001e516f196a0,
0x000001e516f16f40, 0x000001e516f1a3c0, 0x000001e516f19010, 0x000001e516f1aa50,
0x000001e516f19d30, 0x000001e516f175d0, 0x000001e516f1b0e0, 0x000001e516f182f0,
0x000001e516f1cb20, 0x000001e516f1ded0, 0x000001e5156a14d0, 0x000001e51569ed70,
0x000001e5156a5d00, 0x000001e5156a3c30, 0x000001e5156a2880, 0x000001e5156a42c0,
0x000001e5156a4fe0, 0x000001e5156a4950
}

Java Threads: ( => current thread )
  0x000001e4b12ba360 JavaThread "main"                              [_thread_blocked, id=19988, stack(0x000000b370400000,0x000000b370500000) (1024K)]
  0x000001e4b126d4e0 JavaThread "Reference Handler"          daemon [_thread_blocked, id=23112, stack(0x000000b370800000,0x000000b370900000) (1024K)]
  0x000001e4b1360b20 JavaThread "Finalizer"                  daemon [_thread_blocked, id=24332, stack(0x000000b370900000,0x000000b370a00000) (1024K)]
  0x000001e4b1366680 JavaThread "Signal Dispatcher"          daemon [_thread_blocked, id=14704, stack(0x000000b370a00000,0x000000b370b00000) (1024K)]
  0x000001e4b1367ea0 JavaThread "Attach Listener"            daemon [_thread_blocked, id=20424, stack(0x000000b370b00000,0x000000b370c00000) (1024K)]
  0x000001e4b1369480 JavaThread "Service Thread"             daemon [_thread_blocked, id=26324, stack(0x000000b370c00000,0x000000b370d00000) (1024K)]
  0x000001e4b1376aa0 JavaThread "Monitor Deflation Thread"   daemon [_thread_blocked, id=23520, stack(0x000000b370d00000,0x000000b370e00000) (1024K)]
  0x000001e4b137b560 JavaThread "C2 CompilerThread0"         daemon [_thread_blocked, id=27488, stack(0x000000b370e00000,0x000000b370f00000) (1024K)]
  0x000001e4b137d510 JavaThread "C1 CompilerThread0"         daemon [_thread_blocked, id=27428, stack(0x000000b370f00000,0x000000b371000000) (1024K)]
  0x000001e4b1379200 JavaThread "Common-Cleaner"             daemon [_thread_blocked, id=24220, stack(0x000000b371300000,0x000000b371400000) (1024K)]
  0x000001e4b1377130 JavaThread "Notification Thread"        daemon [_thread_blocked, id=15032, stack(0x000000b371500000,0x000000b371600000) (1024K)]
  0x000001e4b1378b70 JavaThread "Active Thread: Equinox Container: 58d75374-dd46-4aa0-afa1-623c2fea96b6"        [_thread_blocked, id=19848, stack(0x000000b371f00000,0x000000b372000000) (1024K)]
  0x000001e4b1376410 JavaThread "Refresh Thread: Equinox Container: 58d75374-dd46-4aa0-afa1-623c2fea96b6" daemon [_thread_blocked, id=24980, stack(0x000000b371200000,0x000000b371300000) (1024K)]
  0x000001e4b13777c0 JavaThread "Framework Event Dispatcher: Equinox Container: 58d75374-dd46-4aa0-afa1-623c2fea96b6" daemon [_thread_blocked, id=25004, stack(0x000000b371600000,0x000000b371700000) (1024K)]
  0x000001e4b13784e0 JavaThread "Start Level: Equinox Container: 58d75374-dd46-4aa0-afa1-623c2fea96b6" daemon [_thread_blocked, id=17932, stack(0x000000b371d00000,0x000000b371e00000) (1024K)]
  0x000001e4b1375d80 JavaThread "Bundle File Closer"         daemon [_thread_blocked, id=27248, stack(0x000000b372500000,0x000000b372600000) (1024K)]
  0x000001e4b1377e50 JavaThread "SCR Component Actor"        daemon [_thread_blocked, id=20348, stack(0x000000b372300000,0x000000b372400000) (1024K)]
  0x000001e510ad9db0 JavaThread "Worker-JM"                         [_thread_blocked, id=25012, stack(0x000000b372900000,0x000000b372a00000) (1024K)]
  0x000001e510ada440 JavaThread "JNA Cleaner"                daemon [_thread_blocked, id=16840, stack(0x000000b372d00000,0x000000b372e00000) (1024K)]
  0x000001e510adb160 JavaThread "Java indexing"              daemon [_thread_blocked, id=25164, stack(0x000000b373200000,0x000000b373300000) (1024K)]
  0x000001e510ad8a00 JavaThread "Thread-1"                   daemon [_thread_in_native, id=25296, stack(0x000000b373800000,0x000000b373900000) (1024K)]
  0x000001e510ad9720 JavaThread "Thread-2"                   daemon [_thread_in_native, id=10732, stack(0x000000b373900000,0x000000b373a00000) (1024K)]
  0x000001e51401c810 JavaThread "Thread-3"                   daemon [_thread_in_native, id=15252, stack(0x000000b373a00000,0x000000b373b00000) (1024K)]
  0x000001e51401b460 JavaThread "Thread-4"                   daemon [_thread_in_native, id=11804, stack(0x000000b373b00000,0x000000b373c00000) (1024K)]
  0x000001e51401baf0 JavaThread "Thread-5"                   daemon [_thread_in_native, id=10248, stack(0x000000b373c00000,0x000000b373d00000) (1024K)]
  0x000001e514019390 JavaThread "Thread-6"                   daemon [_thread_in_native, id=19836, stack(0x000000b373d00000,0x000000b373e00000) (1024K)]
  0x000001e51401cea0 JavaThread "Thread-7"                   daemon [_thread_in_native, id=24004, stack(0x000000b373e00000,0x000000b373f00000) (1024K)]
  0x000001e51401a740 JavaThread "Thread-8"                   daemon [_thread_in_native, id=15588, stack(0x000000b373f00000,0x000000b374000000) (1024K)]
  0x000001e51401add0 JavaThread "Thread-9"                   daemon [_thread_in_native, id=25580, stack(0x000000b374000000,0x000000b374100000) (1024K)]
  0x000001e514019a20 JavaThread "Thread-10"                  daemon [_thread_in_native, id=7736, stack(0x000000b374100000,0x000000b374200000) (1024K)]
  0x000001e51401c180 JavaThread "Thread-11"                  daemon [_thread_in_native, id=26268, stack(0x000000b374200000,0x000000b374300000) (1024K)]
  0x000001e51401d530 JavaThread "Thread-12"                  daemon [_thread_in_native, id=14468, stack(0x000000b374300000,0x000000b374400000) (1024K)]
  0x000001e51401a0b0 JavaThread "Thread-13"                  daemon [_thread_in_native, id=22564, stack(0x000000b374400000,0x000000b374500000) (1024K)]
  0x000001e51401f600 JavaThread "Thread-14"                  daemon [_thread_in_native, id=20700, stack(0x000000b374500000,0x000000b374600000) (1024K)]
  0x000001e514020320 JavaThread "Thread-15"                  daemon [_thread_in_native, id=20380, stack(0x000000b374600000,0x000000b374700000) (1024K)]
  0x000001e5140209b0 JavaThread "Thread-16"                  daemon [_thread_in_native, id=17536, stack(0x000000b374700000,0x000000b374800000) (1024K)]
  0x000001e51401ef70 JavaThread "Thread-17"                  daemon [_thread_in_native, id=23188, stack(0x000000b374800000,0x000000b374900000) (1024K)]
  0x000001e51401dbc0 JavaThread "pool-2-thread-1"                   [_thread_blocked, id=21552, stack(0x000000b374900000,0x000000b374a00000) (1024K)]
  0x000001e51401e250 JavaThread "WorkspaceEventsHandler"            [_thread_blocked, id=3100, stack(0x000000b374a00000,0x000000b374b00000) (1024K)]
  0x000001e51401e8e0 JavaThread "pool-1-thread-1"                   [_thread_blocked, id=13880, stack(0x000000b374b00000,0x000000b374c00000) (1024K)]
  0x000001e513f7e9c0 JavaThread "Cleaner-0"                  daemon [_thread_blocked, id=23788, stack(0x000000b375d00000,0x000000b375e00000) (1024K)]
  0x000001e5156a5670 JavaThread "Worker-22"                         [_thread_blocked, id=26184, stack(0x000000b371000000,0x000000b371100000) (1024K)]
  0x000001e5156a07b0 JavaThread "Worker-26"                         [_thread_blocked, id=448, stack(0x000000b370100000,0x000000b370200000) (1024K)]
  0x000001e5156a0e40 JavaThread "ForkJoinPool.commonPool-worker-26" daemon [_thread_blocked, id=24212, stack(0x000000b370200000,0x000000b370300000) (1024K)]
  0x000001e5156a1b60 JavaThread "ForkJoinPool.commonPool-worker-28" daemon [_thread_blocked, id=5764, stack(0x000000b371100000,0x000000b371200000) (1024K)]
  0x000001e5156a21f0 JavaThread "ForkJoinPool.commonPool-worker-29" daemon [_thread_blocked, id=27720, stack(0x000000b371400000,0x000000b371500000) (1024K)]
  0x000001e5156a2f10 JavaThread "ForkJoinPool.commonPool-worker-37" daemon [_thread_blocked, id=21312, stack(0x000000b372f00000,0x000000b373000000) (1024K)]
  0x000001e511c4e990 JavaThread "ForkJoinPool.commonPool-worker-39" daemon [_thread_blocked, id=14612, stack(0x000000b373300000,0x000000b373400000) (1024K)]
  0x000001e511c4f6b0 JavaThread "ForkJoinPool.commonPool-worker-40" daemon [_thread_blocked, id=24848, stack(0x000000b373400000,0x000000b373500000) (1024K)]
  0x000001e511c50a60 JavaThread "ForkJoinPool.commonPool-worker-41" daemon [_thread_blocked, id=5568, stack(0x000000b370300000,0x000000b370400000) (1024K)]
  0x000001e511c510f0 JavaThread "ForkJoinPool.commonPool-worker-42" daemon [_thread_blocked, id=25384, stack(0x000000b372400000,0x000000b372500000) (1024K)]
  0x000001e511c4dc70 JavaThread "ForkJoinPool.commonPool-worker-43" daemon [_thread_blocked, id=23180, stack(0x000000b372600000,0x000000b372700000) (1024K)]
  0x000001e511c4e300 JavaThread "ForkJoinPool.commonPool-worker-46" daemon [_thread_blocked, id=20584, stack(0x000000b372700000,0x000000b372800000) (1024K)]
  0x000001e511c52b30 JavaThread "ForkJoinPool.commonPool-worker-45" daemon [_thread_blocked, id=7504, stack(0x000000b372800000,0x000000b372900000) (1024K)]
  0x000001e511c53850 JavaThread "ForkJoinPool.commonPool-worker-44" daemon [_thread_blocked, id=24692, stack(0x000000b372c00000,0x000000b372d00000) (1024K)]
  0x000001e511c53ee0 JavaThread "ForkJoinPool.commonPool-worker-47" daemon [_thread_blocked, id=12188, stack(0x000000b372e00000,0x000000b372f00000) (1024K)]
  0x000001e511c54570 JavaThread "ForkJoinPool.commonPool-worker-49" daemon [_thread_blocked, id=23556, stack(0x000000b373000000,0x000000b373100000) (1024K)]
  0x000001e511c51e10 JavaThread "ForkJoinPool.commonPool-worker-48" daemon [_thread_blocked, id=7084, stack(0x000000b373100000,0x000000b373200000) (1024K)]
  0x000001e511c524a0 JavaThread "Worker-27"                         [_thread_blocked, id=9604, stack(0x000000b373500000,0x000000b373600000) (1024K)]
  0x000001e516f196a0 JavaThread "Worker-28"                         [_thread_blocked, id=27528, stack(0x000000b373600000,0x000000b373700000) (1024K)]
  0x000001e516f16f40 JavaThread "Compiler Source File Reader" daemon [_thread_blocked, id=27904, stack(0x000000b373700000,0x000000b373800000) (1024K)]
  0x000001e516f1a3c0 JavaThread "Compiler Processing Task"   daemon [_thread_blocked, id=14836, stack(0x000000b374c00000,0x000000b374d00000) (1024K)]
  0x000001e516f19010 JavaThread "Compiler Source File Reader" daemon [_thread_blocked, id=19756, stack(0x000000b374d00000,0x000000b374e00000) (1024K)]
  0x000001e516f1aa50 JavaThread "Compiler Source File Reader" daemon [_thread_blocked, id=26328, stack(0x000000b374e00000,0x000000b374f00000) (1024K)]
  0x000001e516f19d30 JavaThread "Compiler Source File Reader" daemon [_thread_blocked, id=19968, stack(0x000000b374f00000,0x000000b375000000) (1024K)]
  0x000001e516f175d0 JavaThread "Compiler Source File Reader" daemon [_thread_blocked, id=26668, stack(0x000000b375000000,0x000000b375100000) (1024K)]
  0x000001e516f1b0e0 JavaThread "Compiler Source File Reader" daemon [_thread_blocked, id=15188, stack(0x000000b375100000,0x000000b375200000) (1024K)]
  0x000001e516f182f0 JavaThread "Compiler Source File Reader" daemon [_thread_blocked, id=6604, stack(0x000000b375200000,0x000000b375300000) (1024K)]
  0x000001e516f1cb20 JavaThread "Compiler Source File Reader" daemon [_thread_blocked, id=9748, stack(0x000000b375300000,0x000000b375400000) (1024K)]
  0x000001e516f1ded0 JavaThread "Compiler Source File Reader" daemon [_thread_blocked, id=15316, stack(0x000000b375400000,0x000000b375500000) (1024K)]
  0x000001e5156a14d0 JavaThread "Compiler Source File Reader" daemon [_thread_blocked, id=7536, stack(0x000000b375500000,0x000000b375600000) (1024K)]
  0x000001e51569ed70 JavaThread "Compiler Source File Reader" daemon [_thread_blocked, id=21848, stack(0x000000b375800000,0x000000b375900000) (1024K)]
  0x000001e5156a5d00 JavaThread "Worker-29"                         [_thread_blocked, id=12252, stack(0x000000b375600000,0x000000b375700000) (1024K)]
  0x000001e5156a3c30 JavaThread "Compiler Source File Reader" daemon [_thread_blocked, id=7684, stack(0x000000b375700000,0x000000b375800000) (1024K)]
  0x000001e5156a2880 JavaThread "Worker-30"                         [_thread_blocked, id=19880, stack(0x000000b375900000,0x000000b375a00000) (1024K)]
  0x000001e5156a42c0 JavaThread "Compiler Source File Reader" daemon [_thread_blocked, id=3456, stack(0x000000b375b00000,0x000000b375c00000) (1024K)]
  0x000001e5156a4fe0 JavaThread "Compiler Source File Reader" daemon [_thread_blocked, id=20372, stack(0x000000b375c00000,0x000000b375d00000) (1024K)]
  0x000001e5156a4950 JavaThread "Worker-31"                         [_thread_blocked, id=2096, stack(0x000000b375e00000,0x000000b375f00000) (1024K)]
Total: 78

Other Threads:
  0x000001e4b1251520 VMThread "VM Thread"                           [id=26372, stack(0x000000b370700000,0x000000b370800000) (1024K)]
  0x000001e4b114ca00 WatcherThread "VM Periodic Task Thread"        [id=2392, stack(0x000000b370600000,0x000000b370700000) (1024K)]
  0x000001e4b12d9130 WorkerThread "GC Thread#0"                     [id=10408, stack(0x000000b370500000,0x000000b370600000) (1024K)]
  0x000001e510656230 WorkerThread "GC Thread#1"                     [id=27624, stack(0x000000b371700000,0x000000b371800000) (1024K)]
  0x000001e5101be1c0 WorkerThread "GC Thread#2"                     [id=24380, stack(0x000000b371800000,0x000000b371900000) (1024K)]
  0x000001e510656df0 WorkerThread "GC Thread#3"                     [id=23940, stack(0x000000b371900000,0x000000b371a00000) (1024K)]
  0x000001e5109d6f30 WorkerThread "GC Thread#4"                     [id=4444, stack(0x000000b371a00000,0x000000b371b00000) (1024K)]
  0x000001e5109d7af0 WorkerThread "GC Thread#5"                     [id=24088, stack(0x000000b371b00000,0x000000b371c00000) (1024K)]
  0x000001e5109d7ea0 WorkerThread "GC Thread#6"                     [id=23484, stack(0x000000b371c00000,0x000000b371d00000) (1024K)]
=>0x000001e5108b0fc0 WorkerThread "GC Thread#7"                     [id=24892, stack(0x000000b372000000,0x000000b372100000) (1024K)]
  0x000001e510f9c410 WorkerThread "GC Thread#8"                     [id=13632, stack(0x000000b371e00000,0x000000b371f00000) (1024K)]
  0x000001e510b28420 WorkerThread "GC Thread#9"                     [id=9460, stack(0x000000b372100000,0x000000b372200000) (1024K)]
  0x000001e510b28ba0 WorkerThread "GC Thread#10"                    [id=17860, stack(0x000000b372200000,0x000000b372300000) (1024K)]
  0x000001e5111d1100 WorkerThread "GC Thread#11"                    [id=18860, stack(0x000000b372a00000,0x000000b372b00000) (1024K)]
  0x000001e5111d09a0 WorkerThread "GC Thread#12"                    [id=21936, stack(0x000000b372b00000,0x000000b372c00000) (1024K)]
Total: 15

Threads with active compile tasks:
C1 CompilerThread0  6217406 34153       3       org.eclipse.jdt.internal.core.JavaModelOperation::runPostActions (64 bytes)
Total: 1

VM state: at safepoint (normal execution)

VM Mutex/Monitor currently owned by a thread:  ([mutex/lock_event])
[0x00007fff0cc3e560] Threads_lock - owner thread: 0x000001e4b1251520
[0x00007fff0cc3e660] Heap_lock - owner thread: 0x000001e510adb160

Heap address: 0x0000000080000000, size: 2048 MB, Compressed Oops mode: 32-bit

CDS archive(s) mapped at: [0x000001e4c8000000-0x000001e4c8ba0000-0x000001e4c8ba0000), size 12189696, SharedBaseAddress: 0x000001e4c8000000, ArchiveRelocationMode: 1.
Compressed class space mapped at: 0x000001e4c9000000-0x000001e509000000, reserved size: 1073741824
Narrow klass base: 0x000001e4c8000000, Narrow klass shift: 0, Narrow klass range: 0x100000000

GC Precious Log:
 CardTable entry size: 512
 CPUs: 16 total, 16 available
 Memory: 32454M
 Large Page Support: Disabled
 NUMA Support: Disabled
 Compressed Oops: Enabled (32-bit)
 Alignments: Space 512K, Generation 512K, Heap 2M
 Heap Min Capacity: 100M
 Heap Initial Capacity: 100M
 Heap Max Capacity: 2G
 Pre-touch: Disabled
 Parallel Workers: 13

Heap:
 PSYoungGen      total 7168K, used 7152K [0x00000000d5580000, 0x00000000d6280000, 0x0000000100000000)
  eden space 5120K, 100% used [0x00000000d5580000,0x00000000d5a80000,0x00000000d5a80000)
  from space 2048K, 99% used [0x00000000d5a80000,0x00000000d5c7c010,0x00000000d5c80000)
  to   space 4096K, 0% used [0x00000000d5e80000,0x00000000d5e80000,0x00000000d6280000)
 ParOldGen       total 1397248K, used 1396936K [0x0000000080000000, 0x00000000d5480000, 0x00000000d5580000)
  object space 1397248K, 99% used [0x0000000080000000,0x00000000d5432180,0x00000000d5480000)
 Metaspace       used 90505K, committed 92416K, reserved 1179648K
  class space    used 8670K, committed 9664K, reserved 1048576K

Card table byte_map: [0x000001e4b0c60000,0x000001e4b1070000] _byte_map_base: 0x000001e4b0860000

Marking Bits: (ParMarkBitMap*) 0x00007fff0cc43450
 Begin Bits: [0x000001e4c3770000, 0x000001e4c5770000)
 End Bits:   [0x000001e4c5770000, 0x000001e4c7770000)

Polling page: 0x000001e4af050000

Metaspace:

Usage:
  Non-class:     79.92 MB used.
      Class:      8.47 MB used.
       Both:     88.38 MB used.

Virtual space:
  Non-class space:      128.00 MB reserved,      80.81 MB ( 63%) committed,  2 nodes.
      Class space:        1.00 GB reserved,       9.44 MB ( <1%) committed,  1 nodes.
             Both:        1.12 GB reserved,      90.25 MB (  8%) committed. 

Chunk freelists:
   Non-Class:  14.88 MB
       Class:  6.59 MB
        Both:  21.47 MB

MaxMetaspaceSize: unlimited
CompressedClassSpaceSize: 1.00 GB
Initial GC threshold: 21.00 MB
Current GC threshold: 148.56 MB
CDS: on
 - commit_granule_bytes: 65536.
 - commit_granule_words: 8192.
 - virtual_space_node_default_size: 8388608.
 - enlarge_chunks_in_place: 1.
 - use_allocation_guard: 0.


Internal statistics:

num_allocs_failed_limit: 9.
num_arena_births: 2032.
num_arena_deaths: 430.
num_vsnodes_births: 3.
num_vsnodes_deaths: 0.
num_space_committed: 1444.
num_space_uncommitted: 0.
num_chunks_returned_to_freelist: 498.
num_chunks_taken_from_freelist: 7100.
num_chunk_merges: 143.
num_chunk_splits: 4047.
num_chunks_enlarged: 2033.
num_inconsistent_stats: 0.

CodeHeap 'non-profiled nmethods': size=119168Kb used=33874Kb max_used=42002Kb free=85294Kb
 bounds [0x000001e4bc060000, 0x000001e4be970000, 0x000001e4c34c0000]
CodeHeap 'profiled nmethods': size=119104Kb used=41922Kb max_used=55762Kb free=77181Kb
 bounds [0x000001e4b44c0000, 0x000001e4b7c10000, 0x000001e4bb910000]
CodeHeap 'non-nmethods': size=7488Kb used=1495Kb max_used=3391Kb free=5992Kb
 bounds [0x000001e4bb910000, 0x000001e4bbc80000, 0x000001e4bc060000]
CodeCache: size=245760Kb, used=77291Kb, max_used=101155Kb, free=168467Kb
 total_blobs=19424, nmethods=18612, adapters=711, full_count=0
Compilation: enabled, stopped_count=0, restarted_count=0

Compilation events (20 events):
Event: 6217.112 Thread 0x000001e4b137d510 34137       3       org.eclipse.jdt.internal.formatter.linewrap.WrapPreparator::handleVariableDeclarations (68 bytes)
Event: 6217.112 Thread 0x000001e4b137d510 nmethod 34137 0x000001e4b67f9090 code [0x000001e4b67f92c0, 0x000001e4b67f9968]
Event: 6217.112 Thread 0x000001e4b137d510 34133       3       org.eclipse.jdt.core.dom.ContinueStatement::accept0 (25 bytes)
Event: 6217.112 Thread 0x000001e4b137d510 nmethod 34133 0x000001e4b67f8910 code [0x000001e4b67f8b00, 0x000001e4b67f8ef8]
Event: 6217.122 Thread 0x000001e4b137b560 nmethod 34144 0x000001e4be960b10 code [0x000001e4be960dc0, 0x000001e4be961848]
Event: 6217.122 Thread 0x000001e4b137b560 34145       4       org.eclipse.jdt.internal.formatter.linewrap.WrapExecutor::getWrapPenalty (382 bytes)
Event: 6217.134 Thread 0x000001e4b137b560 nmethod 34145 0x000001e4be962290 code [0x000001e4be9625c0, 0x000001e4be963928]
Event: 6217.174 Thread 0x000001e4b137d510 34147       3       org.eclipse.jdt.internal.core.CompilationUnit::getOwner (23 bytes)
Event: 6217.174 Thread 0x000001e4b137d510 nmethod 34147 0x000001e4b67f8010 code [0x000001e4b67f81e0, 0x000001e4b67f87e8]
Event: 6217.181 Thread 0x000001e4b137d510 34148       3       sun.nio.cs.StreamEncoder::flushLeftoverChar (243 bytes)
Event: 6217.184 Thread 0x000001e4b137d510 nmethod 34148 0x000001e4b67f6290 code [0x000001e4b67f65e0, 0x000001e4b67f7a18]
Event: 6217.184 Thread 0x000001e4b137d510 34149       3       java.nio.charset.CharsetEncoder::flush (49 bytes)
Event: 6217.184 Thread 0x000001e4b137d510 nmethod 34149 0x000001e4b67f5b90 code [0x000001e4b67f5d60, 0x000001e4b67f6128]
Event: 6217.184 Thread 0x000001e4b137d510 34150       3       java.nio.charset.CharsetEncoder::implFlush (4 bytes)
Event: 6217.184 Thread 0x000001e4b137d510 nmethod 34150 0x000001e4b586e510 code [0x000001e4b586e6a0, 0x000001e4b586e7b8]
Event: 6217.188 Thread 0x000001e4b137d510 34151       3       org.eclipse.jdt.internal.core.JavaModelOperation::pushOperation (9 bytes)
Event: 6217.190 Thread 0x000001e4b137d510 nmethod 34151 0x000001e4b67f4b90 code [0x000001e4b67f4de0, 0x000001e4b67f5860]
Event: 6217.191 Thread 0x000001e4b137d510 34152       3       org.eclipse.jdt.internal.core.JavaModelOperation::popOperation (37 bytes)
Event: 6217.192 Thread 0x000001e4b137d510 nmethod 34152 0x000001e4b671d490 code [0x000001e4b671d720, 0x000001e4b671e688]
Event: 6217.205 Thread 0x000001e4b137d510 34153       3       org.eclipse.jdt.internal.core.JavaModelOperation::runPostActions (64 bytes)

GC Heap History (20 events):
Event: 6217.121 GC heap after
{Heap after GC invocations=6491 (full 9):
 PSYoungGen      total 5120K, used 352K [0x00000000d5580000, 0x00000000d5b80000, 0x0000000100000000)
  eden space 4608K, 0% used [0x00000000d5580000,0x00000000d5580000,0x00000000d5a00000)
  from space 512K, 68% used [0x00000000d5b00000,0x00000000d5b58000,0x00000000d5b80000)
  to   space 512K, 0% used [0x00000000d5a80000,0x00000000d5a80000,0x00000000d5b00000)
 ParOldGen       total 1389056K, used 1388824K [0x0000000080000000, 0x00000000d4c80000, 0x00000000d5580000)
  object space 1389056K, 99% used [0x0000000080000000,0x00000000d4c46118,0x00000000d4c80000)
 Metaspace       used 90503K, committed 92416K, reserved 1179648K
  class space    used 8670K, committed 9664K, reserved 1048576K
}
Event: 6217.125 GC heap before
{Heap before GC invocations=6492 (full 9):
 PSYoungGen      total 5120K, used 4959K [0x00000000d5580000, 0x00000000d5b80000, 0x0000000100000000)
  eden space 4608K, 99% used [0x00000000d5580000,0x00000000d59ffff0,0x00000000d5a00000)
  from space 512K, 68% used [0x00000000d5b00000,0x00000000d5b58000,0x00000000d5b80000)
  to   space 512K, 0% used [0x00000000d5a80000,0x00000000d5a80000,0x00000000d5b00000)
 ParOldGen       total 1389056K, used 1388824K [0x0000000080000000, 0x00000000d4c80000, 0x00000000d5580000)
  object space 1389056K, 99% used [0x0000000080000000,0x00000000d4c46118,0x00000000d4c80000)
 Metaspace       used 90503K, committed 92416K, reserved 1179648K
  class space    used 8670K, committed 9664K, reserved 1048576K
}
Event: 6217.127 GC heap after
{Heap after GC invocations=6492 (full 9):
 PSYoungGen      total 5120K, used 505K [0x00000000d5580000, 0x00000000d5c00000, 0x0000000100000000)
  eden space 4608K, 0% used [0x00000000d5580000,0x00000000d5580000,0x00000000d5a00000)
  from space 512K, 98% used [0x00000000d5a80000,0x00000000d5afe410,0x00000000d5b00000)
  to   space 1024K, 0% used [0x00000000d5b00000,0x00000000d5b00000,0x00000000d5c00000)
 ParOldGen       total 1389056K, used 1388960K [0x0000000080000000, 0x00000000d4c80000, 0x00000000d5580000)
  object space 1389056K, 99% used [0x0000000080000000,0x00000000d4c683b8,0x00000000d4c80000)
 Metaspace       used 90503K, committed 92416K, reserved 1179648K
  class space    used 8670K, committed 9664K, reserved 1048576K
}
Event: 6217.139 GC heap before
{Heap before GC invocations=6493 (full 9):
 PSYoungGen      total 5120K, used 5113K [0x00000000d5580000, 0x00000000d5c00000, 0x0000000100000000)
  eden space 4608K, 100% used [0x00000000d5580000,0x00000000d5a00000,0x00000000d5a00000)
  from space 512K, 98% used [0x00000000d5a80000,0x00000000d5afe410,0x00000000d5b00000)
  to   space 1024K, 0% used [0x00000000d5b00000,0x00000000d5b00000,0x00000000d5c00000)
 ParOldGen       total 1389056K, used 1388960K [0x0000000080000000, 0x00000000d4c80000, 0x00000000d5580000)
  object space 1389056K, 99% used [0x0000000080000000,0x00000000d4c683b8,0x00000000d4c80000)
 Metaspace       used 90503K, committed 92416K, reserved 1179648K
  class space    used 8670K, committed 9664K, reserved 1048576K
}
Event: 6217.141 GC heap after
{Heap after GC invocations=6493 (full 9):
 PSYoungGen      total 4608K, used 1006K [0x00000000d5580000, 0x00000000d5e00000, 0x0000000100000000)
  eden space 3584K, 0% used [0x00000000d5580000,0x00000000d5580000,0x00000000d5900000)
  from space 1024K, 98% used [0x00000000d5b00000,0x00000000d5bfbb40,0x00000000d5c00000)
  to   space 2048K, 0% used [0x00000000d5900000,0x00000000d5900000,0x00000000d5b00000)
 ParOldGen       total 1389568K, used 1389473K [0x0000000080000000, 0x00000000d4d00000, 0x00000000d5580000)
  object space 1389568K, 99% used [0x0000000080000000,0x00000000d4ce87c8,0x00000000d4d00000)
 Metaspace       used 90503K, committed 92416K, reserved 1179648K
  class space    used 8670K, committed 9664K, reserved 1048576K
}
Event: 6217.175 GC heap before
{Heap before GC invocations=6494 (full 9):
 PSYoungGen      total 4608K, used 4587K [0x00000000d5580000, 0x00000000d5e00000, 0x0000000100000000)
  eden space 3584K, 99% used [0x00000000d5580000,0x00000000d58ff228,0x00000000d5900000)
  from space 1024K, 98% used [0x00000000d5b00000,0x00000000d5bfbb40,0x00000000d5c00000)
  to   space 2048K, 0% used [0x00000000d5900000,0x00000000d5900000,0x00000000d5b00000)
 ParOldGen       total 1389568K, used 1389473K [0x0000000080000000, 0x00000000d4d00000, 0x00000000d5580000)
  object space 1389568K, 99% used [0x0000000080000000,0x00000000d4ce87c8,0x00000000d4d00000)
 Metaspace       used 90503K, committed 92416K, reserved 1179648K
  class space    used 8670K, committed 9664K, reserved 1048576K
}
Event: 6217.177 GC heap after
{Heap after GC invocations=6494 (full 9):
 PSYoungGen      total 4608K, used 608K [0x00000000d5580000, 0x00000000d5b80000, 0x0000000100000000)
  eden space 3584K, 0% used [0x00000000d5580000,0x00000000d5580000,0x00000000d5900000)
  from space 1024K, 59% used [0x00000000d5900000,0x00000000d5998000,0x00000000d5a00000)
  to   space 1024K, 0% used [0x00000000d5a80000,0x00000000d5a80000,0x00000000d5b80000)
 ParOldGen       total 1390592K, used 1390444K [0x0000000080000000, 0x00000000d4e00000, 0x00000000d5580000)
  object space 1390592K, 99% used [0x0000000080000000,0x00000000d4ddb098,0x00000000d4e00000)
 Metaspace       used 90503K, committed 92416K, reserved 1179648K
  class space    used 8670K, committed 9664K, reserved 1048576K
}
Event: 6217.182 GC heap before
{Heap before GC invocations=6495 (full 9):
 PSYoungGen      total 4608K, used 4192K [0x00000000d5580000, 0x00000000d5b80000, 0x0000000100000000)
  eden space 3584K, 100% used [0x00000000d5580000,0x00000000d5900000,0x00000000d5900000)
  from space 1024K, 59% used [0x00000000d5900000,0x00000000d5998000,0x00000000d5a00000)
  to   space 1024K, 0% used [0x00000000d5a80000,0x00000000d5a80000,0x00000000d5b80000)
 ParOldGen       total 1390592K, used 1390444K [0x0000000080000000, 0x00000000d4e00000, 0x00000000d5580000)
  object space 1390592K, 99% used [0x0000000080000000,0x00000000d4ddb098,0x00000000d4e00000)
 Metaspace       used 90503K, committed 92416K, reserved 1179648K
  class space    used 8670K, committed 9664K, reserved 1048576K
}
Event: 6217.183 GC heap after
{Heap after GC invocations=6495 (full 9):
 PSYoungGen      total 4608K, used 521K [0x00000000d5580000, 0x00000000d5b80000, 0x0000000100000000)
  eden space 3584K, 0% used [0x00000000d5580000,0x00000000d5580000,0x00000000d5900000)
  from space 1024K, 50% used [0x00000000d5a80000,0x00000000d5b02400,0x00000000d5b80000)
  to   space 1024K, 0% used [0x00000000d5900000,0x00000000d5900000,0x00000000d5a00000)
 ParOldGen       total 1391104K, used 1390604K [0x0000000080000000, 0x00000000d4e80000, 0x00000000d5580000)
  object space 1391104K, 99% used [0x0000000080000000,0x00000000d4e03098,0x00000000d4e80000)
 Metaspace       used 90503K, committed 92416K, reserved 1179648K
  class space    used 8670K, committed 9664K, reserved 1048576K
}
Event: 6217.186 GC heap before
{Heap before GC invocations=6496 (full 9):
 PSYoungGen      total 4608K, used 4105K [0x00000000d5580000, 0x00000000d5b80000, 0x0000000100000000)
  eden space 3584K, 100% used [0x00000000d5580000,0x00000000d5900000,0x00000000d5900000)
  from space 1024K, 50% used [0x00000000d5a80000,0x00000000d5b02400,0x00000000d5b80000)
  to   space 1024K, 0% used [0x00000000d5900000,0x00000000d5900000,0x00000000d5a00000)
 ParOldGen       total 1391104K, used 1390604K [0x0000000080000000, 0x00000000d4e80000, 0x00000000d5580000)
  object space 1391104K, 99% used [0x0000000080000000,0x00000000d4e03098,0x00000000d4e80000)
 Metaspace       used 90503K, committed 92416K, reserved 1179648K
  class space    used 8670K, committed 9664K, reserved 1048576K
}
Event: 6217.187 GC heap after
{Heap after GC invocations=6496 (full 9):
 PSYoungGen      total 4608K, used 608K [0x00000000d5580000, 0x00000000d5b00000, 0x0000000100000000)
  eden space 3584K, 0% used [0x00000000d5580000,0x00000000d5580000,0x00000000d5900000)
  from space 1024K, 59% used [0x00000000d5900000,0x00000000d5998000,0x00000000d5a00000)
  to   space 1024K, 0% used [0x00000000d5a00000,0x00000000d5a00000,0x00000000d5b00000)
 ParOldGen       total 1391104K, used 1390885K [0x0000000080000000, 0x00000000d4e80000, 0x00000000d5580000)
  object space 1391104K, 99% used [0x0000000080000000,0x00000000d4e494b8,0x00000000d4e80000)
 Metaspace       used 90503K, committed 92416K, reserved 1179648K
  class space    used 8670K, committed 9664K, reserved 1048576K
}
Event: 6217.188 GC heap before
{Heap before GC invocations=6497 (full 9):
 PSYoungGen      total 4608K, used 4192K [0x00000000d5580000, 0x00000000d5b00000, 0x0000000100000000)
  eden space 3584K, 100% used [0x00000000d5580000,0x00000000d5900000,0x00000000d5900000)
  from space 1024K, 59% used [0x00000000d5900000,0x00000000d5998000,0x00000000d5a00000)
  to   space 1024K, 0% used [0x00000000d5a00000,0x00000000d5a00000,0x00000000d5b00000)
 ParOldGen       total 1391104K, used 1390885K [0x0000000080000000, 0x00000000d4e80000, 0x00000000d5580000)
  object space 1391104K, 99% used [0x0000000080000000,0x00000000d4e494b8,0x00000000d4e80000)
 Metaspace       used 90504K, committed 92416K, reserved 1179648K
  class space    used 8670K, committed 9664K, reserved 1048576K
}
Event: 6217.190 GC heap after
{Heap after GC invocations=6497 (full 9):
 PSYoungGen      total 4096K, used 1024K [0x00000000d5580000, 0x00000000d5d00000, 0x0000000100000000)
  eden space 3072K, 0% used [0x00000000d5580000,0x00000000d5580000,0x00000000d5880000)
  from space 1024K, 100% used [0x00000000d5a00000,0x00000000d5b00000,0x00000000d5b00000)
  to   space 1536K, 0% used [0x00000000d5880000,0x00000000d5880000,0x00000000d5a00000)
 ParOldGen       total 1393152K, used 1392758K [0x0000000080000000, 0x00000000d5080000, 0x00000000d5580000)
  object space 1393152K, 99% used [0x0000000080000000,0x00000000d501dac8,0x00000000d5080000)
 Metaspace       used 90504K, committed 92416K, reserved 1179648K
  class space    used 8670K, committed 9664K, reserved 1048576K
}
Event: 6217.193 GC heap before
{Heap before GC invocations=6498 (full 9):
 PSYoungGen      total 4096K, used 4096K [0x00000000d5580000, 0x00000000d5d00000, 0x0000000100000000)
  eden space 3072K, 100% used [0x00000000d5580000,0x00000000d5880000,0x00000000d5880000)
  from space 1024K, 100% used [0x00000000d5a00000,0x00000000d5b00000,0x00000000d5b00000)
  to   space 1536K, 0% used [0x00000000d5880000,0x00000000d5880000,0x00000000d5a00000)
 ParOldGen       total 1393152K, used 1392758K [0x0000000080000000, 0x00000000d5080000, 0x00000000d5580000)
  object space 1393152K, 99% used [0x0000000080000000,0x00000000d501dac8,0x00000000d5080000)
 Metaspace       used 90504K, committed 92416K, reserved 1179648K
  class space    used 8670K, committed 9664K, reserved 1048576K
}
Event: 6217.194 GC heap after
{Heap after GC invocations=6498 (full 9):
 PSYoungGen      total 4608K, used 1536K [0x00000000d5580000, 0x00000000d6080000, 0x0000000100000000)
  eden space 3072K, 0% used [0x00000000d5580000,0x00000000d5580000,0x00000000d5880000)
  from space 1536K, 100% used [0x00000000d5880000,0x00000000d5a00000,0x00000000d5a00000)
  to   space 3584K, 0% used [0x00000000d5d00000,0x00000000d5d00000,0x00000000d6080000)
 ParOldGen       total 1394176K, used 1394082K [0x0000000080000000, 0x00000000d5180000, 0x00000000d5580000)
  object space 1394176K, 99% used [0x0000000080000000,0x00000000d5168af0,0x00000000d5180000)
 Metaspace       used 90504K, committed 92416K, reserved 1179648K
  class space    used 8670K, committed 9664K, reserved 1048576K
}
Event: 6217.196 GC heap before
{Heap before GC invocations=6499 (full 9):
 PSYoungGen      total 4608K, used 4607K [0x00000000d5580000, 0x00000000d6080000, 0x0000000100000000)
  eden space 3072K, 99% used [0x00000000d5580000,0x00000000d587fff0,0x00000000d5880000)
  from space 1536K, 100% used [0x00000000d5880000,0x00000000d5a00000,0x00000000d5a00000)
  to   space 3584K, 0% used [0x00000000d5d00000,0x00000000d5d00000,0x00000000d6080000)
 ParOldGen       total 1394176K, used 1394082K [0x0000000080000000, 0x00000000d5180000, 0x00000000d5580000)
  object space 1394176K, 99% used [0x0000000080000000,0x00000000d5168af0,0x00000000d5180000)
 Metaspace       used 90504K, committed 92416K, reserved 1179648K
  class space    used 8670K, committed 9664K, reserved 1048576K
}
Event: 6217.198 GC heap after
{Heap after GC invocations=6499 (full 9):
 PSYoungGen      total 5632K, used 1417K [0x00000000d5580000, 0x00000000d5e80000, 0x0000000100000000)
  eden space 4096K, 0% used [0x00000000d5580000,0x00000000d5580000,0x00000000d5980000)
  from space 1536K, 92% used [0x00000000d5d00000,0x00000000d5e62400,0x00000000d5e80000)
  to   space 2048K, 0% used [0x00000000d5a80000,0x00000000d5a80000,0x00000000d5c80000)
 ParOldGen       total 1395712K, used 1395674K [0x0000000080000000, 0x00000000d5300000, 0x00000000d5580000)
  object space 1395712K, 99% used [0x0000000080000000,0x00000000d52f6af0,0x00000000d5300000)
 Metaspace       used 90504K, committed 92416K, reserved 1179648K
  class space    used 8670K, committed 9664K, reserved 1048576K
}
Event: 6217.200 GC heap before
{Heap before GC invocations=6500 (full 9):
 PSYoungGen      total 5632K, used 5513K [0x00000000d5580000, 0x00000000d5e80000, 0x0000000100000000)
  eden space 4096K, 100% used [0x00000000d5580000,0x00000000d5980000,0x00000000d5980000)
  from space 1536K, 92% used [0x00000000d5d00000,0x00000000d5e62400,0x00000000d5e80000)
  to   space 2048K, 0% used [0x00000000d5a80000,0x00000000d5a80000,0x00000000d5c80000)
 ParOldGen       total 1395712K, used 1395674K [0x0000000080000000, 0x00000000d5300000, 0x00000000d5580000)
  object space 1395712K, 99% used [0x0000000080000000,0x00000000d52f6af0,0x00000000d5300000)
 Metaspace       used 90504K, committed 92416K, reserved 1179648K
  class space    used 8670K, committed 9664K, reserved 1048576K
}
Event: 6217.202 GC heap after
{Heap after GC invocations=6500 (full 9):
 PSYoungGen      total 7168K, used 2032K [0x00000000d5580000, 0x00000000d6280000, 0x0000000100000000)
  eden space 5120K, 0% used [0x00000000d5580000,0x00000000d5580000,0x00000000d5a80000)
  from space 2048K, 99% used [0x00000000d5a80000,0x00000000d5c7c010,0x00000000d5c80000)
  to   space 4096K, 0% used [0x00000000d5e80000,0x00000000d5e80000,0x00000000d6280000)
 ParOldGen       total 1397248K, used 1396936K [0x0000000080000000, 0x00000000d5480000, 0x00000000d5580000)
  object space 1397248K, 99% used [0x0000000080000000,0x00000000d5432180,0x00000000d5480000)
 Metaspace       used 90504K, committed 92416K, reserved 1179648K
  class space    used 8670K, committed 9664K, reserved 1048576K
}
Event: 6217.206 GC heap before
{Heap before GC invocations=6501 (full 10):
 PSYoungGen      total 7168K, used 7152K [0x00000000d5580000, 0x00000000d6280000, 0x0000000100000000)
  eden space 5120K, 100% used [0x00000000d5580000,0x00000000d5a80000,0x00000000d5a80000)
  from space 2048K, 99% used [0x00000000d5a80000,0x00000000d5c7c010,0x00000000d5c80000)
  to   space 4096K, 0% used [0x00000000d5e80000,0x00000000d5e80000,0x00000000d6280000)
 ParOldGen       total 1397248K, used 1396936K [0x0000000080000000, 0x00000000d5480000, 0x00000000d5580000)
  object space 1397248K, 99% used [0x0000000080000000,0x00000000d5432180,0x00000000d5480000)
 Metaspace       used 90505K, committed 92416K, reserved 1179648K
  class space    used 8670K, committed 9664K, reserved 1048576K
}

Dll operation events (10 events):
Event: 0.016 Loaded shared library c:\Users\Akanksha.Surve\.antigravity\extensions\redhat.java-1.54.0-win32-x64\jre\21.0.10-win32-x86_64\bin\java.dll
Event: 0.078 Loaded shared library c:\Users\Akanksha.Surve\.antigravity\extensions\redhat.java-1.54.0-win32-x64\jre\21.0.10-win32-x86_64\bin\zip.dll
Event: 0.092 Loaded shared library C:\Users\Akanksha.Surve\.antigravity\extensions\redhat.java-1.54.0-win32-x64\jre\21.0.10-win32-x86_64\bin\instrument.dll
Event: 0.096 Loaded shared library C:\Users\Akanksha.Surve\.antigravity\extensions\redhat.java-1.54.0-win32-x64\jre\21.0.10-win32-x86_64\bin\net.dll
Event: 0.098 Loaded shared library C:\Users\Akanksha.Surve\.antigravity\extensions\redhat.java-1.54.0-win32-x64\jre\21.0.10-win32-x86_64\bin\nio.dll
Event: 0.101 Loaded shared library C:\Users\Akanksha.Surve\.antigravity\extensions\redhat.java-1.54.0-win32-x64\jre\21.0.10-win32-x86_64\bin\zip.dll
Event: 0.113 Loaded shared library C:\Users\Akanksha.Surve\.antigravity\extensions\redhat.java-1.54.0-win32-x64\jre\21.0.10-win32-x86_64\bin\jimage.dll
Event: 0.159 Loaded shared library c:\Users\Akanksha.Surve\.antigravity\extensions\redhat.java-1.54.0-win32-x64\jre\21.0.10-win32-x86_64\bin\verify.dll
Event: 1.456 Loaded shared library C:\Users\Akanksha.Surve\AppData\Roaming\Antigravity\User\globalStorage\redhat.java\1.54.0\config_win\org.eclipse.equinox.launcher\org.eclipse.equinox.launcher.win32.win32.x86_64_1.3.0.v20260203-2149\eclipse_11919.dll
Event: 5.072 Loaded shared library C:\Users\Akanksha.Surve\AppData\Local\Temp\jna-907455049\jna318476547207856989.dll

Deoptimization events (20 events):
Event: 6185.056 Thread 0x000001e511c53850 Uncommon trap: trap_request=0xffffff45 fr.pc=0x000001e4bdda5178 relative=0x0000000000000c78
Event: 6185.056 Thread 0x000001e511c53850 Uncommon trap: reason=unstable_if action=reinterpret pc=0x000001e4bdda5178 method=java.util.concurrent.ConcurrentHashMap.get(Ljava/lang/Object;)Ljava/lang/Object; @ 86 c2
Event: 6185.056 Thread 0x000001e511c53850 DEOPT PACKING pc=0x000001e4bdda5178 sp=0x000000b372cfe520
Event: 6185.056 Thread 0x000001e511c53850 DEOPT UNPACKING pc=0x000001e4bb963aa2 sp=0x000000b372cfe298 mode 2
Event: 6185.059 Thread 0x000001e511c53850 Uncommon trap: trap_request=0xffffff45 fr.pc=0x000001e4bc30b46c relative=0x000000000000154c
Event: 6185.059 Thread 0x000001e511c53850 Uncommon trap: reason=unstable_if action=reinterpret pc=0x000001e4bc30b46c method=org.eclipse.jdt.internal.core.Member.areSimilarMethods(Ljava/lang/String;[Ljava/lang/String;Ljava/lang/String;[Ljava/lang/String;[Ljava/lang/String;)Z @ 107 c2
Event: 6185.059 Thread 0x000001e511c53850 DEOPT PACKING pc=0x000001e4bc30b46c sp=0x000000b372cfe3c0
Event: 6185.059 Thread 0x000001e511c53850 DEOPT UNPACKING pc=0x000001e4bb963aa2 sp=0x000000b372cfe388 mode 2
Event: 6188.919 Thread 0x000001e511c53850 Uncommon trap: trap_request=0xffffff45 fr.pc=0x000001e4be8a901c relative=0x0000000000000c1c
Event: 6188.919 Thread 0x000001e511c53850 Uncommon trap: reason=unstable_if action=reinterpret pc=0x000001e4be8a901c method=org.eclipse.jdt.ls.core.internal.handlers.InlayHintVisitor.visit(Lorg/eclipse/jdt/core/dom/ClassInstanceCreation;)Z @ 13 c2
Event: 6188.919 Thread 0x000001e511c53850 DEOPT PACKING pc=0x000001e4be8a901c sp=0x000000b372cfe740
Event: 6188.919 Thread 0x000001e511c53850 DEOPT UNPACKING pc=0x000001e4bb963aa2 sp=0x000000b372cfe750 mode 2
Event: 6217.103 Thread 0x000001e511c53850 Uncommon trap: trap_request=0xffffffc6 fr.pc=0x000001e4bda24c58 relative=0x0000000000000378
Event: 6217.103 Thread 0x000001e511c53850 Uncommon trap: reason=bimorphic_or_optimized_type_check action=maybe_recompile pc=0x000001e4bda24c58 method=org.eclipse.jdt.core.dom.ASTConverter.convert(Lorg/eclipse/jdt/internal/compiler/ast/Statement;)Lorg/eclipse/jdt/core/dom/Statement; @ 627 c2
Event: 6217.103 Thread 0x000001e511c53850 DEOPT PACKING pc=0x000001e4bda24c58 sp=0x000000b372cfdaf0
Event: 6217.103 Thread 0x000001e511c53850 DEOPT UNPACKING pc=0x000001e4bb963aa2 sp=0x000000b372cfdb18 mode 2
Event: 6217.109 Thread 0x000001e511c53850 Uncommon trap: trap_request=0xffffff45 fr.pc=0x000001e4bc185560 relative=0x0000000000000080
Event: 6217.109 Thread 0x000001e511c53850 Uncommon trap: reason=unstable_if action=reinterpret pc=0x000001e4bc185560 method=org.eclipse.jdt.internal.formatter.linewrap.WrapExecutor$WrapsApplier.token(Lorg/eclipse/jdt/internal/formatter/Token;I)Z @ 35 c2
Event: 6217.109 Thread 0x000001e511c53850 DEOPT PACKING pc=0x000001e4bc185560 sp=0x000000b372cfe800
Event: 6217.109 Thread 0x000001e511c53850 DEOPT UNPACKING pc=0x000001e4bb963aa2 sp=0x000000b372cfe7a0 mode 2

Classes loaded (20 events):
Event: 2207.502 Loading class jdk/internal/module/IllegalAccessLogger
Event: 2207.502 Loading class jdk/internal/module/IllegalAccessLogger done
Event: 2213.637 Loading class jdk/internal/module/IllegalAccessLogger
Event: 2213.637 Loading class jdk/internal/module/IllegalAccessLogger done
Event: 2215.595 Loading class jdk/internal/module/IllegalAccessLogger
Event: 2215.595 Loading class jdk/internal/module/IllegalAccessLogger done
Event: 6136.459 Loading class jdk/internal/module/IllegalAccessLogger
Event: 6136.459 Loading class jdk/internal/module/IllegalAccessLogger done
Event: 6136.758 Loading class jdk/internal/module/IllegalAccessLogger
Event: 6136.758 Loading class jdk/internal/module/IllegalAccessLogger done
Event: 6173.208 Loading class jdk/internal/module/IllegalAccessLogger
Event: 6173.208 Loading class jdk/internal/module/IllegalAccessLogger done
Event: 6183.264 Loading class jdk/internal/module/IllegalAccessLogger
Event: 6183.264 Loading class jdk/internal/module/IllegalAccessLogger done
Event: 6184.459 Loading class java/util/concurrent/ConcurrentHashMap$TreeNode
Event: 6184.459 Loading class java/util/concurrent/ConcurrentHashMap$TreeNode done
Event: 6184.460 Loading class java/util/concurrent/ConcurrentHashMap$TreeBin
Event: 6184.460 Loading class java/util/concurrent/ConcurrentHashMap$TreeBin done
Event: 6189.957 Loading class jdk/internal/module/IllegalAccessLogger
Event: 6189.957 Loading class jdk/internal/module/IllegalAccessLogger done

Classes unloaded (20 events):
Event: 6217.234 Thread 0x000001e4b1251520 Unloading class 0x000001e4c9209400 'java/lang/invoke/LambdaForm$MH+0x000001e4c9209400'
Event: 6217.234 Thread 0x000001e4b1251520 Unloading class 0x000001e4c9209000 'java/lang/invoke/LambdaForm$MH+0x000001e4c9209000'
Event: 6217.234 Thread 0x000001e4b1251520 Unloading class 0x000001e4c9208c00 'java/lang/invoke/LambdaForm$MH+0x000001e4c9208c00'
Event: 6217.234 Thread 0x000001e4b1251520 Unloading class 0x000001e4c9200400 'java/lang/invoke/LambdaForm$BMH+0x000001e4c9200400'
Event: 6217.234 Thread 0x000001e4b1251520 Unloading class 0x000001e4c917e800 'java/lang/invoke/LambdaForm$MH+0x000001e4c917e800'
Event: 6217.234 Thread 0x000001e4b1251520 Unloading class 0x000001e4c9175000 'java/lang/invoke/LambdaForm$MH+0x000001e4c9175000'
Event: 6217.234 Thread 0x000001e4b1251520 Unloading class 0x000001e4c9174800 'java/lang/invoke/LambdaForm$MH+0x000001e4c9174800'
Event: 6217.234 Thread 0x000001e4b1251520 Unloading class 0x000001e4c9082400 'java/lang/invoke/LambdaForm$MH+0x000001e4c9082400'
Event: 6217.234 Thread 0x000001e4b1251520 Unloading class 0x000001e4c9081c00 'java/lang/invoke/LambdaForm$MH+0x000001e4c9081c00'
Event: 6217.234 Thread 0x000001e4b1251520 Unloading class 0x000001e4c9081800 'java/lang/invoke/LambdaForm$MH+0x000001e4c9081800'
Event: 6217.234 Thread 0x000001e4b1251520 Unloading class 0x000001e4c9081400 'java/lang/invoke/LambdaForm$MH+0x000001e4c9081400'
Event: 6217.234 Thread 0x000001e4b1251520 Unloading class 0x000001e4c9081000 'java/lang/invoke/LambdaForm$MH+0x000001e4c9081000'
Event: 6217.234 Thread 0x000001e4b1251520 Unloading class 0x000001e4c9080800 'java/lang/invoke/LambdaForm$MH+0x000001e4c9080800'
Event: 6217.234 Thread 0x000001e4b1251520 Unloading class 0x000001e4c9080400 'java/lang/invoke/LambdaForm$MH+0x000001e4c9080400'
Event: 6217.234 Thread 0x000001e4b1251520 Unloading class 0x000001e4c9080000 'java/lang/invoke/LambdaForm$MH+0x000001e4c9080000'
Event: 6217.234 Thread 0x000001e4b1251520 Unloading class 0x000001e4c901f800 'java/lang/invoke/LambdaForm$MH+0x000001e4c901f800'
Event: 6217.234 Thread 0x000001e4b1251520 Unloading class 0x000001e4c901e800 'java/lang/invoke/LambdaForm$MH+0x000001e4c901e800'
Event: 6217.234 Thread 0x000001e4b1251520 Unloading class 0x000001e4c901e400 'java/lang/invoke/LambdaForm$MH+0x000001e4c901e400'
Event: 6217.234 Thread 0x000001e4b1251520 Unloading class 0x000001e4c901dc00 'java/lang/invoke/LambdaForm$MH+0x000001e4c901dc00'
Event: 6217.234 Thread 0x000001e4b1251520 Unloading class 0x000001e4c9000400 'java/lang/invoke/LambdaForm$MH+0x000001e4c9000400'

Classes redefined (0 events):
No events

Internal exceptions (20 events):
Event: 2512.217 Thread 0x000001e5156a5670 Exception <a 'sun/nio/fs/WindowsException'{0x00000000d59afdd8}> (0x00000000d59afdd8) 
thrown [s\src\hotspot\share\prims\jni.cpp, line 520]
Event: 2512.217 Thread 0x000001e5156a5670 Exception <a 'sun/nio/fs/WindowsException'{0x00000000d59b15e8}> (0x00000000d59b15e8) 
thrown [s\src\hotspot\share\prims\jni.cpp, line 520]
Event: 2512.217 Thread 0x000001e5156a5670 Exception <a 'sun/nio/fs/WindowsException'{0x00000000d59b1fa0}> (0x00000000d59b1fa0) 
thrown [s\src\hotspot\share\prims\jni.cpp, line 520]
Event: 2512.217 Thread 0x000001e5156a5670 Exception <a 'sun/nio/fs/WindowsException'{0x00000000d59b3728}> (0x00000000d59b3728) 
thrown [s\src\hotspot\share\prims\jni.cpp, line 520]
Event: 2512.217 Thread 0x000001e5156a5670 Exception <a 'sun/nio/fs/WindowsException'{0x00000000d59b40d0}> (0x00000000d59b40d0) 
thrown [s\src\hotspot\share\prims\jni.cpp, line 520]
Event: 2512.218 Thread 0x000001e5156a5670 Exception <a 'sun/nio/fs/WindowsException'{0x00000000d59b5a78}> (0x00000000d59b5a78) 
thrown [s\src\hotspot\share\prims\jni.cpp, line 520]
Event: 2512.218 Thread 0x000001e5156a5670 Exception <a 'sun/nio/fs/WindowsException'{0x00000000d59b6460}> (0x00000000d59b6460) 
thrown [s\src\hotspot\share\prims\jni.cpp, line 520]
Event: 2512.218 Thread 0x000001e5156a5670 Exception <a 'sun/nio/fs/WindowsException'{0x00000000d59b7c08}> (0x00000000d59b7c08) 
thrown [s\src\hotspot\share\prims\jni.cpp, line 520]
Event: 2512.218 Thread 0x000001e5156a5670 Exception <a 'sun/nio/fs/WindowsException'{0x00000000d59b8590}> (0x00000000d59b8590) 
thrown [s\src\hotspot\share\prims\jni.cpp, line 520]
Event: 5379.194 Thread 0x000001e51569ed70 Implicit null exception at 0x000001e4bd0c4ed0 to 0x000001e4bd0c609c
Event: 6135.225 Thread 0x000001e510adb160 Exception <a 'sun/nio/fs/WindowsException'{0x00000000d55a17c8}> (0x00000000d55a17c8) 
thrown [s\src\hotspot\share\prims\jni.cpp, line 520]
Event: 6135.422 Thread 0x000001e510adb160 Exception <a 'sun/nio/fs/WindowsException'{0x00000000d57e7ca8}> (0x00000000d57e7ca8) 
thrown [s\src\hotspot\share\prims\jni.cpp, line 520]
Event: 6173.054 Thread 0x000001e510adb160 Exception <a 'sun/nio/fs/WindowsException'{0x00000000d5b7c9d8}> (0x00000000d5b7c9d8) 
thrown [s\src\hotspot\share\prims\jni.cpp, line 520]
Event: 6173.226 Thread 0x000001e510adb160 Exception <a 'sun/nio/fs/WindowsException'{0x00000000d59eb118}> (0x00000000d59eb118) 
thrown [s\src\hotspot\share\prims\jni.cpp, line 520]
Event: 6183.113 Thread 0x000001e510adb160 Exception <a 'sun/nio/fs/WindowsException'{0x00000000d5aef6e0}> (0x00000000d5aef6e0) 
thrown [s\src\hotspot\share\prims\jni.cpp, line 520]
Event: 6183.295 Thread 0x000001e510adb160 Exception <a 'sun/nio/fs/WindowsException'{0x00000000d55805c0}> (0x00000000d55805c0) 
thrown [s\src\hotspot\share\prims\jni.cpp, line 520]
Event: 6184.487 Thread 0x000001e511c53850 Implicit null exception at 0x000001e4bc4c83d1 to 0x000001e4bc4c8648
Event: 6189.800 Thread 0x000001e510adb160 Exception <a 'sun/nio/fs/WindowsException'{0x00000000d58e7478}> (0x00000000d58e7478) 
thrown [s\src\hotspot\share\prims\jni.cpp, line 520]
Event: 6189.957 Thread 0x000001e510adb160 Exception <a 'sun/nio/fs/WindowsException'{0x00000000d558b4f0}> (0x00000000d558b4f0) 
thrown [s\src\hotspot\share\prims\jni.cpp, line 520]
Event: 6217.180 Thread 0x000001e510adb160 Exception <a 'sun/nio/fs/WindowsException'{0x00000000d56c02a0}> (0x00000000d56c02a0) 
thrown [s\src\hotspot\share\prims\jni.cpp, line 520]

ZGC Phase Switch (0 events):
No events

VM Operations (20 events):
Event: 6217.121 Executing safepoint VM operation: ParallelGCFailedAllocation (Allocation Failure) done
Event: 6217.125 Executing safepoint VM operation: ParallelGCFailedAllocation (Allocation Failure)
Event: 6217.127 Executing safepoint VM operation: ParallelGCFailedAllocation (Allocation Failure) done
Event: 6217.139 Executing safepoint VM operation: ParallelGCFailedAllocation (Allocation Failure)
Event: 6217.141 Executing safepoint VM operation: ParallelGCFailedAllocation (Allocation Failure) done
Event: 6217.175 Executing safepoint VM operation: ParallelGCFailedAllocation (Allocation Failure)
Event: 6217.177 Executing safepoint VM operation: ParallelGCFailedAllocation (Allocation Failure) done
Event: 6217.182 Executing safepoint VM operation: ParallelGCFailedAllocation (Allocation Failure)
Event: 6217.183 Executing safepoint VM operation: ParallelGCFailedAllocation (Allocation Failure) done
Event: 6217.186 Executing safepoint VM operation: ParallelGCFailedAllocation (Allocation Failure)
Event: 6217.187 Executing safepoint VM operation: ParallelGCFailedAllocation (Allocation Failure) done
Event: 6217.188 Executing safepoint VM operation: ParallelGCFailedAllocation (Allocation Failure)
Event: 6217.190 Executing safepoint VM operation: ParallelGCFailedAllocation (Allocation Failure) done
Event: 6217.193 Executing safepoint VM operation: ParallelGCFailedAllocation (Allocation Failure)
Event: 6217.195 Executing safepoint VM operation: ParallelGCFailedAllocation (Allocation Failure) done
Event: 6217.196 Executing safepoint VM operation: ParallelGCFailedAllocation (Allocation Failure)
Event: 6217.198 Executing safepoint VM operation: ParallelGCFailedAllocation (Allocation Failure) done
Event: 6217.200 Executing safepoint VM operation: ParallelGCFailedAllocation (Allocation Failure)
Event: 6217.202 Executing safepoint VM operation: ParallelGCFailedAllocation (Allocation Failure) done
Event: 6217.206 Executing safepoint VM operation: ParallelGCFailedAllocation (Allocation Failure)

Memory protections (0 events):
No events

Nmethod flushes (20 events):
Event: 6217.301 Thread 0x000001e4b1251520 flushing  nmethod 0x000001e4b7ac6890
Event: 6217.301 Thread 0x000001e4b1251520 flushing  nmethod 0x000001e4b7ac8490
Event: 6217.301 Thread 0x000001e4b1251520 flushing  nmethod 0x000001e4b7ac8810
Event: 6217.301 Thread 0x000001e4b1251520 flushing  nmethod 0x000001e4b7ac9e90
Event: 6217.301 Thread 0x000001e4b1251520 flushing  nmethod 0x000001e4b7aca790
Event: 6217.301 Thread 0x000001e4b1251520 flushing  nmethod 0x000001e4b7ad6790
Event: 6217.301 Thread 0x000001e4b1251520 flushing  nmethod 0x000001e4b7ad7510
Event: 6217.301 Thread 0x000001e4b1251520 flushing  nmethod 0x000001e4b7ad9c10
Event: 6217.301 Thread 0x000001e4b1251520 flushing  nmethod 0x000001e4b7adee90
Event: 6217.301 Thread 0x000001e4b1251520 flushing  nmethod 0x000001e4b7afc710
Event: 6217.301 Thread 0x000001e4b1251520 flushing  nmethod 0x000001e4b7b01d10
Event: 6217.301 Thread 0x000001e4b1251520 flushing  nmethod 0x000001e4b7b09c10
Event: 6217.301 Thread 0x000001e4b1251520 flushing  nmethod 0x000001e4b7b0ba10
Event: 6217.301 Thread 0x000001e4b1251520 flushing  nmethod 0x000001e4b7b0e990
Event: 6217.301 Thread 0x000001e4b1251520 flushing  nmethod 0x000001e4b7b0fa10
Event: 6217.301 Thread 0x000001e4b1251520 flushing  nmethod 0x000001e4b7b1a590
Event: 6217.301 Thread 0x000001e4b1251520 flushing  nmethod 0x000001e4b7b1f290
Event: 6217.301 Thread 0x000001e4b1251520 flushing  nmethod 0x000001e4b7b34b90
Event: 6217.301 Thread 0x000001e4b1251520 flushing  nmethod 0x000001e4b7b70910
Event: 6217.301 Thread 0x000001e4b1251520 flushing  nmethod 0x000001e4b7bac690

Events (20 events):
Event: 6136.466 Thread 0x000001e516f196a0 Thread added: 0x000001e5156a14d0
Event: 6136.672 Thread 0x000001e4b137d510 Thread added: 0x000001e5233ceb60
Event: 6136.672 Thread 0x000001e4b137d510 Thread added: 0x000001e5233cd6f0
Event: 6136.712 Thread 0x000001e516f196a0 Thread added: 0x000001e51569ed70
Event: 6137.656 Thread 0x000001e5233cd6f0 Thread exited: 0x000001e5233cd6f0
Event: 6137.677 Thread 0x000001e5233ceb60 Thread exited: 0x000001e5233ceb60
Event: 6138.038 Thread 0x000001e4b137d510 Thread added: 0x000001e5233cc950
Event: 6143.083 Thread 0x000001e5233cc950 Thread exited: 0x000001e5233cc950
Event: 6173.046 Thread 0x000001e516f196a0 Thread added: 0x000001e5156a5d00
Event: 6173.161 Thread 0x000001e5156a07b0 Thread added: 0x000001e5156a3c30
Event: 6183.104 Thread 0x000001e5156a07b0 Thread added: 0x000001e5156a2880
Event: 6183.215 Thread 0x000001e4b137d510 Thread added: 0x000001e518607230
Event: 6183.224 Thread 0x000001e5156a07b0 Thread added: 0x000001e5156a42c0
Event: 6183.270 Thread 0x000001e5156a07b0 Thread added: 0x000001e5156a4fe0
Event: 6183.624 Thread 0x000001e511c524a0 Thread added: 0x000001e5156a4950
Event: 6184.309 Thread 0x000001e518607230 Thread exited: 0x000001e518607230
Event: 6184.377 Thread 0x000001e4b137d510 Thread added: 0x000001e52340c7f0
Event: 6184.466 Thread 0x000001e4b137d510 Thread added: 0x000001e50a0a9df0
Event: 6188.904 Thread 0x000001e50a0a9df0 Thread exited: 0x000001e50a0a9df0
Event: 6189.175 Thread 0x000001e52340c7f0 Thread exited: 0x000001e52340c7f0


Dynamic libraries:
0x00007ff6c26f0000 - 0x00007ff6c26fe000 	c:\Users\Akanksha.Surve\.antigravity\extensions\redhat.java-1.54.0-win32-x64\jre\21.0.10-win32-x86_64\bin\java.exe
0x00007fff7cf80000 - 0x00007fff7d1e8000 	C:\WINDOWS\SYSTEM32\ntdll.dll
0x00007fff7c1b0000 - 0x00007fff7c279000 	C:\WINDOWS\System32\KERNEL32.DLL
0x00007fff7a700000 - 0x00007fff7aaf8000 	C:\WINDOWS\System32\KERNELBASE.dll
0x00007fff7a180000 - 0x00007fff7a2cb000 	C:\WINDOWS\System32\ucrtbase.dll
0x00007fff4b760000 - 0x00007fff4b778000 	c:\Users\Akanksha.Surve\.antigravity\extensions\redhat.java-1.54.0-win32-x64\jre\21.0.10-win32-x86_64\bin\jli.dll
0x00007fff7beb0000 - 0x00007fff7c077000 	C:\WINDOWS\System32\USER32.dll
0x00007fff7a4c0000 - 0x00007fff7a4e7000 	C:\WINDOWS\System32\win32u.dll
0x00007fff4b320000 - 0x00007fff4b33e000 	c:\Users\Akanksha.Surve\.antigravity\extensions\redhat.java-1.54.0-win32-x64\jre\21.0.10-win32-x86_64\bin\VCRUNTIME140.dll
0x00007fff7c8c0000 - 0x00007fff7c8eb000 	C:\WINDOWS\System32\GDI32.dll
0x00007fff7a390000 - 0x00007fff7a4bc000 	C:\WINDOWS\System32\gdi32full.dll
0x00007fff7a0d0000 - 0x00007fff7a173000 	C:\WINDOWS\System32\msvcp_win.dll
0x00007fff794e0000 - 0x00007fff79774000 	C:\WINDOWS\WinSxS\amd64_microsoft.windows.common-controls_6595b64144ccf1df_6.0.26100.7019_none_3e06ffa0e335b8a8\COMCTL32.dll
0x00007fff7c080000 - 0x00007fff7c129000 	C:\WINDOWS\System32\msvcrt.dll
0x00007fff7c280000 - 0x00007fff7c2b1000 	C:\WINDOWS\System32\IMM32.DLL
0x00007fff5dfd0000 - 0x00007fff5dfdc000 	c:\Users\Akanksha.Surve\.antigravity\extensions\redhat.java-1.54.0-win32-x64\jre\21.0.10-win32-x86_64\bin\vcruntime140_1.dll
0x00007fff1cc40000 - 0x00007fff1cccd000 	c:\Users\Akanksha.Surve\.antigravity\extensions\redhat.java-1.54.0-win32-x64\jre\21.0.10-win32-x86_64\bin\msvcp140.dll
0x00007fff0bf80000 - 0x00007fff0cd21000 	c:\Users\Akanksha.Surve\.antigravity\extensions\redhat.java-1.54.0-win32-x64\jre\21.0.10-win32-x86_64\bin\server\jvm.dll
0x00007fff7c800000 - 0x00007fff7c8b4000 	C:\WINDOWS\System32\ADVAPI32.dll
0x00007fff7b990000 - 0x00007fff7ba36000 	C:\WINDOWS\System32\sechost.dll
0x00007fff7ce20000 - 0x00007fff7cf38000 	C:\WINDOWS\System32\RPCRT4.dll
0x00007fff7c780000 - 0x00007fff7c7f4000 	C:\WINDOWS\System32\WS2_32.dll
0x00007fff79f30000 - 0x00007fff79f8e000 	C:\WINDOWS\SYSTEM32\POWRPROF.dll
0x00007fff738c0000 - 0x00007fff738f5000 	C:\WINDOWS\SYSTEM32\WINMM.dll
0x00007fff6a0a0000 - 0x00007fff6a0ab000 	C:\WINDOWS\SYSTEM32\VERSION.dll
0x00007fff79f10000 - 0x00007fff79f24000 	C:\WINDOWS\SYSTEM32\UMPDC.dll
0x00007fff784c0000 - 0x00007fff784db000 	C:\WINDOWS\SYSTEM32\kernel.appcore.dll
0x00007fff5da60000 - 0x00007fff5da6a000 	c:\Users\Akanksha.Surve\.antigravity\extensions\redhat.java-1.54.0-win32-x64\jre\21.0.10-win32-x86_64\bin\jimage.dll
0x00007fff79890000 - 0x00007fff79ad2000 	C:\WINDOWS\SYSTEM32\DBGHELP.DLL
0x00007fff7c8f0000 - 0x00007fff7cc7b000 	C:\WINDOWS\System32\combase.dll
0x00007fff7baa0000 - 0x00007fff7bb77000 	C:\WINDOWS\System32\OLEAUT32.dll
0x00007fff79780000 - 0x00007fff797bc000 	C:\WINDOWS\SYSTEM32\dbgcore.DLL
0x00007fff7ac70000 - 0x00007fff7ad15000 	C:\WINDOWS\System32\bcryptPrimitives.dll
0x00007fff5d150000 - 0x00007fff5d15f000 	c:\Users\Akanksha.Surve\.antigravity\extensions\redhat.java-1.54.0-win32-x64\jre\21.0.10-win32-x86_64\bin\instrument.dll
0x00007fff452c0000 - 0x00007fff452e0000 	c:\Users\Akanksha.Surve\.antigravity\extensions\redhat.java-1.54.0-win32-x64\jre\21.0.10-win32-x86_64\bin\java.dll
0x00007fff7ada0000 - 0x00007fff7b4ef000 	C:\WINDOWS\System32\SHELL32.dll
0x00007fff7ab00000 - 0x00007fff7ac6b000 	C:\WINDOWS\System32\wintypes.dll
0x00007fff77020000 - 0x00007fff7787d000 	C:\WINDOWS\SYSTEM32\windows.storage.dll
0x00007fff7bcf0000 - 0x00007fff7bde2000 	C:\WINDOWS\System32\SHCORE.dll
0x00007fff7c390000 - 0x00007fff7c3f7000 	C:\WINDOWS\System32\shlwapi.dll
0x00007fff79ff0000 - 0x00007fff7a019000 	C:\WINDOWS\SYSTEM32\profapi.dll
0x00007fff44e40000 - 0x00007fff44e58000 	c:\Users\Akanksha.Surve\.antigravity\extensions\redhat.java-1.54.0-win32-x64\jre\21.0.10-win32-x86_64\bin\zip.dll
0x00007fff5bf60000 - 0x00007fff5bf70000 	C:\Users\Akanksha.Surve\.antigravity\extensions\redhat.java-1.54.0-win32-x64\jre\21.0.10-win32-x86_64\bin\net.dll
0x00007fff731f0000 - 0x00007fff73318000 	C:\WINDOWS\SYSTEM32\WINHTTP.dll
0x00007fff78a30000 - 0x00007fff78a9b000 	C:\WINDOWS\system32\mswsock.dll
0x00007fff449c0000 - 0x00007fff449d6000 	C:\Users\Akanksha.Surve\.antigravity\extensions\redhat.java-1.54.0-win32-x64\jre\21.0.10-win32-x86_64\bin\nio.dll
0x00007fff5b910000 - 0x00007fff5b920000 	c:\Users\Akanksha.Surve\.antigravity\extensions\redhat.java-1.54.0-win32-x64\jre\21.0.10-win32-x86_64\bin\verify.dll
0x00007fff1f120000 - 0x00007fff1f165000 	C:\Users\Akanksha.Surve\AppData\Roaming\Antigravity\User\globalStorage\redhat.java\1.54.0\config_win\org.eclipse.equinox.launcher\org.eclipse.equinox.launcher.win32.win32.x86_64_1.3.0.v20260203-2149\eclipse_11919.dll
0x00007fff7c400000 - 0x00007fff7c597000 	C:\WINDOWS\System32\ole32.dll
0x00007fff79c00000 - 0x00007fff79c1b000 	C:\WINDOWS\SYSTEM32\CRYPTSP.dll
0x00007fff78ed0000 - 0x00007fff78f0a000 	C:\WINDOWS\system32\rsaenh.dll
0x00007fff78aa0000 - 0x00007fff78acb000 	C:\WINDOWS\SYSTEM32\USERENV.dll
0x00007fff79fc0000 - 0x00007fff79fea000 	C:\WINDOWS\SYSTEM32\bcrypt.dll
0x00007fff79120000 - 0x00007fff7912c000 	C:\WINDOWS\SYSTEM32\CRYPTBASE.dll
0x00007fff77d60000 - 0x00007fff77d94000 	C:\WINDOWS\SYSTEM32\IPHLPAPI.DLL
0x00007fff7c380000 - 0x00007fff7c38a000 	C:\WINDOWS\System32\NSI.dll
0x00007fff1ef90000 - 0x00007fff1efd9000 	C:\Users\Akanksha.Surve\AppData\Local\Temp\jna-907455049\jna318476547207856989.dll
0x00007fff7bdf0000 - 0x00007fff7bdf8000 	C:\WINDOWS\System32\PSAPI.DLL
0x00007fff73410000 - 0x00007fff7342e000 	C:\WINDOWS\SYSTEM32\dhcpcsvc6.DLL
0x00007fff73380000 - 0x00007fff733a3000 	C:\WINDOWS\SYSTEM32\dhcpcsvc.DLL
0x00007fff79850000 - 0x00007fff79886000 	C:\WINDOWS\SYSTEM32\ntmarta.dll

JVMTI agents:
c:\Users\Akanksha.Surve\.antigravity\extensions\redhat.java-1.54.0-win32-x64\lombok\lombok-1.18.39-4050.jar path:c:\Users\Akanksha.Surve\.antigravity\extensions\redhat.java-1.54.0-win32-x64\jre\21.0.10-win32-x86_64\bin\instrument.dll, loaded, initialized, instrumentlib options:none

dbghelp: loaded successfully - version: 4.0.5 - missing functions: none
symbol engine: initialized successfully - sym options: 0x614 - pdb path: .;c:\Users\Akanksha.Surve\.antigravity\extensions\redhat.java-1.54.0-win32-x64\jre\21.0.10-win32-x86_64\bin;C:\WINDOWS\SYSTEM32;C:\WINDOWS\WinSxS\amd64_microsoft.windows.common-controls_6595b64144ccf1df_6.0.26100.7019_none_3e06ffa0e335b8a8;c:\Users\Akanksha.Surve\.antigravity\extensions\redhat.java-1.54.0-win32-x64\jre\21.0.10-win32-x86_64\bin\server;C:\Users\Akanksha.Surve\AppData\Roaming\Antigravity\User\globalStorage\redhat.java\1.54.0\config_win\org.eclipse.equinox.launcher\org.eclipse.equinox.launcher.win32.win32.x86_64_1.3.0.v20260203-2149;C:\Users\Akanksha.Surve\AppData\Local\Temp\jna-907455049

VM Arguments:
jvm_args: --add-modules=ALL-SYSTEM --add-opens=java.base/java.util=ALL-UNNAMED --add-opens=java.base/java.lang=ALL-UNNAMED --add-opens=java.base/sun.nio.fs=ALL-UNNAMED -Declipse.application=org.eclipse.jdt.ls.core.id1 -Dosgi.bundles.defaultStartLevel=4 -Declipse.product=org.eclipse.jdt.ls.core.product -Djava.import.generatesMetadataFilesAtProjectRoot=false -DDetectVMInstallationsJob.disabled=true -Dfile.encoding=utf8 -XX:+UseParallelGC -XX:GCTimeRatio=4 -XX:AdaptiveSizePolicyWeight=90 -Dsun.zip.disableMemoryMapping=true -Xmx2G -Xms100m -Xlog:disable -javaagent:c:\Users\Akanksha.Surve\.antigravity\extensions\redhat.java-1.54.0-win32-x64\lombok\lombok-1.18.39-4050.jar -XX:+HeapDumpOnOutOfMemoryError -XX:HeapDumpPath=c:\Users\Akanksha.Surve\AppData\Roaming\Antigravity\User\workspaceStorage\c3684e1d2115715f3b0a0c14ab701b21\redhat.java -Daether.dependencyCollector.impl=bf 
java_command: c:\Users\Akanksha.Surve\.antigravity\extensions\redhat.java-1.54.0-win32-x64\server\plugins\org.eclipse.equinox.launcher_1.7.100.v20251111-0406.jar -configuration c:\Users\Akanksha.Surve\AppData\Roaming\Antigravity\User\globalStorage\redhat.java\1.54.0\config_win -data c:\Users\Akanksha.Surve\AppData\Roaming\Antigravity\User\workspaceStorage\c3684e1d2115715f3b0a0c14ab701b21\redhat.java\jdt_ws --pipe=\\.\pipe\lsp-27d830b2af5c5a21f61994bb62f07240-sock
java_class_path (initial): c:\Users\Akanksha.Surve\.antigravity\extensions\redhat.java-1.54.0-win32-x64\server\plugins\org.eclipse.equinox.launcher_1.7.100.v20251111-0406.jar
Launcher Type: SUN_STANDARD

[Global flags]
    uintx AdaptiveSizePolicyWeight                 = 90                                        {product} {command line}
     intx CICompilerCount                          = 12                                        {product} {ergonomic}
    uintx GCTimeRatio                              = 4                                         {product} {command line}
     bool HeapDumpOnOutOfMemoryError               = true                                   {manageable} {command line}
    ccstr HeapDumpPath                             = c:\Users\Akanksha.Surve\AppData\Roaming\Antigravity\User\workspaceStorage\c3684e1d2115715f3b0a0c14ab701b21\redhat.java         {manageable} {command line}
   size_t InitialHeapSize                          = 104857600                                 {product} {command line}
   size_t MaxHeapSize                              = 2147483648                                {product} {command line}
   size_t MaxNewSize                               = 715653120                                 {product} {ergonomic}
   size_t MinHeapDeltaBytes                        = 524288                                    {product} {ergonomic}
   size_t MinHeapSize                              = 104857600                                 {product} {command line}
   size_t NewSize                                  = 34603008                                  {product} {ergonomic}
    uintx NonNMethodCodeHeapSize                   = 7602480                                {pd product} {ergonomic}
    uintx NonProfiledCodeHeapSize                  = 122027880                              {pd product} {ergonomic}
   size_t OldSize                                  = 70254592                                  {product} {ergonomic}
    uintx ProfiledCodeHeapSize                     = 122027880                              {pd product} {ergonomic}
    uintx ReservedCodeCacheSize                    = 251658240                              {pd product} {ergonomic}
     bool SegmentedCodeCache                       = true                                      {product} {ergonomic}
   size_t SoftMaxHeapSize                          = 2147483648                             {manageable} {ergonomic}
     bool UseCompressedOops                        = true                           {product lp64_product} {ergonomic}
     bool UseLargePagesIndividualAllocation        = false                                  {pd product} {ergonomic}
     bool UseParallelGC                            = true                                      {product} {command line}

Logging:
Log output configuration:
 #0: stdout all=off uptime,level,tags foldmultilines=false
 #1: stderr all=off uptime,level,tags foldmultilines=false

Release file:
JAVA_VERSION="21.0.10" 
MODULES="java.base java.compiler java.datatransfer java.xml java.prefs java.desktop java.instrument java.logging java.management java.security.sasl java.naming java.rmi java.management.rmi java.net.http java.scripting java.security.jgss java.transaction.xa java.sql java.sql.rowset java.xml.crypto java.se java.smartcardio jdk.accessibility jdk.internal.jvmstat jdk.attach jdk.charsets jdk.internal.opt jdk.zipfs jdk.compiler jdk.crypto.ec jdk.crypto.cryptoki jdk.crypto.mscapi jdk.dynalink jdk.internal.ed jdk.editpad jdk.hotspot.agent jdk.httpserver jdk.internal.le jdk.internal.vm.ci jdk.internal.vm.compiler jdk.internal.vm.compiler.management jdk.jartool jdk.javadoc jdk.jcmd jdk.management jdk.management.agent jdk.jconsole jdk.jdeps jdk.jdwp.agent jdk.jdi jdk.jfr jdk.jshell jdk.jsobject jdk.jstatd jdk.localedata jdk.management.jfr jdk.naming.dns jdk.naming.rmi jdk.net jdk.nio.mapmode jdk.random jdk.sctp jdk.security.auth jdk.security.jgss jdk.unsupported jdk.unsupported.desktop jdk.xml.dom" 

Environment Variables:
PATH=C:\Program Files\Common Files\Oracle\Java\javapath;C:\Program Files (x86)\Common Files\Oracle\Java\javapath;C:\WINDOWS\system32;C:\WINDOWS;C:\WINDOWS\System32\Wbem;C:\WINDOWS\System32\WindowsPowerShell\v1.0\;C:\WINDOWS\System32\OpenSSH\;C:\Program Files\PuTTY\;C:\Program Files\nodejs\;C:\Users\Akanksha.Surve\AppData\Local\Microsoft\WindowsApps;C:\Users\Akanksha.Surve\AppData\Roaming\npm;C:\Users\Akanksha.Surve\AppData\Local\Programs\Git\cmd;C:\Users\Akanksha.Surve\AppData\Local\Programs\Antigravity\bin
USERNAME=Akanksha.Surve
OS=Windows_NT
PROCESSOR_IDENTIFIER=Intel64 Family 6 Model 191 Stepping 2, GenuineIntel
TMP=C:\Users\AKANKS~1.SUR\AppData\Local\Temp
TEMP=C:\Users\AKANKS~1.SUR\AppData\Local\Temp




Periodic native trim disabled

---------------  S Y S T E M  ---------------

OS:
 Windows 11 , 64 bit Build 26100 (10.0.26100.7019)
OS uptime: 1 days 9:02 hours
Hyper-V role detected

CPU: total 16 (initial active 16) (8 cores per cpu, 2 threads per core) family 6 model 191 stepping 2 microcode 0x3a, cx8, cmov, fxsr, ht, mmx, 3dnowpref, sse, sse2, sse3, ssse3, sse4.1, sse4.2, popcnt, lzcnt, tsc, tscinvbit, avx, avx2, aes, erms, clmul, bmi1, bmi2, adx, sha, fma, vzeroupper, clflush, clflushopt, clwb, hv, serialize, rdtscp, rdpid, fsrm, f16c, cet_ibt, cet_ss
Processor Information for the first 16 processors :
  Max Mhz: 2500, Current Mhz: 2500, Mhz Limit: 2500

Memory: 4k page, system-wide physical 32454M (15316M free)
TotalPageFile size 34502M (AvailPageFile size 11243M)
current process WorkingSet (physical memory assigned to process): 1052M, peak: 1597M
current process commit charge ("private bytes"): 1857M, peak: 1857M

vm_info: OpenJDK 64-Bit Server VM (21.0.10+7-LTS) for windows-amd64 JRE (21.0.10+7-LTS), built on 2026-01-20T00:00:00Z by "admin" with MS VC++ 17.12 (VS2022)

END.
