#
# A fatal error has been detected by the Java Runtime Environment:
#
#  EXCEPTION_ACCESS_VIOLATION (0xc0000005) at pc=0x00007ffcf2e5c9c8, pid=18416, tid=20752
#
# JRE version: OpenJDK Runtime Environment Temurin-21.0.10+7 (21.0.10+7) (build 21.0.10+7-LTS)
# Java VM: OpenJDK 64-Bit Server VM Temurin-21.0.10+7 (21.0.10+7-LTS, mixed mode, sharing, tiered, compressed oops, compressed class ptrs, parallel gc, windows-amd64)
# Problematic frame:
# V  [jvm.dll+0xc9c8]
#
# No core dump will be written. Minidumps are not enabled by default on client versions of Windows
#
# If you would like to submit a bug report, please visit:
#   https://github.com/adoptium/adoptium-support/issues
#

---------------  S U M M A R Y ------------

Command Line: --add-modules=ALL-SYSTEM --add-opens=java.base/java.util=ALL-UNNAMED --add-opens=java.base/java.lang=ALL-UNNAMED --add-opens=java.base/sun.nio.fs=ALL-UNNAMED -Declipse.application=org.eclipse.jdt.ls.core.id1 -Dosgi.bundles.defaultStartLevel=4 -Declipse.product=org.eclipse.jdt.ls.core.product -Djava.import.generatesMetadataFilesAtProjectRoot=false -DDetectVMInstallationsJob.disabled=true -Dfile.encoding=utf8 -XX:+UseParallelGC -XX:GCTimeRatio=4 -XX:AdaptiveSizePolicyWeight=90 -Dsun.zip.disableMemoryMapping=true -Xmx2G -Xms100m -Xlog:disable -javaagent:c:\Users\Akanksha.Surve\.antigravity\extensions\redhat.java-1.54.0-win32-x64\lombok\lombok-1.18.39-4050.jar -XX:+HeapDumpOnOutOfMemoryError -XX:HeapDumpPath=c:\Users\Akanksha.Surve\AppData\Roaming\Antigravity\User\workspaceStorage\c3684e1d2115715f3b0a0c14ab701b21\redhat.java -Daether.dependencyCollector.impl=bf c:\Users\Akanksha.Surve\.antigravity\extensions\redhat.java-1.54.0-win32-x64\server\plugins\org.eclipse.equinox.launcher_1.7.100.v20251111-0406.jar -configuration c:\Users\Akanksha.Surve\AppData\Roaming\Antigravity\User\globalStorage\redhat.java\1.54.0\config_win -data c:\Users\Akanksha.Surve\AppData\Roaming\Antigravity\User\workspaceStorage\c3684e1d2115715f3b0a0c14ab701b21\redhat.java\jdt_ws --pipe=\\.\pipe\lsp-55d484cb2c49e58c47385953e8c03890-sock

Host: Intel(R) Core(TM) i5-14400, 16 cores, 31G,  Windows 11 , 64 bit Build 26100 (10.0.26100.7019)
Time: Fri May 22 17:19:03 2026 India Standard Time elapsed time: 104964.669250 seconds (1d 5h 9m 24s)

---------------  T H R E A D  ---------------

Current thread (0x000001c7199b5500):  WorkerThread "GC Thread#12"   [id=20752, stack(0x0000009659800000,0x0000009659900000) (1024K)]

Stack: [0x0000009659800000,0x0000009659900000],  sp=0x00000096598ff488,  free space=1021k
Native frames: (J=compiled Java code, j=interpreted, Vv=VM code, C=native code)
V  [jvm.dll+0xc9c8]


siginfo: EXCEPTION_ACCESS_VIOLATION (0xc0000005), reading address 0x000001c6d7f1ee90


Registers:
RAX=0x0000000000000001, RBX=0x00000000bfb3bf20, RCX=0x0000000000000000, RDX=0x00000000bfb3bf20
RSP=0x00000096598ff488, RBP=0x00000096598ff550, RSI=0x00000000bfb3bcf4, RDI=0x000001c6d584f2e0
R8 =0x000001c6d7f1ee88, R9 =0x0000000000000f17, R10=0x00000000bfb3bcf8, R11=0x00000000000007f6
R12=0x00007ffcf3a98250, R13=0x0000009657afe6c0, R14=0x000001c6d765c718, R15=0x00000000bfb3bc50
RIP=0x00007ffcf2e5c9c8, EFLAGS=0x0000000000010206

XMM[0]=0x0000000000001000 0x00000000912cc188
XMM[1]=0x0000000000000000 0x000000965cbff570
XMM[2]=0x0000000000000000 0x0000000000000000
XMM[3]=0x0000000000000000 0x0000000000000000
XMM[4]=0x0000000000000000 0x0000000000000000
XMM[5]=0x0000000000000000 0x0000000000000000
XMM[6]=0x0000000000000000 0x0000000000000000
XMM[7]=0x0000000000000000 0x0000000000000000
XMM[8]=0x0000000000000000 0x0000000000000000
XMM[9]=0x0000000000000000 0x0000000000000000
XMM[10]=0x0000000000000000 0x0000000000000000
XMM[11]=0x0000000000000000 0x0000000000000000
XMM[12]=0x0000000000000000 0x0000000000000000
XMM[13]=0x0000000000000000 0x0000000000000000
XMM[14]=0x0000000000000000 0x0000000000000000
XMM[15]=0x0000000000000000 0x0000000000000000
  MXCSR=0x00001fa0


Register to memory mapping:

RAX=0x0000000000000001 is an unknown value
RBX=
[error occurred during error reporting (printing register info), id 0xc0000005, EXCEPTION_ACCESS_VIOLATION (0xc0000005) at pc=0x00007ffcf35364c6]
RCX=0x0 is null
RDX=
[error occurred during error reporting (printing register info, attempt 2), id 0xc0000005, EXCEPTION_ACCESS_VIOLATION (0xc0000005) at pc=0x00007ffcf35364c6]
RSP=0x00000096598ff488 points into unknown readable memory: 0x00007ffcf353409e | 9e 40 53 f3 fc 7f 00 00
RBP=0x00000096598ff550 points into unknown readable memory: 0x00007ffcf38e95a0 | a0 95 8e f3 fc 7f 00 00
RSI=0x00000000bfb3bcf4 is pointing into object: org.eclipse.jdt.internal.compiler.classfmt.ClassFileReader 
{0x00000000bfb3bc50} - klass: 'org/eclipse/jdt/internal/compiler/classfmt/ClassFileReader'
 - ---- fields (total size 21 words):
 - final 'structOffset' 'I' @12  0 (0x00000000)
 - 'reference' '[B' @16  null (0x00000000)
 - 'constantPoolOffsets' '[I' @20  null (0x00000000)
 - private 'tagBits' 'J' @24  0 (0x0000000000000000)
 - private final 'version' 'J' @32  3997696 (0x00000000003d0000)
 - private final 'accessFlags' 'I' @40  16433 (0x00004031)
 - private final 'classNameIndex' 'I' @44  1 (0x00000001)
 - private final 'constantPoolCount' 'I' @48  75 (0x0000004b)
 - private final 'fieldsCount' 'I' @52  7 (0x00000007)
 - private final 'interfacesCount' 'I' @56  0 (0x00000000)
 - private 'permittedSubtypesCount' 'I' @60  0 (0x00000000)
 - private final 'methodsCount' 'I' @64  6 (0x00000006)
 - private 'enclosingNameAndTypeIndex' 'I' @68  0 (0x00000000)
 - private 'recordComponentsCount' 'I' @72  0 (0x00000000)
 - private 'isRecord' 'Z' @76  false (0x00)
 - private final 'classFileName' '[C' @80  [C{0x00000000bfb2d300} (0xbfb2d300)
 - private final 'className' '[C' @84  [C{0x000000009d77bc20} (0x9d77bc20)
 - private 'annotations' '[Lorg/eclipse/jdt/internal/compiler/classfmt/AnnotationInfo;' @88  null (0x00000000)
 - private 'typeAnnotations' '[Lorg/eclipse/jdt/internal/compiler/classfmt/TypeAnnotationInfo;' @92  null (0x00000000)
 - private 'fields' '[Lorg/eclipse/jdt/internal/compiler/classfmt/FieldInfo;' @96  a 'org/eclipse/jdt/internal/compiler/classfmt/FieldInfo'[7] {0x00000000bfb3bcf8} (0xbfb3bcf8)
 - private 'moduleDeclaration' 'Lorg/eclipse/jdt/internal/compiler/classfmt/ModuleInfo;' @100  null (0x00000000)
 - public 'moduleName' '[C' @104  null (0x00000000)
 - private 'innerInfo' 'Lorg/eclipse/jdt/internal/compiler/classfmt/InnerClassInfo;' @108  null (0x00000000)
 - private 'innerInfos' '[Lorg/eclipse/jdt/internal/compiler/classfmt/InnerClassInfo;' @112  null (0x00000000)
 - private final 'interfaceNames' '[[C' @116  null (0x00000000)
 - private 'permittedSubtypesNames' '[[C' @120  null (0x00000000)
 - private 'methods' '[Lorg/eclipse/jdt/internal/compiler/classfmt/MethodInfo;' @124  
[error occurred during error reporting (printing register info, attempt 3), id 0xc0000005, EXCEPTION_ACCESS_VIOLATION (0xc0000005) at pc=0x00007ffcf3512800]
Top of Stack: (sp=0x00000096598ff488)
0x00000096598ff488:   00007ffcf353409e 00000000bfb3bcf8
0x00000096598ff498:   000001c6d584f2e0 00000096598ff550
0x00000096598ff4a8:   00007ffcf3533099 00000000bfb3bf20
0x00000096598ff4b8:   00007ffcf35318a6 00007ffcf38e95a0
0x00000096598ff4c8:   00007ffcf353417a 00000000bff27038
0x00000096598ff4d8:   00000000bff27034 000001c6d765c710
0x00000096598ff4e8:   00007ffcf353215e 00000000bfb3bccc
0x00000096598ff4f8:   00007ffcf355c0ea 0000000000000000
0x00000096598ff508:   00007ffcf3a98250 00007ffcf38e95a0
0x00000096598ff518:   0000000000000000 00000000bfb3bc50
0x00000096598ff528:   00007ffcf355cb9f 0000000000000f15
0x00000096598ff538:   000001c6d584f2e0 00007ffcf38477e0
0x00000096598ff548:   000001c718119628 00007ffcf38e95a0
0x00000096598ff558:   000001c6be75dab0 0000000000000004
0x00000096598ff568:   000001c6d584f2e0 0000000000000000
0x00000096598ff578:   000001c6d584f5a8 00007ffcf3a98250
0x00000096598ff588:   000000000000000a 000001c6d584f2e0
0x00000096598ff598:   00007ffcf355c2ad 0000000000000001
0x00000096598ff5a8:   00007ffcf3190000 000001c6d584f5a8
0x00000096598ff5b8:   00000000811f59b0 0000000000000000
0x00000096598ff5c8:   0000000000000000 00007ffcf38e95a0
0x00000096598ff5d8:   0000000000000000 000001c6d584f2e0
0x00000096598ff5e8:   000000000000000a 0000009657afe800
0x00000096598ff5f8:   00007ffcf356341d 000000000000000a
0x00000096598ff608:   00000000811f59b0 00000000811f59b0
0x00000096598ff618:   00007ffcf355c2ad 0000000000000000
0x00000096598ff628:   00007ffc00000000 00007ffcf38e95a0
0x00000096598ff638:   000001c6be75dab0 0000000000000004
0x00000096598ff648:   000001c6d584f2e0 0000009657afe7c8
0x00000096598ff658:   0000000000000020 000001c6d584f2e0
0x00000096598ff668:   0000000000000000 000001c6d5860d40
0x00000096598ff678:   00007ffcf356425c 0000000000000005 

Instructions: (pc=0x00007ffcf2e5c9c8)
0x00007ffcf2e5c8c8:   8b 5c 24 30 48 8b c2 48 83 c4 20 5f c3 cc cc cc
0x00007ffcf2e5c8d8:   cc cc cc cc cc cc cc cc 48 8b 11 e9 08 f6 ff ff
0x00007ffcf2e5c8e8:   cc cc cc cc cc cc cc cc 4c 8b c1 ba 64 60 08 00
0x00007ffcf2e5c8f8:   48 8b 0d 61 a2 c8 00 e9 5c ea ff ff cc cc cc cc
0x00007ffcf2e5c908:   cc cc cc cc cc cc cc cc 48 8b 05 61 f2 cd 00 48
0x00007ffcf2e5c918:   8b d1 48 23 c1 48 a9 00 f0 00 00 75 5d 48 8b 05
0x00007ffcf2e5c928:   44 f2 cd 00 48 23 c1 48 a9 00 f0 00 00 75 43 0f
0x00007ffcf2e5c938:   b6 c2 24 30 3c 30 74 3a 48 c1 e9 0c 48 8d 05 f5
0x00007ffcf2e5c948:   b5 94 00 83 e1 0f 8b 0c 88 48 8b 05 e0 f1 cd 00
0x00007ffcf2e5c958:   48 d3 ea 48 c1 e8 15 48 c1 ea 15 48 23 d0 48 8b
0x00007ffcf2e5c968:   05 c3 f4 cd 00 48 8b 48 60 48 8b 04 d1 48 85 c0
0x00007ffcf2e5c978:   75 08 48 8b 05 b7 f4 cd 00 c3 48 8b 05 a7 f4 cd
0x00007ffcf2e5c988:   00 c3 cc cc cc cc cc cc 8b 05 a2 c6 c2 00 c3 cc
0x00007ffcf2e5c998:   cc cc cc cc cc cc cc cc 0f b6 05 b8 db c2 00 48
0x00007ffcf2e5c9a8:   8b d1 84 c0 74 16 44 8b 41 08 8b 0d 80 c6 c2 00
0x00007ffcf2e5c9b8:   49 d3 e0 4c 03 05 6e c6 c2 00 eb 04 4c 8b 41 08
0x00007ffcf2e5c9c8:   45 8b 48 08 45 85 c9 7e 0e 41 f6 c1 01 75 53 41
0x00007ffcf2e5c9d8:   c1 f9 03 49 63 c1 c3 79 49 84 c0 41 b8 0c 00 00
0x00007ffcf2e5c9e8:   00 8b 05 b9 d7 c2 00 b9 10 00 00 00 41 0f 45 c8
0x00007ffcf2e5c9f8:   ff c8 4c 63 c0 41 8b c1 48 c1 f8 10 0f b6 c0 48
0x00007ffcf2e5ca08:   63 14 11 41 8b c9 83 e1 3f 48 d3 e2 49 8d 0c 10
0x00007ffcf2e5ca18:   49 f7 d0 48 03 c1 49 c1 e8 03 48 c1 e8 03 49 23
0x00007ffcf2e5ca28:   c0 c3 49 8b 00 49 8b c8 48 ff a0 00 01 00 00 cc
0x00007ffcf2e5ca38:   cc cc cc cc cc cc cc cc 8b 44 24 30 45 03 c9 44
0x00007ffcf2e5ca48:   2b 4c 24 28 83 c0 0b 44 03 ca 45 03 c8 41 03 c1
0x00007ffcf2e5ca58:   c3 cc cc cc cc cc cc cc 4c 8b c2 48 8b d1 45 8b
0x00007ffcf2e5ca68:   48 08 45 85 c9 7e 0e 41 f6 c1 01 75 56 41 c1 f9
0x00007ffcf2e5ca78:   03 49 63 c1 c3 79 4c 80 3d d9 da c2 00 00 b8 0c
0x00007ffcf2e5ca88:   00 00 00 b9 10 00 00 00 0f 45 c8 8b 05 0f d7 c2
0x00007ffcf2e5ca98:   00 ff c8 4c 63 c0 41 8b c1 48 c1 f8 10 48 63 14
0x00007ffcf2e5caa8:   11 41 8b c9 83 e1 3f 0f b6 c0 48 d3 e2 49 8d 0c
0x00007ffcf2e5cab8:   10 49 f7 d0 48 03 c1 49 c1 e8 03 48 c1 e8 03 49 


Stack slot to memory mapping:

stack at sp + 0 slots: 0x00007ffcf353409e jvm.dll
stack at sp + 1 slots: 0x00000000bfb3bcf8 is an oop: [Lorg.eclipse.jdt.internal.compiler.classfmt.FieldInfo; 
{0x00000000bfb3bcf8} - klass: 'org/eclipse/jdt/internal/compiler/classfmt/FieldInfo'[]
 - length: 7
stack at sp + 2 slots: 0x000001c6d584f2e0 points into unknown readable memory: 0x000001c6bcb30150 | 50 01 b3 bc c6 01 00 00
stack at sp + 3 slots: 0x00000096598ff550 points into unknown readable memory: 0x00007ffcf38e95a0 | a0 95 8e f3 fc 7f 00 00
stack at sp + 4 slots: 0x00007ffcf3533099 jvm.dll
stack at sp + 5 slots: 
[error occurred during error reporting (inspecting top of stack), id 0xc0000005, EXCEPTION_ACCESS_VIOLATION (0xc0000005) at pc=0x00007ffcf35364c6]
stack at sp + 6 slots: 0x00007ffcf35318a6 jvm.dll
stack at sp + 7 slots: 0x00007ffcf38e95a0 jvm.dll


---------------  P R O C E S S  ---------------

Threads class SMR info:
_java_thread_list=0x000001c72b654730, length=73, elements={
0x000001c6be73af30, 0x000001c717f68380, 0x000001c6d586e260, 0x000001c717f6c5f0,
0x000001c717f6d4e0, 0x000001c717f6f420, 0x000001c717f76870, 0x000001c717f7aba0,
0x000001c717fe5e70, 0x000001c7181c4ab0, 0x000001c7182eaef0, 0x000001c719ce19e0,
0x000001c718087dc0, 0x000001c718098170, 0x000001c718098bb0, 0x000001c71e12bea0,
0x000001c719aace80, 0x000001c71811d380, 0x000001c71e20dbe0, 0x000001c71e2fe740,
0x000001c71e300810, 0x000001c71e301530, 0x000001c71e2ff460, 0x000001c71e302f70,
0x000001c71e303c90, 0x000001c71e303600, 0x000001c71e304320, 0x000001c71e3049b0,
0x000001c71e301bc0, 0x000001c71e305040, 0x000001c71e3056d0, 0x000001c71e20d550,
0x000001c71f5853c0, 0x000001c71f586770, 0x000001c71f584d30, 0x000001c71f588840,
0x000001c71f588ed0, 0x000001c71f586e00, 0x000001c71f585a50, 0x000001c71f587490,
0x000001c730bfcf00, 0x000001c73aa795b0, 0x000001c730bfbb50, 0x000001c720a2c140,
0x000001c720a2c7d0, 0x000001c720a2b420, 0x000001c720a2ef30, 0x000001c720a2bab0,
0x000001c720a302e0, 0x000001c720a30970, 0x000001c720a2d4f0, 0x000001c720a31690,
0x000001c720a31d20, 0x000001c720a32a40, 0x000001c720a323b0, 0x000001c73aa7a2d0,
0x000001c73aa78890, 0x000001c73aa7dde0, 0x000001c73aa7c3a0, 0x000001c73aa7ca30,
0x000001c73aa7a960, 0x000001c73aa7d750, 0x000001c73aa7d0c0, 0x000001c73aa7b680,
0x000001c73aa7eb00, 0x000001c73aa7e470, 0x000001c73aa7f190, 0x000001c73aa7f820,
0x000001c730bfc870, 0x000001c730bfae30, 0x000001c730bfdc20, 0x000001c730bfd590,
0x000001c730bfa7a0
}

Java Threads: ( => current thread )
  0x000001c6be73af30 JavaThread "main"                              [_thread_blocked, id=22184, stack(0x0000009657700000,0x0000009657800000) (1024K)]
  0x000001c717f68380 JavaThread "Reference Handler"          daemon [_thread_blocked, id=25656, stack(0x0000009657b00000,0x0000009657c00000) (1024K)]
  0x000001c6d586e260 JavaThread "Finalizer"                  daemon [_thread_blocked, id=14500, stack(0x0000009657c00000,0x0000009657d00000) (1024K)]
  0x000001c717f6c5f0 JavaThread "Signal Dispatcher"          daemon [_thread_blocked, id=24680, stack(0x0000009657d00000,0x0000009657e00000) (1024K)]
  0x000001c717f6d4e0 JavaThread "Attach Listener"            daemon [_thread_blocked, id=16408, stack(0x0000009657e00000,0x0000009657f00000) (1024K)]
  0x000001c717f6f420 JavaThread "Service Thread"             daemon [_thread_blocked, id=23688, stack(0x0000009657f00000,0x0000009658000000) (1024K)]
  0x000001c717f76870 JavaThread "Monitor Deflation Thread"   daemon [_thread_blocked, id=26096, stack(0x0000009658000000,0x0000009658100000) (1024K)]
  0x000001c717f7aba0 JavaThread "C2 CompilerThread0"         daemon [_thread_blocked, id=25872, stack(0x0000009658100000,0x0000009658200000) (1024K)]
  0x000001c717fe5e70 JavaThread "C1 CompilerThread0"         daemon [_thread_blocked, id=25104, stack(0x0000009658200000,0x0000009658300000) (1024K)]
  0x000001c7181c4ab0 JavaThread "Common-Cleaner"             daemon [_thread_blocked, id=26376, stack(0x0000009658600000,0x0000009658700000) (1024K)]
  0x000001c7182eaef0 JavaThread "Notification Thread"        daemon [_thread_blocked, id=10008, stack(0x0000009658500000,0x0000009658600000) (1024K)]
  0x000001c719ce19e0 JavaThread "Active Thread: Equinox Container: 2965f6e9-8dbe-47d2-9b30-060dde4d248b"        [_thread_blocked, id=26248, stack(0x0000009658800000,0x0000009658900000) (1024K)]
  0x000001c718087dc0 JavaThread "Refresh Thread: Equinox Container: 2965f6e9-8dbe-47d2-9b30-060dde4d248b" daemon [_thread_blocked, id=26284, stack(0x0000009658300000,0x0000009658400000) (1024K)]
  0x000001c718098170 JavaThread "Framework Event Dispatcher: Equinox Container: 2965f6e9-8dbe-47d2-9b30-060dde4d248b" daemon [_thread_blocked, id=25280, stack(0x0000009658400000,0x0000009658500000) (1024K)]
  0x000001c718098bb0 JavaThread "Start Level: Equinox Container: 2965f6e9-8dbe-47d2-9b30-060dde4d248b" daemon [_thread_blocked, id=16412, stack(0x0000009658700000,0x0000009658800000) (1024K)]
  0x000001c71e12bea0 JavaThread "Bundle File Closer"         daemon [_thread_blocked, id=12656, stack(0x0000009659400000,0x0000009659500000) (1024K)]
  0x000001c719aace80 JavaThread "SCR Component Actor"        daemon [_thread_blocked, id=25764, stack(0x0000009659300000,0x0000009659400000) (1024K)]
  0x000001c71811d380 JavaThread "Worker-JM"                         [_thread_blocked, id=9984, stack(0x0000009659600000,0x0000009659700000) (1024K)]
  0x000001c71e20dbe0 JavaThread "JNA Cleaner"                daemon [_thread_blocked, id=12336, stack(0x0000009659a00000,0x0000009659b00000) (1024K)]
  0x000001c71e2fe740 JavaThread "Java indexing"              daemon [_thread_blocked, id=23604, stack(0x000000965a100000,0x000000965a200000) (1024K)]
  0x000001c71e300810 JavaThread "Thread-1"                   daemon [_thread_in_native, id=5360, stack(0x0000009659500000,0x0000009659600000) (1024K)]
  0x000001c71e301530 JavaThread "Thread-2"                   daemon [_thread_in_native, id=22312, stack(0x0000009659900000,0x0000009659a00000) (1024K)]
  0x000001c71e2ff460 JavaThread "Thread-3"                   daemon [_thread_in_native, id=5632, stack(0x0000009659e00000,0x0000009659f00000) (1024K)]
  0x000001c71e302f70 JavaThread "Thread-4"                   daemon [_thread_in_native, id=26520, stack(0x000000965a700000,0x000000965a800000) (1024K)]
  0x000001c71e303c90 JavaThread "Thread-5"                   daemon [_thread_in_native, id=25116, stack(0x000000965a800000,0x000000965a900000) (1024K)]
  0x000001c71e303600 JavaThread "Thread-6"                   daemon [_thread_in_native, id=20400, stack(0x000000965a900000,0x000000965aa00000) (1024K)]
  0x000001c71e304320 JavaThread "Thread-7"                   daemon [_thread_in_native, id=26172, stack(0x000000965aa00000,0x000000965ab00000) (1024K)]
  0x000001c71e3049b0 JavaThread "Thread-8"                   daemon [_thread_in_native, id=24832, stack(0x000000965ab00000,0x000000965ac00000) (1024K)]
  0x000001c71e301bc0 JavaThread "Thread-9"                   daemon [_thread_in_native, id=23436, stack(0x000000965ac00000,0x000000965ad00000) (1024K)]
  0x000001c71e305040 JavaThread "Thread-10"                  daemon [_thread_in_native, id=25640, stack(0x000000965ad00000,0x000000965ae00000) (1024K)]
  0x000001c71e3056d0 JavaThread "Thread-11"                  daemon [_thread_in_native, id=26276, stack(0x000000965ae00000,0x000000965af00000) (1024K)]
  0x000001c71e20d550 JavaThread "Thread-12"                  daemon [_thread_in_native, id=26576, stack(0x000000965af00000,0x000000965b000000) (1024K)]
  0x000001c71f5853c0 JavaThread "Thread-13"                  daemon [_thread_in_native, id=21384, stack(0x000000965b000000,0x000000965b100000) (1024K)]
  0x000001c71f586770 JavaThread "Thread-14"                  daemon [_thread_in_native, id=10300, stack(0x000000965b100000,0x000000965b200000) (1024K)]
  0x000001c71f584d30 JavaThread "Thread-15"                  daemon [_thread_in_native, id=19584, stack(0x000000965b200000,0x000000965b300000) (1024K)]
  0x000001c71f588840 JavaThread "Thread-16"                  daemon [_thread_in_native, id=24464, stack(0x000000965b300000,0x000000965b400000) (1024K)]
  0x000001c71f588ed0 JavaThread "Thread-17"                  daemon [_thread_in_native, id=23608, stack(0x000000965b400000,0x000000965b500000) (1024K)]
  0x000001c71f586e00 JavaThread "pool-2-thread-1"                   [_thread_blocked, id=25772, stack(0x000000965b600000,0x000000965b700000) (1024K)]
  0x000001c71f585a50 JavaThread "WorkspaceEventsHandler"            [_thread_blocked, id=9076, stack(0x000000965b900000,0x000000965ba00000) (1024K)]
  0x000001c71f587490 JavaThread "pool-1-thread-1"                   [_thread_blocked, id=25292, stack(0x000000965ba00000,0x000000965bb00000) (1024K)]
  0x000001c730bfcf00 JavaThread "Cleaner-0"                  daemon [_thread_blocked, id=24588, stack(0x000000965c300000,0x000000965c400000) (1024K)]
  0x000001c73aa795b0 JavaThread "Worker-81"                         [_thread_blocked, id=27896, stack(0x0000009657400000,0x0000009657500000) (1024K)]
  0x000001c730bfbb50 JavaThread "Worker-86: Building"               [_thread_blocked, id=6148, stack(0x0000009657600000,0x0000009657700000) (1024K)]
  0x000001c720a2c140 JavaThread "LocalFile Deleter"          daemon [_thread_blocked, id=28420, stack(0x0000009657500000,0x0000009657600000) (1024K)]
  0x000001c720a2c7d0 JavaThread "LocalFile Deleter"          daemon [_thread_blocked, id=12348, stack(0x0000009659b00000,0x0000009659c00000) (1024K)]
  0x000001c720a2b420 JavaThread "LocalFile Deleter"          daemon [_thread_blocked, id=6908, stack(0x0000009659c00000,0x0000009659d00000) (1024K)]
  0x000001c720a2ef30 JavaThread "LocalFile Deleter"          daemon [_thread_blocked, id=17220, stack(0x0000009659d00000,0x0000009659e00000) (1024K)]
  0x000001c720a2bab0 JavaThread "LocalFile Deleter"          daemon [_thread_blocked, id=26996, stack(0x0000009659f00000,0x000000965a000000) (1024K)]
  0x000001c720a302e0 JavaThread "LocalFile Deleter"          daemon [_thread_blocked, id=17264, stack(0x000000965a000000,0x000000965a100000) (1024K)]
  0x000001c720a30970 JavaThread "LocalFile Deleter"          daemon [_thread_blocked, id=23792, stack(0x000000965a200000,0x000000965a300000) (1024K)]
  0x000001c720a2d4f0 JavaThread "LocalFile Deleter"          daemon [_thread_blocked, id=18684, stack(0x000000965a300000,0x000000965a400000) (1024K)]
  0x000001c720a31690 JavaThread "LocalFile Deleter"          daemon [_thread_blocked, id=28340, stack(0x000000965a400000,0x000000965a500000) (1024K)]
  0x000001c720a31d20 JavaThread "LocalFile Deleter"          daemon [_thread_blocked, id=18020, stack(0x000000965a500000,0x000000965a600000) (1024K)]
  0x000001c720a32a40 JavaThread "LocalFile Deleter"          daemon [_thread_blocked, id=12720, stack(0x000000965a600000,0x000000965a700000) (1024K)]
  0x000001c720a323b0 JavaThread "LocalFile Deleter"          daemon [_thread_blocked, id=26728, stack(0x000000965b500000,0x000000965b600000) (1024K)]
  0x000001c73aa7a2d0 JavaThread "LocalFile Deleter"          daemon [_thread_blocked, id=18056, stack(0x000000965b700000,0x000000965b800000) (1024K)]
  0x000001c73aa78890 JavaThread "LocalFile Deleter"          daemon [_thread_blocked, id=8508, stack(0x000000965b800000,0x000000965b900000) (1024K)]
  0x000001c73aa7dde0 JavaThread "LocalFile Deleter"          daemon [_thread_blocked, id=28264, stack(0x000000965bb00000,0x000000965bc00000) (1024K)]
  0x000001c73aa7c3a0 JavaThread "LocalFile Deleter"          daemon [_thread_blocked, id=21856, stack(0x000000965bc00000,0x000000965bd00000) (1024K)]
  0x000001c73aa7ca30 JavaThread "Compiler Source File Reader" daemon [_thread_blocked, id=17504, stack(0x000000965bd00000,0x000000965be00000) (1024K)]
  0x000001c73aa7a960 JavaThread "Compiler Source File Reader" daemon [_thread_blocked, id=16120, stack(0x000000965be00000,0x000000965bf00000) (1024K)]
  0x000001c73aa7d750 JavaThread "Compiler Source File Reader" daemon [_thread_blocked, id=17812, stack(0x000000965bf00000,0x000000965c000000) (1024K)]
  0x000001c73aa7d0c0 JavaThread "Compiler Source File Reader" daemon [_thread_blocked, id=28004, stack(0x000000965c000000,0x000000965c100000) (1024K)]
  0x000001c73aa7b680 JavaThread "Compiler Source File Reader" daemon [_thread_blocked, id=16860, stack(0x000000965c100000,0x000000965c200000) (1024K)]
  0x000001c73aa7eb00 JavaThread "Compiler Source File Reader" daemon [_thread_blocked, id=20724, stack(0x000000965c200000,0x000000965c300000) (1024K)]
  0x000001c73aa7e470 JavaThread "Compiler Source File Reader" daemon [_thread_blocked, id=23308, stack(0x000000965c400000,0x000000965c500000) (1024K)]
  0x000001c73aa7f190 JavaThread "Compiler Source File Reader" daemon [_thread_blocked, id=16716, stack(0x000000965c500000,0x000000965c600000) (1024K)]
  0x000001c73aa7f820 JavaThread "Compiler Source File Reader" daemon [_thread_blocked, id=19112, stack(0x000000965c600000,0x000000965c700000) (1024K)]
  0x000001c730bfc870 JavaThread "Compiler Source File Reader" daemon [_thread_blocked, id=19212, stack(0x000000965c700000,0x000000965c800000) (1024K)]
  0x000001c730bfae30 JavaThread "Compiler Source File Reader" daemon [_thread_blocked, id=25644, stack(0x000000965c800000,0x000000965c900000) (1024K)]
  0x000001c730bfdc20 JavaThread "Compiler Source File Reader" daemon [_thread_blocked, id=14588, stack(0x000000965c900000,0x000000965ca00000) (1024K)]
  0x000001c730bfd590 JavaThread "Compiler Source File Reader" daemon [_thread_blocked, id=17576, stack(0x000000965ca00000,0x000000965cb00000) (1024K)]
  0x000001c730bfa7a0 JavaThread "Compiler Source File Reader" daemon [_thread_blocked, id=8344, stack(0x000000965cb00000,0x000000965cc00000) (1024K)]
Total: 73

Other Threads:
  0x000001c6be7fea80 VMThread "VM Thread"                           [id=22584, stack(0x0000009657a00000,0x0000009657b00000) (1024K)]
  0x000001c6be7a71b0 WatcherThread "VM Periodic Task Thread"        [id=26252, stack(0x0000009657900000,0x0000009657a00000) (1024K)]
  0x000001c6be7581e0 WorkerThread "GC Thread#0"                     [id=22472, stack(0x0000009657800000,0x0000009657900000) (1024K)]
  0x000001c719ae9f30 WorkerThread "GC Thread#1"                     [id=26140, stack(0x0000009658900000,0x0000009658a00000) (1024K)]
  0x000001c719e37560 WorkerThread "GC Thread#2"                     [id=23580, stack(0x0000009658a00000,0x0000009658b00000) (1024K)]
  0x000001c719aea2e0 WorkerThread "GC Thread#3"                     [id=23220, stack(0x0000009658b00000,0x0000009658c00000) (1024K)]
  0x000001c719aed6b0 WorkerThread "GC Thread#4"                     [id=26568, stack(0x0000009658c00000,0x0000009658d00000) (1024K)]
  0x000001c719aeda60 WorkerThread "GC Thread#5"                     [id=8872, stack(0x0000009658d00000,0x0000009658e00000) (1024K)]
  0x000001c719aede10 WorkerThread "GC Thread#6"                     [id=25524, stack(0x0000009658e00000,0x0000009658f00000) (1024K)]
  0x000001c719de4240 WorkerThread "GC Thread#7"                     [id=10480, stack(0x0000009658f00000,0x0000009659000000) (1024K)]
  0x000001c718128d30 WorkerThread "GC Thread#8"                     [id=26188, stack(0x0000009659000000,0x0000009659100000) (1024K)]
  0x000001c71812a000 WorkerThread "GC Thread#9"                     [id=18328, stack(0x0000009659100000,0x0000009659200000) (1024K)]
  0x000001c71812a780 WorkerThread "GC Thread#10"                    [id=26240, stack(0x0000009659200000,0x0000009659300000) (1024K)]
  0x000001c7199b4640 WorkerThread "GC Thread#11"                    [id=16428, stack(0x0000009659700000,0x0000009659800000) (1024K)]
=>0x000001c7199b5500 WorkerThread "GC Thread#12"                    [id=20752, stack(0x0000009659800000,0x0000009659900000) (1024K)]
Total: 15

Threads with active compile tasks:
Total: 0

VM state: at safepoint (normal execution)

VM Mutex/Monitor currently owned by a thread:  ([mutex/lock_event])
[0x00007ffcf3b0e560] Threads_lock - owner thread: 0x000001c6be7fea80
[0x00007ffcf3b0e660] Heap_lock - owner thread: 0x000001c730bfbb50

Heap address: 0x0000000080000000, size: 2048 MB, Compressed Oops mode: 32-bit

CDS archive(s) mapped at: [0x000001c6d6000000-0x000001c6d6ba0000-0x000001c6d6ba0000), size 12189696, SharedBaseAddress: 0x000001c6d6000000, ArchiveRelocationMode: 1.
Compressed class space mapped at: 0x000001c6d7000000-0x000001c717000000, reserved size: 1073741824
Narrow klass base: 0x000001c6d6000000, Narrow klass shift: 0, Narrow klass range: 0x100000000

GC Precious Log:
 CardTable entry size: 512
 CPUs: 16 total, 16 available
 Memory: 32454M
 Large Page Support: Disabled
 NUMA Support: Disabled
 Compressed Oops: Enabled (32-bit)
 Alignments: Space 512K, Generation 512K, Heap 2M
 Heap Min Capacity: 100M
 Heap Initial Capacity: 100M
 Heap Max Capacity: 2G
 Pre-touch: Disabled
 Parallel Workers: 13

Heap:
 PSYoungGen      total 7680K, used 7669K [0x00000000d5580000, 0x00000000d6100000, 0x0000000100000000)
  eden space 6656K, 100% used [0x00000000d5580000,0x00000000d5c00000,0x00000000d5c00000)
  from space 1024K, 99% used [0x00000000d5e00000,0x00000000d5efd7b8,0x00000000d5f00000)
  to   space 2048K, 0% used [0x00000000d5c00000,0x00000000d5c00000,0x00000000d5e00000)
 ParOldGen       total 1398272K, used 1397895K [0x0000000080000000, 0x00000000d5580000, 0x00000000d5580000)
  object space 1398272K, 99% used [0x0000000080000000,0x00000000d5521c28,0x00000000d5580000)
 Metaspace       used 88053K, committed 89536K, reserved 1179648K
  class space    used 8248K, committed 8960K, reserved 1048576K

Card table byte_map: [0x000001c6d0bb0000,0x000001c6d0fc0000] _byte_map_base: 0x000001c6d07b0000

Marking Bits: (ParMarkBitMap*) 0x00007ffcf3b13450
 Begin Bits: [0x000001c6d1270000, 0x000001c6d3270000)
 End Bits:   [0x000001c6d3270000, 0x000001c6d5270000)

Polling page: 0x000001c6be800000

Metaspace:

Usage:
  Non-class:     77.93 MB used.
      Class:      8.06 MB used.
       Both:     85.99 MB used.

Virtual space:
  Non-class space:      128.00 MB reserved,      78.69 MB ( 61%) committed,  2 nodes.
      Class space:        1.00 GB reserved,       8.75 MB ( <1%) committed,  1 nodes.
             Both:        1.12 GB reserved,      87.44 MB (  8%) committed. 

Chunk freelists:
   Non-Class:  1.34 MB
       Class:  7.26 MB
        Both:  8.61 MB

MaxMetaspaceSize: unlimited
CompressedClassSpaceSize: 1.00 GB
Initial GC threshold: 21.00 MB
Current GC threshold: 145.12 MB
CDS: on
 - commit_granule_bytes: 65536.
 - commit_granule_words: 8192.
 - virtual_space_node_default_size: 8388608.
 - enlarge_chunks_in_place: 1.
 - use_allocation_guard: 0.


Internal statistics:

num_allocs_failed_limit: 9.
num_arena_births: 1988.
num_arena_deaths: 684.
num_vsnodes_births: 3.
num_vsnodes_deaths: 0.
num_space_committed: 1399.
num_space_uncommitted: 0.
num_chunks_returned_to_freelist: 895.
num_chunks_taken_from_freelist: 6673.
num_chunk_merges: 232.
num_chunk_splits: 3649.
num_chunks_enlarged: 1896.
num_inconsistent_stats: 0.

CodeHeap 'non-profiled nmethods': size=119168Kb used=27574Kb max_used=38061Kb free=91594Kb
 bounds [0x000001c6c9570000, 0x000001c6cbaa0000, 0x000001c6d09d0000]
CodeHeap 'profiled nmethods': size=119104Kb used=27274Kb max_used=53537Kb free=91829Kb
 bounds [0x000001c6c19d0000, 0x000001c6c4f60000, 0x000001c6c8e20000]
CodeHeap 'non-nmethods': size=7488Kb used=1511Kb max_used=3300Kb free=5976Kb
 bounds [0x000001c6c8e20000, 0x000001c6c9190000, 0x000001c6c9570000]
CodeCache: size=245760Kb, used=56359Kb, max_used=94898Kb, free=189399Kb
 total_blobs=14052, nmethods=13225, adapters=729, full_count=0
Compilation: enabled, stopped_count=0, restarted_count=0

Compilation events (20 events):
Event: 104964.329 Thread 0x000001c717fe5e70 35473       3       org.eclipse.core.internal.localstore.DeleteVisitor::<init> (76 bytes)
Event: 104964.329 Thread 0x000001c717fe5e70 nmethod 35473 0x000001c6c3b50e10 code [0x000001c6c3b50fe0, 0x000001c6c3b513e8]
Event: 104964.329 Thread 0x000001c717fe5e70 35474       3       org.eclipse.core.internal.localstore.DeleteVisitor::visit (76 bytes)
Event: 104964.330 Thread 0x000001c717fe5e70 nmethod 35474 0x000001c6c4004890 code [0x000001c6c4004b40, 0x000001c6c40056d8]
Event: 104964.330 Thread 0x000001c717fe5e70 35475       3       org.eclipse.core.internal.localstore.DeleteVisitor::shouldSkip (54 bytes)
Event: 104964.330 Thread 0x000001c717fe5e70 nmethod 35475 0x000001c6c4044a10 code [0x000001c6c4044c40, 0x000001c6c4045498]
Event: 104964.330 Thread 0x000001c717fe5e70 35476       3       org.eclipse.core.internal.localstore.DeleteVisitor::isAncestorOfResourceToSkip (54 bytes)
Event: 104964.331 Thread 0x000001c717fe5e70 nmethod 35476 0x000001c6c2a61510 code [0x000001c6c2a61780, 0x000001c6c2a62358]
Event: 104964.333 Thread 0x000001c717fe5e70 35477       3       org.eclipse.core.runtime.MultiStatus::merge (36 bytes)
Event: 104964.334 Thread 0x000001c717fe5e70 nmethod 35477 0x000001c6c2d42290 code [0x000001c6c2d424e0, 0x000001c6c2d42cf0]
Event: 104964.401 Thread 0x000001c717fe5e70 35478       3       sun.nio.cs.UTF_8$Decoder::isMalformed3 (45 bytes)
Event: 104964.401 Thread 0x000001c717fe5e70 nmethod 35478 0x000001c6c4044390 code [0x000001c6c4044540, 0x000001c6c4044730]
Event: 104964.496 Thread 0x000001c717fe5e70 35479       3       org.eclipse.jdt.internal.compiler.lookup.PlainPackageBinding::getIncarnation (12 bytes)
Event: 104964.496 Thread 0x000001c717fe5e70 nmethod 35479 0x000001c6c2d41e90 code [0x000001c6c2d42040, 0x000001c6c2d421b8]
Event: 104964.498 Thread 0x000001c717fe5e70 35480       3       lombok.eclipse.handlers.EclipseHandlerUtil::isClass (8 bytes)
Event: 104964.498 Thread 0x000001c717fe5e70 nmethod 35480 0x000001c6c2a61190 code [0x000001c6c2a61340, 0x000001c6c2a61460]
Event: 104964.523 Thread 0x000001c717fe5e70 35481       3       org.eclipse.jdt.internal.compiler.lookup.LookupEnvironment::createPlainPackage (348 bytes)
Event: 104964.524 Thread 0x000001c717f7aba0 35482       4       org.eclipse.jdt.internal.compiler.lookup.ModuleBinding::getDeclaredPackage (12 bytes)
Event: 104964.526 Thread 0x000001c717fe5e70 nmethod 35481 0x000001c6c2101190 code [0x000001c6c2101640, 0x000001c6c2104110]
Event: 104964.531 Thread 0x000001c717f7aba0 nmethod 35482 0x000001c6cb53c110 code [0x000001c6cb53c340, 0x000001c6cb53cb68]

GC Heap History (20 events):
Event: 104964.341 GC heap after
{Heap after GC invocations=10454 (full 12):
 PSYoungGen      total 9216K, used 576K [0x00000000d5580000, 0x00000000d6000000, 0x0000000100000000)
  eden space 8192K, 0% used [0x00000000d5580000,0x00000000d5580000,0x00000000d5d80000)
  from space 1024K, 56% used [0x00000000d5e00000,0x00000000d5e90040,0x00000000d5f00000)
  to   space 1024K, 0% used [0x00000000d5f00000,0x00000000d5f00000,0x00000000d6000000)
 ParOldGen       total 1389056K, used 1389019K [0x0000000080000000, 0x00000000d4c80000, 0x00000000d5580000)
  object space 1389056K, 99% used [0x0000000080000000,0x00000000d4c76df8,0x00000000d4c80000)
 Metaspace       used 88053K, committed 89536K, reserved 1179648K
  class space    used 8248K, committed 8960K, reserved 1048576K
}
Event: 104964.450 GC heap before
{Heap before GC invocations=10455 (full 12):
 PSYoungGen      total 9216K, used 8760K [0x00000000d5580000, 0x00000000d6000000, 0x0000000100000000)
  eden space 8192K, 99% used [0x00000000d5580000,0x00000000d5d7e158,0x00000000d5d80000)
  from space 1024K, 56% used [0x00000000d5e00000,0x00000000d5e90040,0x00000000d5f00000)
  to   space 1024K, 0% used [0x00000000d5f00000,0x00000000d5f00000,0x00000000d6000000)
 ParOldGen       total 1389056K, used 1389019K [0x0000000080000000, 0x00000000d4c80000, 0x00000000d5580000)
  object space 1389056K, 99% used [0x0000000080000000,0x00000000d4c76df8,0x00000000d4c80000)
 Metaspace       used 88053K, committed 89536K, reserved 1179648K
  class space    used 8248K, committed 8960K, reserved 1048576K
}
Event: 104964.454 GC heap after
{Heap after GC invocations=10455 (full 12):
 PSYoungGen      total 3584K, used 1013K [0x00000000d5580000, 0x00000000d6b80000, 0x0000000100000000)
  eden space 2560K, 0% used [0x00000000d5580000,0x00000000d5580000,0x00000000d5800000)
  from space 1024K, 98% used [0x00000000d5f00000,0x00000000d5ffd428,0x00000000d6000000)
  to   space 7168K, 0% used [0x00000000d5800000,0x00000000d5800000,0x00000000d5f00000)
 ParOldGen       total 1394176K, used 1394152K [0x0000000080000000, 0x00000000d5180000, 0x00000000d5580000)
  object space 1394176K, 99% used [0x0000000080000000,0x00000000d517a0d0,0x00000000d5180000)
 Metaspace       used 88053K, committed 89536K, reserved 1179648K
  class space    used 8248K, committed 8960K, reserved 1048576K
}
Event: 104964.459 GC heap before
{Heap before GC invocations=10456 (full 12):
 PSYoungGen      total 3584K, used 3573K [0x00000000d5580000, 0x00000000d6b80000, 0x0000000100000000)
  eden space 2560K, 100% used [0x00000000d5580000,0x00000000d5800000,0x00000000d5800000)
  from space 1024K, 98% used [0x00000000d5f00000,0x00000000d5ffd428,0x00000000d6000000)
  to   space 7168K, 0% used [0x00000000d5800000,0x00000000d5800000,0x00000000d5f00000)
 ParOldGen       total 1394176K, used 1394152K [0x0000000080000000, 0x00000000d5180000, 0x00000000d5580000)
  object space 1394176K, 99% used [0x0000000080000000,0x00000000d517a0d0,0x00000000d5180000)
 Metaspace       used 88053K, committed 89536K, reserved 1179648K
  class space    used 8248K, committed 8960K, reserved 1048576K
}
Event: 104964.462 GC heap after
{Heap after GC invocations=10456 (full 12):
 PSYoungGen      total 3584K, used 704K [0x00000000d5580000, 0x00000000d5f80000, 0x0000000100000000)
  eden space 2560K, 0% used [0x00000000d5580000,0x00000000d5580000,0x00000000d5800000)
  from space 1024K, 68% used [0x00000000d5800000,0x00000000d58b0000,0x00000000d5900000)
  to   space 3072K, 0% used [0x00000000d5c80000,0x00000000d5c80000,0x00000000d5f80000)
 ParOldGen       total 1395712K, used 1395205K [0x0000000080000000, 0x00000000d5300000, 0x00000000d5580000)
  object space 1395712K, 99% used [0x0000000080000000,0x00000000d5281628,0x00000000d5300000)
 Metaspace       used 88053K, committed 89536K, reserved 1179648K
  class space    used 8248K, committed 8960K, reserved 1048576K
}
Event: 104964.466 GC heap before
{Heap before GC invocations=10457 (full 12):
 PSYoungGen      total 3584K, used 3264K [0x00000000d5580000, 0x00000000d5f80000, 0x0000000100000000)
  eden space 2560K, 100% used [0x00000000d5580000,0x00000000d5800000,0x00000000d5800000)
  from space 1024K, 68% used [0x00000000d5800000,0x00000000d58b0000,0x00000000d5900000)
  to   space 3072K, 0% used [0x00000000d5c80000,0x00000000d5c80000,0x00000000d5f80000)
 ParOldGen       total 1395712K, used 1395205K [0x0000000080000000, 0x00000000d5300000, 0x00000000d5580000)
  object space 1395712K, 99% used [0x0000000080000000,0x00000000d5281628,0x00000000d5300000)
 Metaspace       used 88053K, committed 89536K, reserved 1179648K
  class space    used 8248K, committed 8960K, reserved 1048576K
}
Event: 104964.469 GC heap after
{Heap after GC invocations=10457 (full 12):
 PSYoungGen      total 3584K, used 128K [0x00000000d5580000, 0x00000000d5d00000, 0x0000000100000000)
  eden space 3072K, 0% used [0x00000000d5580000,0x00000000d5580000,0x00000000d5880000)
  from space 512K, 25% used [0x00000000d5c80000,0x00000000d5ca0000,0x00000000d5d00000)
  to   space 1024K, 0% used [0x00000000d5b00000,0x00000000d5b00000,0x00000000d5c00000)
 ParOldGen       total 1395712K, used 1395641K [0x0000000080000000, 0x00000000d5300000, 0x00000000d5580000)
  object space 1395712K, 99% used [0x0000000080000000,0x00000000d52ee4f8,0x00000000d5300000)
 Metaspace       used 88053K, committed 89536K, reserved 1179648K
  class space    used 8248K, committed 8960K, reserved 1048576K
}
Event: 104964.473 GC heap before
{Heap before GC invocations=10458 (full 12):
 PSYoungGen      total 3584K, used 3200K [0x00000000d5580000, 0x00000000d5d00000, 0x0000000100000000)
  eden space 3072K, 100% used [0x00000000d5580000,0x00000000d5880000,0x00000000d5880000)
  from space 512K, 25% used [0x00000000d5c80000,0x00000000d5ca0000,0x00000000d5d00000)
  to   space 1024K, 0% used [0x00000000d5b00000,0x00000000d5b00000,0x00000000d5c00000)
 ParOldGen       total 1395712K, used 1395641K [0x0000000080000000, 0x00000000d5300000, 0x00000000d5580000)
  object space 1395712K, 99% used [0x0000000080000000,0x00000000d52ee4f8,0x00000000d5300000)
 Metaspace       used 88053K, committed 89536K, reserved 1179648K
  class space    used 8248K, committed 8960K, reserved 1048576K
}
Event: 104964.475 GC heap after
{Heap after GC invocations=10458 (full 12):
 PSYoungGen      total 5120K, used 384K [0x00000000d5580000, 0x00000000d5d00000, 0x0000000100000000)
  eden space 4096K, 0% used [0x00000000d5580000,0x00000000d5580000,0x00000000d5980000)
  from space 1024K, 37% used [0x00000000d5b00000,0x00000000d5b60000,0x00000000d5c00000)
  to   space 512K, 0% used [0x00000000d5c80000,0x00000000d5c80000,0x00000000d5d00000)
 ParOldGen       total 1396224K, used 1395745K [0x0000000080000000, 0x00000000d5380000, 0x00000000d5580000)
  object space 1396224K, 99% used [0x0000000080000000,0x00000000d5308518,0x00000000d5380000)
 Metaspace       used 88053K, committed 89536K, reserved 1179648K
  class space    used 8248K, committed 8960K, reserved 1048576K
}
Event: 104964.481 GC heap before
{Heap before GC invocations=10459 (full 12):
 PSYoungGen      total 5120K, used 4480K [0x00000000d5580000, 0x00000000d5d00000, 0x0000000100000000)
  eden space 4096K, 100% used [0x00000000d5580000,0x00000000d5980000,0x00000000d5980000)
  from space 1024K, 37% used [0x00000000d5b00000,0x00000000d5b60000,0x00000000d5c00000)
  to   space 512K, 0% used [0x00000000d5c80000,0x00000000d5c80000,0x00000000d5d00000)
 ParOldGen       total 1396224K, used 1395745K [0x0000000080000000, 0x00000000d5380000, 0x00000000d5580000)
  object space 1396224K, 99% used [0x0000000080000000,0x00000000d5308518,0x00000000d5380000)
 Metaspace       used 88053K, committed 89536K, reserved 1179648K
  class space    used 8248K, committed 8960K, reserved 1048576K
}
Event: 104964.484 GC heap after
{Heap after GC invocations=10459 (full 12):
 PSYoungGen      total 5632K, used 448K [0x00000000d5580000, 0x00000000d5d00000, 0x0000000100000000)
  eden space 5120K, 0% used [0x00000000d5580000,0x00000000d5580000,0x00000000d5a80000)
  from space 512K, 87% used [0x00000000d5c80000,0x00000000d5cf0000,0x00000000d5d00000)
  to   space 512K, 0% used [0x00000000d5c00000,0x00000000d5c00000,0x00000000d5c80000)
 ParOldGen       total 1396224K, used 1395953K [0x0000000080000000, 0x00000000d5380000, 0x00000000d5580000)
  object space 1396224K, 99% used [0x0000000080000000,0x00000000d533c518,0x00000000d5380000)
 Metaspace       used 88053K, committed 89536K, reserved 1179648K
  class space    used 8248K, committed 8960K, reserved 1048576K
}
Event: 104964.489 GC heap before
{Heap before GC invocations=10460 (full 12):
 PSYoungGen      total 5632K, used 5568K [0x00000000d5580000, 0x00000000d5d00000, 0x0000000100000000)
  eden space 5120K, 100% used [0x00000000d5580000,0x00000000d5a80000,0x00000000d5a80000)
  from space 512K, 87% used [0x00000000d5c80000,0x00000000d5cf0000,0x00000000d5d00000)
  to   space 512K, 0% used [0x00000000d5c00000,0x00000000d5c00000,0x00000000d5c80000)
 ParOldGen       total 1396224K, used 1395953K [0x0000000080000000, 0x00000000d5380000, 0x00000000d5580000)
  object space 1396224K, 99% used [0x0000000080000000,0x00000000d533c518,0x00000000d5380000)
 Metaspace       used 88053K, committed 89536K, reserved 1179648K
  class space    used 8248K, committed 8960K, reserved 1048576K
}
Event: 104964.492 GC heap after
{Heap after GC invocations=10460 (full 12):
 PSYoungGen      total 6656K, used 464K [0x00000000d5580000, 0x00000000d5d00000, 0x0000000100000000)
  eden space 6144K, 0% used [0x00000000d5580000,0x00000000d5580000,0x00000000d5b80000)
  from space 512K, 90% used [0x00000000d5c00000,0x00000000d5c74010,0x00000000d5c80000)
  to   space 512K, 0% used [0x00000000d5c80000,0x00000000d5c80000,0x00000000d5d00000)
 ParOldGen       total 1396736K, used 1396303K [0x0000000080000000, 0x00000000d5400000, 0x00000000d5580000)
  object space 1396736K, 99% used [0x0000000080000000,0x00000000d5393c78,0x00000000d5400000)
 Metaspace       used 88053K, committed 89536K, reserved 1179648K
  class space    used 8248K, committed 8960K, reserved 1048576K
}
Event: 104964.500 GC heap before
{Heap before GC invocations=10461 (full 12):
 PSYoungGen      total 6656K, used 6608K [0x00000000d5580000, 0x00000000d5d00000, 0x0000000100000000)
  eden space 6144K, 100% used [0x00000000d5580000,0x00000000d5b80000,0x00000000d5b80000)
  from space 512K, 90% used [0x00000000d5c00000,0x00000000d5c74010,0x00000000d5c80000)
  to   space 512K, 0% used [0x00000000d5c80000,0x00000000d5c80000,0x00000000d5d00000)
 ParOldGen       total 1396736K, used 1396303K [0x0000000080000000, 0x00000000d5400000, 0x00000000d5580000)
  object space 1396736K, 99% used [0x0000000080000000,0x00000000d5393c78,0x00000000d5400000)
 Metaspace       used 88053K, committed 89536K, reserved 1179648K
  class space    used 8248K, committed 8960K, reserved 1048576K
}
Event: 104964.503 GC heap after
{Heap after GC invocations=10461 (full 12):
 PSYoungGen      total 6656K, used 512K [0x00000000d5580000, 0x00000000d5f00000, 0x0000000100000000)
  eden space 6144K, 0% used [0x00000000d5580000,0x00000000d5580000,0x00000000d5b80000)
  from space 512K, 100% used [0x00000000d5c80000,0x00000000d5d00000,0x00000000d5d00000)
  to   space 1024K, 0% used [0x00000000d5b80000,0x00000000d5b80000,0x00000000d5c80000)
 ParOldGen       total 1396736K, used 1396663K [0x0000000080000000, 0x00000000d5400000, 0x00000000d5580000)
  object space 1396736K, 99% used [0x0000000080000000,0x00000000d53edca8,0x00000000d5400000)
 Metaspace       used 88053K, committed 89536K, reserved 1179648K
  class space    used 8248K, committed 8960K, reserved 1048576K
}
Event: 104964.514 GC heap before
{Heap before GC invocations=10462 (full 12):
 PSYoungGen      total 6656K, used 6656K [0x00000000d5580000, 0x00000000d5f00000, 0x0000000100000000)
  eden space 6144K, 100% used [0x00000000d5580000,0x00000000d5b80000,0x00000000d5b80000)
  from space 512K, 100% used [0x00000000d5c80000,0x00000000d5d00000,0x00000000d5d00000)
  to   space 1024K, 0% used [0x00000000d5b80000,0x00000000d5b80000,0x00000000d5c80000)
 ParOldGen       total 1396736K, used 1396663K [0x0000000080000000, 0x00000000d5400000, 0x00000000d5580000)
  object space 1396736K, 99% used [0x0000000080000000,0x00000000d53edca8,0x00000000d5400000)
 Metaspace       used 88053K, committed 89536K, reserved 1179648K
  class space    used 8248K, committed 8960K, reserved 1048576K
}
Event: 104964.518 GC heap after
{Heap after GC invocations=10462 (full 12):
 PSYoungGen      total 7168K, used 640K [0x00000000d5580000, 0x00000000d5f00000, 0x0000000100000000)
  eden space 6144K, 0% used [0x00000000d5580000,0x00000000d5580000,0x00000000d5b80000)
  from space 1024K, 62% used [0x00000000d5b80000,0x00000000d5c20000,0x00000000d5c80000)
  to   space 1024K, 0% used [0x00000000d5e00000,0x00000000d5e00000,0x00000000d5f00000)
 ParOldGen       total 1397248K, used 1397075K [0x0000000080000000, 0x00000000d5480000, 0x00000000d5580000)
  object space 1397248K, 99% used [0x0000000080000000,0x00000000d5454cf8,0x00000000d5480000)
 Metaspace       used 88053K, committed 89536K, reserved 1179648K
  class space    used 8248K, committed 8960K, reserved 1048576K
}
Event: 104964.540 GC heap before
{Heap before GC invocations=10463 (full 12):
 PSYoungGen      total 7168K, used 6784K [0x00000000d5580000, 0x00000000d5f00000, 0x0000000100000000)
  eden space 6144K, 100% used [0x00000000d5580000,0x00000000d5b80000,0x00000000d5b80000)
  from space 1024K, 62% used [0x00000000d5b80000,0x00000000d5c20000,0x00000000d5c80000)
  to   space 1024K, 0% used [0x00000000d5e00000,0x00000000d5e00000,0x00000000d5f00000)
 ParOldGen       total 1397248K, used 1397075K [0x0000000080000000, 0x00000000d5480000, 0x00000000d5580000)
  object space 1397248K, 99% used [0x0000000080000000,0x00000000d5454cf8,0x00000000d5480000)
 Metaspace       used 88053K, committed 89536K, reserved 1179648K
  class space    used 8248K, committed 8960K, reserved 1048576K
}
Event: 104964.544 GC heap after
{Heap after GC invocations=10463 (full 12):
 PSYoungGen      total 7680K, used 1013K [0x00000000d5580000, 0x00000000d6100000, 0x0000000100000000)
  eden space 6656K, 0% used [0x00000000d5580000,0x00000000d5580000,0x00000000d5c00000)
  from space 1024K, 99% used [0x00000000d5e00000,0x00000000d5efd7b8,0x00000000d5f00000)
  to   space 2048K, 0% used [0x00000000d5c00000,0x00000000d5c00000,0x00000000d5e00000)
 ParOldGen       total 1398272K, used 1397895K [0x0000000080000000, 0x00000000d5580000, 0x00000000d5580000)
  object space 1398272K, 99% used [0x0000000080000000,0x00000000d5521c28,0x00000000d5580000)
 Metaspace       used 88053K, committed 89536K, reserved 1179648K
  class space    used 8248K, committed 8960K, reserved 1048576K
}
Event: 104964.570 GC heap before
{Heap before GC invocations=10464 (full 13):
 PSYoungGen      total 7680K, used 7669K [0x00000000d5580000, 0x00000000d6100000, 0x0000000100000000)
  eden space 6656K, 100% used [0x00000000d5580000,0x00000000d5c00000,0x00000000d5c00000)
  from space 1024K, 99% used [0x00000000d5e00000,0x00000000d5efd7b8,0x00000000d5f00000)
  to   space 2048K, 0% used [0x00000000d5c00000,0x00000000d5c00000,0x00000000d5e00000)
 ParOldGen       total 1398272K, used 1397895K [0x0000000080000000, 0x00000000d5580000, 0x00000000d5580000)
  object space 1398272K, 99% used [0x0000000080000000,0x00000000d5521c28,0x00000000d5580000)
 Metaspace       used 88053K, committed 89536K, reserved 1179648K
  class space    used 8248K, committed 8960K, reserved 1048576K
}

Dll operation events (12 events):
Event: 0.014 Loaded shared library c:\Users\Akanksha.Surve\.antigravity\extensions\redhat.java-1.54.0-win32-x64\jre\21.0.10-win32-x86_64\bin\java.dll
Event: 0.086 Loaded shared library c:\Users\Akanksha.Surve\.antigravity\extensions\redhat.java-1.54.0-win32-x64\jre\21.0.10-win32-x86_64\bin\zip.dll
Event: 0.113 Loaded shared library C:\Users\Akanksha.Surve\.antigravity\extensions\redhat.java-1.54.0-win32-x64\jre\21.0.10-win32-x86_64\bin\instrument.dll
Event: 0.125 Loaded shared library C:\Users\Akanksha.Surve\.antigravity\extensions\redhat.java-1.54.0-win32-x64\jre\21.0.10-win32-x86_64\bin\net.dll
Event: 0.135 Loaded shared library C:\Users\Akanksha.Surve\.antigravity\extensions\redhat.java-1.54.0-win32-x64\jre\21.0.10-win32-x86_64\bin\nio.dll
Event: 0.140 Loaded shared library C:\Users\Akanksha.Surve\.antigravity\extensions\redhat.java-1.54.0-win32-x64\jre\21.0.10-win32-x86_64\bin\zip.dll
Event: 0.162 Loaded shared library C:\Users\Akanksha.Surve\.antigravity\extensions\redhat.java-1.54.0-win32-x64\jre\21.0.10-win32-x86_64\bin\jimage.dll
Event: 0.269 Loaded shared library c:\Users\Akanksha.Surve\.antigravity\extensions\redhat.java-1.54.0-win32-x64\jre\21.0.10-win32-x86_64\bin\verify.dll
Event: 9.299 Loaded shared library C:\Users\Akanksha.Surve\AppData\Roaming\Antigravity\User\globalStorage\redhat.java\1.54.0\config_win\org.eclipse.equinox.launcher\org.eclipse.equinox.launcher.win32.win32.x86_64_1.3.0.v20260203-2149\eclipse_11919.dll
Event: 18.681 Loaded shared library C:\Users\Akanksha.Surve\AppData\Local\Temp\jna-907455049\jna8855219584699645441.dll
Event: 26.165 Loaded shared library C:\Users\Akanksha.Surve\.antigravity\extensions\redhat.java-1.54.0-win32-x64\jre\21.0.10-win32-x86_64\bin\sunmscapi.dll
Event: 33.750 Loaded shared library C:\Users\Akanksha.Surve\.antigravity\extensions\redhat.java-1.54.0-win32-x64\jre\21.0.10-win32-x86_64\bin\extnet.dll

Deoptimization events (20 events):
Event: 102966.021 Thread 0x000001c73aa7f820 DEOPT PACKING pc=0x000001c6cab3b318 sp=0x000000965c2fea10
Event: 102966.021 Thread 0x000001c73aa7f820 DEOPT UNPACKING pc=0x000001c6c8e73aa2 sp=0x000000965c2fe9c0 mode 2
Event: 102966.030 Thread 0x000001c73aa7f820 Uncommon trap: trap_request=0xffffffde fr.pc=0x000001c6cb4997a4 relative=0x0000000000000364
Event: 102966.030 Thread 0x000001c73aa7f820 Uncommon trap: reason=class_check action=maybe_recompile pc=0x000001c6cb4997a4 method=org.eclipse.jdt.internal.compiler.lookup.ReferenceBinding.isCompatibleWith0(Lorg/eclipse/jdt/internal/compiler/lookup/TypeBinding;Lorg/eclipse/jdt/internal/compiler/look
Event: 102966.030 Thread 0x000001c73aa7f820 DEOPT PACKING pc=0x000001c6cb4997a4 sp=0x000000965c2fec30
Event: 102966.030 Thread 0x000001c73aa7f820 DEOPT UNPACKING pc=0x000001c6c8e73aa2 sp=0x000000965c2feb98 mode 2
Event: 102966.776 Thread 0x000001c73aa7b680 Uncommon trap: trap_request=0xffffff45 fr.pc=0x000001c6caf3fd70 relative=0x0000000000001cd0
Event: 102966.777 Thread 0x000001c73aa7b680 Uncommon trap: reason=unstable_if action=reinterpret pc=0x000001c6caf3fd70 method=org.eclipse.core.internal.localstore.RefreshLocalVisitor.createResource(Lorg/eclipse/core/internal/localstore/UnifiedTreeNode;Lorg/eclipse/core/internal/resources/Resource;)
Event: 102966.777 Thread 0x000001c73aa7b680 DEOPT PACKING pc=0x000001c6caf3fd70 sp=0x00000096575fd8a0
Event: 102966.777 Thread 0x000001c73aa7b680 DEOPT UNPACKING pc=0x000001c6c8e73aa2 sp=0x00000096575fd870 mode 2
Event: 104963.587 Thread 0x000001c730bfbb50 Uncommon trap: trap_request=0xffffffd6 fr.pc=0x000001c6c9843018 relative=0x00000000000001f8
Event: 104963.587 Thread 0x000001c730bfbb50 Uncommon trap: reason=array_check action=maybe_recompile pc=0x000001c6c9843018 method=java.util.LinkedHashMap.valuesToArray([Ljava/lang/Object;Z)[Ljava/lang/Object; @ 67 c2
Event: 104963.587 Thread 0x000001c730bfbb50 DEOPT PACKING pc=0x000001c6c9843018 sp=0x00000096576fede0
Event: 104963.587 Thread 0x000001c730bfbb50 DEOPT UNPACKING pc=0x000001c6c8e73aa2 sp=0x00000096576fed78 mode 2
Event: 104963.723 Thread 0x000001c730bfbb50 DEOPT PACKING pc=0x000001c6c1f82b5e sp=0x00000096576fead0
Event: 104963.723 Thread 0x000001c730bfbb50 DEOPT UNPACKING pc=0x000001c6c8e74242 sp=0x00000096576fe0a8 mode 0
Event: 104964.178 Thread 0x000001c730bfbb50 Uncommon trap: trap_request=0xffffffd6 fr.pc=0x000001c6c9843018 relative=0x00000000000001f8
Event: 104964.178 Thread 0x000001c730bfbb50 Uncommon trap: reason=array_check action=maybe_recompile pc=0x000001c6c9843018 method=java.util.LinkedHashMap.valuesToArray([Ljava/lang/Object;Z)[Ljava/lang/Object; @ 67 c2
Event: 104964.178 Thread 0x000001c730bfbb50 DEOPT PACKING pc=0x000001c6c9843018 sp=0x00000096576fede0
Event: 104964.178 Thread 0x000001c730bfbb50 DEOPT UNPACKING pc=0x000001c6c8e73aa2 sp=0x00000096576fed78 mode 2

Classes loaded (20 events):
Event: 102604.320 Loading class jdk/internal/module/IllegalAccessLogger
Event: 102604.320 Loading class jdk/internal/module/IllegalAccessLogger done
Event: 102606.798 Loading class jdk/internal/module/IllegalAccessLogger
Event: 102606.798 Loading class jdk/internal/module/IllegalAccessLogger done
Event: 102612.218 Loading class jdk/internal/module/IllegalAccessLogger
Event: 102612.218 Loading class jdk/internal/module/IllegalAccessLogger done
Event: 102963.219 Loading class jdk/internal/module/IllegalAccessLogger
Event: 102963.219 Loading class jdk/internal/module/IllegalAccessLogger done
Event: 102963.969 Loading class jdk/internal/module/IllegalAccessLogger
Event: 102963.969 Loading class jdk/internal/module/IllegalAccessLogger done
Event: 102965.164 Loading class jdk/internal/module/IllegalAccessLogger
Event: 102965.164 Loading class jdk/internal/module/IllegalAccessLogger done
Event: 102965.415 Loading class jdk/internal/module/IllegalAccessLogger
Event: 102965.415 Loading class jdk/internal/module/IllegalAccessLogger done
Event: 102965.644 Loading class jdk/internal/module/IllegalAccessLogger
Event: 102965.644 Loading class jdk/internal/module/IllegalAccessLogger done
Event: 102965.753 Loading class jdk/internal/module/IllegalAccessLogger
Event: 102965.753 Loading class jdk/internal/module/IllegalAccessLogger done
Event: 102965.920 Loading class jdk/internal/module/IllegalAccessLogger
Event: 102965.920 Loading class jdk/internal/module/IllegalAccessLogger done

Classes unloaded (20 events):
Event: 101560.304 Thread 0x000001c6be7fea80 Unloading class 0x000001c6d72a2c00 'jdk/internal/reflect/GeneratedSerializationConstructorAccessor50'
Event: 101560.304 Thread 0x000001c6be7fea80 Unloading class 0x000001c6d72a3000 'jdk/internal/reflect/GeneratedSerializationConstructorAccessor49'
Event: 101560.304 Thread 0x000001c6be7fea80 Unloading class 0x000001c6d72a5c00 'jdk/internal/reflect/GeneratedSerializationConstructorAccessor48'
Event: 101560.304 Thread 0x000001c6be7fea80 Unloading class 0x000001c6d72a6000 'jdk/internal/reflect/GeneratedSerializationConstructorAccessor47'
Event: 101560.304 Thread 0x000001c6be7fea80 Unloading class 0x000001c6d72a8400 'jdk/internal/reflect/GeneratedSerializationConstructorAccessor46'
Event: 101560.304 Thread 0x000001c6be7fea80 Unloading class 0x000001c6d72aa000 'java/lang/invoke/LambdaForm$MH+0x000001c6d72aa000'
Event: 101560.304 Thread 0x000001c6be7fea80 Unloading class 0x000001c6d72aac00 'jdk/internal/reflect/GeneratedSerializationConstructorAccessor45'
Event: 101560.304 Thread 0x000001c6be7fea80 Unloading class 0x000001c6d72ab800 'jdk/internal/reflect/GeneratedSerializationConstructorAccessor44'
Event: 101560.304 Thread 0x000001c6be7fea80 Unloading class 0x000001c6d72b9000 'jdk/internal/reflect/GeneratedSerializationConstructorAccessor43'
Event: 101560.304 Thread 0x000001c6be7fea80 Unloading class 0x000001c6d7378000 'jdk/internal/reflect/GeneratedSerializationConstructorAccessor42'
Event: 101560.304 Thread 0x000001c6be7fea80 Unloading class 0x000001c6d7452000 'jdk/internal/reflect/GeneratedSerializationConstructorAccessor41'
Event: 101560.304 Thread 0x000001c6be7fea80 Unloading class 0x000001c6d7481800 'jdk/internal/reflect/GeneratedSerializationConstructorAccessor40'
Event: 101560.304 Thread 0x000001c6be7fea80 Unloading class 0x000001c6d7493400 'jdk/internal/reflect/GeneratedSerializationConstructorAccessor39'
Event: 101560.304 Thread 0x000001c6be7fea80 Unloading class 0x000001c6d759c400 'jdk/internal/reflect/GeneratedSerializationConstructorAccessor38'
Event: 101560.304 Thread 0x000001c6be7fea80 Unloading class 0x000001c6d759c800 'jdk/internal/reflect/GeneratedSerializationConstructorAccessor37'
Event: 101560.304 Thread 0x000001c6be7fea80 Unloading class 0x000001c6d759d400 'jdk/internal/reflect/GeneratedSerializationConstructorAccessor36'
Event: 101560.304 Thread 0x000001c6be7fea80 Unloading class 0x000001c6d759dc00 'jdk/internal/reflect/GeneratedSerializationConstructorAccessor35'
Event: 101560.304 Thread 0x000001c6be7fea80 Unloading class 0x000001c6d75fc800 'jdk/internal/reflect/GeneratedSerializationConstructorAccessor34'
Event: 101560.304 Thread 0x000001c6be7fea80 Unloading class 0x000001c6d785a800 'java/lang/invoke/LambdaForm$MH+0x000001c6d785a800'
Event: 101560.304 Thread 0x000001c6be7fea80 Unloading class 0x000001c6d72a0400 'java/lang/invoke/LambdaForm$MH+0x000001c6d72a0400'

Classes redefined (0 events):
No events

Internal exceptions (20 events):
Event: 104964.272 Thread 0x000001c720a2c140 Exception <a 'sun/nio/fs/WindowsException'{0x00000000d5a4ac50}> (0x00000000d5a4ac50) 
thrown [s\src\hotspot\share\prims\jni.cpp, line 520]
Event: 104964.277 Thread 0x000001c730bfbb50 Exception <a 'sun/nio/fs/WindowsException'{0x00000000d5a7cbe0}> (0x00000000d5a7cbe0) 
thrown [s\src\hotspot\share\prims\jni.cpp, line 520]
Event: 104964.277 Thread 0x000001c730bfbb50 Exception <a 'sun/nio/fs/WindowsException'{0x00000000d5a7d070}> (0x00000000d5a7d070) 
thrown [s\src\hotspot\share\prims\jni.cpp, line 520]
Event: 104964.328 Thread 0x000001c730bfbb50 Exception <a 'sun/nio/fs/WindowsException'{0x00000000d5d65e48}> (0x00000000d5d65e48) 
thrown [s\src\hotspot\share\prims\jni.cpp, line 520]
Event: 104964.328 Thread 0x000001c720a2c140 Exception <a 'sun/nio/fs/WindowsException'{0x00000000d5a4c2b8}> (0x00000000d5a4c2b8) 
thrown [s\src\hotspot\share\prims\jni.cpp, line 520]
Event: 104964.329 Thread 0x000001c720a2ef30 Exception <a 'sun/nio/fs/WindowsException'{0x00000000d5a636a8}> (0x00000000d5a636a8) 
thrown [s\src\hotspot\share\prims\jni.cpp, line 520]
Event: 104964.329 Thread 0x000001c720a2b420 Exception <a 'sun/nio/fs/WindowsException'{0x00000000d5a5b5d8}> (0x00000000d5a5b5d8) 
thrown [s\src\hotspot\share\prims\jni.cpp, line 520]
Event: 104964.335 Thread 0x000001c730bfbb50 Exception <a 'sun/nio/fs/WindowsException'{0x00000000d5d76db0}> (0x00000000d5d76db0) 
thrown [s\src\hotspot\share\prims\jni.cpp, line 520]
Event: 104964.335 Thread 0x000001c720a2c140 Exception <a 'sun/nio/fs/WindowsException'{0x00000000d5a4d298}> (0x00000000d5a4d298) 
thrown [s\src\hotspot\share\prims\jni.cpp, line 520]
Event: 104964.336 Thread 0x000001c720a2ef30 Exception <a 'sun/nio/fs/WindowsException'{0x00000000d5a64798}> (0x00000000d5a64798) 
thrown [s\src\hotspot\share\prims\jni.cpp, line 520]
Event: 104964.336 Thread 0x000001c720a2b420 Exception <a 'sun/nio/fs/WindowsException'{0x00000000d5a5cf60}> (0x00000000d5a5cf60) 
thrown [s\src\hotspot\share\prims\jni.cpp, line 520]
Event: 104964.337 Thread 0x000001c720a2bab0 Exception <a 'sun/nio/fs/WindowsException'{0x00000000d5a6ba90}> (0x00000000d5a6ba90) 
thrown [s\src\hotspot\share\prims\jni.cpp, line 520]
Event: 104964.337 Thread 0x000001c720a2c7d0 Exception <a 'sun/nio/fs/WindowsException'{0x00000000d5a55380}> (0x00000000d5a55380) 
thrown [s\src\hotspot\share\prims\jni.cpp, line 520]
Event: 104964.342 Thread 0x000001c720a302e0 Exception <a 'sun/nio/fs/WindowsException'{0x00000000d5580660}> (0x00000000d5580660) 
thrown [s\src\hotspot\share\prims\jni.cpp, line 520]
Event: 104964.342 Thread 0x000001c720a30970 Exception <a 'sun/nio/fs/WindowsException'{0x00000000d5591220}> (0x00000000d5591220) 
thrown [s\src\hotspot\share\prims\jni.cpp, line 520]
Event: 104964.342 Thread 0x000001c720a2d4f0 Exception <a 'sun/nio/fs/WindowsException'{0x00000000d5588f10}> (0x00000000d5588f10) 
thrown [s\src\hotspot\share\prims\jni.cpp, line 520]
Event: 104964.342 Thread 0x000001c720a31690 Exception <a 'sun/nio/fs/WindowsException'{0x00000000d5599658}> (0x00000000d5599658) 
thrown [s\src\hotspot\share\prims\jni.cpp, line 520]
Event: 104964.346 Thread 0x000001c73aa7c3a0 Exception <a 'sun/nio/fs/WindowsException'{0x00000000d55c97b0}> (0x00000000d55c97b0) 
thrown [s\src\hotspot\share\prims\jni.cpp, line 520]
Event: 104964.346 Thread 0x000001c720a323b0 Exception <a 'sun/nio/fs/WindowsException'{0x00000000d55ae460}> (0x00000000d55ae460) 
thrown [s\src\hotspot\share\prims\jni.cpp, line 520]
Event: 104964.356 Thread 0x000001c720a2c7d0 Exception <a 'sun/nio/fs/WindowsException'{0x00000000d5586478}> (0x00000000d5586478) 
thrown [s\src\hotspot\share\prims\jni.cpp, line 520]

ZGC Phase Switch (0 events):
No events

VM Operations (20 events):
Event: 104964.341 Executing safepoint VM operation: ParallelGCFailedAllocation (Allocation Failure) done
Event: 104964.450 Executing safepoint VM operation: ParallelGCFailedAllocation (Allocation Failure)
Event: 104964.454 Executing safepoint VM operation: ParallelGCFailedAllocation (Allocation Failure) done
Event: 104964.459 Executing safepoint VM operation: ParallelGCFailedAllocation (Allocation Failure)
Event: 104964.462 Executing safepoint VM operation: ParallelGCFailedAllocation (Allocation Failure) done
Event: 104964.466 Executing safepoint VM operation: ParallelGCFailedAllocation (Allocation Failure)
Event: 104964.469 Executing safepoint VM operation: ParallelGCFailedAllocation (Allocation Failure) done
Event: 104964.473 Executing safepoint VM operation: ParallelGCFailedAllocation (Allocation Failure)
Event: 104964.475 Executing safepoint VM operation: ParallelGCFailedAllocation (Allocation Failure) done
Event: 104964.480 Executing safepoint VM operation: ParallelGCFailedAllocation (Allocation Failure)
Event: 104964.484 Executing safepoint VM operation: ParallelGCFailedAllocation (Allocation Failure) done
Event: 104964.489 Executing safepoint VM operation: ParallelGCFailedAllocation (Allocation Failure)
Event: 104964.492 Executing safepoint VM operation: ParallelGCFailedAllocation (Allocation Failure) done
Event: 104964.500 Executing safepoint VM operation: ParallelGCFailedAllocation (Allocation Failure)
Event: 104964.503 Executing safepoint VM operation: ParallelGCFailedAllocation (Allocation Failure) done
Event: 104964.514 Executing safepoint VM operation: ParallelGCFailedAllocation (Allocation Failure)
Event: 104964.518 Executing safepoint VM operation: ParallelGCFailedAllocation (Allocation Failure) done
Event: 104964.540 Executing safepoint VM operation: ParallelGCFailedAllocation (Allocation Failure)
Event: 104964.544 Executing safepoint VM operation: ParallelGCFailedAllocation (Allocation Failure) done
Event: 104964.570 Executing safepoint VM operation: ParallelGCFailedAllocation (Allocation Failure)

Memory protections (0 events):
No events

Nmethod flushes (20 events):
Event: 101560.446 Thread 0x000001c6be7fea80 flushing  nmethod 0x000001c6c4842910
Event: 101560.446 Thread 0x000001c6be7fea80 flushing  nmethod 0x000001c6c484df10
Event: 101560.446 Thread 0x000001c6be7fea80 flushing  nmethod 0x000001c6c48be810
Event: 101560.446 Thread 0x000001c6be7fea80 flushing  nmethod 0x000001c6c49d0b10
Event: 101560.446 Thread 0x000001c6be7fea80 flushing  nmethod 0x000001c6c4b07a10
Event: 101560.446 Thread 0x000001c6be7fea80 flushing  nmethod 0x000001c6c4b08190
Event: 101560.446 Thread 0x000001c6be7fea80 flushing  nmethod 0x000001c6c4b0ee10
Event: 101560.446 Thread 0x000001c6be7fea80 flushing  nmethod 0x000001c6c4b21990
Event: 101560.446 Thread 0x000001c6be7fea80 flushing  nmethod 0x000001c6c4b6a990
Event: 101560.446 Thread 0x000001c6be7fea80 flushing  nmethod 0x000001c6c4bd3a90
Event: 101560.446 Thread 0x000001c6be7fea80 flushing  nmethod 0x000001c6c4c0ff10
Event: 101560.446 Thread 0x000001c6be7fea80 flushing  nmethod 0x000001c6c4c70610
Event: 101560.446 Thread 0x000001c6be7fea80 flushing  nmethod 0x000001c6c4c94190
Event: 101560.446 Thread 0x000001c6be7fea80 flushing  nmethod 0x000001c6c4ca2890
Event: 101560.446 Thread 0x000001c6be7fea80 flushing  nmethod 0x000001c6c4cd6a10
Event: 101560.446 Thread 0x000001c6be7fea80 flushing  nmethod 0x000001c6c4cdcd10
Event: 101560.446 Thread 0x000001c6be7fea80 flushing  nmethod 0x000001c6c4cdd610
Event: 101560.446 Thread 0x000001c6be7fea80 flushing  nmethod 0x000001c6c4d12690
Event: 101560.446 Thread 0x000001c6be7fea80 flushing  nmethod 0x000001c6c4d4e990
Event: 101560.446 Thread 0x000001c6be7fea80 flushing  nmethod 0x000001c6c4e00490

Events (20 events):
Event: 104964.342 Thread 0x000001c720a31690 Thread added: 0x000001c720a32a40
Event: 104964.342 Thread 0x000001c720a2c7d0 Thread added: 0x000001c720a323b0
Event: 104964.342 Thread 0x000001c720a302e0 Thread added: 0x000001c73aa7a2d0
Event: 104964.343 Thread 0x000001c720a2d4f0 Thread added: 0x000001c73aa78890
Event: 104964.343 Thread 0x000001c720a2c7d0 Thread added: 0x000001c73aa7dde0
Event: 104964.343 Thread 0x000001c720a30970 Thread added: 0x000001c73aa7c3a0
Event: 104964.390 Thread 0x000001c730bfbb50 Thread added: 0x000001c73aa7ca30
Event: 104964.390 Thread 0x000001c730bfbb50 Thread added: 0x000001c73aa7a960
Event: 104964.390 Thread 0x000001c73aa7ca30 Thread added: 0x000001c73aa7d750
Event: 104964.390 Thread 0x000001c73aa7a960 Thread added: 0x000001c73aa7d0c0
Event: 104964.391 Thread 0x000001c730bfbb50 Thread added: 0x000001c73aa7b680
Event: 104964.391 Thread 0x000001c730bfbb50 Thread added: 0x000001c73aa7eb00
Event: 104964.391 Thread 0x000001c730bfbb50 Thread added: 0x000001c73aa7e470
Event: 104964.391 Thread 0x000001c730bfbb50 Thread added: 0x000001c73aa7f190
Event: 104964.392 Thread 0x000001c730bfbb50 Thread added: 0x000001c73aa7f820
Event: 104964.393 Thread 0x000001c73aa7d750 Thread added: 0x000001c730bfc870
Event: 104964.394 Thread 0x000001c73aa7f820 Thread added: 0x000001c730bfae30
Event: 104964.394 Thread 0x000001c730bfbb50 Thread added: 0x000001c730bfdc20
Event: 104964.394 Thread 0x000001c730bfbb50 Thread added: 0x000001c730bfd590
Event: 104964.395 Thread 0x000001c730bfbb50 Thread added: 0x000001c730bfa7a0


Dynamic libraries:
0x00007ff7aa430000 - 0x00007ff7aa43e000 	c:\Users\Akanksha.Surve\.antigravity\extensions\redhat.java-1.54.0-win32-x64\jre\21.0.10-win32-x86_64\bin\java.exe
0x00007ffd89f60000 - 0x00007ffd8a1c8000 	C:\WINDOWS\SYSTEM32\ntdll.dll
0x00007ffd888d0000 - 0x00007ffd88999000 	C:\WINDOWS\System32\KERNEL32.DLL
0x00007ffd87720000 - 0x00007ffd87b18000 	C:\WINDOWS\System32\KERNELBASE.dll
0x00007ffd870b0000 - 0x00007ffd871fb000 	C:\WINDOWS\System32\ucrtbase.dll
0x00007ffd54650000 - 0x00007ffd54668000 	c:\Users\Akanksha.Surve\.antigravity\extensions\redhat.java-1.54.0-win32-x64\jre\21.0.10-win32-x86_64\bin\jli.dll
0x00007ffd50c80000 - 0x00007ffd50c9e000 	c:\Users\Akanksha.Surve\.antigravity\extensions\redhat.java-1.54.0-win32-x64\jre\21.0.10-win32-x86_64\bin\VCRUNTIME140.dll
0x00007ffd88ef0000 - 0x00007ffd890b7000 	C:\WINDOWS\System32\USER32.dll
0x00007ffd87340000 - 0x00007ffd87367000 	C:\WINDOWS\System32\win32u.dll
0x00007ffd88410000 - 0x00007ffd8843b000 	C:\WINDOWS\System32\GDI32.dll
0x00007ffd864c0000 - 0x00007ffd86754000 	C:\WINDOWS\WinSxS\amd64_microsoft.windows.common-controls_6595b64144ccf1df_6.0.26100.7019_none_3e06ffa0e335b8a8\COMCTL32.dll
0x00007ffd87b20000 - 0x00007ffd87c4c000 	C:\WINDOWS\System32\gdi32full.dll
0x00007ffd87290000 - 0x00007ffd87333000 	C:\WINDOWS\System32\msvcp_win.dll
0x00007ffd89e60000 - 0x00007ffd89f09000 	C:\WINDOWS\System32\msvcrt.dll
0x00007ffd87ee0000 - 0x00007ffd87f11000 	C:\WINDOWS\System32\IMM32.DLL
0x00007ffd67040000 - 0x00007ffd6704c000 	c:\Users\Akanksha.Surve\.antigravity\extensions\redhat.java-1.54.0-win32-x64\jre\21.0.10-win32-x86_64\bin\vcruntime140_1.dll
0x00007ffd26b00000 - 0x00007ffd26b8d000 	c:\Users\Akanksha.Surve\.antigravity\extensions\redhat.java-1.54.0-win32-x64\jre\21.0.10-win32-x86_64\bin\msvcp140.dll
0x00007ffcf2e50000 - 0x00007ffcf3bf1000 	c:\Users\Akanksha.Surve\.antigravity\extensions\redhat.java-1.54.0-win32-x64\jre\21.0.10-win32-x86_64\bin\server\jvm.dll
0x00007ffd898c0000 - 0x00007ffd89974000 	C:\WINDOWS\System32\ADVAPI32.dll
0x00007ffd87e00000 - 0x00007ffd87ea6000 	C:\WINDOWS\System32\sechost.dll
0x00007ffd87f20000 - 0x00007ffd88038000 	C:\WINDOWS\System32\RPCRT4.dll
0x00007ffd89c00000 - 0x00007ffd89c74000 	C:\WINDOWS\System32\WS2_32.dll
0x00007ffd86f10000 - 0x00007ffd86f6e000 	C:\WINDOWS\SYSTEM32\POWRPROF.dll
0x00007ffd80440000 - 0x00007ffd80475000 	C:\WINDOWS\SYSTEM32\WINMM.dll
0x00007ffd7b5b0000 - 0x00007ffd7b5bb000 	C:\WINDOWS\SYSTEM32\VERSION.dll
0x00007ffd86ef0000 - 0x00007ffd86f04000 	C:\WINDOWS\SYSTEM32\UMPDC.dll
0x00007ffd854a0000 - 0x00007ffd854bb000 	C:\WINDOWS\SYSTEM32\kernel.appcore.dll
0x00007ffd64700000 - 0x00007ffd6470a000 	c:\Users\Akanksha.Surve\.antigravity\extensions\redhat.java-1.54.0-win32-x64\jre\21.0.10-win32-x86_64\bin\jimage.dll
0x00007ffd86870000 - 0x00007ffd86ab2000 	C:\WINDOWS\SYSTEM32\DBGHELP.DLL
0x00007ffd88aa0000 - 0x00007ffd88e2b000 	C:\WINDOWS\System32\combase.dll
0x00007ffd89b20000 - 0x00007ffd89bf7000 	C:\WINDOWS\System32\OLEAUT32.dll
0x00007ffd86760000 - 0x00007ffd8679c000 	C:\WINDOWS\SYSTEM32\dbgcore.DLL
0x00007ffd87c50000 - 0x00007ffd87cf5000 	C:\WINDOWS\System32\bcryptPrimitives.dll
0x00007ffd5fd10000 - 0x00007ffd5fd1f000 	c:\Users\Akanksha.Surve\.antigravity\extensions\redhat.java-1.54.0-win32-x64\jre\21.0.10-win32-x86_64\bin\instrument.dll
0x00007ffd50810000 - 0x00007ffd50830000 	c:\Users\Akanksha.Surve\.antigravity\extensions\redhat.java-1.54.0-win32-x64\jre\21.0.10-win32-x86_64\bin\java.dll
0x00007ffd890c0000 - 0x00007ffd8980f000 	C:\WINDOWS\System32\SHELL32.dll
0x00007ffd87370000 - 0x00007ffd874db000 	C:\WINDOWS\System32\wintypes.dll
0x00007ffd84180000 - 0x00007ffd849dd000 	C:\WINDOWS\SYSTEM32\windows.storage.dll
0x00007ffd889a0000 - 0x00007ffd88a92000 	C:\WINDOWS\System32\SHCORE.dll
0x00007ffd88250000 - 0x00007ffd882b7000 	C:\WINDOWS\System32\shlwapi.dll
0x00007ffd86fd0000 - 0x00007ffd86ff9000 	C:\WINDOWS\SYSTEM32\profapi.dll
0x00007ffd4cf30000 - 0x00007ffd4cf48000 	c:\Users\Akanksha.Surve\.antigravity\extensions\redhat.java-1.54.0-win32-x64\jre\21.0.10-win32-x86_64\bin\zip.dll
0x00007ffd5c060000 - 0x00007ffd5c070000 	C:\Users\Akanksha.Surve\.antigravity\extensions\redhat.java-1.54.0-win32-x64\jre\21.0.10-win32-x86_64\bin\net.dll
0x00007ffd7eac0000 - 0x00007ffd7ebe8000 	C:\WINDOWS\SYSTEM32\WINHTTP.dll
0x00007ffd85a10000 - 0x00007ffd85a7b000 	C:\WINDOWS\system32\mswsock.dll
0x00007ffd4cca0000 - 0x00007ffd4ccb6000 	C:\Users\Akanksha.Surve\.antigravity\extensions\redhat.java-1.54.0-win32-x64\jre\21.0.10-win32-x86_64\bin\nio.dll
0x00007ffd63ca0000 - 0x00007ffd63cb0000 	c:\Users\Akanksha.Surve\.antigravity\extensions\redhat.java-1.54.0-win32-x64\jre\21.0.10-win32-x86_64\bin\verify.dll
0x00007ffd4bf40000 - 0x00007ffd4bf85000 	C:\Users\Akanksha.Surve\AppData\Roaming\Antigravity\User\globalStorage\redhat.java\1.54.0\config_win\org.eclipse.equinox.launcher\org.eclipse.equinox.launcher.win32.win32.x86_64_1.3.0.v20260203-2149\eclipse_11919.dll
0x00007ffd89980000 - 0x00007ffd89b17000 	C:\WINDOWS\System32\ole32.dll
0x00007ffd86be0000 - 0x00007ffd86bfb000 	C:\WINDOWS\SYSTEM32\CRYPTSP.dll
0x00007ffd85eb0000 - 0x00007ffd85eea000 	C:\WINDOWS\system32\rsaenh.dll
0x00007ffd85a80000 - 0x00007ffd85aab000 	C:\WINDOWS\SYSTEM32\USERENV.dll
0x00007ffd86fa0000 - 0x00007ffd86fca000 	C:\WINDOWS\SYSTEM32\bcrypt.dll
0x00007ffd86100000 - 0x00007ffd8610c000 	C:\WINDOWS\SYSTEM32\CRYPTBASE.dll
0x00007ffd84cf0000 - 0x00007ffd84d24000 	C:\WINDOWS\SYSTEM32\IPHLPAPI.DLL
0x00007ffd89820000 - 0x00007ffd8982a000 	C:\WINDOWS\System32\NSI.dll
0x00007ffd33350000 - 0x00007ffd33399000 	C:\Users\Akanksha.Surve\AppData\Local\Temp\jna-907455049\jna8855219584699645441.dll
0x00007ffd89f10000 - 0x00007ffd89f18000 	C:\WINDOWS\System32\PSAPI.DLL
0x00007ffd80290000 - 0x00007ffd802ae000 	C:\WINDOWS\SYSTEM32\dhcpcsvc6.DLL
0x00007ffd80210000 - 0x00007ffd80233000 	C:\WINDOWS\SYSTEM32\dhcpcsvc.DLL
0x00007ffd5b020000 - 0x00007ffd5b02e000 	C:\Users\Akanksha.Surve\.antigravity\extensions\redhat.java-1.54.0-win32-x64\jre\21.0.10-win32-x86_64\bin\sunmscapi.dll
0x00007ffd875a0000 - 0x00007ffd87717000 	C:\WINDOWS\System32\CRYPT32.dll
0x00007ffd860c0000 - 0x00007ffd860f0000 	C:\WINDOWS\SYSTEM32\ncrypt.dll
0x00007ffd86130000 - 0x00007ffd8616f000 	C:\WINDOWS\SYSTEM32\NTASN1.dll
0x00007ffd84d80000 - 0x00007ffd84eac000 	C:\WINDOWS\SYSTEM32\DNSAPI.dll
0x00007ffd7cf70000 - 0x00007ffd7cf7b000 	C:\Windows\System32\rasadhlp.dll
0x00007ffd7f810000 - 0x00007ffd7f896000 	C:\WINDOWS\System32\fwpuclnt.dll
0x00007ffd5af80000 - 0x00007ffd5af89000 	C:\Users\Akanksha.Surve\.antigravity\extensions\redhat.java-1.54.0-win32-x64\jre\21.0.10-win32-x86_64\bin\extnet.dll
0x00007ffd86830000 - 0x00007ffd86866000 	C:\WINDOWS\SYSTEM32\ntmarta.dll

JVMTI agents:
c:\Users\Akanksha.Surve\.antigravity\extensions\redhat.java-1.54.0-win32-x64\lombok\lombok-1.18.39-4050.jar path:c:\Users\Akanksha.Surve\.antigravity\extensions\redhat.java-1.54.0-win32-x64\jre\21.0.10-win32-x86_64\bin\instrument.dll, loaded, initialized, instrumentlib options:none

dbghelp: loaded successfully - version: 4.0.5 - missing functions: none
symbol engine: initialized successfully - sym options: 0x614 - pdb path: .;c:\Users\Akanksha.Surve\.antigravity\extensions\redhat.java-1.54.0-win32-x64\jre\21.0.10-win32-x86_64\bin;C:\WINDOWS\SYSTEM32;C:\WINDOWS\WinSxS\amd64_microsoft.windows.common-controls_6595b64144ccf1df_6.0.26100.7019_none_3e06ffa0e335b8a8;c:\Users\Akanksha.Surve\.antigravity\extensions\redhat.java-1.54.0-win32-x64\jre\21.0.10-win32-x86_64\bin\server;C:\Users\Akanksha.Surve\AppData\Roaming\Antigravity\User\globalStorage\redhat.java\1.54.0\config_win\org.eclipse.equinox.launcher\org.eclipse.equinox.launcher.win32.win32.x86_64_1.3.0.v20260203-2149;C:\Users\Akanksha.Surve\AppData\Local\Temp\jna-907455049

VM Arguments:
jvm_args: --add-modules=ALL-SYSTEM --add-opens=java.base/java.util=ALL-UNNAMED --add-opens=java.base/java.lang=ALL-UNNAMED --add-opens=java.base/sun.nio.fs=ALL-UNNAMED -Declipse.application=org.eclipse.jdt.ls.core.id1 -Dosgi.bundles.defaultStartLevel=4 -Declipse.product=org.eclipse.jdt.ls.core.product -Djava.import.generatesMetadataFilesAtProjectRoot=false -DDetectVMInstallationsJob.disabled=true -Dfile.encoding=utf8 -XX:+UseParallelGC -XX:GCTimeRatio=4 -XX:AdaptiveSizePolicyWeight=90 -Dsun.zip.disableMemoryMapping=true -Xmx2G -Xms100m -Xlog:disable -javaagent:c:\Users\Akanksha.Surve\.antigravity\extensions\redhat.java-1.54.0-win32-x64\lombok\lombok-1.18.39-4050.jar -XX:+HeapDumpOnOutOfMemoryError -XX:HeapDumpPath=c:\Users\Akanksha.Surve\AppData\Roaming\Antigravity\User\workspaceStorage\c3684e1d2115715f3b0a0c14ab701b21\redhat.java -Daether.dependencyCollector.impl=bf 
java_command: c:\Users\Akanksha.Surve\.antigravity\extensions\redhat.java-1.54.0-win32-x64\server\plugins\org.eclipse.equinox.launcher_1.7.100.v20251111-0406.jar -configuration c:\Users\Akanksha.Surve\AppData\Roaming\Antigravity\User\globalStorage\redhat.java\1.54.0\config_win -data c:\Users\Akanksha.Surve\AppData\Roaming\Antigravity\User\workspaceStorage\c3684e1d2115715f3b0a0c14ab701b21\redhat.java\jdt_ws --pipe=\\.\pipe\lsp-55d484cb2c49e58c47385953e8c03890-sock
java_class_path (initial): c:\Users\Akanksha.Surve\.antigravity\extensions\redhat.java-1.54.0-win32-x64\server\plugins\org.eclipse.equinox.launcher_1.7.100.v20251111-0406.jar
Launcher Type: SUN_STANDARD

[Global flags]
    uintx AdaptiveSizePolicyWeight                 = 90                                        {product} {command line}
     intx CICompilerCount                          = 12                                        {product} {ergonomic}
    uintx GCTimeRatio                              = 4                                         {product} {command line}
     bool HeapDumpOnOutOfMemoryError               = true                                   {manageable} {command line}
    ccstr HeapDumpPath                             = c:\Users\Akanksha.Surve\AppData\Roaming\Antigravity\User\workspaceStorage\c3684e1d2115715f3b0a0c14ab701b21\redhat.java         {manageable} {command line}
   size_t InitialHeapSize                          = 104857600                                 {product} {command line}
   size_t MaxHeapSize                              = 2147483648                                {product} {command line}
   size_t MaxNewSize                               = 715653120                                 {product} {ergonomic}
   size_t MinHeapDeltaBytes                        = 524288                                    {product} {ergonomic}
   size_t MinHeapSize                              = 104857600                                 {product} {command line}
   size_t NewSize                                  = 34603008                                  {product} {ergonomic}
    uintx NonNMethodCodeHeapSize                   = 7602480                                {pd product} {ergonomic}
    uintx NonProfiledCodeHeapSize                  = 122027880                              {pd product} {ergonomic}
   size_t OldSize                                  = 70254592                                  {product} {ergonomic}
    uintx ProfiledCodeHeapSize                     = 122027880                              {pd product} {ergonomic}
    uintx ReservedCodeCacheSize                    = 251658240                              {pd product} {ergonomic}
     bool SegmentedCodeCache                       = true                                      {product} {ergonomic}
   size_t SoftMaxHeapSize                          = 2147483648                             {manageable} {ergonomic}
     bool UseCompressedOops                        = true                           {product lp64_product} {ergonomic}
     bool UseLargePagesIndividualAllocation        = false                                  {pd product} {ergonomic}
     bool UseParallelGC                            = true                                      {product} {command line}

Logging:
Log output configuration:
 #0: stdout all=off uptime,level,tags foldmultilines=false
 #1: stderr all=off uptime,level,tags foldmultilines=false

Release file:
JAVA_VERSION="21.0.10" 
MODULES="java.base java.compiler java.datatransfer java.xml java.prefs java.desktop java.instrument java.logging java.management java.security.sasl java.naming java.rmi java.management.rmi java.net.http java.scripting java.security.jgss java.transaction.xa java.sql java.sql.rowset java.xml.crypto java.se java.smartcardio jdk.accessibility jdk.internal.jvmstat jdk.attach jdk.charsets jdk.internal.opt jdk.zipfs jdk.compiler jdk.crypto.ec jdk.crypto.cryptoki jdk.crypto.mscapi jdk.dynalink jdk.internal.ed jdk.editpad jdk.hotspot.agent jdk.httpserver jdk.internal.le jdk.internal.vm.ci jdk.internal.vm.compiler jdk.internal.vm.compiler.management jdk.jartool jdk.javadoc jdk.jcmd jdk.management jdk.management.agent jdk.jconsole jdk.jdeps jdk.jdwp.agent jdk.jdi jdk.jfr jdk.jshell jdk.jsobject jdk.jstatd jdk.localedata jdk.management.jfr jdk.naming.dns jdk.naming.rmi jdk.net jdk.nio.mapmode jdk.random jdk.sctp jdk.security.auth jdk.security.jgss jdk.unsupported jdk.unsupported.desktop jdk.xml.dom" 

Environment Variables:
PATH=C:\Program Files\Common Files\Oracle\Java\javapath;C:\Program Files (x86)\Common Files\Oracle\Java\javapath;C:\WINDOWS\system32;C:\WINDOWS;C:\WINDOWS\System32\Wbem;C:\WINDOWS\System32\WindowsPowerShell\v1.0\;C:\WINDOWS\System32\OpenSSH\;C:\Program Files\PuTTY\;C:\Program Files\nodejs\;C:\Users\Akanksha.Surve\AppData\Local\Microsoft\WindowsApps;C:\Users\Akanksha.Surve\AppData\Roaming\npm;C:\Users\Akanksha.Surve\AppData\Local\Programs\Git\cmd;C:\Users\Akanksha.Surve\AppData\Local\Programs\Antigravity\bin
USERNAME=Akanksha.Surve
OS=Windows_NT
PROCESSOR_IDENTIFIER=Intel64 Family 6 Model 191 Stepping 2, GenuineIntel
TMP=C:\Users\AKANKS~1.SUR\AppData\Local\Temp
TEMP=C:\Users\AKANKS~1.SUR\AppData\Local\Temp




Periodic native trim disabled

---------------  S Y S T E M  ---------------

OS:
 Windows 11 , 64 bit Build 26100 (10.0.26100.7019)
OS uptime: 2 days 12:09 hours
Hyper-V role detected

CPU: total 16 (initial active 16) (8 cores per cpu, 2 threads per core) family 6 model 191 stepping 2 microcode 0x3a, cx8, cmov, fxsr, ht, mmx, 3dnowpref, sse, sse2, sse3, ssse3, sse4.1, sse4.2, popcnt, lzcnt, tsc, tscinvbit, avx, avx2, aes, erms, clmul, bmi1, bmi2, adx, sha, fma, vzeroupper, clflush, clflushopt, clwb, hv, serialize, rdtscp, rdpid, fsrm, f16c, cet_ibt, cet_ss
Processor Information for the first 16 processors :
  Max Mhz: 2500, Current Mhz: 2500, Mhz Limit: 2500

Memory: 4k page, system-wide physical 32454M (13243M free)
TotalPageFile size 34502M (AvailPageFile size 6652M)
current process WorkingSet (physical memory assigned to process): 530M, peak: 1810M
current process commit charge ("private bytes"): 1784M, peak: 1903M

vm_info: OpenJDK 64-Bit Server VM (21.0.10+7-LTS) for windows-amd64 JRE (21.0.10+7-LTS), built on 2026-01-20T00:00:00Z by "admin" with MS VC++ 17.12 (VS2022)

END.
