#
# A fatal error has been detected by the Java Runtime Environment:
#
#  EXCEPTION_ACCESS_VIOLATION (0xc0000005) at pc=0x00007ff930fb2f77, pid=29320, tid=21412
#
# JRE version: OpenJDK Runtime Environment Temurin-21.0.6+7 (21.0.6+7) (build 21.0.6+7-LTS)
# Java VM: OpenJDK 64-Bit Server VM Temurin-21.0.6+7 (21.0.6+7-LTS, mixed mode, emulated-client, sharing, tiered, compressed oops, compressed class ptrs, g1 gc, windows-amd64)
# Problematic frame:
# V  [jvm.dll+0x682f77]
#
# No core dump will be written. Minidumps are not enabled by default on client versions of Windows
#
# If you would like to submit a bug report, please visit:
#   https://github.com/adoptium/adoptium-support/issues
#

---------------  S U M M A R Y ------------

Command Line: -Dcom.sun.management.jmxremote -Dcom.sun.management.jmxremote.port=51123 -Dcom.sun.management.jmxremote.authenticate=false -Dcom.sun.management.jmxremote.ssl=false -Djava.rmi.server.hostname=localhost -Dspring.jmx.enabled=true -Dmanagement.endpoints.jmx.exposure.include=* -Dspring.application.admin.enabled=true -Dspring.output.ansi.enabled=always -XX:TieredStopAtLevel=1 -Dspring.boot.project.name=maharecruitment-web -Dfile.encoding=UTF-8 -Dstdout.encoding=UTF-8 -Dstderr.encoding=UTF-8 -XX:+ShowCodeDetailsInExceptionMessages com.maharecruitment.gov.in.web.MaharecruitmentParentApplication

Host: Intel(R) Core(TM) i5-14400, 16 cores, 31G,  Windows 11 , 64 bit Build 26100 (10.0.26100.7019)
Time: Wed Apr 22 10:02:17 2026 India Standard Time elapsed time: 1379.629603 seconds (0d 0h 22m 59s)

---------------  T H R E A D  ---------------

Current thread (0x000002c8ff269940):  WorkerThread "GC Thread#12"   [id=21412, stack(0x000000f26b000000,0x000000f26b100000) (1024K)]

Stack: [0x000000f26b000000,0x000000f26b100000],  sp=0x000000f26b0ff620,  free space=1021k
Native frames: (J=compiled Java code, j=interpreted, Vv=VM code, C=native code)
V  [jvm.dll+0x682f77]
V  [jvm.dll+0x3bf97d]
V  [jvm.dll+0x6db0c2]
V  [jvm.dll+0x359262]
V  [jvm.dll+0x8d62a7]
V  [jvm.dll+0x851f8b]
V  [jvm.dll+0x6cc5ed]
C  [ucrtbase.dll+0x37b0]
C  [KERNEL32.DLL+0x2e8d7]
C  [ntdll.dll+0x8c53c]


siginfo: EXCEPTION_ACCESS_VIOLATION (0xc0000005), reading address 0x0000000000010100


Registers:
RAX=0x0000000000000070, RBX=0x000002c8ff2efc40, RCX=0x0000000000010000, RDX=0x0000000000000000
RSP=0x000000f26b0ff620, RBP=0x0000000000000003, RSI=0x0000000000010000, RDI=0x0000000000010000
R8 =0x0000000000000004, R9 =0x000002c8eecdebc0, R10=0x000002c8eecdeb7e, R11=0x000000f26b0ff6e0
R12=0x0000000000000030, R13=0x0000000000000000, R14=0x0000000000000000, R15=0x00000000000003d8
RIP=0x00007ff930fb2f77, EFLAGS=0x0000000000010202

XMM[0]=0x000002c8ff269900 0x0000000000000001
XMM[1]=0x000002c8e7ad0b10 0x0000000000000000
XMM[2]=0x0000000000000000 0x0000000000000000
XMM[3]=0x0000000000000000 0x0000000000000000
XMM[4]=0x0000000000000000 0x0000000000000000
XMM[5]=0x0000000000000000 0x0000000000000000
XMM[6]=0x0000000000000000 0x0000000000000000
XMM[7]=0x0000000000000000 0x0000000000000000
XMM[8]=0x0000000000000000 0x0000000000000000
XMM[9]=0x0000000000000000 0x0000000000000000
XMM[10]=0x0000000000000000 0x0000000000000000
XMM[11]=0x0000000000000000 0x0000000000000000
XMM[12]=0x0000000000000000 0x0000000000000000
XMM[13]=0x0000000000000000 0x0000000000000000
XMM[14]=0x0000000000000000 0x0000000000000000
XMM[15]=0x0000000000000000 0x0000000000000000
  MXCSR=0x00001fa0


Register to memory mapping:

RAX=0x0000000000000070 is an unknown value
RBX=0x000002c8ff2efc40 points into unknown readable memory: 0x0000000000000000 | 00 00 00 00 00 00 00 00
RCX=0x0000000000010000 is an unknown value
RDX=0x0 is null
RSP=0x000000f26b0ff620 points into unknown readable memory: 0x000002c8e7ad0b10 | 10 0b ad e7 c8 02 00 00
RBP=0x0000000000000003 is an unknown value
RSI=0x0000000000010000 is an unknown value
RDI=0x0000000000010000 is an unknown value
R8 =0x0000000000000004 is an unknown value
R9 =0x000002c8eecdebc0 is at entry_point+32 in (nmethod*)0x000002c8eecde910
Compiled method (c1) 1379659 17128   !   1       org.hibernate.resource.jdbc.internal.ResourceRegistryStandardImpl::release (138 bytes)
 total in heap  [0x000002c8eecde910,0x000002c8eecdf738] = 3624
 relocation     [0x000002c8eecdea70,0x000002c8eecdeb88] = 280
 main code      [0x000002c8eecdeba0,0x000002c8eecdf1d8] = 1592
 stub code      [0x000002c8eecdf1d8,0x000002c8eecdf2d0] = 248
 oops           [0x000002c8eecdf2d0,0x000002c8eecdf308] = 56
 metadata       [0x000002c8eecdf308,0x000002c8eecdf360] = 88
 scopes data    [0x000002c8eecdf360,0x000002c8eecdf4c0] = 352
 scopes pcs     [0x000002c8eecdf4c0,0x000002c8eecdf670] = 432
 dependencies   [0x000002c8eecdf670,0x000002c8eecdf688] = 24
 handler table  [0x000002c8eecdf688,0x000002c8eecdf6e8] = 96
 nul chk table  [0x000002c8eecdf6e8,0x000002c8eecdf738] = 80
R10=0x000002c8eecdeb7e is at entry_point+-34 in (nmethod*)0x000002c8eecde910
Compiled method (c1) 1379659 17128   !   1       org.hibernate.resource.jdbc.internal.ResourceRegistryStandardImpl::release (138 bytes)
 total in heap  [0x000002c8eecde910,0x000002c8eecdf738] = 3624
 relocation     [0x000002c8eecdea70,0x000002c8eecdeb88] = 280
 main code      [0x000002c8eecdeba0,0x000002c8eecdf1d8] = 1592
 stub code      [0x000002c8eecdf1d8,0x000002c8eecdf2d0] = 248
 oops           [0x000002c8eecdf2d0,0x000002c8eecdf308] = 56
 metadata       [0x000002c8eecdf308,0x000002c8eecdf360] = 88
 scopes data    [0x000002c8eecdf360,0x000002c8eecdf4c0] = 352
 scopes pcs     [0x000002c8eecdf4c0,0x000002c8eecdf670] = 432
 dependencies   [0x000002c8eecdf670,0x000002c8eecdf688] = 24
 handler table  [0x000002c8eecdf688,0x000002c8eecdf6e8] = 96
 nul chk table  [0x000002c8eecdf6e8,0x000002c8eecdf738] = 80
R11=0x000000f26b0ff6e0 points into unknown readable memory: 0x000000f268dff210 | 10 f2 df 68 f2 00 00 00
R12=0x0000000000000030 is an unknown value
R13=0x0 is null
R14=0x0 is null
R15=0x00000000000003d8 is an unknown value

Top of Stack: (sp=0x000000f26b0ff620)
0x000000f26b0ff620:   000002c8e7ad0b10 0000000000000001
0x000000f26b0ff630:   000002c8ff269900 000000f268dff1f0
0x000000f26b0ff640:   0000000000000001 00007ff930b51663
0x000000f26b0ff650:   00000000000003d8 0000000000000018
0x000000f26b0ff660:   0000000000000000 0000000000000030
0x000000f26b0ff670:   0000000000010000 00007ff930cef97d
0x000000f26b0ff680:   000002c8eecd2690 0000000000000000
0x000000f26b0ff690:   0000000000000003 000002c881473978
0x000000f26b0ff6a0:   000002c8feed7a38 0000000000000000
0x000000f26b0ff6b0:   000002c8ff397610 000002c8feed7650
0x000000f26b0ff6c0:   000002c8feed7660 00007ff93100b0c2
0x000000f26b0ff6d0:   00007c4a9c4f4e6f 0000000000000001
0x000000f26b0ff6e0:   000000f268dff210 000002c8ff3c8800
0x000000f26b0ff6f0:   0000000000000070 000002c8ff3c8800
0x000000f26b0ff700:   0000000000000004 00007ff930c89262
0x000000f26b0ff710:   000000f268dff1d0 000002c8ff269940
0x000000f26b0ff720:   0000000000000004 0000000000000004
0x000000f26b0ff730:   000002c8ff2efc40 00007ff9312062a7
0x000000f26b0ff740:   000002c8ea03c3a8 000002c8ff269940
0x000000f26b0ff750:   0000000000000004 000002c8ff2efc40
0x000000f26b0ff760:   0000000000000000 000002c8ff269940
0x000000f26b0ff770:   0000000000000000 0000000000100000
0x000000f26b0ff780:   0000000000000000 00007ff931181f8b
0x000000f26b0ff790:   000000f26b000000 00000000ffffffff
0x000000f26b0ff7a0:   0000000000000000 0000000000000000
0x000000f26b0ff7b0:   0000000000000004 0000000000001000
0x000000f26b0ff7c0:   0000000400001000 0000000000020000
0x000000f26b0ff7d0:   0000000000000000 00007ff99a13c91b
0x000000f26b0ff7e0:   000002c8ff269940 0000000000000000
0x000000f26b0ff7f0:   0000000000000000 00007ff999bc74bf
0x000000f26b0ff800:   0000000000000000 00007ff930ffc5ed
0x000000f26b0ff810:   0000000000000000 000002c8ff269940 

Instructions: (pc=0x00007ff930fb2f77)
0x00007ff930fb2e77:   52 2c 00 48 8b 7c 24 50 4c 8b 64 24 58 48 8b 5c
0x00007ff930fb2e87:   24 60 48 8b 6c 24 68 48 83 c4 30 41 5f 41 5e 5e
0x00007ff930fb2e97:   c3 48 8b cb e8 b0 58 ac ff 0f b6 c0 4c 8d 0d 6e
0x00007ff930fb2ea7:   56 3f 00 41 b8 73 05 00 00 89 44 24 20 48 8d 15
0x00007ff930fb2eb7:   75 56 3f 00 b9 00 00 00 e0 e8 bb c5 bf ff cc 48
0x00007ff930fb2ec7:   8b cb e8 82 58 ac ff 0f b6 c0 4c 8d 0d 40 56 3f
0x00007ff930fb2ed7:   00 41 b8 f1 06 00 00 89 44 24 20 48 8d 15 47 56
0x00007ff930fb2ee7:   3f 00 b9 00 00 00 e0 e8 8d c5 bf ff cc 48 8b cb
0x00007ff930fb2ef7:   e8 54 58 ac ff 0f b6 c0 4c 8d 0d 12 56 3f 00 41
0x00007ff930fb2f07:   b8 73 05 00 00 89 44 24 20 48 8d 15 19 56 3f 00
0x00007ff930fb2f17:   b9 00 00 00 e0 e8 5f c5 bf ff cc cc cc cc cc cc
0x00007ff930fb2f27:   cc cc cc cc cc cc cc cc cc 48 89 5c 24 10 48 89
0x00007ff930fb2f37:   6c 24 18 48 89 74 24 20 57 41 54 41 55 41 56 41
0x00007ff930fb2f47:   57 48 83 ec 30 65 48 8b 04 25 58 00 00 00 44 0f
0x00007ff930fb2f57:   b6 f2 44 8b 05 88 b2 65 00 48 8b f1 4a 8b 1c c0
0x00007ff930fb2f67:   b8 70 00 00 00 80 3c 18 00 75 05 e8 39 40 2c 00
0x00007ff930fb2f77:   83 be 00 01 00 00 00 b8 20 00 00 00 48 8b 04 18
0x00007ff930fb2f87:   48 8b a8 18 03 00 00 48 8b 7d 28 4c 8b 7d 10 4c
0x00007ff930fb2f97:   8b 65 18 4c 8b 6d 20 48 89 7c 24 60 7e 65 48 8d
0x00007ff930fb2fa7:   8e 08 01 00 00 e8 7f 0d 00 00 48 8b f8 48 85 c0
0x00007ff930fb2fb7:   74 4c 0f 1f 80 00 00 00 00 48 8b 07 41 0f b6 d6
0x00007ff930fb2fc7:   48 8b cf ff 90 80 00 00 00 8b 5f 08 48 8b cf 48
0x00007ff930fb2fd7:   8b 07 2b de ff 10 8d 48 e0 8d 0c cb 3b 8e 00 01
0x00007ff930fb2fe7:   00 00 7d 1a 48 63 c9 48 81 c1 08 01 00 00 48 03
0x00007ff930fb2ff7:   ce e8 33 0d 00 00 48 8b f8 48 85 c0 75 bb 48 8b
0x00007ff930fb3007:   7c 24 60 48 63 86 04 01 00 00 83 f8 fe 74 35 48
0x00007ff930fb3017:   8d 88 08 01 00 00 48 03 ce e8 0b 0d 00 00 48 8b
0x00007ff930fb3027:   c8 48 8b d8 48 8b 10 ff 52 68 33 c9 84 c0 48 0f
0x00007ff930fb3037:   45 cb 48 85 c9 74 0d 48 8b 01 41 0f b6 d6 ff 90
0x00007ff930fb3047:   80 00 00 00 48 8d 05 ee 58 3f 00 44 88 74 24 28
0x00007ff930fb3057:   48 8d 54 24 20 48 89 44 24 20 48 8b ce e8 87 fc
0x00007ff930fb3067:   ff ff 49 83 3f 00 74 13 48 8b d7 48 8b cd e8 c6 


Stack slot to memory mapping:

stack at sp + 0 slots: 0x000002c8e7ad0b10 points into unknown readable memory: 0x0000000300000001 | 01 00 00 00 03 00 00 00
stack at sp + 1 slots: 0x0000000000000001 is an unknown value
stack at sp + 2 slots: 0x000002c8ff269900 points into unknown readable memory: 0x260025001f000000 | 00 00 00 1f 00 25 00 26
stack at sp + 3 slots: 0x000000f268dff1f0 points into unknown readable memory: 0x0000000a00000301 | 01 03 00 00 0a 00 00 00
stack at sp + 4 slots: 0x0000000000000001 is an unknown value
stack at sp + 5 slots: 0x00007ff930b51663 jvm.dll
stack at sp + 6 slots: 0x00000000000003d8 is an unknown value
stack at sp + 7 slots: 0x0000000000000018 is an unknown value


---------------  P R O C E S S  ---------------

Threads class SMR info:
_java_thread_list=0x000002c8cc599d30, length=40, elements={
0x000002c8fb116ec0, 0x000002c8fb123be0, 0x000002c8fb124bf0, 0x000002c8fb125640,
0x000002c8fb1271d0, 0x000002c8fb12b250, 0x000002c8fb135df0, 0x000002c8fe0d26b0,
0x000002c8fe12ed50, 0x000002c8fe878b70, 0x000002c8fe88da10, 0x000002c8fe895760,
0x000002c8fefd1d90, 0x000002c8fefd2ad0, 0x000002c8feffa130, 0x000002c8ff12d4a0,
0x000002c8ff12c780, 0x000002c8ff12ce10, 0x000002c8ff12db30, 0x000002c8ff12a6b0,
0x000002c8ff12ad40, 0x000002c8cc4d4320, 0x000002c8cc4d1bc0, 0x000002c8cc4d2f70,
0x000002c8cc4d2250, 0x000002c8cc4d28e0, 0x000002c8cc4d49b0, 0x000002c8cc4d3600,
0x000002c8cc4d3c90, 0x000002c8cc4d5040, 0x000002c8cc89d140, 0x000002c8cc89bd90,
0x000002c8cc89cab0, 0x000002c8cc89b070, 0x000002c8cc89eb80, 0x000002c8cc89c420,
0x000002c8cc89d7d0, 0x000002c8cc89de60, 0x000002c8cc89e4f0, 0x000002c8cc89b700
}

Java Threads: ( => current thread )
  0x000002c8fb116ec0 JavaThread "Reference Handler"          daemon [_thread_blocked, id=22472, stack(0x000000f268e00000,0x000000f268f00000) (1024K)]
  0x000002c8fb123be0 JavaThread "Finalizer"                  daemon [_thread_blocked, id=12752, stack(0x000000f268f00000,0x000000f269000000) (1024K)]
  0x000002c8fb124bf0 JavaThread "Signal Dispatcher"          daemon [_thread_blocked, id=19328, stack(0x000000f269000000,0x000000f269100000) (1024K)]
  0x000002c8fb125640 JavaThread "Attach Listener"            daemon [_thread_blocked, id=11720, stack(0x000000f269100000,0x000000f269200000) (1024K)]
  0x000002c8fb1271d0 JavaThread "Service Thread"             daemon [_thread_blocked, id=28120, stack(0x000000f269200000,0x000000f269300000) (1024K)]
  0x000002c8fb12b250 JavaThread "Monitor Deflation Thread"   daemon [_thread_blocked, id=25584, stack(0x000000f269300000,0x000000f269400000) (1024K)]
  0x000002c8fb135df0 JavaThread "C1 CompilerThread0"         daemon [_thread_blocked, id=14900, stack(0x000000f269400000,0x000000f269500000) (1024K)]
  0x000002c8fe0d26b0 JavaThread "Common-Cleaner"             daemon [_thread_blocked, id=24640, stack(0x000000f269600000,0x000000f269700000) (1024K)]
  0x000002c8fe12ed50 JavaThread "Notification Thread"        daemon [_thread_blocked, id=19200, stack(0x000000f269900000,0x000000f269a00000) (1024K)]
  0x000002c8fe878b70 JavaThread "RMI TCP Accept-0"           daemon [_thread_in_native, id=14872, stack(0x000000f269a00000,0x000000f269b00000) (1024K)]
  0x000002c8fe88da10 JavaThread "RMI TCP Accept-51123"       daemon [_thread_in_native, id=20696, stack(0x000000f269b00000,0x000000f269c00000) (1024K)]
  0x000002c8fe895760 JavaThread "RMI TCP Accept-0"           daemon [_thread_in_native, id=27108, stack(0x000000f269c00000,0x000000f269d00000) (1024K)]
  0x000002c8fefd1d90 JavaThread "RMI Scheduler(0)"           daemon [_thread_blocked, id=16596, stack(0x000000f26a900000,0x000000f26aa00000) (1024K)]
  0x000002c8fefd2ad0 JavaThread "RMI TCP Connection(idle)"   daemon [_thread_blocked, id=28752, stack(0x000000f26aa00000,0x000000f26ab00000) (1024K)]
  0x000002c8feffa130 JavaThread "JMX server connection timeout 47" daemon [_thread_blocked, id=23472, stack(0x000000f26ab00000,0x000000f26ac00000) (1024K)]
  0x000002c8ff12d4a0 JavaThread "logback-1"                  daemon [_thread_blocked, id=22292, stack(0x000000f26ae00000,0x000000f26af00000) (1024K)]
  0x000002c8ff12c780 JavaThread "Catalina-utility-1"                [_thread_blocked, id=29620, stack(0x000000f26b300000,0x000000f26b400000) (1024K)]
  0x000002c8ff12ce10 JavaThread "Catalina-utility-2"                [_thread_blocked, id=17988, stack(0x000000f26b400000,0x000000f26b500000) (1024K)]
  0x000002c8ff12db30 JavaThread "container-0"                       [_thread_blocked, id=16700, stack(0x000000f26b500000,0x000000f26b600000) (1024K)]
  0x000002c8ff12a6b0 JavaThread "Cleaner-0"                  daemon [_thread_blocked, id=25924, stack(0x000000f26b700000,0x000000f26b800000) (1024K)]
  0x000002c8ff12ad40 JavaThread "HikariPool-1:housekeeper"   daemon [_thread_blocked, id=26472, stack(0x000000f26b800000,0x000000f26b900000) (1024K)]
  0x000002c8cc4d4320 JavaThread "HttpClient-1-SelectorManager" daemon [_thread_in_native, id=23828, stack(0x000000f26be00000,0x000000f26bf00000) (1024K)]
  0x000002c8cc4d1bc0 JavaThread "File Watcher"               daemon [_thread_blocked, id=29496, stack(0x000000f26bf00000,0x000000f26c000000) (1024K)]
  0x000002c8cc4d2f70 JavaThread "http-nio-8777-exec-1"       daemon [_thread_blocked, id=25224, stack(0x000000f26c000000,0x000000f26c100000) (1024K)]
  0x000002c8cc4d2250 JavaThread "http-nio-8777-exec-2"       daemon [_thread_blocked, id=13508, stack(0x000000f26c100000,0x000000f26c200000) (1024K)]
  0x000002c8cc4d28e0 JavaThread "http-nio-8777-exec-3"       daemon [_thread_blocked, id=27984, stack(0x000000f26c200000,0x000000f26c300000) (1024K)]
  0x000002c8cc4d49b0 JavaThread "http-nio-8777-exec-4"       daemon [_thread_blocked, id=23608, stack(0x000000f26c300000,0x000000f26c400000) (1024K)]
  0x000002c8cc4d3600 JavaThread "http-nio-8777-exec-5"       daemon [_thread_blocked, id=29140, stack(0x000000f26c400000,0x000000f26c500000) (1024K)]
  0x000002c8cc4d3c90 JavaThread "http-nio-8777-exec-6"       daemon [_thread_blocked, id=21152, stack(0x000000f26c500000,0x000000f26c600000) (1024K)]
  0x000002c8cc4d5040 JavaThread "http-nio-8777-exec-7"       daemon [_thread_blocked, id=20080, stack(0x000000f26c600000,0x000000f26c700000) (1024K)]
  0x000002c8cc89d140 JavaThread "http-nio-8777-exec-8"       daemon [_thread_blocked, id=24460, stack(0x000000f26c700000,0x000000f26c800000) (1024K)]
  0x000002c8cc89bd90 JavaThread "http-nio-8777-exec-9"       daemon [_thread_blocked, id=28976, stack(0x000000f26c800000,0x000000f26c900000) (1024K)]
  0x000002c8cc89cab0 JavaThread "http-nio-8777-exec-10"      daemon [_thread_blocked, id=26532, stack(0x000000f26c900000,0x000000f26ca00000) (1024K)]
  0x000002c8cc89b070 JavaThread "http-nio-8777-Poller"       daemon [_thread_in_native, id=28912, stack(0x000000f26ca00000,0x000000f26cb00000) (1024K)]
  0x000002c8cc89eb80 JavaThread "http-nio-8777-Acceptor"     daemon [_thread_in_native, id=25696, stack(0x000000f26cb00000,0x000000f26cc00000) (1024K)]
  0x000002c8cc89c420 JavaThread "scheduling-1"                      [_thread_blocked, id=18136, stack(0x000000f26cc00000,0x000000f26cd00000) (1024K)]
  0x000002c8cc89d7d0 JavaThread "DestroyJavaVM"                     [_thread_blocked, id=28288, stack(0x000000f268600000,0x000000f268700000) (1024K)]
  0x000002c8cc89de60 JavaThread "logback-2"                  daemon [_thread_blocked, id=13940, stack(0x000000f269800000,0x000000f269900000) (1024K)]
  0x000002c8cc89e4f0 JavaThread "logback-3"                  daemon [_thread_blocked, id=18896, stack(0x000000f268300000,0x000000f268400000) (1024K)]
  0x000002c8cc89b700 JavaThread "logback-4"                  daemon [_thread_blocked, id=24344, stack(0x000000f268400000,0x000000f268500000) (1024K)]
Total: 40

Other Threads:
  0x000002c8fb0ff250 VMThread "VM Thread"                           [id=27076, stack(0x000000f268d00000,0x000000f268e00000) (1024K)]
  0x000002c8fb0eda90 WatcherThread "VM Periodic Task Thread"        [id=28556, stack(0x000000f268c00000,0x000000f268d00000) (1024K)]
  0x000002c8ea0cad70 WorkerThread "GC Thread#0"                     [id=17432, stack(0x000000f268700000,0x000000f268800000) (1024K)]
  0x000002c8fee8a700 WorkerThread "GC Thread#1"                     [id=18312, stack(0x000000f269d00000,0x000000f269e00000) (1024K)]
  0x000002c8feb39c10 WorkerThread "GC Thread#2"                     [id=26628, stack(0x000000f269e00000,0x000000f269f00000) (1024K)]
  0x000002c8feb3a3b0 WorkerThread "GC Thread#3"                     [id=19476, stack(0x000000f269f00000,0x000000f26a000000) (1024K)]
  0x000002c8feb3a750 WorkerThread "GC Thread#4"                     [id=18496, stack(0x000000f26a000000,0x000000f26a100000) (1024K)]
  0x000002c8feb3aaf0 WorkerThread "GC Thread#5"                     [id=13860, stack(0x000000f26a100000,0x000000f26a200000) (1024K)]
  0x000002c8feb3d230 WorkerThread "GC Thread#6"                     [id=18504, stack(0x000000f26a200000,0x000000f26a300000) (1024K)]
  0x000002c8feb3d5d0 WorkerThread "GC Thread#7"                     [id=27400, stack(0x000000f26a300000,0x000000f26a400000) (1024K)]
  0x000002c8feb3d970 WorkerThread "GC Thread#8"                     [id=26048, stack(0x000000f26a400000,0x000000f26a500000) (1024K)]
  0x000002c8feb3dd10 WorkerThread "GC Thread#9"                     [id=27644, stack(0x000000f26a500000,0x000000f26a600000) (1024K)]
  0x000002c8feb3e0b0 WorkerThread "GC Thread#10"                    [id=25188, stack(0x000000f26a600000,0x000000f26a700000) (1024K)]
  0x000002c8feb3e450 WorkerThread "GC Thread#11"                    [id=16088, stack(0x000000f26a700000,0x000000f26a800000) (1024K)]
=>0x000002c8ff269940 WorkerThread "GC Thread#12"                    [id=21412, stack(0x000000f26b000000,0x000000f26b100000) (1024K)]
  0x000002c8ea0cc3d0 ConcurrentGCThread "G1 Main Marker"            [id=28788, stack(0x000000f268800000,0x000000f268900000) (1024K)]
  0x000002c8ea0cdb90 WorkerThread "G1 Conc#0"                       [id=17792, stack(0x000000f268900000,0x000000f268a00000) (1024K)]
  0x000002c8ff2695a0 WorkerThread "G1 Conc#1"                       [id=23200, stack(0x000000f26b100000,0x000000f26b200000) (1024K)]
  0x000002c8ff269ce0 WorkerThread "G1 Conc#2"                       [id=28636, stack(0x000000f26b200000,0x000000f26b300000) (1024K)]
  0x000002c8fb0353f0 ConcurrentGCThread "G1 Refine#0"               [id=20180, stack(0x000000f268a00000,0x000000f268b00000) (1024K)]
  0x000002c8fb035d10 ConcurrentGCThread "G1 Service"                [id=25776, stack(0x000000f268b00000,0x000000f268c00000) (1024K)]
Total: 21

Threads with active compile tasks:
Total: 0

VM state: at safepoint (normal execution)

VM Mutex/Monitor currently owned by a thread:  ([mutex/lock_event])
[0x00007ff9315de380] Threads_lock - owner thread: 0x000002c8fb0ff250
[0x00007ff9315de480] Heap_lock - owner thread: 0x000002c8ea0cc3d0

Heap address: 0x0000000604c00000, size: 8116 MB, Compressed Oops mode: Zero based, Oop shift amount: 3

CDS archive(s) mapped at: [0x000002c880000000-0x000002c880c80000-0x000002c880c80000), size 13107200, SharedBaseAddress: 0x000002c880000000, ArchiveRelocationMode: 1.
Compressed class space mapped at: 0x000002c881000000-0x000002c8c1000000, reserved size: 1073741824
Narrow klass base: 0x000002c880000000, Narrow klass shift: 0, Narrow klass range: 0x100000000

GC Precious Log:
 CardTable entry size: 512
 Card Set container configuration: InlinePtr #cards 4 size 8 Array Of Cards #cards 32 size 80 Howl #buckets 8 coarsen threshold 7372 Howl Bitmap #cards 1024 size 144 coarsen threshold 921 Card regions per heap region 1 cards per card region 8192
 CPUs: 16 total, 16 available
 Memory: 32454M
 Large Page Support: Disabled
 NUMA Support: Disabled
 Compressed Oops: Enabled (Zero based)
 Heap Region Size: 4M
 Heap Min Capacity: 8M
 Heap Initial Capacity: 508M
 Heap Max Capacity: 8116M
 Pre-touch: Disabled
 Parallel Workers: 13
 Concurrent Workers: 3
 Concurrent Refinement Workers: 13
 Periodic GC: Disabled

Heap:
 garbage-first heap   total 217088K, used 84152K [0x0000000604c00000, 0x0000000800000000)
  region size 4096K, 3 young (12288K), 2 survivors (8192K)
 Metaspace       used 111985K, committed 113152K, reserved 1179648K
  class space    used 15823K, committed 16320K, reserved 1048576K

Heap Regions: E=young(eden), S=young(survivor), O=old, HS=humongous(starts), HC=humongous(continues), CS=collection set, F=free, TAMS=top-at-mark-start, PB=parsable bottom
|   0|0x0000000604c00000, 0x0000000605000000, 0x0000000605000000|100%| O|  |TAMS 0x0000000605000000| PB 0x0000000604c00000| Untracked 
|   1|0x0000000605000000, 0x0000000605400000, 0x0000000605400000|100%| O|  |TAMS 0x0000000605400000| PB 0x0000000605000000| Untracked 
|   2|0x0000000605400000, 0x0000000605800000, 0x0000000605800000|100%| O|  |TAMS 0x0000000605800000| PB 0x0000000605400000| Untracked 
|   3|0x0000000605800000, 0x0000000605c00000, 0x0000000605c00000|100%| O|  |TAMS 0x0000000605c00000| PB 0x0000000605800000| Untracked 
|   4|0x0000000605c00000, 0x0000000606000000, 0x0000000606000000|100%| O|  |TAMS 0x0000000606000000| PB 0x0000000605c00000| Untracked 
|   5|0x0000000606000000, 0x0000000606400000, 0x0000000606400000|100%| O|  |TAMS 0x0000000606400000| PB 0x0000000606000000| Untracked 
|   6|0x0000000606400000, 0x0000000606400000, 0x0000000606800000|  0%| F|  |TAMS 0x0000000606400000| PB 0x0000000606400000| Untracked 
|   7|0x0000000606800000, 0x0000000606c00000, 0x0000000606c00000|100%| O|  |TAMS 0x0000000606c00000| PB 0x0000000606800000| Untracked 
|   8|0x0000000606c00000, 0x0000000607000000, 0x0000000607000000|100%| O|  |TAMS 0x0000000607000000| PB 0x0000000606c00000| Untracked 
|   9|0x0000000607000000, 0x0000000607400000, 0x0000000607400000|100%| O|  |TAMS 0x0000000607400000| PB 0x0000000607000000| Untracked 
|  10|0x0000000607400000, 0x0000000607800000, 0x0000000607800000|100%| O|  |TAMS 0x0000000607800000| PB 0x0000000607400000| Untracked 
|  11|0x0000000607800000, 0x000000060789e1a0, 0x0000000607c00000| 15%| O|  |TAMS 0x0000000607885000| PB 0x0000000607800000| Untracked 
|  12|0x0000000607c00000, 0x0000000608000000, 0x0000000608000000|100%| O|  |TAMS 0x0000000608000000| PB 0x0000000607c00000| Untracked 
|  13|0x0000000608000000, 0x0000000608400000, 0x0000000608400000|100%| O|  |TAMS 0x0000000608400000| PB 0x0000000608000000| Untracked 
|  14|0x0000000608400000, 0x0000000608800000, 0x0000000608800000|100%| O|  |TAMS 0x0000000608800000| PB 0x0000000608400000| Untracked 
|  15|0x0000000608800000, 0x0000000608c00000, 0x0000000608c00000|100%| O|  |TAMS 0x0000000608c00000| PB 0x0000000608800000| Untracked 
|  16|0x0000000608c00000, 0x0000000609000000, 0x0000000609000000|100%| O|  |TAMS 0x0000000609000000| PB 0x0000000608c00000| Untracked 
|  17|0x0000000609000000, 0x0000000609400000, 0x0000000609400000|100%| O|  |TAMS 0x0000000609400000| PB 0x0000000609000000| Untracked 
|  18|0x0000000609400000, 0x0000000609800000, 0x0000000609800000|100%| O|  |TAMS 0x0000000609800000| PB 0x0000000609400000| Untracked 
|  19|0x0000000609800000, 0x0000000609800000, 0x0000000609c00000|  0%| F|  |TAMS 0x0000000609800000| PB 0x0000000609800000| Untracked 
|  20|0x0000000609c00000, 0x000000060a000000, 0x000000060a000000|100%| O|  |TAMS 0x000000060a000000| PB 0x0000000609c00000| Untracked 
|  21|0x000000060a000000, 0x000000060a400000, 0x000000060a400000|100%| O|  |TAMS 0x000000060a400000| PB 0x000000060a000000| Untracked 
|  22|0x000000060a400000, 0x000000060a400000, 0x000000060a800000|  0%| F|  |TAMS 0x000000060a400000| PB 0x000000060a400000| Untracked 
|  23|0x000000060a800000, 0x000000060a800000, 0x000000060ac00000|  0%| F|  |TAMS 0x000000060a800000| PB 0x000000060a800000| Untracked 
|  24|0x000000060ac00000, 0x000000060ad90080, 0x000000060b000000| 39%| S|CS|TAMS 0x000000060ac00000| PB 0x000000060ac00000| Complete 
|  25|0x000000060b000000, 0x000000060b400000, 0x000000060b400000|100%| S|CS|TAMS 0x000000060b000000| PB 0x000000060b000000| Complete 
|  26|0x000000060b400000, 0x000000060b400000, 0x000000060b800000|  0%| F|  |TAMS 0x000000060b400000| PB 0x000000060b400000| Untracked 
|  27|0x000000060b800000, 0x000000060b800000, 0x000000060bc00000|  0%| F|  |TAMS 0x000000060b800000| PB 0x000000060b800000| Untracked 
|  28|0x000000060bc00000, 0x000000060bc00000, 0x000000060c000000|  0%| F|  |TAMS 0x000000060bc00000| PB 0x000000060bc00000| Untracked 
|  29|0x000000060c000000, 0x000000060c000000, 0x000000060c400000|  0%| F|  |TAMS 0x000000060c000000| PB 0x000000060c000000| Untracked 
|  30|0x000000060c400000, 0x000000060c400000, 0x000000060c800000|  0%| F|  |TAMS 0x000000060c400000| PB 0x000000060c400000| Untracked 
|  31|0x000000060c800000, 0x000000060c800000, 0x000000060cc00000|  0%| F|  |TAMS 0x000000060c800000| PB 0x000000060c800000| Untracked 
|  32|0x000000060cc00000, 0x000000060cc00000, 0x000000060d000000|  0%| F|  |TAMS 0x000000060cc00000| PB 0x000000060cc00000| Untracked 
|  33|0x000000060d000000, 0x000000060d000000, 0x000000060d400000|  0%| F|  |TAMS 0x000000060d000000| PB 0x000000060d000000| Untracked 
|  34|0x000000060d400000, 0x000000060d400000, 0x000000060d800000|  0%| F|  |TAMS 0x000000060d400000| PB 0x000000060d400000| Untracked 
|  35|0x000000060d800000, 0x000000060d800000, 0x000000060dc00000|  0%| F|  |TAMS 0x000000060d800000| PB 0x000000060d800000| Untracked 
|  36|0x000000060dc00000, 0x000000060dc00000, 0x000000060e000000|  0%| F|  |TAMS 0x000000060dc00000| PB 0x000000060dc00000| Untracked 
|  37|0x000000060e000000, 0x000000060e000000, 0x000000060e400000|  0%| F|  |TAMS 0x000000060e000000| PB 0x000000060e000000| Untracked 
|  38|0x000000060e400000, 0x000000060e400000, 0x000000060e800000|  0%| F|  |TAMS 0x000000060e400000| PB 0x000000060e400000| Untracked 
|  39|0x000000060e800000, 0x000000060e800000, 0x000000060ec00000|  0%| F|  |TAMS 0x000000060e800000| PB 0x000000060e800000| Untracked 
|  40|0x000000060ec00000, 0x000000060ec00000, 0x000000060f000000|  0%| F|  |TAMS 0x000000060ec00000| PB 0x000000060ec00000| Untracked 
|  41|0x000000060f000000, 0x000000060f000000, 0x000000060f400000|  0%| F|  |TAMS 0x000000060f000000| PB 0x000000060f000000| Untracked 
|  42|0x000000060f400000, 0x000000060f400000, 0x000000060f800000|  0%| F|  |TAMS 0x000000060f400000| PB 0x000000060f400000| Untracked 
|  43|0x000000060f800000, 0x000000060f800000, 0x000000060fc00000|  0%| F|  |TAMS 0x000000060f800000| PB 0x000000060f800000| Untracked 
|  44|0x000000060fc00000, 0x000000060fc00000, 0x0000000610000000|  0%| F|  |TAMS 0x000000060fc00000| PB 0x000000060fc00000| Untracked 
|  45|0x0000000610000000, 0x0000000610000000, 0x0000000610400000|  0%| F|  |TAMS 0x0000000610000000| PB 0x0000000610000000| Untracked 
|  46|0x0000000610400000, 0x0000000610400000, 0x0000000610800000|  0%| F|  |TAMS 0x0000000610400000| PB 0x0000000610400000| Untracked 
|  47|0x0000000610800000, 0x0000000610800000, 0x0000000610c00000|  0%| F|  |TAMS 0x0000000610800000| PB 0x0000000610800000| Untracked 
|  48|0x0000000610c00000, 0x0000000610c00000, 0x0000000611000000|  0%| F|  |TAMS 0x0000000610c00000| PB 0x0000000610c00000| Untracked 
|  49|0x0000000611000000, 0x0000000611000000, 0x0000000611400000|  0%| F|  |TAMS 0x0000000611000000| PB 0x0000000611000000| Untracked 
|  50|0x0000000611400000, 0x0000000611400000, 0x0000000611800000|  0%| F|  |TAMS 0x0000000611400000| PB 0x0000000611400000| Untracked 
|  51|0x0000000611800000, 0x0000000611800000, 0x0000000611c00000|  0%| F|  |TAMS 0x0000000611800000| PB 0x0000000611800000| Untracked 
| 126|0x0000000624400000, 0x00000006245e07e8, 0x0000000624800000| 46%| E|  |TAMS 0x0000000624400000| PB 0x0000000624400000| Complete 

Card table byte_map: [0x000002c8f1fe0000,0x000002c8f2fc0000] _byte_map_base: 0x000002c8eefba000

Marking Bits: (CMBitMap*) 0x000002c8ea0cb380
 Bits: [0x000002c8f2fc0000, 0x000002c8fae90000)

Polling page: 0x000002c8e7df0000

Metaspace:

Usage:
  Non-class:     93.91 MB used.
      Class:     15.45 MB used.
       Both:    109.36 MB used.

Virtual space:
  Non-class space:      128.00 MB reserved,      94.56 MB ( 74%) committed,  2 nodes.
      Class space:        1.00 GB reserved,      15.94 MB (  2%) committed,  1 nodes.
             Both:        1.12 GB reserved,     110.50 MB ( 10%) committed. 

Chunk freelists:
   Non-Class:  1017.00 KB
       Class:  128.00 KB
        Both:  1.12 MB

MaxMetaspaceSize: unlimited
CompressedClassSpaceSize: 1.00 GB
Initial GC threshold: 21.00 MB
Current GC threshold: 184.19 MB
CDS: on
 - commit_granule_bytes: 65536.
 - commit_granule_words: 8192.
 - virtual_space_node_default_size: 8388608.
 - enlarge_chunks_in_place: 1.
 - use_allocation_guard: 0.


Internal statistics:

num_allocs_failed_limit: 6.
num_arena_births: 2466.
num_arena_deaths: 1008.
num_vsnodes_births: 3.
num_vsnodes_deaths: 0.
num_space_committed: 1768.
num_space_uncommitted: 0.
num_chunks_returned_to_freelist: 1238.
num_chunks_taken_from_freelist: 7372.
num_chunk_merges: 372.
num_chunk_splits: 4682.
num_chunks_enlarged: 3376.
num_inconsistent_stats: 0.

CodeCache: size=49152Kb used=15437Kb max_used=22191Kb free=33714Kb
 bounds [0x000002c8ed9a0000, 0x000002c8eefd0000, 0x000002c8f09a0000]
 total_blobs=8697 nmethods=7883 adapters=737
 compilation: enabled
              stopped_count=0, restarted_count=0
 full_count=0

Compilation events (20 events):
Event: 1256.751 Thread 0x000002c8fb135df0 17395       1       java.io.ObjectStreamClass::lookup (26 bytes)
Event: 1256.752 Thread 0x000002c8fb135df0 nmethod 17395 0x000002c8ee376310 code [0x000002c8ee3764e0, 0x000002c8ee376668]
Event: 1284.545 Thread 0x000002c8fb135df0 17396       1       org.apache.catalina.loader.WebappLoader::getContext (5 bytes)
Event: 1284.545 Thread 0x000002c8fb135df0 nmethod 17396 0x000002c8ee046990 code [0x000002c8ee046b20, 0x000002c8ee046bf0]
Event: 1284.545 Thread 0x000002c8fb135df0 17397       1       org.apache.catalina.core.StandardContext::getReloadable (5 bytes)
Event: 1284.545 Thread 0x000002c8fb135df0 nmethod 17397 0x000002c8ee046f90 code [0x000002c8ee047120, 0x000002c8ee0471f0]
Event: 1284.545 Thread 0x000002c8fb135df0 17398       1       org.apache.catalina.core.StandardWrapper::getServlet (5 bytes)
Event: 1284.545 Thread 0x000002c8fb135df0 nmethod 17398 0x000002c8ee12a090 code [0x000002c8ee12a220, 0x000002c8ee12a2f0]
Event: 1294.549 Thread 0x000002c8fb135df0 17399   !   1       org.apache.catalina.core.StandardContext::unbind (66 bytes)
Event: 1294.550 Thread 0x000002c8fb135df0 nmethod 17399 0x000002c8edf48390 code [0x000002c8edf48580, 0x000002c8edf48a48]
Event: 1314.566 Thread 0x000002c8fb135df0 17400   !   1       org.apache.catalina.core.StandardContext::bind (110 bytes)
Event: 1314.567 Thread 0x000002c8fb135df0 nmethod 17400 0x000002c8ee340490 code [0x000002c8ee3406a0, 0x000002c8ee340c60]
Event: 1320.777 Thread 0x000002c8fb135df0 17401       1       java.lang.invoke.DirectMethodHandle$Holder::invokeStatic (17 bytes)
Event: 1320.778 Thread 0x000002c8fb135df0 nmethod 17401 0x000002c8ee3f6f10 code [0x000002c8ee3f70c0, 0x000002c8ee3f71e8]
Event: 1320.778 Thread 0x000002c8fb135df0 17402       1       java.lang.StringConcatHelper::mix (11 bytes)
Event: 1320.778 Thread 0x000002c8fb135df0 nmethod 17402 0x000002c8ee431d90 code [0x000002c8ee431f40, 0x000002c8ee4320b8]
Event: 1320.778 Thread 0x000002c8fb135df0 17403       1       java.lang.StringConcatHelper::prepend (22 bytes)
Event: 1320.778 Thread 0x000002c8fb135df0 nmethod 17403 0x000002c8ee55e410 code [0x000002c8ee55e5c0, 0x000002c8ee55e730]
Event: 1320.778 Thread 0x000002c8fb135df0 17404       1       java.lang.StringConcatHelper::prepend (30 bytes)
Event: 1320.778 Thread 0x000002c8fb135df0 nmethod 17404 0x000002c8edf03990 code [0x000002c8edf03b40, 0x000002c8edf03c88]

GC Heap History (20 events):
Event: 750.354 GC heap before
{Heap before GC invocations=57 (full 0):
 garbage-first heap   total 217088K, used 156374K [0x0000000604c00000, 0x0000000800000000)
  region size 4096K, 20 young (81920K), 2 survivors (8192K)
 Metaspace       used 112036K, committed 113152K, reserved 1179648K
  class space    used 15839K, committed 16320K, reserved 1048576K
}
Event: 750.359 GC heap after
{Heap after GC invocations=58 (full 0):
 garbage-first heap   total 217088K, used 87421K [0x0000000604c00000, 0x0000000800000000)
  region size 4096K, 2 young (8192K), 2 survivors (8192K)
 Metaspace       used 112036K, committed 113152K, reserved 1179648K
  class space    used 15839K, committed 16320K, reserved 1048576K
}
Event: 820.522 GC heap before
{Heap before GC invocations=59 (full 0):
 garbage-first heap   total 217088K, used 189821K [0x0000000604c00000, 0x0000000800000000)
  region size 4096K, 27 young (110592K), 2 survivors (8192K)
 Metaspace       used 111961K, committed 113152K, reserved 1179648K
  class space    used 15819K, committed 16320K, reserved 1048576K
}
Event: 820.527 GC heap after
{Heap after GC invocations=60 (full 0):
 garbage-first heap   total 217088K, used 87044K [0x0000000604c00000, 0x0000000800000000)
  region size 4096K, 2 young (8192K), 2 survivors (8192K)
 Metaspace       used 111961K, committed 113152K, reserved 1179648K
  class space    used 15819K, committed 16320K, reserved 1048576K
}
Event: 892.526 GC heap before
{Heap before GC invocations=60 (full 0):
 garbage-first heap   total 217088K, used 189444K [0x0000000604c00000, 0x0000000800000000)
  region size 4096K, 27 young (110592K), 2 survivors (8192K)
 Metaspace       used 111961K, committed 113152K, reserved 1179648K
  class space    used 15819K, committed 16320K, reserved 1048576K
}
Event: 892.538 GC heap after
{Heap after GC invocations=61 (full 0):
 garbage-first heap   total 217088K, used 85762K [0x0000000604c00000, 0x0000000800000000)
  region size 4096K, 2 young (8192K), 2 survivors (8192K)
 Metaspace       used 111961K, committed 113152K, reserved 1179648K
  class space    used 15819K, committed 16320K, reserved 1048576K
}
Event: 955.222 GC heap before
{Heap before GC invocations=61 (full 0):
 garbage-first heap   total 217088K, used 188162K [0x0000000604c00000, 0x0000000800000000)
  region size 4096K, 27 young (110592K), 2 survivors (8192K)
 Metaspace       used 111971K, committed 113152K, reserved 1179648K
  class space    used 15821K, committed 16320K, reserved 1048576K
}
Event: 955.226 GC heap after
{Heap after GC invocations=62 (full 0):
 garbage-first heap   total 217088K, used 84981K [0x0000000604c00000, 0x0000000800000000)
  region size 4096K, 2 young (8192K), 2 survivors (8192K)
 Metaspace       used 111971K, committed 113152K, reserved 1179648K
  class space    used 15821K, committed 16320K, reserved 1048576K
}
Event: 1027.589 GC heap before
{Heap before GC invocations=63 (full 0):
 garbage-first heap   total 217088K, used 187381K [0x0000000604c00000, 0x0000000800000000)
  region size 4096K, 27 young (110592K), 2 survivors (8192K)
 Metaspace       used 111971K, committed 113152K, reserved 1179648K
  class space    used 15821K, committed 16320K, reserved 1048576K
}
Event: 1027.594 GC heap after
{Heap after GC invocations=64 (full 0):
 garbage-first heap   total 217088K, used 85453K [0x0000000604c00000, 0x0000000800000000)
  region size 4096K, 2 young (8192K), 2 survivors (8192K)
 Metaspace       used 111971K, committed 113152K, reserved 1179648K
  class space    used 15821K, committed 16320K, reserved 1048576K
}
Event: 1100.208 GC heap before
{Heap before GC invocations=64 (full 0):
 garbage-first heap   total 217088K, used 187853K [0x0000000604c00000, 0x0000000800000000)
  region size 4096K, 27 young (110592K), 2 survivors (8192K)
 Metaspace       used 111971K, committed 113152K, reserved 1179648K
  class space    used 15821K, committed 16320K, reserved 1048576K
}
Event: 1100.219 GC heap after
{Heap after GC invocations=65 (full 0):
 garbage-first heap   total 217088K, used 84294K [0x0000000604c00000, 0x0000000800000000)
  region size 4096K, 2 young (8192K), 2 survivors (8192K)
 Metaspace       used 111971K, committed 113152K, reserved 1179648K
  class space    used 15821K, committed 16320K, reserved 1048576K
}
Event: 1172.475 GC heap before
{Heap before GC invocations=65 (full 0):
 garbage-first heap   total 217088K, used 186694K [0x0000000604c00000, 0x0000000800000000)
  region size 4096K, 27 young (110592K), 2 survivors (8192K)
 Metaspace       used 111971K, committed 113152K, reserved 1179648K
  class space    used 15821K, committed 16320K, reserved 1048576K
}
Event: 1172.483 GC heap after
{Heap after GC invocations=66 (full 0):
 garbage-first heap   total 217088K, used 84397K [0x0000000604c00000, 0x0000000800000000)
  region size 4096K, 2 young (8192K), 2 survivors (8192K)
 Metaspace       used 111971K, committed 113152K, reserved 1179648K
  class space    used 15821K, committed 16320K, reserved 1048576K
}
Event: 1240.994 GC heap before
{Heap before GC invocations=67 (full 0):
 garbage-first heap   total 217088K, used 186797K [0x0000000604c00000, 0x0000000800000000)
  region size 4096K, 27 young (110592K), 2 survivors (8192K)
 Metaspace       used 111981K, committed 113152K, reserved 1179648K
  class space    used 15823K, committed 16320K, reserved 1048576K
}
Event: 1241.000 GC heap after
{Heap after GC invocations=68 (full 0):
 garbage-first heap   total 217088K, used 84630K [0x0000000604c00000, 0x0000000800000000)
  region size 4096K, 2 young (8192K), 2 survivors (8192K)
 Metaspace       used 111981K, committed 113152K, reserved 1179648K
  class space    used 15823K, committed 16320K, reserved 1048576K
}
Event: 1307.209 GC heap before
{Heap before GC invocations=68 (full 0):
 garbage-first heap   total 217088K, used 187030K [0x0000000604c00000, 0x0000000800000000)
  region size 4096K, 27 young (110592K), 2 survivors (8192K)
 Metaspace       used 111985K, committed 113152K, reserved 1179648K
  class space    used 15823K, committed 16320K, reserved 1048576K
}
Event: 1307.218 GC heap after
{Heap after GC invocations=69 (full 0):
 garbage-first heap   total 217088K, used 83655K [0x0000000604c00000, 0x0000000800000000)
  region size 4096K, 2 young (8192K), 2 survivors (8192K)
 Metaspace       used 111985K, committed 113152K, reserved 1179648K
  class space    used 15823K, committed 16320K, reserved 1048576K
}
Event: 1379.553 GC heap before
{Heap before GC invocations=69 (full 0):
 garbage-first heap   total 217088K, used 186055K [0x0000000604c00000, 0x0000000800000000)
  region size 4096K, 27 young (110592K), 2 survivors (8192K)
 Metaspace       used 111985K, committed 113152K, reserved 1179648K
  class space    used 15823K, committed 16320K, reserved 1048576K
}
Event: 1379.559 GC heap after
{Heap after GC invocations=70 (full 0):
 garbage-first heap   total 217088K, used 84152K [0x0000000604c00000, 0x0000000800000000)
  region size 4096K, 2 young (8192K), 2 survivors (8192K)
 Metaspace       used 111985K, committed 113152K, reserved 1179648K
  class space    used 15823K, committed 16320K, reserved 1048576K
}

Dll operation events (10 events):
Event: 0.010 Loaded shared library D:\sts-4.29.1.RELEASE\plugins\org.eclipse.justj.openjdk.hotspot.jre.full.win32.x86_64_21.0.6.v20250130-0529\jre\bin\java.dll
Event: 0.042 Loaded shared library D:\sts-4.29.1.RELEASE\plugins\org.eclipse.justj.openjdk.hotspot.jre.full.win32.x86_64_21.0.6.v20250130-0529\jre\bin\zip.dll
Event: 0.139 Loaded shared library D:\sts-4.29.1.RELEASE\plugins\org.eclipse.justj.openjdk.hotspot.jre.full.win32.x86_64_21.0.6.v20250130-0529\jre\bin\jimage.dll
Event: 0.143 Loaded shared library D:\sts-4.29.1.RELEASE\plugins\org.eclipse.justj.openjdk.hotspot.jre.full.win32.x86_64_21.0.6.v20250130-0529\jre\bin\net.dll
Event: 0.144 Loaded shared library D:\sts-4.29.1.RELEASE\plugins\org.eclipse.justj.openjdk.hotspot.jre.full.win32.x86_64_21.0.6.v20250130-0529\jre\bin\nio.dll
Event: 0.146 Loaded shared library D:\sts-4.29.1.RELEASE\plugins\org.eclipse.justj.openjdk.hotspot.jre.full.win32.x86_64_21.0.6.v20250130-0529\jre\bin\zip.dll
Event: 0.220 Loaded shared library D:\sts-4.29.1.RELEASE\plugins\org.eclipse.justj.openjdk.hotspot.jre.full.win32.x86_64_21.0.6.v20250130-0529\jre\bin\management.dll
Event: 0.229 Loaded shared library D:\sts-4.29.1.RELEASE\plugins\org.eclipse.justj.openjdk.hotspot.jre.full.win32.x86_64_21.0.6.v20250130-0529\jre\bin\management_ext.dll
Event: 0.387 Loaded shared library D:\sts-4.29.1.RELEASE\plugins\org.eclipse.justj.openjdk.hotspot.jre.full.win32.x86_64_21.0.6.v20250130-0529\jre\bin\extnet.dll
Event: 1.328 Loaded shared library D:\sts-4.29.1.RELEASE\plugins\org.eclipse.justj.openjdk.hotspot.jre.full.win32.x86_64_21.0.6.v20250130-0529\jre\bin\sunmscapi.dll

Deoptimization events (10 events):
Event: 1.928 Thread 0x000002c8ff12c0f0 DEOPT PACKING pc=0x000002c8ee2b108c sp=0x000000f26adfe7e0
Event: 1.928 Thread 0x000002c8ff12c0f0 DEOPT UNPACKING pc=0x000002c8ed9f4e42 sp=0x000000f26adfdd58 mode 0
Event: 2.179 Thread 0x000002c8ff12c0f0 DEOPT PACKING pc=0x000002c8ee24b22c sp=0x000000f26adfe4d0
Event: 2.179 Thread 0x000002c8ff12c0f0 DEOPT UNPACKING pc=0x000002c8ed9f4e42 sp=0x000000f26adfd980 mode 0
Event: 4.621 Thread 0x000002c8ff12c0f0 DEOPT PACKING pc=0x000002c8ee632d2c sp=0x000000f26adfd550
Event: 4.621 Thread 0x000002c8ff12c0f0 DEOPT UNPACKING pc=0x000002c8ed9f4e42 sp=0x000000f26adfca20 mode 0
Event: 4.884 Thread 0x000002c8ff12c0f0 DEOPT PACKING pc=0x000002c8ee8cfb6c sp=0x000000f26adfddc0
Event: 4.884 Thread 0x000002c8ff12c0f0 DEOPT UNPACKING pc=0x000002c8ed9f4e42 sp=0x000000f26adfd350 mode 0
Event: 543.194 Thread 0x000002c8cc4d2f70 DEOPT PACKING pc=0x000002c8edda3ad2 sp=0x000000f26c0fad40
Event: 543.194 Thread 0x000002c8cc4d2f70 DEOPT UNPACKING pc=0x000002c8ed9f4e42 sp=0x000000f26c0fa1a8 mode 0

Classes loaded (20 events):
Event: 668.299 Loading class sun/text/resources/FormatData_en_US
Event: 668.299 Loading class sun/text/resources/FormatData_en_US done
Event: 668.299 Loading class sun/util/resources/LocaleData$2
Event: 668.299 Loading class sun/util/resources/LocaleData$2 done
Event: 668.299 Loading class sun/util/resources/LocaleData$SupplementaryStrategy
Event: 668.299 Loading class sun/util/resources/LocaleData$SupplementaryStrategy done
Event: 668.299 Loading class sun/text/resources/JavaTimeSupplementary
Event: 668.299 Loading class sun/text/resources/JavaTimeSupplementary done
Event: 668.299 Loading class sun/text/resources/JavaTimeSupplementary_en
Event: 668.299 Loading class sun/text/resources/JavaTimeSupplementary_en done
Event: 668.300 Loading class sun/text/resources/JavaTimeSupplementary_en_US
Event: 668.300 Loading class sun/text/resources/JavaTimeSupplementary_en_US done
Event: 668.300 Loading class sun/util/resources/ParallelListResourceBundle$KeySet
Event: 668.300 Loading class sun/util/resources/ParallelListResourceBundle$KeySet done
Event: 668.301 Loading class sun/util/locale/provider/CalendarDataUtility$CalendarFieldValueNameGetter
Event: 668.301 Loading class sun/util/locale/provider/CalendarDataUtility$CalendarFieldValueNameGetter done
Event: 731.054 Loading class java/math/MathContext
Event: 731.054 Loading class java/math/MathContext done
Event: 750.325 Loading class java/util/ArrayList$SubList$1
Event: 750.326 Loading class java/util/ArrayList$SubList$1 done

Classes unloaded (20 events):
Event: 750.404 Thread 0x000002c8fb0ff250 Unloading class 0x000002c881e6d000 'jdk/internal/reflect/GeneratedSerializationConstructorAccessor86'
Event: 750.404 Thread 0x000002c8fb0ff250 Unloading class 0x000002c881e6c800 'java/lang/invoke/LambdaForm$MH+0x000002c881e6c800'
Event: 750.404 Thread 0x000002c8fb0ff250 Unloading class 0x000002c881e56c00 'java/lang/invoke/LambdaForm$MH+0x000002c881e56c00'
Event: 750.404 Thread 0x000002c8fb0ff250 Unloading class 0x000002c881e56000 'java/lang/invoke/LambdaForm$MH+0x000002c881e56000'
Event: 750.404 Thread 0x000002c8fb0ff250 Unloading class 0x000002c881e55c00 'java/lang/invoke/LambdaForm$MH+0x000002c881e55c00'
Event: 750.404 Thread 0x000002c8fb0ff250 Unloading class 0x000002c881e55800 'java/lang/invoke/LambdaForm$MH+0x000002c881e55800'
Event: 750.404 Thread 0x000002c8fb0ff250 Unloading class 0x000002c881e55400 'java/lang/invoke/LambdaForm$MH+0x000002c881e55400'
Event: 750.404 Thread 0x000002c8fb0ff250 Unloading class 0x000002c881e54800 'java/lang/invoke/LambdaForm$MH+0x000002c881e54800'
Event: 750.404 Thread 0x000002c8fb0ff250 Unloading class 0x000002c881e54400 'java/lang/invoke/LambdaForm$MH+0x000002c881e54400'
Event: 750.404 Thread 0x000002c8fb0ff250 Unloading class 0x000002c881e54000 'java/lang/invoke/LambdaForm$MH+0x000002c881e54000'
Event: 750.404 Thread 0x000002c8fb0ff250 Unloading class 0x000002c881e26400 'java/lang/invoke/LambdaForm$MH+0x000002c881e26400'
Event: 750.404 Thread 0x000002c8fb0ff250 Unloading class 0x000002c881e25c00 'java/lang/invoke/LambdaForm$MH+0x000002c881e25c00'
Event: 750.404 Thread 0x000002c8fb0ff250 Unloading class 0x000002c881e25800 'java/lang/invoke/LambdaForm$MH+0x000002c881e25800'
Event: 750.404 Thread 0x000002c8fb0ff250 Unloading class 0x000002c881e25400 'java/lang/invoke/LambdaForm$MH+0x000002c881e25400'
Event: 750.404 Thread 0x000002c8fb0ff250 Unloading class 0x000002c881e24800 'java/lang/invoke/LambdaForm$MH+0x000002c881e24800'
Event: 750.404 Thread 0x000002c8fb0ff250 Unloading class 0x000002c881e24400 'java/lang/invoke/LambdaForm$MH+0x000002c881e24400'
Event: 750.404 Thread 0x000002c8fb0ff250 Unloading class 0x000002c881e24000 'java/lang/invoke/LambdaForm$MH+0x000002c881e24000'
Event: 1379.606 Thread 0x000002c8fb0ff250 Unloading class 0x000002c881e04400 'jdk/internal/reflect/GeneratedSerializationConstructorAccessor89'
Event: 1379.606 Thread 0x000002c8fb0ff250 Unloading class 0x000002c881e04800 'jdk/internal/reflect/GeneratedSerializationConstructorAccessor88'
Event: 1379.606 Thread 0x000002c8fb0ff250 Unloading class 0x000002c881e05000 'jdk/internal/reflect/GeneratedSerializationConstructorAccessor87'

Classes redefined (0 events):
No events

Internal exceptions (20 events):
Event: 40.388 Thread 0x000002c8cc89c420 Exception <a 'java/lang/IncompatibleClassChangeError'{0x00000006116f14a8}: Found class java.lang.Object, but interface was expected> (0x00000006116f14a8) 
thrown [s\src\hotspot\share\interpreter\linkResolver.cpp, line 840]
Event: 40.564 Thread 0x000002c8cc89c420 Exception <a 'java/lang/NoSuchMethodError'{0x0000000611084840}: 'int java.lang.invoke.DirectMethodHandle$Holder.invokeStatic(java.lang.Object, java.lang.Object, int, int)'> (0x0000000611084840) 
thrown [s\src\hotspot\share\interpreter\linkResolver.cpp, line 773]
Event: 300.605 Thread 0x000002c8fefd2ad0 Exception <a 'java/lang/NoSuchMethodError'{0x000000060fa2a7e8}: static [B.<clinit>()V> (0x000000060fa2a7e8) 
thrown [s\src\hotspot\share\prims\jni.cpp, line 1111]
Event: 542.618 Thread 0x000002c8cc89eb80 Exception <a 'java/lang/NoSuchMethodError'{0x0000000611242e58}: 'java.lang.Object java.lang.invoke.DirectMethodHandle$Holder.invokeStatic(java.lang.Object, java.lang.Object, java.lang.Object, int, int)'> (0x0000000611242e58) 
thrown [s\src\hotspot\share\interpreter\linkResolver.cpp, line 773]
Event: 542.618 Thread 0x000002c8cc89eb80 Exception <a 'java/lang/NoSuchMethodError'{0x0000000611246198}: 'java.lang.Object java.lang.invoke.DirectMethodHandle$Holder.invokeStaticInit(java.lang.Object, java.lang.Object, java.lang.Object, int, int)'> (0x0000000611246198) 
thrown [s\src\hotspot\share\interpreter\linkResolver.cpp, line 773]
Event: 542.645 Thread 0x000002c8cc4d2f70 Exception <a 'java/lang/NoSuchMethodError'{0x000000061139e150}: 'java.lang.Object java.lang.invoke.DirectMethodHandle$Holder.invokeSpecial(java.lang.Object, java.lang.Object, java.lang.Object, java.lang.Object, java.lang.Object, long)'> (0x000000061139e150) 
thrown [s\src\hotspot\share\interpreter\linkResolver.cpp, line 773]
Event: 542.645 Thread 0x000002c8cc4d2f70 Exception <a 'java/lang/NoSuchMethodError'{0x00000006113a1930}: 'java.lang.Object java.lang.invoke.Invokers$Holder.linkToTargetMethod(java.lang.Object, java.lang.Object, java.lang.Object, long, java.lang.Object)'> (0x00000006113a1930) 
thrown [s\src\hotspot\share\interpreter\linkResolver.cpp, line 773]
Event: 542.686 Thread 0x000002c8cc4d2f70 Exception <a 'java/lang/NoSuchMethodError'{0x0000000610d97230}: 'java.lang.Object java.lang.invoke.DirectMethodHandle$Holder.invokeStatic(java.lang.Object, int, int)'> (0x0000000610d97230) 
thrown [s\src\hotspot\share\interpreter\linkResolver.cpp, line 773]
Event: 543.276 Thread 0x000002c8cc4d2f70 Exception <a 'java/lang/NoSuchMethodError'{0x000000060f0207f0}: 'java.lang.Object java.lang.invoke.DirectMethodHandle$Holder.invokeStatic(java.lang.Object, java.lang.Object, java.lang.Object, java.lang.Object, int, java.lang.Object)'> (0x000000060f0207f0) 
thrown [s\src\hotspot\share\interpreter\linkResolver.cpp, line 773]
Event: 543.276 Thread 0x000002c8cc4d2f70 Exception <a 'java/lang/NoSuchMethodError'{0x000000060f028368}: 'java.lang.Object java.lang.invoke.DirectMethodHandle$Holder.newInvokeSpecial(java.lang.Object, java.lang.Object, java.lang.Object, java.lang.Object, int)'> (0x000000060f028368) 
thrown [s\src\hotspot\share\interpreter\linkResolver.cpp, line 773]
Event: 543.276 Thread 0x000002c8cc4d2f70 Exception <a 'java/lang/NoSuchMethodError'{0x000000060f02cbf8}: 'java.lang.Object java.lang.invoke.DirectMethodHandle$Holder.invokeSpecial(java.lang.Object, java.lang.Object, java.lang.Object, java.lang.Object, java.lang.Object, int)'> (0x000000060f02cbf8) 
thrown [s\src\hotspot\share\interpreter\linkResolver.cpp, line 773]
Event: 543.277 Thread 0x000002c8cc4d2f70 Exception <a 'java/lang/NoSuchMethodError'{0x000000060f030cb0}: 'java.lang.Object java.lang.invoke.Invokers$Holder.linkToTargetMethod(java.lang.Object, java.lang.Object, java.lang.Object, int, java.lang.Object)'> (0x000000060f030cb0) 
thrown [s\src\hotspot\share\interpreter\linkResolver.cpp, line 773]
Event: 600.615 Thread 0x000002c8fefd2ad0 Exception <a 'java/lang/NoSuchMethodError'{0x00000006113f9690}: static [B.<clinit>()V> (0x00000006113f9690) 
thrown [s\src\hotspot\share\prims\jni.cpp, line 1111]
Event: 668.069 Thread 0x000002c8cc89cab0 Exception <a 'java/lang/IncompatibleClassChangeError'{0x000000060fc2d5f8}: Found class java.lang.Object, but interface was expected> (0x000000060fc2d5f8) 
thrown [s\src\hotspot\share\interpreter\linkResolver.cpp, line 840]
Event: 668.092 Thread 0x000002c8cc89cab0 Exception <a 'java/lang/IncompatibleClassChangeError'{0x000000060fca4158}: Found class java.lang.Object, but interface was expected> (0x000000060fca4158) 
thrown [s\src\hotspot\share\interpreter\linkResolver.cpp, line 840]
Event: 668.093 Thread 0x000002c8cc89cab0 Exception <a 'java/lang/NoSuchMethodError'{0x000000060fca80b8}: 'long java.lang.invoke.DelegatingMethodHandle$Holder.reinvoke_L(java.lang.Object, java.lang.Object)'> (0x000000060fca80b8) 
thrown [s\src\hotspot\share\interpreter\linkResolver.cpp, line 773]
Event: 717.438 Thread 0x000002c8cc4d5040 Exception <a 'java/lang/NoSuchMethodError'{0x0000000611add538}: 'void java.lang.invoke.DirectMethodHandle$Holder.invokeStatic(java.lang.Object, java.lang.Object, java.lang.Object, java.lang.Object, java.lang.Object, java.lang.Object, java.lang.Object)'> (0x0000000611add538) 
thrown [s\src\hotspot\share\interpreter\linkResolver.cpp, line 773]
Event: 730.934 Thread 0x000002c8cc4d3c90 Exception <a 'java/lang/NoSuchMethodError'{0x000000060fc77f80}: 'java.lang.Object java.lang.invoke.DirectMethodHandle$Holder.invokeVirtual(java.lang.Object, java.lang.Object, int, int)'> (0x000000060fc77f80) 
thrown [s\src\hotspot\share\interpreter\linkResolver.cpp, line 773]
Event: 900.631 Thread 0x000002c8fefd2ad0 Exception <a 'java/lang/NoSuchMethodError'{0x00000006117b00e8}: static [B.<clinit>()V> (0x00000006117b00e8) 
thrown [s\src\hotspot\share\prims\jni.cpp, line 1111]
Event: 1200.643 Thread 0x000002c8fefd2ad0 Exception <a 'java/lang/NoSuchMethodError'{0x000000060f404e30}: static [B.<clinit>()V> (0x000000060f404e30) 
thrown [s\src\hotspot\share\prims\jni.cpp, line 1111]

ZGC Phase Switch (0 events):
No events

VM Operations (20 events):
Event: 967.407 Executing VM operation: Cleanup done
Event: 1027.589 Executing VM operation: G1CollectForAllocation (G1 Evacuation Pause)
Event: 1027.594 Executing VM operation: G1CollectForAllocation (G1 Evacuation Pause) done
Event: 1100.208 Executing VM operation: G1CollectForAllocation (G1 Evacuation Pause)
Event: 1100.219 Executing VM operation: G1CollectForAllocation (G1 Evacuation Pause) done
Event: 1172.475 Executing VM operation: G1CollectForAllocation (G1 Evacuation Pause)
Event: 1172.483 Executing VM operation: G1CollectForAllocation (G1 Evacuation Pause) done
Event: 1172.542 Executing VM operation: G1PauseRemark
Event: 1172.547 Executing VM operation: G1PauseRemark done
Event: 1172.569 Executing VM operation: G1PauseCleanup
Event: 1172.569 Executing VM operation: G1PauseCleanup done
Event: 1240.994 Executing VM operation: G1CollectForAllocation (G1 Evacuation Pause)
Event: 1241.000 Executing VM operation: G1CollectForAllocation (G1 Evacuation Pause) done
Event: 1242.001 Executing VM operation: Cleanup
Event: 1242.001 Executing VM operation: Cleanup done
Event: 1307.209 Executing VM operation: G1CollectForAllocation (G1 Evacuation Pause)
Event: 1307.218 Executing VM operation: G1CollectForAllocation (G1 Evacuation Pause) done
Event: 1379.553 Executing VM operation: G1CollectForAllocation (G1 Evacuation Pause)
Event: 1379.559 Executing VM operation: G1CollectForAllocation (G1 Evacuation Pause) done
Event: 1379.605 Executing VM operation: G1PauseRemark

Memory protections (0 events):
No events

Nmethod flushes (20 events):
Event: 955.270 Thread 0x000002c8fb0ff250 flushing  nmethod 0x000002c8ee820d90
Event: 955.270 Thread 0x000002c8fb0ff250 flushing  nmethod 0x000002c8ee821910
Event: 955.270 Thread 0x000002c8fb0ff250 flushing  nmethod 0x000002c8ee824990
Event: 955.270 Thread 0x000002c8fb0ff250 flushing  nmethod 0x000002c8ee824c90
Event: 955.270 Thread 0x000002c8fb0ff250 flushing  nmethod 0x000002c8ee82f410
Event: 955.270 Thread 0x000002c8fb0ff250 flushing  nmethod 0x000002c8ee8f5c10
Event: 955.270 Thread 0x000002c8fb0ff250 flushing  nmethod 0x000002c8ee902b10
Event: 955.270 Thread 0x000002c8fb0ff250 flushing  nmethod 0x000002c8eeaa9e90
Event: 955.270 Thread 0x000002c8fb0ff250 flushing  nmethod 0x000002c8eeace110
Event: 955.270 Thread 0x000002c8fb0ff250 flushing  nmethod 0x000002c8eebf7310
Event: 955.270 Thread 0x000002c8fb0ff250 flushing  nmethod 0x000002c8eec07890
Event: 955.270 Thread 0x000002c8fb0ff250 flushing  nmethod 0x000002c8eecc5090
Event: 955.270 Thread 0x000002c8fb0ff250 flushing  nmethod 0x000002c8eed8e690
Event: 955.270 Thread 0x000002c8fb0ff250 flushing  nmethod 0x000002c8eed91490
Event: 955.270 Thread 0x000002c8fb0ff250 flushing  nmethod 0x000002c8eed91a10
Event: 955.270 Thread 0x000002c8fb0ff250 flushing  nmethod 0x000002c8eed92110
Event: 955.270 Thread 0x000002c8fb0ff250 flushing  nmethod 0x000002c8eed92810
Event: 955.270 Thread 0x000002c8fb0ff250 flushing  nmethod 0x000002c8eed93110
Event: 955.270 Thread 0x000002c8fb0ff250 flushing  nmethod 0x000002c8eed93710
Event: 955.270 Thread 0x000002c8fb0ff250 flushing osr nmethod 0x000002c8eeda7790

Events (20 events):
Event: 750.353 Thread 0x000002c8fb135df0 Thread added: 0x000002c8cc5a7b60
Event: 755.487 Thread 0x000002c8cc5a7b60 Thread exited: 0x000002c8cc5a7b60
Event: 760.494 Thread 0x000002c8cc5a7490 Thread exited: 0x000002c8cc5a7490
Event: 760.494 Thread 0x000002c8cc5a6dc0 Thread exited: 0x000002c8cc5a6dc0
Event: 760.494 Thread 0x000002c8cc5a8230 Thread exited: 0x000002c8cc5a8230
Event: 760.495 Thread 0x000002c8cccea4e0 Thread exited: 0x000002c8cccea4e0
Event: 760.495 Thread 0x000002c8fdff72b0 Thread exited: 0x000002c8fdff72b0
Event: 765.496 Thread 0x000002c8ccce8e30 Thread exited: 0x000002c8ccce8e30
Event: 770.506 Thread 0x000002c8ccce8790 Thread exited: 0x000002c8ccce8790
Event: 770.506 Thread 0x000002c8ccce80f0 Thread exited: 0x000002c8ccce80f0
Event: 780.031 Thread 0x000002c8cc5a8d80 Thread exited: 0x000002c8cc5a8d80
Event: 785.038 Thread 0x000002c8c6b901c0 Thread exited: 0x000002c8c6b901c0
Event: 940.860 Thread 0x000002c8fb135df0 Thread added: 0x000002c8cc5a8230
Event: 940.861 Thread 0x000002c8fb135df0 Thread added: 0x000002c8cc5a6dc0
Event: 945.948 Thread 0x000002c8cc5a6dc0 Thread exited: 0x000002c8cc5a6dc0
Event: 945.948 Thread 0x000002c8cc5a8230 Thread exited: 0x000002c8cc5a8230
Event: 1241.035 Thread 0x000002c8fb135df0 Thread added: 0x000002c8cc5a7490
Event: 1241.036 Thread 0x000002c8fb135df0 Thread added: 0x000002c8cc5a8230
Event: 1246.052 Thread 0x000002c8cc5a8230 Thread exited: 0x000002c8cc5a8230
Event: 1246.052 Thread 0x000002c8cc5a7490 Thread exited: 0x000002c8cc5a7490


Dynamic libraries:
0x00007ff769c40000 - 0x00007ff769c4e000 	D:\sts-4.29.1.RELEASE\plugins\org.eclipse.justj.openjdk.hotspot.jre.full.win32.x86_64_21.0.6.v20250130-0529\jre\bin\javaw.exe
0x00007ff99c7c0000 - 0x00007ff99ca28000 	C:\WINDOWS\SYSTEM32\ntdll.dll
0x00007ff99b5e0000 - 0x00007ff99b6a9000 	C:\WINDOWS\System32\KERNEL32.DLL
0x00007ff99a080000 - 0x00007ff99a478000 	C:\WINDOWS\System32\KERNELBASE.dll
0x00007ff999bb0000 - 0x00007ff999cfb000 	C:\WINDOWS\System32\ucrtbase.dll
0x00007ff97d710000 - 0x00007ff97d728000 	D:\sts-4.29.1.RELEASE\plugins\org.eclipse.justj.openjdk.hotspot.jre.full.win32.x86_64_21.0.6.v20250130-0529\jre\bin\jli.dll
0x00007ff99a6f0000 - 0x00007ff99a8b7000 	C:\WINDOWS\System32\USER32.dll
0x00007ff99a480000 - 0x00007ff99a4a7000 	C:\WINDOWS\System32\win32u.dll
0x00007ff99aae0000 - 0x00007ff99ab0b000 	C:\WINDOWS\System32\GDI32.dll
0x00007ff999a80000 - 0x00007ff999bac000 	C:\WINDOWS\System32\gdi32full.dll
0x00007ff99a4b0000 - 0x00007ff99a553000 	C:\WINDOWS\System32\msvcp_win.dll
0x00007ff966360000 - 0x00007ff96637e000 	D:\sts-4.29.1.RELEASE\plugins\org.eclipse.justj.openjdk.hotspot.jre.full.win32.x86_64_21.0.6.v20250130-0529\jre\bin\VCRUNTIME140.dll
0x00007ff998d90000 - 0x00007ff999024000 	C:\WINDOWS\WinSxS\amd64_microsoft.windows.common-controls_6595b64144ccf1df_6.0.26100.7019_none_3e06ffa0e335b8a8\COMCTL32.dll
0x00007ff99b260000 - 0x00007ff99b309000 	C:\WINDOWS\System32\msvcrt.dll
0x00007ff99ab20000 - 0x00007ff99ab51000 	C:\WINDOWS\System32\IMM32.DLL
0x00007ff97ec20000 - 0x00007ff97ec2c000 	D:\sts-4.29.1.RELEASE\plugins\org.eclipse.justj.openjdk.hotspot.jre.full.win32.x86_64_21.0.6.v20250130-0529\jre\bin\vcruntime140_1.dll
0x00007ff9640b0000 - 0x00007ff96413d000 	D:\sts-4.29.1.RELEASE\plugins\org.eclipse.justj.openjdk.hotspot.jre.full.win32.x86_64_21.0.6.v20250130-0529\jre\bin\msvcp140.dll
0x00007ff930930000 - 0x00007ff9316c0000 	D:\sts-4.29.1.RELEASE\plugins\org.eclipse.justj.openjdk.hotspot.jre.full.win32.x86_64_21.0.6.v20250130-0529\jre\bin\server\jvm.dll
0x00007ff99c0a0000 - 0x00007ff99c154000 	C:\WINDOWS\System32\ADVAPI32.dll
0x00007ff99a560000 - 0x00007ff99a606000 	C:\WINDOWS\System32\sechost.dll
0x00007ff99b4c0000 - 0x00007ff99b5d8000 	C:\WINDOWS\System32\RPCRT4.dll
0x00007ff99bf30000 - 0x00007ff99bfa4000 	C:\WINDOWS\System32\WS2_32.dll
0x00007ff9996c0000 - 0x00007ff99971e000 	C:\WINDOWS\SYSTEM32\POWRPROF.dll
0x00007ff992b50000 - 0x00007ff992b85000 	C:\WINDOWS\SYSTEM32\WINMM.dll
0x00007ff9898b0000 - 0x00007ff9898bb000 	C:\WINDOWS\SYSTEM32\VERSION.dll
0x00007ff9996a0000 - 0x00007ff9996b4000 	C:\WINDOWS\SYSTEM32\UMPDC.dll
0x00007ff997d00000 - 0x00007ff997d1b000 	C:\WINDOWS\SYSTEM32\kernel.appcore.dll
0x00007ff97e920000 - 0x00007ff97e92a000 	D:\sts-4.29.1.RELEASE\plugins\org.eclipse.justj.openjdk.hotspot.jre.full.win32.x86_64_21.0.6.v20250130-0529\jre\bin\jimage.dll
0x00007ff999160000 - 0x00007ff9993a2000 	C:\WINDOWS\SYSTEM32\DBGHELP.DLL
0x00007ff99c1f0000 - 0x00007ff99c57b000 	C:\WINDOWS\System32\combase.dll
0x00007ff99a610000 - 0x00007ff99a6e7000 	C:\WINDOWS\System32\OLEAUT32.dll
0x00007ff999030000 - 0x00007ff99906c000 	C:\WINDOWS\SYSTEM32\dbgcore.DLL
0x00007ff999fd0000 - 0x00007ff99a075000 	C:\WINDOWS\System32\bcryptPrimitives.dll
0x00007ff97d730000 - 0x00007ff97d74f000 	D:\sts-4.29.1.RELEASE\plugins\org.eclipse.justj.openjdk.hotspot.jre.full.win32.x86_64_21.0.6.v20250130-0529\jre\bin\java.dll
0x00007ff99b7b0000 - 0x00007ff99beff000 	C:\WINDOWS\System32\SHELL32.dll
0x00007ff999910000 - 0x00007ff999a7b000 	C:\WINDOWS\System32\wintypes.dll
0x00007ff996860000 - 0x00007ff9970bd000 	C:\WINDOWS\SYSTEM32\windows.storage.dll
0x00007ff99b6b0000 - 0x00007ff99b7a2000 	C:\WINDOWS\System32\SHCORE.dll
0x00007ff99ab60000 - 0x00007ff99abc7000 	C:\WINDOWS\System32\shlwapi.dll
0x00007ff999830000 - 0x00007ff999859000 	C:\WINDOWS\SYSTEM32\profapi.dll
0x00007ff9667d0000 - 0x00007ff9667e8000 	D:\sts-4.29.1.RELEASE\plugins\org.eclipse.justj.openjdk.hotspot.jre.full.win32.x86_64_21.0.6.v20250130-0529\jre\bin\zip.dll
0x00007ff97dcb0000 - 0x00007ff97dcc0000 	D:\sts-4.29.1.RELEASE\plugins\org.eclipse.justj.openjdk.hotspot.jre.full.win32.x86_64_21.0.6.v20250130-0529\jre\bin\net.dll
0x00007ff992840000 - 0x00007ff992968000 	C:\WINDOWS\SYSTEM32\WINHTTP.dll
0x00007ff998270000 - 0x00007ff9982db000 	C:\WINDOWS\system32\mswsock.dll
0x00007ff966380000 - 0x00007ff966396000 	D:\sts-4.29.1.RELEASE\plugins\org.eclipse.justj.openjdk.hotspot.jre.full.win32.x86_64_21.0.6.v20250130-0529\jre\bin\nio.dll
0x00007ff976490000 - 0x00007ff97649a000 	D:\sts-4.29.1.RELEASE\plugins\org.eclipse.justj.openjdk.hotspot.jre.full.win32.x86_64_21.0.6.v20250130-0529\jre\bin\management.dll
0x00007ff96a840000 - 0x00007ff96a84b000 	D:\sts-4.29.1.RELEASE\plugins\org.eclipse.justj.openjdk.hotspot.jre.full.win32.x86_64_21.0.6.v20250130-0529\jre\bin\management_ext.dll
0x00007ff99c580000 - 0x00007ff99c588000 	C:\WINDOWS\System32\PSAPI.DLL
0x00007ff97a1f0000 - 0x00007ff97a208000 	C:\WINDOWS\system32\napinsp.dll
0x00007ff997640000 - 0x00007ff99776c000 	C:\WINDOWS\SYSTEM32\DNSAPI.dll
0x00007ff9975a0000 - 0x00007ff9975d4000 	C:\WINDOWS\SYSTEM32\IPHLPAPI.DLL
0x00007ff99ab10000 - 0x00007ff99ab1a000 	C:\WINDOWS\System32\NSI.dll
0x00007ff979930000 - 0x00007ff979942000 	C:\WINDOWS\System32\winrnr.dll
0x00007ff979900000 - 0x00007ff979922000 	C:\WINDOWS\system32\nlansp_c.dll
0x00007ff9798e0000 - 0x00007ff9798f6000 	C:\WINDOWS\system32\wshbth.dll
0x00007ff991890000 - 0x00007ff99189b000 	C:\Windows\System32\rasadhlp.dll
0x00007ff992e90000 - 0x00007ff992f16000 	C:\WINDOWS\System32\fwpuclnt.dll
0x00007ff9994b0000 - 0x00007ff9994cb000 	C:\WINDOWS\SYSTEM32\CRYPTSP.dll
0x00007ff998790000 - 0x00007ff9987ca000 	C:\WINDOWS\system32\rsaenh.dll
0x00007ff9982e0000 - 0x00007ff99830b000 	C:\WINDOWS\SYSTEM32\USERENV.dll
0x00007ff999800000 - 0x00007ff99982a000 	C:\WINDOWS\SYSTEM32\bcrypt.dll
0x00007ff998780000 - 0x00007ff99878c000 	C:\WINDOWS\SYSTEM32\CRYPTBASE.dll
0x00007ff969530000 - 0x00007ff969539000 	D:\sts-4.29.1.RELEASE\plugins\org.eclipse.justj.openjdk.hotspot.jre.full.win32.x86_64_21.0.6.v20250130-0529\jre\bin\extnet.dll
0x00007ff982970000 - 0x00007ff98297e000 	D:\sts-4.29.1.RELEASE\plugins\org.eclipse.justj.openjdk.hotspot.jre.full.win32.x86_64_21.0.6.v20250130-0529\jre\bin\sunmscapi.dll
0x00007ff999e50000 - 0x00007ff999fc7000 	C:\WINDOWS\System32\CRYPT32.dll
0x00007ff998a50000 - 0x00007ff998a80000 	C:\WINDOWS\SYSTEM32\ncrypt.dll
0x00007ff9989c0000 - 0x00007ff9989ff000 	C:\WINDOWS\SYSTEM32\NTASN1.dll
0x00007ff999080000 - 0x00007ff999088000 	C:\WINDOWS\system32\wshunix.dll

dbghelp: loaded successfully - version: 4.0.5 - missing functions: none
symbol engine: initialized successfully - sym options: 0x614 - pdb path: .;D:\sts-4.29.1.RELEASE\plugins\org.eclipse.justj.openjdk.hotspot.jre.full.win32.x86_64_21.0.6.v20250130-0529\jre\bin;C:\WINDOWS\SYSTEM32;C:\WINDOWS\WinSxS\amd64_microsoft.windows.common-controls_6595b64144ccf1df_6.0.26100.7019_none_3e06ffa0e335b8a8;D:\sts-4.29.1.RELEASE\plugins\org.eclipse.justj.openjdk.hotspot.jre.full.win32.x86_64_21.0.6.v20250130-0529\jre\bin\server

VM Arguments:
jvm_args: -Dcom.sun.management.jmxremote -Dcom.sun.management.jmxremote.port=51123 -Dcom.sun.management.jmxremote.authenticate=false -Dcom.sun.management.jmxremote.ssl=false -Djava.rmi.server.hostname=localhost -Dspring.jmx.enabled=true -Dmanagement.endpoints.jmx.exposure.include=* -Dspring.application.admin.enabled=true -Dspring.output.ansi.enabled=always -XX:TieredStopAtLevel=1 -Dspring.boot.project.name=maharecruitment-web -Dfile.encoding=UTF-8 -Dstdout.encoding=UTF-8 -Dstderr.encoding=UTF-8 -XX:+ShowCodeDetailsInExceptionMessages 
java_command: com.maharecruitment.gov.in.web.MaharecruitmentParentApplication
java_class_path (initial): C:\Users\Akanksha.Surve\git\NewMaharecuitrment\maharecruitment-web\target\classes;C:\Users\Akanksha.Surve\.m2\repository\org\springframework\boot\spring-boot-starter-web\4.0.3\spring-boot-starter-web-4.0.3.jar;C:\Users\Akanksha.Surve\.m2\repository\org\springframework\boot\spring-boot-starter-jackson\4.0.3\spring-boot-starter-jackson-4.0.3.jar;C:\Users\Akanksha.Surve\.m2\repository\org\springframework\boot\spring-boot-jackson\4.0.3\spring-boot-jackson-4.0.3.jar;C:\Users\Akanksha.Surve\.m2\repository\tools\jackson\core\jackson-databind\3.0.4\jackson-databind-3.0.4.jar;C:\Users\Akanksha.Surve\.m2\repository\tools\jackson\core\jackson-core\3.0.4\jackson-core-3.0.4.jar;C:\Users\Akanksha.Surve\.m2\repository\org\springframework\boot\spring-boot-http-converter\4.0.3\spring-boot-http-converter-4.0.3.jar;C:\Users\Akanksha.Surve\.m2\repository\org\springframework\spring-web\7.0.5\spring-web-7.0.5.jar;C:\Users\Akanksha.Surve\.m2\repository\org\springframework\boot\spring-boot-webmvc\4.0.3\spring-boot-webmvc-4.0.3.jar;C:\Users\Akanksha.Surve\.m2\repository\org\springframework\boot\spring-boot-servlet\4.0.3\spring-boot-servlet-4.0.3.jar;C:\Users\Akanksha.Surve\.m2\repository\org\springframework\spring-webmvc\7.0.5\spring-webmvc-7.0.5.jar;C:\Users\Akanksha.Surve\.m2\repository\org\springframework\boot\spring-boot-starter-security\4.0.3\spring-boot-starter-security-4.0.3.jar;C:\Users\Akanksha.Surve\.m2\repository\org\springframework\boot\spring-boot-starter\4.0.3\spring-boot-starter-4.0.3.jar;C:\Users\Akanksha.Surve\.m2\repository\org\springframework\boot\spring-boot-starter-logging\4.0.3\spring-boot-starter-logging-4.0.3.jar;C:\Users\Akanksha.Surve\.m2\repository\ch\qos\logback\logback-classic\1.5.32\logback-classic-1.5.32.jar;C:\Users\Akanksha.Surve\.m2\repository\ch\qos\logback\logback-core\1.5.32\logback-core-1.5.32.jar;C:\Users\Akanksha.Surve\.m2\repository\org\apache\logging\log4j\log4j-to-slf4j\2.25.3\log4j-to-slf4j-2.25.3.jar;C:\Users\Akanksha.Surve\.m2\repository\org\slf4j\jul-to-slf4j\2.0.17\jul-to-slf4j-2.0.17.jar;C:\Users\Akanksha.Surve\.m2\repository\jakarta\annotation\jakarta.annotation-api\3.0.0\jakarta.annotation-api-3.0.0.jar;C:\Users\Akanksha.Surve\.m2\repository\org\yaml\snakeyaml\2.5\snakeyaml-2.5.jar;C:\Users\Akanksha.Surve\.m2\repository\org\springframework\boot\spring-boot-security\4.0.3\spring-boot-security-4.0.3.jar;C:\Users\Akanksha.Surve\.m2\repository\org\springframework\security\spring-security-config\7.0.3\spring-security-config-7.0.3.jar;C:\Users\Akanksha.Surve\.m2\repository\org\springframework\spring-aop\7.0.5\spring-aop-7.0.5.jar;C:\Users\Akanksha.Surve\.m2\repository\org\springframework\spring-beans\7.0.5\spring-beans-7.0.5.jar;C:\Users\Akanksha.Surve\.m2\repository\org\springframework\boot\spring-boot-starter-thymeleaf\4.0.3\spring-boot-starter-thymeleaf-4.0.3.jar;C:\Users\Akanksha.Surve\.m2\repository\org\springframework\boot\spring-boot-thymeleaf\4.0.3\spring-boot-thymeleaf-4.0.3.jar;C:\Users\Akanksha.Surve\.m2\repository\org\springframework\boot\spring-boot-starter-data-jpa\4.0.3\spring-boot-starter-data-jpa-4.0.3.jar;C:\Users\Akanksha.Surve\.m2\repository\org\springframework\boot\spring-boot-starter-jdbc\4.0.3\spring-boot-starter-jdbc-4.0.3.jar;C:\Users\Akanksha.Surve\.m2\repository\com\zaxxer\HikariCP\7.0.2\HikariCP-7.0.2.jar;C:\Users\Akanksha.Surve\.m2\repository\org\springframework\boot\spring-boot-data-jpa\4.0.3\spring-boot-data-jpa-4.0.3.jar;C:\Users\Akanksha.Surve\.m2\repository\org\springframework\boot\spring-boot-data-commons\4.0.3\spring-boot-data-commons-4.0.3.jar;C:\Users\Akanksha.Surve\.m2\repository\org\springframework\boot\spring-boot-persistence\4.0.3\spring-boot-persistence-4.0.3.jar;C:\Users\Akanksha.Surve\.m2\repository\org\springframework\data\spring-data-commons\4.0.3\spring-data-commons-4.0.3.jar;C:\Users\Akanksha.Surve\.m2\repository\org\springframework\boot\spring-boot-hibernate\4.0.3\spring-boot-hibernate-4.0.3.jar;C:\Users\Akanksha.Surve\.m2\repository\org\springframework\boot\spring-boot-jpa\4.0.3\spring-boot-jpa-4.0.3.jar;C:\Users\Akanksha.Surve\.m2\repository\jakarta\persistence\jakarta.persistence-api\3.2.0\jakarta.persistence-api-3.2.0.jar;C:\Users\Akanksha.Surve\.m2\repository\org\hibernate\orm\hibernate-core\7.2.4.Final\hibernate-core-7.2.4.Final.jar;C:\Users\Akanksha.Surve\.m2\repository\jakarta\transaction\jakarta.transaction-api\2.0.1\jakarta.transaction-api-2.0.1.jar;C:\Users\Akanksha.Surve\.m2\repository\org\hibernate\models\hibernate-models\1.0.1\hibernate-models-1.0.1.jar;C:\Users\Akanksha.Surve\.m2\repository\org\glassfish\jaxb\jaxb-runtime\4.0.6\jaxb-runtime-4.0.6.jar;C:\Users\Akanksha.Surve\.m2\repository\org\glassfish\jaxb\jaxb-core\4.0.6\jaxb-core-4.0.6.jar;C:\Users\Akanksha.Surve\.m2\repository\org\glassfish\jaxb\txw2\4.0.6\txw2-4.0.6.jar;C:\Users\Akanksha.Surve\.m2\repository\com\sun\istack\istack-commons-runtime\4.1.2\istack-commons-runtime-4.1.2.jar;C:\Users\Akanksha.Surve\.m2\repository\jakarta\inject\jakarta.inject-api\2.0.1\jakarta.inject-api-2.0.1.jar;C:\Users\Akanksha.Surve\.m2\repository\org\springframework\spring-orm\7.0.5\spring-orm-7.0.5.jar;C:\Users\Akanksha.Surve\.m2\repository\org\springframework\data\spring-data-jpa\4.0.3\spring-data-jpa-4.0.3.jar;C:\Users\Akanksha.Surve\.m2\repository\org\springframework\spring-tx\7.0.5\spring-tx-7.0.5.jar;C:\Users\Akanksha.Surve\.m2\repository\org\antlr\antlr4-runtime\4.13.2\antlr4-runtime-4.13.2.jar;C:\Users\Akanksha.Surve\.m2\repository\org\springframework\spring-aspects\7.0.5\spring-aspects-7.0.5.jar;C:\Users\Akanksha.Surve\.m2\repository\org\aspectj\aspectjweaver\1.9.25.1\aspectjweaver-1.9.25.1.jar;C:\Users\Akanksha.Surve\.m2\repository\org\springframework\boot\spring-boot-jdbc\4.0.3\spring-boot-jdbc-4.0.3.jar;C:\Users\Akanksha.Surve\.m2\repository\org\springframework\boot\spring-boot-sql\4.0.3\spring-boot-sql-4.0.3.jar;C:\Users\Akanksha.Surve\.m2\repository\org\springframework\boot\spring-boot-transaction\4.0.3\spring-boot-transaction-4.0.3.jar;C:\Users\Akanksha.Surve\.m2\repository\org\springframework\spring-jdbc\7.0.5\spring-jdbc-7.0.5.jar;C:\Users\Akanksha.Surve\.m2\repository\org\flywaydb\flyway-core\11.14.1\flyway-core-11.14.1.jar;C:\Users\Akanksha.Surve\.m2\repository\com\fasterxml\jackson\core\jackson-databind\2.20.2\jackson-databind-2.20.2.jar;C:\Users\Akanksha.Surve\.m2\repository\org\flywaydb\flyway-database-postgresql\11.14.1\flyway-database-postgresql-11.14.1.jar;C:\Users\Akanksha.Surve\.m2\repository\org\springframework\boot\spring-boot-starter-tomcat\4.0.3\spring-boot-starter-tomcat-4.0.3.jar;C:\Users\Akanksha.Surve\.m2\repository\org\springframework\boot\spring-boot-starter-tomcat-runtime\4.0.3\spring-boot-starter-tomcat-runtime-4.0.3.jar;C:\Users\Akanksha.Surve\.m2\repository\org\springframework\boot\spring-boot-web-server\4.0.3\spring-boot-web-server-4.0.3.jar;C:\Users\Akanksha.Surve\.m2\repository\org\apache\tomcat\embed\tomcat-embed-core\11.0.18\tomcat-embed-core-11.0.18.jar;C:\Users\Akanksha.Surve\.m2\repository\org\apache\tomcat\embed\tomcat-embed-el\11.0.18\tomcat-embed-el-11.0.18.jar;C:\Users\Akanksha.Surve\.m2\repository\org\apache\tomcat\embed\tomcat-embed-websocket\11.0.18\tomcat-embed-websocket-11.0.18.jar;C:\Users\Akanksha.Surve\.m2\repository\org\springframework\boot\spring-boot-tomcat\4.0.3\spring-boot-tomcat-4.0.3.jar;C:\Users\Akanksha.Surve\git\NewMaharecuitrment\maharecruitment-common\target\classes;C:\Users\Akanksha.Surve\git\NewMaharecuitrment\maharecruitment-attendance\target\classes;C:\Users\Akanksha.Surve\git\NewMaharecuitrment\maharecruitment-security\target\classes;C:\Users\Akanksha.Surve\git\NewMaharecuitrment\maharecruitment-auth\target\classes;C:\Users\Akanksha.Surve\git\NewMaharecuitrment\maharecruitment-agency\target\classes;C:\Users\Akanksha.Surve\git\NewMaharecuitrment\maharecruitment-master\target\classes;C:\Users\Akanksha.Surve\git\NewMaharecuitrment\maharecruitment-department\target\classes;C:\Users\Akanksha.Surve\git\NewMaharecuitrment\maharecruitment-invoice\target\classes;C:\Users\Akanksha.Surve\git\NewMaharecuitrment\maharecruitment-recruitment\target\classes;C:\Users\Akanksha.Surve\git\NewMaharecuitrment\maharecruitment-notification\target\classes;C:\Users\Akanksha.Surve\git\NewMaharecuitrment\maharecruitment-workorder\target\classes;C:\Users\Akanksha.Surve\git\NewMaharecuitrment\maharecruitment-audit\target\classes;C:\Users\Akanksha.Surve\.m2\repository\com\google\zxing\core\3.5.4\core-3.5.4.jar;C:\Users\Akanksha.Surve\.m2\repository\com\google\zxing\javase\3.5.4\javase-3.5.4.jar;C:\Users\Akanksha.Surve\.m2\repository\org\jcommander\jcommander\1.85\jcommander-1.85.jar;C:\Users\Akanksha.Surve\.m2\repository\com\github\jai-imageio\jai-imageio-core\1.4.0\jai-imageio-core-1.4.0.jar;C:\Users\Akanksha.Surve\.m2\repository\org\thymeleaf\extras\thymeleaf-extras-springsecurity6\3.1.3.RELEASE\thymeleaf-extras-springsecurity6-3.1.3.RELEASE.jar;C:\Users\Akanksha.Surve\.m2\repository\org\thymeleaf\thymeleaf-spring6\3.1.3.RELEASE\thymeleaf-spring6-3.1.3.RELEASE.jar;C:\Users\Akanksha.Surve\.m2\repository\org\thymeleaf\thymeleaf\3.1.3.RELEASE\thymeleaf-3.1.3.RELEASE.jar;C:\Users\Akanksha.Surve\.m2\repository\org\attoparser\attoparser\2.0.7.RELEASE\attoparser-2.0.7.RELEASE.jar;C:\Users\Akanksha.Surve\.m2\repository\org\unbescape\unbescape\1.1.6.RELEASE\unbescape-1.1.6.RELEASE.jar;C:\Users\Akanksha.Surve\.m2\repository\org\slf4j\slf4j-api\2.0.17\slf4j-api-2.0.17.jar;C:\Users\Akanksha.Surve\.m2\repository\org\springframework\boot\spring-boot-devtools\4.0.3\spring-boot-devtools-4.0.3.jar;C:\Users\Akanksha.Surve\.m2\repository\org\springframework\boot\spring-boot\4.0.3\spring-boot-4.0.3.jar;C:\Users\Akanksha.Surve\.m2\repository\org\springframework\spring-context\7.0.5\spring-context-7.0.5.jar;C:\Users\Akanksha.Surve\.m2\repository\org\springframework\boot\spring-boot-autoconfigure\4.0.3\spring-boot-autoconfigure-4.0.3.jar;C:\Users\Akanksha.Surve\.m2\repository\org\postgresql\postgresql\42.7.10\postgresql-42.7.10.jar;C:\Users\Akanksha.Surve\.m2\repository\org\checkerframework\checker-qual\3.52.0\checker-qual-3.52.0.jar;C:\Users\Akanksha.Surve\.m2\repository\org\springframework\boot\spring-boot-starter-validation\4.0.3\spring-boot-starter-validation-4.0.3.jar;C:\Users\Akanksha.Surve\.m2\repository\org\springframework\boot\spring-boot-validation\4.0.3\spring-boot-validation-4.0.3.jar;C:\Users\Akanksha.Surve\.m2\repository\org\hibernate\validator\hibernate-validator\9.0.1.Final\hibernate-validator-9.0.1.Final.jar;C:\Users\Akanksha.Surve\.m2\repository\jakarta\validation\jakarta.validation-api\3.1.1\jakarta.validation-api-3.1.1.jar;C:\Users\Akanksha.Surve\.m2\repository\org\jboss\logging\jboss-logging\3.6.2.Final\jboss-logging-3.6.2.Final.jar;C:\Users\Akanksha.Surve\.m2\repository\com\fasterxml\classmate\1.7.3\classmate-1.7.3.jar;C:\Users\Akanksha.Surve\.m2\repository\org\projectlombok\lombok\1.18.42\lombok-1.18.42.jar;C:\Users\Akanksha.Surve\.m2\repository\jakarta\xml\bind\jakarta.xml.bind-api\4.0.4\jakarta.xml.bind-api-4.0.4.jar;C:\Users\Akanksha.Surve\.m2\repository\jakarta\activation\jakarta.activation-api\2.1.4\jakarta.activation-api-2.1.4.jar;C:\Users\Akanksha.Surve\.m2\repository\net\bytebuddy\byte-buddy\1.17.8\byte-buddy-1.17.8.jar;C:\Users\Akanksha.Surve\.m2\repository\org\springframework\spring-core\7.0.5\spring-core-7.0.5.jar;C:\Users\Akanksha.Surve\.m2\repository\commons-logging\commons-logging\1.3.5\commons-logging-1.3.5.jar;C:\Users\Akanksha.Surve\.m2\repository\org\jspecify\jspecify\1.0.0\jspecify-1.0.0.jar;C:\Users\Akanksha.Surve\.m2\repository\org\springframework\security\spring-security-core\7.0.3\spring-security-core-7.0.3.jar;C:\Users\Akanksha.Surve\.m2\repository\org\springframework\security\spring-security-crypto\7.0.3\spring-security-crypto-7.0.3.jar;C:\Users\Akanksha.Surve\.m2\repository\org\springframework\spring-expression\7.0.5\spring-expression-7.0.5.jar;C:\Users\Akanksha.Surve\.m2\repository\io\micrometer\micrometer-observation\1.16.3\micrometer-observation-1.16.3.jar;C:\Users\Akanksha.Surve\.m2\repository\io\micrometer\micrometer-commons\1.16.3\micrometer-commons-1.16.3.jar;C:\Users\Akanksha.Surve\.m2\repository\org\springframework\security\spring-security-web\7.0.3\spring-security-web-7.0.3.jar;C:\Users\Akanksha.Surve\.m2\repository\org\springframework\boot\spring-boot-starter-mail\4.0.3\spring-boot-starter-mail-4.0.3.jar;C:\Users\Akanksha.Surve\.m2\repository\org\springframework\boot\spring-boot-mail\4.0.3\spring-boot-mail-4.0.3.jar;C:\Users\Akanksha.Surve\.m2\repository\org\springframework\spring-context-support\7.0.5\spring-context-support-7.0.5.jar;C:\Users\Akanksha.Surve\.m2\repository\jakarta\mail\jakarta.mail-api\2.1.5\jakarta.mail-api-2.1.5.jar;C:\Users\Akanksha.Surve\.m2\repository\org\eclipse\angus\angus-mail\2.0.5\angus-mail-2.0.5.jar;C:\Users\Akanksha.Surve\.m2\repository\org\eclipse\angus\angus-activation\2.0.3\angus-activation-2.0.3.jar;C:\Users\Akanksha.Surve\.m2\repository\org\apache\poi\poi-ooxml\5.2.3\poi-ooxml-5.2.3.jar;C:\Users\Akanksha.Surve\.m2\repository\org\apache\poi\poi\5.2.3\poi-5.2.3.jar;C:\Users\Akanksha.Surve\.m2\repository\commons-codec\commons-codec\1.19.0\commons-codec-1.19.0.jar;C:\Users\Akanksha.Surve\.m2\repository\org\apache\commons\commons-math3\3.6.1\commons-math3-3.6.1.jar;C:\Users\Akanksha.Surve\.m2\repository\com\zaxxer\SparseBitSet\1.2\SparseBitSet-1.2.jar;C:\Users\Akanksha.Surve\.m2\repository\org\apache\poi\poi-ooxml-lite\5.2.3\poi-ooxml-lite-5.2.3.jar;C:\Users\Akanksha.Surve\.m2\repository\org\apache\xmlbeans\xmlbeans\5.1.1\xmlbeans-5.1.1.jar;C:\Users\Akanksha.Surve\.m2\repository\org\apache\commons\commons-compress\1.21\commons-compress-1.21.jar;C:\Users\Akanksha.Surve\.m2\repository\commons-io\commons-io\2.11.0\commons-io-2.11.0.jar;C:\Users\Akanksha.Surve\.m2\repository\com\github\virtuald\curvesapi\1.07\curvesapi-1.07.jar;C:\Users\Akanksha.Surve\.m2\repository\org\apache\logging\log4j\log4j-api\2.25.3\log4j-api-2.25.3.jar;C:\Users\Akanksha.Surve\.m2\repository\org\apache\commons\commons-collections4\4.4\commons-collections4-4.4.jar;C:\Users\Akanksha.Surve\.m2\repository\cn\apiclub\tool\simplecaptcha\1.2.2\simplecaptcha-1.2.2.jar;C:\Users\Akanksha.Surve\.m2\repository\org\mapstruct\mapstruct\1.5.2.Final\mapstruct-1.5.2.Final.jar;C:\Users\Akanksha.Surve\.m2\repository\org\mapstruct\mapstruct-processor\1.5.2.Final\mapstruct-processor-1.5.2.Final.jar;C:\Users\Akanksha.Surve\.m2\repository\com\fasterxml\jackson\datatype\jackson-datatype-jsr310\2.13.0\jackson-datatype-jsr310-2.13.0.jar;C:\Users\Akanksha.Surve\.m2\repository\com\fasterxml\jackson\core\jackson-annotations\2.20\jackson-annotations-2.20.jar;C:\Users\Akanksha.Surve\.m2\repository\com\fasterxml\jackson\core\jackson-core\2.20.2\jackson-core-2.20.2.jar
Launcher Type: SUN_STANDARD

[Global flags]
     intx CICompilerCount                          = 12                                        {product} {ergonomic}
     uint ConcGCThreads                            = 3                                         {product} {ergonomic}
     uint G1ConcRefinementThreads                  = 13                                        {product} {ergonomic}
   size_t G1HeapRegionSize                         = 4194304                                   {product} {ergonomic}
    uintx GCDrainStackTargetSize                   = 64                                        {product} {ergonomic}
   size_t InitialHeapSize                          = 532676608                                 {product} {ergonomic}
     bool ManagementServer                         = true                                      {product} {command line}
   size_t MarkStackSize                            = 4194304                                   {product} {ergonomic}
   size_t MaxHeapSize                              = 8510242816                                {product} {ergonomic}
   size_t MaxNewSize                               = 5104467968                                {product} {ergonomic}
   size_t MinHeapDeltaBytes                        = 4194304                                   {product} {ergonomic}
   size_t MinHeapSize                              = 8388608                                   {product} {ergonomic}
    uintx NonNMethodCodeHeapSize                   = 4096                                   {pd product} {ergonomic}
    uintx NonProfiledCodeHeapSize                  = 0                                      {pd product} {ergonomic}
     bool ProfileInterpreter                       = false                                  {pd product} {command line}
    uintx ProfiledCodeHeapSize                     = 0                                      {pd product} {ergonomic}
     bool ShowCodeDetailsInExceptionMessages       = true                                   {manageable} {command line}
   size_t SoftMaxHeapSize                          = 8510242816                             {manageable} {ergonomic}
     intx TieredStopAtLevel                        = 1                                         {product} {command line}
     bool UseCompressedOops                        = true                           {product lp64_product} {ergonomic}
     bool UseG1GC                                  = true                                      {product} {ergonomic}
     bool UseLargePagesIndividualAllocation        = false                                  {pd product} {ergonomic}

Logging:
Log output configuration:
 #0: stdout all=warning uptime,level,tags foldmultilines=false
 #1: stderr all=off uptime,level,tags foldmultilines=false

Environment Variables:
PATH=D:/sts-4.29.1.RELEASE//plugins/org.eclipse.justj.openjdk.hotspot.jre.full.win32.x86_64_21.0.6.v20250130-0529/jre/bin/server;D:/sts-4.29.1.RELEASE//plugins/org.eclipse.justj.openjdk.hotspot.jre.full.win32.x86_64_21.0.6.v20250130-0529/jre/bin;C:\Program Files\Common Files\Oracle\Java\javapath;C:\Program Files (x86)\Common Files\Oracle\Java\javapath;C:\WINDOWS\system32;C:\WINDOWS;C:\WINDOWS\System32\Wbem;C:\WINDOWS\System32\WindowsPowerShell\v1.0\;C:\WINDOWS\System32\OpenSSH\;C:\Program Files\PuTTY\;C:\Program Files\nodejs\;C:\Users\Akanksha.Surve\AppData\Local\Microsoft\WindowsApps;C:\Users\Akanksha.Surve\AppData\Roaming\npm;C:\Users\Akanksha.Surve\AppData\Local\Programs\Git\cmd;C:\Users\Akanksha.Surve\AppData\Local\Programs\Antigravity\bin;D:\sts-4.29.1.RELEASE;
USERNAME=Akanksha.Surve
OS=Windows_NT
PROCESSOR_IDENTIFIER=Intel64 Family 6 Model 191 Stepping 2, GenuineIntel
TMP=C:\Users\AKANKS~1.SUR\AppData\Local\Temp
TEMP=C:\Users\AKANKS~1.SUR\AppData\Local\Temp




Periodic native trim disabled

---------------  S Y S T E M  ---------------

OS:
 Windows 11 , 64 bit Build 26100 (10.0.26100.7019)
OS uptime: 1 days 5:55 hours
Hyper-V role detected

CPU: total 16 (initial active 16) (8 cores per cpu, 2 threads per core) family 6 model 191 stepping 2 microcode 0x3a, cx8, cmov, fxsr, ht, mmx, 3dnowpref, sse, sse2, sse3, ssse3, sse4.1, sse4.2, popcnt, lzcnt, tsc, tscinvbit, avx, avx2, aes, erms, clmul, bmi1, bmi2, adx, sha, fma, vzeroupper, clflush, clflushopt, clwb, hv, serialize, rdtscp, rdpid, fsrm, f16c, cet_ibt, cet_ss
Processor Information for the first 16 processors :
  Max Mhz: 2500, Current Mhz: 2500, Mhz Limit: 2500

Memory: 4k page, system-wide physical 32454M (15294M free)
TotalPageFile size 34502M (AvailPageFile size 9792M)
current process WorkingSet (physical memory assigned to process): 458M, peak: 458M
current process commit charge ("private bytes"): 505M, peak: 640M

vm_info: OpenJDK 64-Bit Server VM (21.0.6+7-LTS) for windows-amd64 JRE (21.0.6+7-LTS), built on 2025-01-21T00:00:00Z by "admin" with MS VC++ 17.7 (VS2022)

END.
