#
# A fatal error has been detected by the Java Runtime Environment:
#
#  EXCEPTION_ACCESS_VIOLATION (0xc0000005) at pc=0x00007fff422ec561, pid=14580, tid=27768
#
# JRE version: OpenJDK Runtime Environment Temurin-21.0.6+7 (21.0.6+7) (build 21.0.6+7-LTS)
# Java VM: OpenJDK 64-Bit Server VM Temurin-21.0.6+7 (21.0.6+7-LTS, mixed mode, emulated-client, sharing, tiered, compressed oops, compressed class ptrs, g1 gc, windows-amd64)
# Problematic frame:
# V  [jvm.dll+0xc561]
#
# No core dump will be written. Minidumps are not enabled by default on client versions of Windows
#
# If you would like to submit a bug report, please visit:
#   https://github.com/adoptium/adoptium-support/issues
#

---------------  S U M M A R Y ------------

Command Line: -Dcom.sun.management.jmxremote -Dcom.sun.management.jmxremote.port=54360 -Dcom.sun.management.jmxremote.authenticate=false -Dcom.sun.management.jmxremote.ssl=false -Djava.rmi.server.hostname=localhost -Dspring.jmx.enabled=true -Dmanagement.endpoints.jmx.exposure.include=* -Dspring.application.admin.enabled=true -Dspring.output.ansi.enabled=always -XX:TieredStopAtLevel=1 -Dspring.boot.project.name=maharecruitment-web -Dfile.encoding=UTF-8 -Dstdout.encoding=UTF-8 -Dstderr.encoding=UTF-8 -XX:+ShowCodeDetailsInExceptionMessages com.maharecruitment.gov.in.web.MaharecruitmentParentApplication

Host: Intel(R) Core(TM) i5-14400, 16 cores, 31G,  Windows 11 , 64 bit Build 26100 (10.0.26100.7019)
Time: Thu Apr 16 10:40:16 2026 India Standard Time elapsed time: 1036.376346 seconds (0d 0h 17m 16s)

---------------  T H R E A D  ---------------

Current thread (0x000001f49e34e0b0):  WorkerThread "G1 Conc#0"      [id=27768, stack(0x0000001877700000,0x0000001877800000) (1024K)]

Stack: [0x0000001877700000,0x0000001877800000],  sp=0x00000018777ffaf8,  free space=1022k
Native frames: (J=compiled Java code, j=interpreted, Vv=VM code, C=native code)
V  [jvm.dll+0xc561]


siginfo: EXCEPTION_ACCESS_VIOLATION (0xc0000005), reading address 0x0000000000000117


Registers:
RAX=0x0000000000000017, RBX=0x000001f4af1fdd01, RCX=0x000001f4b3401240, RDX=0x0000000605562008
RSP=0x00000018777ffaf8, RBP=0x0000000000000002, RSI=0x000001f49e34b4c0, RDI=0x0000000605562008
R8 =0x000001f4b3401240, R9 =0x0000000000000000, R10=0x000001f49e2b38f0, R11=0x0000000000000003
R12=0x0000000000000000, R13=0xaaaaaaaaaaaaaaab, R14=0x000001f4b30bac28, R15=0x0000000605561ff0
RIP=0x00007fff422ec561, EFLAGS=0x0000000000010246

XMM[0]=0x0000000000000000 0x0000000000000000
XMM[1]=0x0000000000000000 0x0000000000000000
XMM[2]=0x0000000000000000 0x0000000000000000
XMM[3]=0x0000000000000000 0x0000000000000000
XMM[4]=0x0000000000000000 0x0000000000000000
XMM[5]=0x0000000000000000 0x0000000000000000
XMM[6]=0x0000000000000000 0x3ffb766a75bb5960
XMM[7]=0x0000000000000000 0x408f400000000000
XMM[8]=0x0000000000000000 0x0000000000000000
XMM[9]=0x0000000000000000 0x0000000000000000
XMM[10]=0x0000000000000000 0x0000000000000000
XMM[11]=0x0000000000000000 0x0000000000000000
XMM[12]=0x0000000000000000 0x0000000000000000
XMM[13]=0x0000000000000000 0x0000000000000000
XMM[14]=0x0000000000000000 0x0000000000000000
XMM[15]=0x0000000000000000 0x0000000000000000
  MXCSR=0x00001fa0


Register to memory mapping:

RAX=0x0000000000000017 is an unknown value
RBX=0x000001f4af1fdd01 points into unknown readable memory: 62 d0 42 ff 7f 00 00
RCX=0x000001f4b3401240 is pointing into metadata
RDX=
[error occurred during error reporting (printing register info), id 0xc0000005, EXCEPTION_ACCESS_VIOLATION (0xc0000005) at pc=0x00007fff422ec561]
RSP=0x00000018777ffaf8 points into unknown readable memory: 0x00007fff425fa0ea | ea a0 5f 42 ff 7f 00 00
RBP=0x0000000000000002 is an unknown value
RSI=0x000001f49e34b4c0 points into unknown readable memory: 0x000001f49e34c180 | 80 c1 34 9e f4 01 00 00
RDI=
[error occurred during error reporting (printing register info, attempt 2), id 0xc0000005, EXCEPTION_ACCESS_VIOLATION (0xc0000005) at pc=0x00007fff422ec561]
R8 =0x000001f4b3401240 is pointing into metadata
R9 =0x0 is null
R10=0x000001f49e2b38f0 points into unknown readable memory: 0x00007fff42d048e0 | e0 48 d0 42 ff 7f 00 00
R11=0x0000000000000003 is an unknown value
R12=0x0 is null
R13=0xaaaaaaaaaaaaaaab is an unknown value
R14=0x000001f4b30bac28 is pointing into metadata
R15=0x0000000605561ff0 is an oop: java.util.ArrayList 
{0x0000000605561ff0} - klass: 'java/util/ArrayList'
 - ---- fields (total size 3 words):
 - protected transient 'modCount' 'I' @12  1 (0x00000001)
 - private 'size' 'I' @16  1 (0x00000001)
 - transient 'elementData' '[Ljava/lang/Object;' @20  
[error occurred during error reporting (printing register info, attempt 3), id 0xc0000005, EXCEPTION_ACCESS_VIOLATION (0xc0000005) at pc=0x00007fff42999136]
Top of Stack: (sp=0x00000018777ffaf8)
0x00000018777ffaf8:   00007fff425fa0ea 000000060551ad58
0x00000018777ffb08:   00007fff425fa0ea 00000006051a8a08
0x00000018777ffb18:   00007fff425f9ebf 0000000605562008
0x00000018777ffb28:   00007fff425f9ebf 000001f4af1fdd00
0x00000018777ffb38:   00000018777ffcd0 000001f4b30bac20
0x00000018777ffb48:   00000018777ffcd0 0000000605562008
0x00000018777ffb58:   00007fff425f787d 0000000605562004
0x00000018777ffb68:   00007fff425f7fbd 0000000605561fd8
0x00000018777ffb78:   0000000000000001 00000018777ffc90
0x00000018777ffb88:   0000000000000001 0000000605561ff0
0x00000018777ffb98:   00007fff425f74c2 000001f4b30ba5e0
0x00000018777ffba8:   0000000000000003 00000018777ffcd0
0x00000018777ffbb8:   0000000000000040 000001f4af1fdd00
0x00000018777ffbc8:   00007fff42616ee0 0000000605561ff0
0x00000018777ffbd8:   000001f49e34b4d0 00000018777ffc90
0x00000018777ffbe8:   000001f49e34b4d0 0000000605561ff0
0x00000018777ffbf8:   00007fff42613791 000000000012c3fe
0x00000018777ffc08:   00000018776ff890 000000060551ad40
0x00000018777ffc18:   00007fff42614de4 0000000000180000
0x00000018777ffc28:   00007fff426152cc 0000000605561fe0
0x00000018777ffc38:   000000000012c3fe 000000000047868c
0x00000018777ffc48:   000000000007270e 000001f49e34e460
0x00000018777ffc58:   0000000000000001 000001f4af1fdd00
0x00000018777ffc68:   00007fff4261405f 000001f4af1fdd98
0x00000018777ffc78:   0000000000000000 00000018776ff801
0x00000018777ffc88:   0000000000000000 000001f49e34b4c0
0x00000018777ffc98:   000001f4af1fdd00 0000000605400000
0x00000018777ffca8:   0000000000080000 0000000605400000
0x00000018777ffcb8:   0000000000080000 000000000007270e
0x00000018777ffcc8:   000000000047868c 00007fff42d06278
0x00000018777ffcd8:   000001f4af2a0370 0000000000000003
0x00000018777ffce8:   000001f49e2b38f0 000001f4af1fdd00 

Instructions: (pc=0x00007fff422ec561)
0x00007fff422ec461:   41 f6 c1 01 75 53 41 c1 f9 03 49 63 c1 c3 79 49
0x00007fff422ec471:   84 c0 41 b8 0c 00 00 00 8b 05 a9 dc c1 00 b9 10
0x00007fff422ec481:   00 00 00 41 0f 45 c8 ff c8 4c 63 c0 41 8b c1 48
0x00007fff422ec491:   c1 f8 10 0f b6 c0 48 63 14 11 41 8b c9 83 e1 3f
0x00007fff422ec4a1:   48 d3 e2 49 8d 0c 10 49 f7 d0 48 03 c1 49 c1 e8
0x00007fff422ec4b1:   03 48 c1 e8 03 49 23 c0 c3 49 8b 00 49 8b c8 48
0x00007fff422ec4c1:   ff a0 00 01 00 00 cc cc cc cc cc cc cc cc cc 8b
0x00007fff422ec4d1:   44 24 30 45 03 c9 44 2b 4c 24 28 83 c0 0b 44 03
0x00007fff422ec4e1:   ca 45 03 c8 41 03 c1 c3 cc cc cc cc cc cc cc 4c
0x00007fff422ec4f1:   8b c2 48 8b d1 45 8b 48 08 45 85 c9 7e 0e 41 f6
0x00007fff422ec501:   c1 01 75 56 41 c1 f9 03 49 63 c1 c3 79 4c 80 3d
0x00007fff422ec511:   04 e1 c1 00 00 b8 0c 00 00 00 b9 10 00 00 00 0f
0x00007fff422ec521:   45 c8 8b 05 ff db c1 00 ff c8 4c 63 c0 41 8b c1
0x00007fff422ec531:   48 c1 f8 10 48 63 14 11 41 8b c9 83 e1 3f 0f b6
0x00007fff422ec541:   c0 48 d3 e2 49 8d 0c 10 49 f7 d0 48 03 c1 49 c1
0x00007fff422ec551:   e8 03 48 c1 e8 03 49 23 c0 c3 49 8b 00 49 8b c8
0x00007fff422ec561:   48 ff a0 00 01 00 00 cc cc cc cc cc cc cc cc 48
0x00007fff422ec571:   8b 41 08 0f b7 48 2c 0f b7 40 2a 83 c0 48 03 c1
0x00007fff422ec581:   c3 cc cc cc cc cc cc cc cc cc cc cc cc cc cc 48
0x00007fff422ec591:   89 5c 24 08 57 48 83 ec 20 0f b6 05 1f de cc 00
0x00007fff422ec5a1:   48 8b fa 48 8b d9 84 c0 74 4f 48 85 15 b6 d5 cc
0x00007fff422ec5b1:   00 74 38 48 8b ca e8 94 d4 8c 00 48 8b d0 48 85
0x00007fff422ec5c1:   db 74 25 48 85 c0 74 20 48 8b c7 f0 48 0f b1 13
0x00007fff422ec5d1:   74 16 48 85 05 8e d5 cc 00 74 0d 48 8b c8 f0 48
0x00007fff422ec5e1:   0f b1 13 48 3b c1 75 ea 48 8b fa 48 8b c7 48 8b
0x00007fff422ec5f1:   5c 24 30 48 83 c4 20 5f c3 48 85 3d 6f d5 cc 00
0x00007fff422ec601:   75 33 48 85 ff 75 0f 33 d2 8b c2 48 8b 5c 24 30
0x00007fff422ec611:   48 83 c4 20 5f c3 48 8b 15 62 d5 cc 00 48 23 d7
0x00007fff422ec621:   48 0b 15 38 d5 cc 00 48 8b c2 48 8b 5c 24 30 48
0x00007fff422ec631:   83 c4 20 5f c3 48 8b cf e8 52 d3 8c 00 48 8b d0
0x00007fff422ec641:   48 85 db 74 40 48 85 c0 74 3b 4c 8b 05 2e d5 cc
0x00007fff422ec651:   00 4c 23 c0 4c 0b 05 5c d5 cc 00 74 28 48 8b c7 


Stack slot to memory mapping:

stack at sp + 0 slots: 0x00007fff425fa0ea jvm.dll
stack at sp + 1 slots: 0x000000060551ad58 is an oop: [B 
{0x000000060551ad58} - klass: {type array byte}
 - length: 58
stack at sp + 2 slots: 0x00007fff425fa0ea jvm.dll
stack at sp + 3 slots: 0x00000006051a8a08 is an oop: java.lang.ref.ReferenceQueue$Null 
{0x00000006051a8a08} - klass: 'java/lang/ref/ReferenceQueue$Null'
 - ---- fields (total size 4 words):
 - private volatile 'head' 'Ljava/lang/ref/Reference;' @12  null (0x00000000)
 - private 'queueLength' 'J' @16  0 (0x0000000000000000)
 - private final 'lock' 'Ljava/util/concurrent/locks/ReentrantLock;' @24  null (0x00000000)
 - private final 'notEmpty' 'Ljava/util/concurrent/locks/Condition;' @28  null (0x00000000)
stack at sp + 4 slots: 0x00007fff425f9ebf jvm.dll
stack at sp + 5 slots: 
[error occurred during error reporting (inspecting top of stack), id 0xc0000005, EXCEPTION_ACCESS_VIOLATION (0xc0000005) at pc=0x00007fff422ec561]
stack at sp + 6 slots: 0x00007fff425f9ebf jvm.dll
stack at sp + 7 slots: 0x000001f4af1fdd00 points into unknown readable memory: 0x00007fff42d06258 | 58 62 d0 42 ff 7f 00 00


---------------  P R O C E S S  ---------------

Threads class SMR info:
_java_thread_list=0x000001f4f8e4b2b0, length=40, elements={
0x000001f4b2208820, 0x000001f4b220a7b0, 0x000001f4b220d3a0, 0x000001f4b2212500,
0x000001f4b2213c70, 0x000001f4b2218bd0, 0x000001f4b221b470, 0x000001f4b2364bd0,
0x000001f4b23c3d10, 0x000001f4b2ab7a40, 0x000001f4b2b074f0, 0x000001f4b2b1b270,
0x000001f4f83e2dd0, 0x000001f4f83e3f70, 0x000001f4f844f100, 0x000001f4f8588f90,
0x000001f4f8587550, 0x000001f4f8587be0, 0x000001f4f8588270, 0x000001f4f8589620,
0x000001f4f8588900, 0x000001f4fa58aab0, 0x000001f4fa58b140, 0x000001f4fa58be60,
0x000001f4fa589700, 0x000001f4fa58c4f0, 0x000001f4fa589070, 0x000001f4fa58d210,
0x000001f4fa58ec50, 0x000001f4fa58df30, 0x000001f4fa58e5c0, 0x000001f4fa58d8a0,
0x000001f4fa58f970, 0x000001f4fa58f2e0, 0x000001f4fa590000, 0x000001f4fa58cb80,
0x000001f4fa58a420, 0x000001f4fa590690, 0x000001f4f8589cb0, 0x000001f4af2b50a0
}

Java Threads: ( => current thread )
  0x000001f4b2208820 JavaThread "Reference Handler"          daemon [_thread_blocked, id=18556, stack(0x0000001877c00000,0x0000001877d00000) (1024K)]
  0x000001f4b220a7b0 JavaThread "Finalizer"                  daemon [_thread_blocked, id=26376, stack(0x0000001877d00000,0x0000001877e00000) (1024K)]
  0x000001f4b220d3a0 JavaThread "Signal Dispatcher"          daemon [_thread_blocked, id=25580, stack(0x0000001877e00000,0x0000001877f00000) (1024K)]
  0x000001f4b2212500 JavaThread "Attach Listener"            daemon [_thread_blocked, id=20104, stack(0x0000001877f00000,0x0000001878000000) (1024K)]
  0x000001f4b2213c70 JavaThread "Service Thread"             daemon [_thread_blocked, id=4352, stack(0x0000001878000000,0x0000001878100000) (1024K)]
  0x000001f4b2218bd0 JavaThread "Monitor Deflation Thread"   daemon [_thread_blocked, id=27016, stack(0x0000001878100000,0x0000001878200000) (1024K)]
  0x000001f4b221b470 JavaThread "C1 CompilerThread0"         daemon [_thread_blocked, id=14384, stack(0x0000001878200000,0x0000001878300000) (1024K)]
  0x000001f4b2364bd0 JavaThread "Common-Cleaner"             daemon [_thread_blocked, id=12456, stack(0x0000001878400000,0x0000001878500000) (1024K)]
  0x000001f4b23c3d10 JavaThread "Notification Thread"        daemon [_thread_blocked, id=3920, stack(0x0000001878700000,0x0000001878800000) (1024K)]
  0x000001f4b2ab7a40 JavaThread "RMI TCP Accept-0"           daemon [_thread_in_native, id=2908, stack(0x0000001878800000,0x0000001878900000) (1024K)]
  0x000001f4b2b074f0 JavaThread "RMI TCP Accept-54360"       daemon [_thread_in_native, id=10888, stack(0x0000001878900000,0x0000001878a00000) (1024K)]
  0x000001f4b2b1b270 JavaThread "RMI TCP Accept-0"           daemon [_thread_in_native, id=14924, stack(0x0000001878a00000,0x0000001878b00000) (1024K)]
  0x000001f4f83e2dd0 JavaThread "RMI Scheduler(0)"           daemon [_thread_blocked, id=17024, stack(0x0000001879700000,0x0000001879800000) (1024K)]
  0x000001f4f83e3f70 JavaThread "RMI TCP Connection(idle)"   daemon [_thread_blocked, id=27396, stack(0x0000001879800000,0x0000001879900000) (1024K)]
  0x000001f4f844f100 JavaThread "JMX server connection timeout 47" daemon [_thread_blocked, id=26872, stack(0x0000001879900000,0x0000001879a00000) (1024K)]
  0x000001f4f8588f90 JavaThread "logback-1"                  daemon [_thread_blocked, id=24204, stack(0x0000001879c00000,0x0000001879d00000) (1024K)]
  0x000001f4f8587550 JavaThread "Catalina-utility-1"                [_thread_blocked, id=27280, stack(0x000000187a300000,0x000000187a400000) (1024K)]
  0x000001f4f8587be0 JavaThread "Catalina-utility-2"                [_thread_blocked, id=24796, stack(0x000000187a400000,0x000000187a500000) (1024K)]
  0x000001f4f8588270 JavaThread "container-0"                       [_thread_blocked, id=24780, stack(0x000000187a500000,0x000000187a600000) (1024K)]
  0x000001f4f8589620 JavaThread "Cleaner-0"                  daemon [_thread_blocked, id=8248, stack(0x000000187a700000,0x000000187a800000) (1024K)]
  0x000001f4f8588900 JavaThread "HikariPool-1:housekeeper"   daemon [_thread_blocked, id=24504, stack(0x000000187a800000,0x000000187a900000) (1024K)]
  0x000001f4fa58aab0 JavaThread "HttpClient-1-SelectorManager" daemon [_thread_in_native, id=28972, stack(0x000000187af00000,0x000000187b000000) (1024K)]
  0x000001f4fa58b140 JavaThread "File Watcher"               daemon [_thread_in_native, id=16628, stack(0x000000187b000000,0x000000187b100000) (1024K)]
  0x000001f4fa58be60 JavaThread "http-nio-8777-exec-1"       daemon [_thread_blocked, id=19692, stack(0x000000187b100000,0x000000187b200000) (1024K)]
  0x000001f4fa589700 JavaThread "http-nio-8777-exec-2"       daemon [_thread_blocked, id=22484, stack(0x000000187b200000,0x000000187b300000) (1024K)]
  0x000001f4fa58c4f0 JavaThread "http-nio-8777-exec-3"       daemon [_thread_blocked, id=27308, stack(0x000000187b300000,0x000000187b400000) (1024K)]
  0x000001f4fa589070 JavaThread "http-nio-8777-exec-4"       daemon [_thread_blocked, id=28668, stack(0x000000187b400000,0x000000187b500000) (1024K)]
  0x000001f4fa58d210 JavaThread "http-nio-8777-exec-5"       daemon [_thread_blocked, id=19140, stack(0x000000187b500000,0x000000187b600000) (1024K)]
  0x000001f4fa58ec50 JavaThread "http-nio-8777-exec-6"       daemon [_thread_blocked, id=11404, stack(0x000000187b600000,0x000000187b700000) (1024K)]
  0x000001f4fa58df30 JavaThread "http-nio-8777-exec-7"       daemon [_thread_blocked, id=19876, stack(0x000000187b700000,0x000000187b800000) (1024K)]
  0x000001f4fa58e5c0 JavaThread "http-nio-8777-exec-8"       daemon [_thread_blocked, id=26692, stack(0x000000187b800000,0x000000187b900000) (1024K)]
  0x000001f4fa58d8a0 JavaThread "http-nio-8777-exec-9"       daemon [_thread_blocked, id=28492, stack(0x000000187b900000,0x000000187ba00000) (1024K)]
  0x000001f4fa58f970 JavaThread "http-nio-8777-exec-10"      daemon [_thread_blocked, id=20296, stack(0x000000187ba00000,0x000000187bb00000) (1024K)]
  0x000001f4fa58f2e0 JavaThread "http-nio-8777-Poller"       daemon [_thread_in_native, id=5420, stack(0x000000187bb00000,0x000000187bc00000) (1024K)]
  0x000001f4fa590000 JavaThread "http-nio-8777-Acceptor"     daemon [_thread_in_native, id=17072, stack(0x000000187bc00000,0x000000187bd00000) (1024K)]
  0x000001f4fa58cb80 JavaThread "scheduling-1"                      [_thread_blocked, id=27412, stack(0x000000187bd00000,0x000000187be00000) (1024K)]
  0x000001f4fa58a420 JavaThread "DestroyJavaVM"                     [_thread_blocked, id=26128, stack(0x0000001877400000,0x0000001877500000) (1024K)]
  0x000001f4fa590690 JavaThread "logback-2"                  daemon [_thread_blocked, id=26976, stack(0x0000001878500000,0x0000001878600000) (1024K)]
  0x000001f4f8589cb0 JavaThread "logback-3"                  daemon [_thread_blocked, id=2076, stack(0x0000001877200000,0x0000001877300000) (1024K)]
  0x000001f4af2b50a0 JavaThread "logback-4"                  daemon [_thread_blocked, id=24892, stack(0x0000001877300000,0x0000001877400000) (1024K)]
Total: 40

Other Threads:
  0x000001f4b21e7390 VMThread "VM Thread"                           [id=10800, stack(0x0000001877b00000,0x0000001877c00000) (1024K)]
  0x000001f4af3cebf0 WatcherThread "VM Periodic Task Thread"        [id=16392, stack(0x0000001877a00000,0x0000001877b00000) (1024K)]
  0x000001f49e34aec0 WorkerThread "GC Thread#0"                     [id=8348, stack(0x0000001877500000,0x0000001877600000) (1024K)]
  0x000001f4b2b39ca0 WorkerThread "GC Thread#1"                     [id=26768, stack(0x0000001878b00000,0x0000001878c00000) (1024K)]
  0x000001f4b2b3a040 WorkerThread "GC Thread#2"                     [id=27012, stack(0x0000001878c00000,0x0000001878d00000) (1024K)]
  0x000001f4b2b3abf0 WorkerThread "GC Thread#3"                     [id=26124, stack(0x0000001878d00000,0x0000001878e00000) (1024K)]
  0x000001f4b2d2ab50 WorkerThread "GC Thread#4"                     [id=20844, stack(0x0000001878e00000,0x0000001878f00000) (1024K)]
  0x000001f4b2b3b390 WorkerThread "GC Thread#5"                     [id=13668, stack(0x0000001878f00000,0x0000001879000000) (1024K)]
  0x000001f4b2d2ef00 WorkerThread "GC Thread#6"                     [id=28284, stack(0x0000001879000000,0x0000001879100000) (1024K)]
  0x000001f4b2d1ebe0 WorkerThread "GC Thread#7"                     [id=10632, stack(0x0000001879100000,0x0000001879200000) (1024K)]
  0x000001f4b2d1ef80 WorkerThread "GC Thread#8"                     [id=27692, stack(0x0000001879200000,0x0000001879300000) (1024K)]
  0x000001f4b2d1f320 WorkerThread "GC Thread#9"                     [id=4768, stack(0x0000001879300000,0x0000001879400000) (1024K)]
  0x000001f4b2d1f6c0 WorkerThread "GC Thread#10"                    [id=1184, stack(0x0000001879400000,0x0000001879500000) (1024K)]
  0x000001f4b2d1fa60 WorkerThread "GC Thread#11"                    [id=12512, stack(0x0000001879500000,0x0000001879600000) (1024K)]
  0x000001f4f866bfe0 WorkerThread "GC Thread#12"                    [id=23300, stack(0x0000001879e00000,0x0000001879f00000) (1024K)]
  0x000001f49e34c180 ConcurrentGCThread "G1 Main Marker"            [id=11820, stack(0x0000001877600000,0x0000001877700000) (1024K)]
=>0x000001f49e34e0b0 WorkerThread "G1 Conc#0"                       [id=27768, stack(0x0000001877700000,0x0000001877800000) (1024K)]
  0x000001f4f866c380 WorkerThread "G1 Conc#1"                       [id=19112, stack(0x000000187a000000,0x000000187a100000) (1024K)]
  0x000001f4f866b500 WorkerThread "G1 Conc#2"                       [id=24008, stack(0x000000187a100000,0x000000187a200000) (1024K)]
  0x000001f4af2a0730 ConcurrentGCThread "G1 Refine#0"               [id=26788, stack(0x0000001877800000,0x0000001877900000) (1024K)]
  0x000001f4af2a31c0 ConcurrentGCThread "G1 Service"                [id=28348, stack(0x0000001877900000,0x0000001877a00000) (1024K)]
Total: 21

Threads with active compile tasks:
Total: 0

VM state: not at safepoint (normal execution)

VM Mutex/Monitor currently owned by a thread: None

Heap address: 0x0000000604c00000, size: 8116 MB, Compressed Oops mode: Zero based, Oop shift amount: 3

CDS archive(s) mapped at: [0x000001f4b3000000-0x000001f4b3c80000-0x000001f4b3c80000), size 13107200, SharedBaseAddress: 0x000001f4b3000000, ArchiveRelocationMode: 1.
Compressed class space mapped at: 0x000001f4b4000000-0x000001f4f4000000, reserved size: 1073741824
Narrow klass base: 0x000001f4b3000000, Narrow klass shift: 0, Narrow klass range: 0x100000000

GC Precious Log:
 CardTable entry size: 512
 Card Set container configuration: InlinePtr #cards 4 size 8 Array Of Cards #cards 32 size 80 Howl #buckets 8 coarsen threshold 7372 Howl Bitmap #cards 1024 size 144 coarsen threshold 921 Card regions per heap region 1 cards per card region 8192
 CPUs: 16 total, 16 available
 Memory: 32454M
 Large Page Support: Disabled
 NUMA Support: Disabled
 Compressed Oops: Enabled (Zero based)
 Heap Region Size: 4M
 Heap Min Capacity: 8M
 Heap Initial Capacity: 508M
 Heap Max Capacity: 8116M
 Pre-touch: Disabled
 Parallel Workers: 13
 Concurrent Workers: 3
 Concurrent Refinement Workers: 13
 Periodic GC: Disabled

Heap:
 garbage-first heap   total 237568K, used 85580K [0x0000000604c00000, 0x0000000800000000)
  region size 4096K, 3 young (12288K), 2 survivors (8192K)
 Metaspace       used 113518K, committed 115392K, reserved 1179648K
  class space    used 16015K, committed 16768K, reserved 1048576K

Heap Regions: E=young(eden), S=young(survivor), O=old, HS=humongous(starts), HC=humongous(continues), CS=collection set, F=free, TAMS=top-at-mark-start, PB=parsable bottom
|   0|0x0000000604c00000, 0x0000000605000000, 0x0000000605000000|100%| O|  |TAMS 0x0000000605000000| PB 0x0000000604c00000| Untracked 
|   1|0x0000000605000000, 0x0000000605400000, 0x0000000605400000|100%| O|  |TAMS 0x0000000605400000| PB 0x0000000605000000| Untracked 
|   2|0x0000000605400000, 0x0000000605800000, 0x0000000605800000|100%| O|  |TAMS 0x0000000605800000| PB 0x0000000605400000| Untracked 
|   3|0x0000000605800000, 0x0000000605c00000, 0x0000000605c00000|100%| O|  |TAMS 0x0000000605c00000| PB 0x0000000605800000| Untracked 
|   4|0x0000000605c00000, 0x0000000606000000, 0x0000000606000000|100%| O|  |TAMS 0x0000000606000000| PB 0x0000000605c00000| Untracked 
|   5|0x0000000606000000, 0x0000000606400000, 0x0000000606400000|100%| O|  |TAMS 0x0000000606400000| PB 0x0000000606000000| Untracked 
|   6|0x0000000606400000, 0x0000000606800000, 0x0000000606800000|100%| O|  |TAMS 0x0000000606800000| PB 0x0000000606400000| Untracked 
|   7|0x0000000606800000, 0x0000000606c00000, 0x0000000606c00000|100%| O|  |TAMS 0x0000000606c00000| PB 0x0000000606800000| Untracked 
|   8|0x0000000606c00000, 0x0000000607000000, 0x0000000607000000|100%| O|  |TAMS 0x0000000607000000| PB 0x0000000606c00000| Untracked 
|   9|0x0000000607000000, 0x0000000607400000, 0x0000000607400000|100%| O|  |TAMS 0x0000000607400000| PB 0x0000000607000000| Untracked 
|  10|0x0000000607400000, 0x0000000607800000, 0x0000000607800000|100%| O|  |TAMS 0x0000000607800000| PB 0x0000000607400000| Untracked 
|  11|0x0000000607800000, 0x0000000607c00000, 0x0000000607c00000|100%| O|  |TAMS 0x0000000607c00000| PB 0x0000000607800000| Untracked 
|  12|0x0000000607c00000, 0x0000000608000000, 0x0000000608000000|100%| O|  |TAMS 0x0000000608000000| PB 0x0000000607c00000| Untracked 
|  13|0x0000000608000000, 0x0000000608000000, 0x0000000608400000|  0%| F|  |TAMS 0x0000000608000000| PB 0x0000000608000000| Untracked 
|  14|0x0000000608400000, 0x0000000608800000, 0x0000000608800000|100%| O|  |TAMS 0x0000000608800000| PB 0x0000000608400000| Untracked 
|  15|0x0000000608800000, 0x0000000608c00000, 0x0000000608c00000|100%| O|  |TAMS 0x0000000608c00000| PB 0x0000000608800000| Untracked 
|  16|0x0000000608c00000, 0x0000000608d1a490, 0x0000000609000000| 27%| O|  |TAMS 0x0000000608d1a490| PB 0x0000000608c00000| Untracked 
|  17|0x0000000609000000, 0x0000000609000000, 0x0000000609400000|  0%| F|  |TAMS 0x0000000609000000| PB 0x0000000609000000| Untracked 
|  18|0x0000000609400000, 0x0000000609800000, 0x0000000609800000|100%| O|  |TAMS 0x0000000609800000| PB 0x0000000609400000| Untracked 
|  19|0x0000000609800000, 0x0000000609800000, 0x0000000609c00000|  0%| F|  |TAMS 0x0000000609800000| PB 0x0000000609800000| Untracked 
|  20|0x0000000609c00000, 0x0000000609c00000, 0x000000060a000000|  0%| F|  |TAMS 0x0000000609c00000| PB 0x0000000609c00000| Untracked 
|  21|0x000000060a000000, 0x000000060a000000, 0x000000060a400000|  0%| F|  |TAMS 0x000000060a000000| PB 0x000000060a000000| Untracked 
|  22|0x000000060a400000, 0x000000060a678df0, 0x000000060a800000| 61%| S|CS|TAMS 0x000000060a400000| PB 0x000000060a400000| Complete 
|  23|0x000000060a800000, 0x000000060ac00000, 0x000000060ac00000|100%| O|  |TAMS 0x000000060ac00000| PB 0x000000060a800000| Untracked 
|  24|0x000000060ac00000, 0x000000060b000000, 0x000000060b000000|100%| O|  |TAMS 0x000000060b000000| PB 0x000000060ac00000| Untracked 
|  25|0x000000060b000000, 0x000000060b400000, 0x000000060b400000|100%| O|  |TAMS 0x000000060b400000| PB 0x000000060b000000| Untracked 
|  26|0x000000060b400000, 0x000000060b400000, 0x000000060b800000|  0%| F|  |TAMS 0x000000060b400000| PB 0x000000060b400000| Untracked 
|  27|0x000000060b800000, 0x000000060bc00000, 0x000000060bc00000|100%| S|CS|TAMS 0x000000060b800000| PB 0x000000060b800000| Complete 
|  28|0x000000060bc00000, 0x000000060bc00000, 0x000000060c000000|  0%| F|  |TAMS 0x000000060bc00000| PB 0x000000060bc00000| Untracked 
|  29|0x000000060c000000, 0x000000060c000000, 0x000000060c400000|  0%| F|  |TAMS 0x000000060c000000| PB 0x000000060c000000| Untracked 
|  30|0x000000060c400000, 0x000000060c400000, 0x000000060c800000|  0%| F|  |TAMS 0x000000060c400000| PB 0x000000060c400000| Untracked 
|  31|0x000000060c800000, 0x000000060c800000, 0x000000060cc00000|  0%| F|  |TAMS 0x000000060c800000| PB 0x000000060c800000| Untracked 
|  32|0x000000060cc00000, 0x000000060cc00000, 0x000000060d000000|  0%| F|  |TAMS 0x000000060cc00000| PB 0x000000060cc00000| Untracked 
|  33|0x000000060d000000, 0x000000060d000000, 0x000000060d400000|  0%| F|  |TAMS 0x000000060d000000| PB 0x000000060d000000| Untracked 
|  34|0x000000060d400000, 0x000000060d400000, 0x000000060d800000|  0%| F|  |TAMS 0x000000060d400000| PB 0x000000060d400000| Untracked 
|  35|0x000000060d800000, 0x000000060d800000, 0x000000060dc00000|  0%| F|  |TAMS 0x000000060d800000| PB 0x000000060d800000| Untracked 
|  36|0x000000060dc00000, 0x000000060dc00000, 0x000000060e000000|  0%| F|  |TAMS 0x000000060dc00000| PB 0x000000060dc00000| Untracked 
|  37|0x000000060e000000, 0x000000060e000000, 0x000000060e400000|  0%| F|  |TAMS 0x000000060e000000| PB 0x000000060e000000| Untracked 
|  38|0x000000060e400000, 0x000000060e400000, 0x000000060e800000|  0%| F|  |TAMS 0x000000060e400000| PB 0x000000060e400000| Untracked 
|  39|0x000000060e800000, 0x000000060e800000, 0x000000060ec00000|  0%| F|  |TAMS 0x000000060e800000| PB 0x000000060e800000| Untracked 
|  40|0x000000060ec00000, 0x000000060ec00000, 0x000000060f000000|  0%| F|  |TAMS 0x000000060ec00000| PB 0x000000060ec00000| Untracked 
|  41|0x000000060f000000, 0x000000060f000000, 0x000000060f400000|  0%| F|  |TAMS 0x000000060f000000| PB 0x000000060f000000| Untracked 
|  42|0x000000060f400000, 0x000000060f400000, 0x000000060f800000|  0%| F|  |TAMS 0x000000060f400000| PB 0x000000060f400000| Untracked 
|  43|0x000000060f800000, 0x000000060f800000, 0x000000060fc00000|  0%| F|  |TAMS 0x000000060f800000| PB 0x000000060f800000| Untracked 
|  44|0x000000060fc00000, 0x000000060fc00000, 0x0000000610000000|  0%| F|  |TAMS 0x000000060fc00000| PB 0x000000060fc00000| Untracked 
|  45|0x0000000610000000, 0x0000000610000000, 0x0000000610400000|  0%| F|  |TAMS 0x0000000610000000| PB 0x0000000610000000| Untracked 
|  46|0x0000000610400000, 0x0000000610400000, 0x0000000610800000|  0%| F|  |TAMS 0x0000000610400000| PB 0x0000000610400000| Untracked 
|  47|0x0000000610800000, 0x0000000610800000, 0x0000000610c00000|  0%| F|  |TAMS 0x0000000610800000| PB 0x0000000610800000| Untracked 
|  48|0x0000000610c00000, 0x0000000610c00000, 0x0000000611000000|  0%| F|  |TAMS 0x0000000610c00000| PB 0x0000000610c00000| Untracked 
|  49|0x0000000611000000, 0x0000000611000000, 0x0000000611400000|  0%| F|  |TAMS 0x0000000611000000| PB 0x0000000611000000| Untracked 
|  50|0x0000000611400000, 0x0000000611400000, 0x0000000611800000|  0%| F|  |TAMS 0x0000000611400000| PB 0x0000000611400000| Untracked 
|  51|0x0000000611800000, 0x0000000611800000, 0x0000000611c00000|  0%| F|  |TAMS 0x0000000611800000| PB 0x0000000611800000| Untracked 
|  52|0x0000000611c00000, 0x0000000611c00000, 0x0000000612000000|  0%| F|  |TAMS 0x0000000611c00000| PB 0x0000000611c00000| Untracked 
|  53|0x0000000612000000, 0x0000000612000000, 0x0000000612400000|  0%| F|  |TAMS 0x0000000612000000| PB 0x0000000612000000| Untracked 
|  54|0x0000000612400000, 0x0000000612400000, 0x0000000612800000|  0%| F|  |TAMS 0x0000000612400000| PB 0x0000000612400000| Untracked 
|  55|0x0000000612800000, 0x0000000612800000, 0x0000000612c00000|  0%| F|  |TAMS 0x0000000612800000| PB 0x0000000612800000| Untracked 
|  72|0x0000000616c00000, 0x0000000616c00000, 0x0000000617000000|  0%| F|  |TAMS 0x0000000616c00000| PB 0x0000000616c00000| Untracked 
| 126|0x0000000624400000, 0x0000000624600000, 0x0000000624800000| 50%| E|  |TAMS 0x0000000624400000| PB 0x0000000624400000| Complete 

Card table byte_map: [0x000001f4a6260000,0x000001f4a7240000] _byte_map_base: 0x000001f4a323a000

Marking Bits: (CMBitMap*) 0x000001f49e34b4d0
 Bits: [0x000001f4a7240000, 0x000001f4af110000)

Polling page: 0x000001f49c0c0000

Metaspace:

Usage:
  Non-class:     95.22 MB used.
      Class:     15.64 MB used.
       Both:    110.86 MB used.

Virtual space:
  Non-class space:      128.00 MB reserved,      96.31 MB ( 75%) committed,  2 nodes.
      Class space:        1.00 GB reserved,      16.38 MB (  2%) committed,  1 nodes.
             Both:        1.12 GB reserved,     112.69 MB ( 10%) committed. 

Chunk freelists:
   Non-Class:  15.82 MB
       Class:  15.84 MB
        Both:  31.66 MB

MaxMetaspaceSize: unlimited
CompressedClassSpaceSize: 1.00 GB
Initial GC threshold: 21.00 MB
Current GC threshold: 187.81 MB
CDS: on
 - commit_granule_bytes: 65536.
 - commit_granule_words: 8192.
 - virtual_space_node_default_size: 8388608.
 - enlarge_chunks_in_place: 1.
 - use_allocation_guard: 0.


Internal statistics:

num_allocs_failed_limit: 6.
num_arena_births: 2440.
num_arena_deaths: 1034.
num_vsnodes_births: 3.
num_vsnodes_deaths: 0.
num_space_committed: 1803.
num_space_uncommitted: 0.
num_chunks_returned_to_freelist: 1297.
num_chunks_taken_from_freelist: 7128.
num_chunk_merges: 375.
num_chunk_splits: 4703.
num_chunks_enlarged: 3415.
num_inconsistent_stats: 0.

CodeCache: size=49152Kb used=17628Kb max_used=23600Kb free=31523Kb
 bounds [0x000001f4a1c20000, 0x000001f4a3330000, 0x000001f4a4c20000]
 total_blobs=10144 nmethods=9322 adapters=744
 compilation: enabled
              stopped_count=0, restarted_count=0
 full_count=0

Compilation events (20 events):
Event: 940.514 Thread 0x000001f4f9fcc740 18786       1       org.hibernate.event.internal.EventListenerLogging_$logger::noNeedToExecuteFlush$str (3 bytes)
Event: 940.515 Thread 0x000001f4b221b470 18787       1       org.hibernate.event.spi.AutoFlushEvent::setFlushRequired (6 bytes)
Event: 940.515 Thread 0x000001f4f9fcc740 nmethod 18786 0x000001f4a1e2c110 code [0x000001f4a1e2c2a0, 0x000001f4a1e2c370]
Event: 940.515 Thread 0x000001f4b221b470 nmethod 18787 0x000001f4a1e2e810 code [0x000001f4a1e2e9a0, 0x000001f4a1e2ea70]
Event: 940.517 Thread 0x000001f4b221b470 18788       1       org.postgresql.jdbc.PgPreparedStatement::setString (15 bytes)
Event: 940.517 Thread 0x000001f4f9fcc740 18789       1       org.postgresql.jdbc.PgPreparedStatement::getStringType (18 bytes)
Event: 940.517 Thread 0x000001f4f9fcc740 nmethod 18789 0x000001f4a1e3c110 code [0x000001f4a1e3c2a0, 0x000001f4a1e3c388]
Event: 940.517 Thread 0x000001f4f9fcc740 18790       1       org.postgresql.jdbc.PgPreparedStatement::setString (30 bytes)
Event: 940.518 Thread 0x000001f4b221b470 nmethod 18788 0x000001f4a202ad10 code [0x000001f4a202af40, 0x000001f4a202b618]
Event: 940.518 Thread 0x000001f4b221b470 18791       1       org.hibernate.query.internal.ParameterMetadataImpl::hasAnyMatching (51 bytes)
Event: 940.518 Thread 0x000001f4f9fcc740 nmethod 18790 0x000001f4a1df5910 code [0x000001f4a1df5b20, 0x000001f4a1df6158]
Event: 940.518 Thread 0x000001f4b221b470 nmethod 18791 0x000001f4a1d3cd90 code [0x000001f4a1d3cf80, 0x000001f4a1d3d1f8]
Event: 992.843 Thread 0x000001f4b221b470 18793       1       org.postgresql.core.Parser::replaceProcessing (78 bytes)
Event: 992.844 Thread 0x000001f4b221b470 nmethod 18793 0x000001f4a1e39e10 code [0x000001f4a1e3a020, 0x000001f4a1e3a540]
Event: 992.844 Thread 0x000001f4b221b470 18792       1       org.postgresql.core.CachedQueryCreateAction::create (326 bytes)
Event: 992.845 Thread 0x000001f4b221b470 nmethod 18792 0x000001f4a1d3f890 code [0x000001f4a1d3fb20, 0x000001f4a1d40590]
Event: 992.845 Thread 0x000001f4b221b470 18794       1       org.postgresql.core.CachedQuery::<init> (70 bytes)
Event: 992.845 Thread 0x000001f4b221b470 nmethod 18794 0x000001f4a1e71d90 code [0x000001f4a1e71f20, 0x000001f4a1e72098]
Event: 1009.223 Thread 0x000001f4b221b470 18795       1       org.postgresql.core.PGStream::setNetworkTimeout (25 bytes)
Event: 1009.223 Thread 0x000001f4b221b470 nmethod 18795 0x000001f4a1e87110 code [0x000001f4a1e872c0, 0x000001f4a1e873f0]

GC Heap History (20 events):
Event: 267.862 GC heap before
{Heap before GC invocations=54 (full 0):
 garbage-first heap   total 237568K, used 206674K [0x0000000604c00000, 0x0000000800000000)
  region size 4096K, 30 young (122880K), 2 survivors (8192K)
 Metaspace       used 114075K, committed 115392K, reserved 1179648K
  class space    used 16154K, committed 16768K, reserved 1048576K
}
Event: 267.869 GC heap after
{Heap after GC invocations=55 (full 0):
 garbage-first heap   total 237568K, used 96207K [0x0000000604c00000, 0x0000000800000000)
  region size 4096K, 2 young (8192K), 2 survivors (8192K)
 Metaspace       used 114075K, committed 115392K, reserved 1179648K
  class space    used 16154K, committed 16768K, reserved 1048576K
}
Event: 342.771 GC heap before
{Heap before GC invocations=56 (full 0):
 garbage-first heap   total 237568K, used 210895K [0x0000000604c00000, 0x0000000800000000)
  region size 4096K, 30 young (122880K), 2 survivors (8192K)
 Metaspace       used 113335K, committed 115392K, reserved 1179648K
  class space    used 15971K, committed 16768K, reserved 1048576K
}
Event: 342.776 GC heap after
{Heap after GC invocations=57 (full 0):
 garbage-first heap   total 237568K, used 96095K [0x0000000604c00000, 0x0000000800000000)
  region size 4096K, 2 young (8192K), 2 survivors (8192K)
 Metaspace       used 113335K, committed 115392K, reserved 1179648K
  class space    used 15971K, committed 16768K, reserved 1048576K
}
Event: 417.257 GC heap before
{Heap before GC invocations=57 (full 0):
 garbage-first heap   total 237568K, used 210783K [0x0000000604c00000, 0x0000000800000000)
  region size 4096K, 30 young (122880K), 2 survivors (8192K)
 Metaspace       used 113406K, committed 115392K, reserved 1179648K
  class space    used 15993K, committed 16768K, reserved 1048576K
}
Event: 417.273 GC heap after
{Heap after GC invocations=58 (full 0):
 garbage-first heap   total 237568K, used 89709K [0x0000000604c00000, 0x0000000800000000)
  region size 4096K, 2 young (8192K), 2 survivors (8192K)
 Metaspace       used 113406K, committed 115392K, reserved 1179648K
  class space    used 15993K, committed 16768K, reserved 1048576K
}
Event: 505.825 GC heap before
{Heap before GC invocations=58 (full 0):
 garbage-first heap   total 237568K, used 208493K [0x0000000604c00000, 0x0000000800000000)
  region size 4096K, 31 young (126976K), 2 survivors (8192K)
 Metaspace       used 113408K, committed 115392K, reserved 1179648K
  class space    used 15994K, committed 16768K, reserved 1048576K
}
Event: 505.832 GC heap after
{Heap after GC invocations=59 (full 0):
 garbage-first heap   total 237568K, used 89288K [0x0000000604c00000, 0x0000000800000000)
  region size 4096K, 2 young (8192K), 2 survivors (8192K)
 Metaspace       used 113408K, committed 115392K, reserved 1179648K
  class space    used 15994K, committed 16768K, reserved 1048576K
}
Event: 586.838 GC heap before
{Heap before GC invocations=60 (full 0):
 garbage-first heap   total 237568K, used 208072K [0x0000000604c00000, 0x0000000800000000)
  region size 4096K, 31 young (126976K), 2 survivors (8192K)
 Metaspace       used 113501K, committed 115392K, reserved 1179648K
  class space    used 16013K, committed 16768K, reserved 1048576K
}
Event: 586.846 GC heap after
{Heap after GC invocations=61 (full 0):
 garbage-first heap   total 237568K, used 89700K [0x0000000604c00000, 0x0000000800000000)
  region size 4096K, 2 young (8192K), 2 survivors (8192K)
 Metaspace       used 113501K, committed 115392K, reserved 1179648K
  class space    used 16013K, committed 16768K, reserved 1048576K
}
Event: 672.099 GC heap before
{Heap before GC invocations=61 (full 0):
 garbage-first heap   total 237568K, used 208484K [0x0000000604c00000, 0x0000000800000000)
  region size 4096K, 31 young (126976K), 2 survivors (8192K)
 Metaspace       used 113511K, committed 115392K, reserved 1179648K
  class space    used 16015K, committed 16768K, reserved 1048576K
}
Event: 672.108 GC heap after
{Heap after GC invocations=62 (full 0):
 garbage-first heap   total 237568K, used 87960K [0x0000000604c00000, 0x0000000800000000)
  region size 4096K, 2 young (8192K), 2 survivors (8192K)
 Metaspace       used 113511K, committed 115392K, reserved 1179648K
  class space    used 16015K, committed 16768K, reserved 1048576K
}
Event: 763.848 GC heap before
{Heap before GC invocations=62 (full 0):
 garbage-first heap   total 237568K, used 210840K [0x0000000604c00000, 0x0000000800000000)
  region size 4096K, 32 young (131072K), 2 survivors (8192K)
 Metaspace       used 113511K, committed 115392K, reserved 1179648K
  class space    used 16015K, committed 16768K, reserved 1048576K
}
Event: 763.854 GC heap after
{Heap after GC invocations=63 (full 0):
 garbage-first heap   total 237568K, used 87630K [0x0000000604c00000, 0x0000000800000000)
  region size 4096K, 2 young (8192K), 2 survivors (8192K)
 Metaspace       used 113511K, committed 115392K, reserved 1179648K
  class space    used 16015K, committed 16768K, reserved 1048576K
}
Event: 855.819 GC heap before
{Heap before GC invocations=64 (full 0):
 garbage-first heap   total 237568K, used 210510K [0x0000000604c00000, 0x0000000800000000)
  region size 4096K, 32 young (131072K), 2 survivors (8192K)
 Metaspace       used 113508K, committed 115392K, reserved 1179648K
  class space    used 16014K, committed 16768K, reserved 1048576K
}
Event: 855.825 GC heap after
{Heap after GC invocations=65 (full 0):
 garbage-first heap   total 237568K, used 87432K [0x0000000604c00000, 0x0000000800000000)
  region size 4096K, 2 young (8192K), 2 survivors (8192K)
 Metaspace       used 113508K, committed 115392K, reserved 1179648K
  class space    used 16014K, committed 16768K, reserved 1048576K
}
Event: 944.085 GC heap before
{Heap before GC invocations=65 (full 0):
 garbage-first heap   total 237568K, used 210312K [0x0000000604c00000, 0x0000000800000000)
  region size 4096K, 32 young (131072K), 2 survivors (8192K)
 Metaspace       used 113518K, committed 115392K, reserved 1179648K
  class space    used 16015K, committed 16768K, reserved 1048576K
}
Event: 944.095 GC heap after
{Heap after GC invocations=66 (full 0):
 garbage-first heap   total 237568K, used 85787K [0x0000000604c00000, 0x0000000800000000)
  region size 4096K, 2 young (8192K), 2 survivors (8192K)
 Metaspace       used 113518K, committed 115392K, reserved 1179648K
  class space    used 16015K, committed 16768K, reserved 1048576K
}
Event: 1036.356 GC heap before
{Heap before GC invocations=66 (full 0):
 garbage-first heap   total 237568K, used 208667K [0x0000000604c00000, 0x0000000800000000)
  region size 4096K, 32 young (131072K), 2 survivors (8192K)
 Metaspace       used 113518K, committed 115392K, reserved 1179648K
  class space    used 16015K, committed 16768K, reserved 1048576K
}
Event: 1036.361 GC heap after
{Heap after GC invocations=67 (full 0):
 garbage-first heap   total 237568K, used 85580K [0x0000000604c00000, 0x0000000800000000)
  region size 4096K, 2 young (8192K), 2 survivors (8192K)
 Metaspace       used 113518K, committed 115392K, reserved 1179648K
  class space    used 16015K, committed 16768K, reserved 1048576K
}

Dll operation events (10 events):
Event: 0.006 Loaded shared library D:\sts-4.29.1.RELEASE\plugins\org.eclipse.justj.openjdk.hotspot.jre.full.win32.x86_64_21.0.6.v20250130-0529\jre\bin\java.dll
Event: 0.026 Loaded shared library D:\sts-4.29.1.RELEASE\plugins\org.eclipse.justj.openjdk.hotspot.jre.full.win32.x86_64_21.0.6.v20250130-0529\jre\bin\zip.dll
Event: 0.113 Loaded shared library D:\sts-4.29.1.RELEASE\plugins\org.eclipse.justj.openjdk.hotspot.jre.full.win32.x86_64_21.0.6.v20250130-0529\jre\bin\jimage.dll
Event: 0.117 Loaded shared library D:\sts-4.29.1.RELEASE\plugins\org.eclipse.justj.openjdk.hotspot.jre.full.win32.x86_64_21.0.6.v20250130-0529\jre\bin\net.dll
Event: 0.118 Loaded shared library D:\sts-4.29.1.RELEASE\plugins\org.eclipse.justj.openjdk.hotspot.jre.full.win32.x86_64_21.0.6.v20250130-0529\jre\bin\nio.dll
Event: 0.120 Loaded shared library D:\sts-4.29.1.RELEASE\plugins\org.eclipse.justj.openjdk.hotspot.jre.full.win32.x86_64_21.0.6.v20250130-0529\jre\bin\zip.dll
Event: 0.191 Loaded shared library D:\sts-4.29.1.RELEASE\plugins\org.eclipse.justj.openjdk.hotspot.jre.full.win32.x86_64_21.0.6.v20250130-0529\jre\bin\management.dll
Event: 0.198 Loaded shared library D:\sts-4.29.1.RELEASE\plugins\org.eclipse.justj.openjdk.hotspot.jre.full.win32.x86_64_21.0.6.v20250130-0529\jre\bin\management_ext.dll
Event: 0.338 Loaded shared library D:\sts-4.29.1.RELEASE\plugins\org.eclipse.justj.openjdk.hotspot.jre.full.win32.x86_64_21.0.6.v20250130-0529\jre\bin\extnet.dll
Event: 1.250 Loaded shared library D:\sts-4.29.1.RELEASE\plugins\org.eclipse.justj.openjdk.hotspot.jre.full.win32.x86_64_21.0.6.v20250130-0529\jre\bin\sunmscapi.dll

Deoptimization events (10 events):
Event: 1.752 Thread 0x000001f4f8589cb0 DEOPT PACKING pc=0x000001f4a25b6b8c sp=0x0000001879bfe320
Event: 1.752 Thread 0x000001f4f8589cb0 DEOPT UNPACKING pc=0x000001f4a1c74e42 sp=0x0000001879bfd898 mode 0
Event: 1.973 Thread 0x000001f4f8589cb0 DEOPT PACKING pc=0x000001f4a257c3ac sp=0x0000001879bfe010
Event: 1.973 Thread 0x000001f4f8589cb0 DEOPT UNPACKING pc=0x000001f4a1c74e42 sp=0x0000001879bfd4c0 mode 0
Event: 4.368 Thread 0x000001f4f8589cb0 DEOPT PACKING pc=0x000001f4a29da5ac sp=0x0000001879bfd090
Event: 4.368 Thread 0x000001f4f8589cb0 DEOPT UNPACKING pc=0x000001f4a1c74e42 sp=0x0000001879bfc560 mode 0
Event: 4.619 Thread 0x000001f4f8589cb0 DEOPT PACKING pc=0x000001f4a2be436c sp=0x0000001879bfd900
Event: 4.619 Thread 0x000001f4f8589cb0 DEOPT UNPACKING pc=0x000001f4a1c74e42 sp=0x0000001879bfce90 mode 0
Event: 54.637 Thread 0x000001f4fa589700 DEOPT PACKING pc=0x000001f4a2444352 sp=0x000000187b2fa850
Event: 54.637 Thread 0x000001f4fa589700 DEOPT UNPACKING pc=0x000001f4a1c74e42 sp=0x000000187b2f9cb8 mode 0

Classes loaded (20 events):
Event: 127.629 Loading class java/math/BigDecimalEditor
Event: 127.629 Loading class java/math/BigDecimalEditor done
Event: 127.730 Loading class java/util/stream/DoubleStream
Event: 127.731 Loading class java/util/stream/DoubleStream done
Event: 134.290 Loading class java/io/FileOutputStream$1
Event: 134.290 Loading class java/io/FileOutputStream$1 done
Event: 134.349 Loading class java/math/MathContext
Event: 134.349 Loading class java/math/MathContext done
Event: 134.402 Loading class sun/reflect/annotation/AnnotatedTypeFactory$AnnotatedArrayTypeImpl
Event: 134.402 Loading class sun/reflect/annotation/AnnotatedTypeFactory$AnnotatedArrayTypeImpl done
Event: 134.403 Loading class sun/reflect/annotation/AnnotatedTypeFactory$AnnotatedTypeVariableImpl
Event: 134.403 Loading class java/lang/reflect/AnnotatedTypeVariable
Event: 134.403 Loading class java/lang/reflect/AnnotatedTypeVariable done
Event: 134.403 Loading class sun/reflect/annotation/AnnotatedTypeFactory$AnnotatedTypeVariableImpl done
Event: 134.522 Loading class jdk/internal/reflect/MethodHandleBooleanFieldAccessorImpl
Event: 134.522 Loading class jdk/internal/reflect/MethodHandleBooleanFieldAccessorImpl done
Event: 344.558 Loading class java/util/ArrayList$SubList$1
Event: 344.558 Loading class java/util/ArrayList$SubList$1 done
Event: 531.889 Loading class java/lang/StringEditor
Event: 531.889 Loading class java/lang/StringEditor done

Classes unloaded (20 events):
Event: 505.876 Thread 0x000001f4b21e7390 Unloading class 0x000001f4b4e68400 'java/lang/invoke/LambdaForm$MH+0x000001f4b4e68400'
Event: 505.876 Thread 0x000001f4b21e7390 Unloading class 0x000001f4b4e28400 'java/lang/invoke/LambdaForm$MH+0x000001f4b4e28400'
Event: 505.876 Thread 0x000001f4b21e7390 Unloading class 0x000001f4b4dcc800 'java/lang/invoke/LambdaForm$MH+0x000001f4b4dcc800'
Event: 505.876 Thread 0x000001f4b21e7390 Unloading class 0x000001f4b4d9b800 'java/lang/invoke/LambdaForm$MH+0x000001f4b4d9b800'
Event: 505.876 Thread 0x000001f4b21e7390 Unloading class 0x000001f4b4d93c00 'java/lang/invoke/LambdaForm$MH+0x000001f4b4d93c00'
Event: 505.876 Thread 0x000001f4b21e7390 Unloading class 0x000001f4b4d3d400 'java/lang/invoke/LambdaForm$MH+0x000001f4b4d3d400'
Event: 505.876 Thread 0x000001f4b21e7390 Unloading class 0x000001f4b4cc0c00 'java/lang/invoke/LambdaForm$MH+0x000001f4b4cc0c00'
Event: 505.876 Thread 0x000001f4b21e7390 Unloading class 0x000001f4b4c99800 'java/lang/invoke/LambdaForm$MH+0x000001f4b4c99800'
Event: 505.876 Thread 0x000001f4b21e7390 Unloading class 0x000001f4b4c91800 'java/lang/invoke/LambdaForm$MH+0x000001f4b4c91800'
Event: 505.876 Thread 0x000001f4b21e7390 Unloading class 0x000001f4b4c85400 'java/lang/invoke/LambdaForm$MH+0x000001f4b4c85400'
Event: 505.877 Thread 0x000001f4b21e7390 Unloading class 0x000001f4b46b0400 'java/lang/invoke/LambdaForm$MH+0x000001f4b46b0400'
Event: 505.877 Thread 0x000001f4b21e7390 Unloading class 0x000001f4b46b0000 'java/lang/invoke/LambdaForm$MH+0x000001f4b46b0000'
Event: 505.877 Thread 0x000001f4b21e7390 Unloading class 0x000001f4b451dc00 'java/lang/invoke/LambdaForm$MH+0x000001f4b451dc00'
Event: 505.877 Thread 0x000001f4b21e7390 Unloading class 0x000001f4b451c400 'java/lang/invoke/LambdaForm$MH+0x000001f4b451c400'
Event: 505.877 Thread 0x000001f4b21e7390 Unloading class 0x000001f4b4508c00 'java/lang/invoke/LambdaForm$MH+0x000001f4b4508c00'
Event: 505.877 Thread 0x000001f4b21e7390 Unloading class 0x000001f4b4508000 'java/lang/invoke/LambdaForm$MH+0x000001f4b4508000'
Event: 505.877 Thread 0x000001f4b21e7390 Unloading class 0x000001f4b41ad400 'java/lang/invoke/LambdaForm$MH+0x000001f4b41ad400'
Event: 505.877 Thread 0x000001f4b21e7390 Unloading class 0x000001f4b41ad000 'java/lang/invoke/LambdaForm$MH+0x000001f4b41ad000'
Event: 763.894 Thread 0x000001f4b21e7390 Unloading class 0x000001f4b4130800 'java/lang/invoke/LambdaForm$MH+0x000001f4b4130800'
Event: 763.894 Thread 0x000001f4b21e7390 Unloading class 0x000001f4b4009c00 'java/lang/invoke/LambdaForm$MH+0x000001f4b4009c00'

Classes redefined (0 events):
No events

Internal exceptions (20 events):
Event: 54.142 Thread 0x000001f4fa58be60 Exception <a 'java/lang/NoSuchMethodError'{0x000000060f5c0fa8}: 'java.lang.Object java.lang.invoke.DirectMethodHandle$Holder.invokeStatic(java.lang.Object, int, int)'> (0x000000060f5c0fa8) 
thrown [s\src\hotspot\share\interpreter\linkResolver.cpp, line 773]
Event: 54.720 Thread 0x000001f4fa589700 Exception <a 'java/lang/NoSuchMethodError'{0x000000060dea4430}: 'java.lang.Object java.lang.invoke.DirectMethodHandle$Holder.invokeStatic(java.lang.Object, java.lang.Object, java.lang.Object, java.lang.Object, int, java.lang.Object)'> (0x000000060dea4430) 
thrown [s\src\hotspot\share\interpreter\linkResolver.cpp, line 773]
Event: 54.720 Thread 0x000001f4fa589700 Exception <a 'java/lang/NoSuchMethodError'{0x000000060deac180}: 'java.lang.Object java.lang.invoke.DirectMethodHandle$Holder.newInvokeSpecial(java.lang.Object, java.lang.Object, java.lang.Object, java.lang.Object, int)'> (0x000000060deac180) 
thrown [s\src\hotspot\share\interpreter\linkResolver.cpp, line 773]
Event: 54.720 Thread 0x000001f4fa589700 Exception <a 'java/lang/NoSuchMethodError'{0x000000060deb0a10}: 'java.lang.Object java.lang.invoke.DirectMethodHandle$Holder.invokeSpecial(java.lang.Object, java.lang.Object, java.lang.Object, java.lang.Object, java.lang.Object, int)'> (0x000000060deb0a10) 
thrown [s\src\hotspot\share\interpreter\linkResolver.cpp, line 773]
Event: 54.721 Thread 0x000001f4fa589700 Exception <a 'java/lang/NoSuchMethodError'{0x000000060deb4ab0}: 'java.lang.Object java.lang.invoke.Invokers$Holder.linkToTargetMethod(java.lang.Object, java.lang.Object, java.lang.Object, int, java.lang.Object)'> (0x000000060deb4ab0) 
thrown [s\src\hotspot\share\interpreter\linkResolver.cpp, line 773]
Event: 65.200 Thread 0x000001f4fa58e5c0 Exception <a 'java/lang/IncompatibleClassChangeError'{0x00000006246ac418}: Found class java.lang.Object, but interface was expected> (0x00000006246ac418) 
thrown [s\src\hotspot\share\interpreter\linkResolver.cpp, line 840]
Event: 65.223 Thread 0x000001f4fa58e5c0 Exception <a 'java/lang/IncompatibleClassChangeError'{0x000000062471e8b0}: Found class java.lang.Object, but interface was expected> (0x000000062471e8b0) 
thrown [s\src\hotspot\share\interpreter\linkResolver.cpp, line 840]
Event: 127.542 Thread 0x000001f4fa58e5c0 Exception <a 'java/lang/NoSuchMethodError'{0x000000060c993e40}: 'java.lang.Object java.lang.invoke.DirectMethodHandle$Holder.invokeVirtual(java.lang.Object, java.lang.Object, int, java.lang.Object)'> (0x000000060c993e40) 
thrown [s\src\hotspot\share\interpreter\linkResolver.cpp, line 773]
Event: 134.456 Thread 0x000001f4fa58f970 Exception <a 'java/lang/NoSuchMethodError'{0x00000006126cf790}: 'java.lang.Object java.lang.invoke.DirectMethodHandle$Holder.invokeVirtual(java.lang.Object, java.lang.Object, java.lang.Object, java.lang.Object, java.lang.Object, java.lang.Object, java.lang.Object, java.lang.Object)'> (0x00000006126cf790) 
thrown [s\src\hotspot\share\interpreter\linkResolver.cpp, line 773]
Event: 134.478 Thread 0x000001f4fa58f970 Exception <a 'java/lang/NoSuchMethodError'{0x00000006127bdb50}: 'int java.lang.invoke.DirectMethodHandle$Holder.invokeStatic(java.lang.Object, java.lang.Object, int, int)'> (0x00000006127bdb50) 
thrown [s\src\hotspot\share\interpreter\linkResolver.cpp, line 773]
Event: 134.522 Thread 0x000001f4fa58f970 Exception <a 'java/lang/NoSuchMethodError'{0x0000000612130380}: 'int java.lang.invoke.Invokers$Holder.invokeExact_MT(java.lang.Object, java.lang.Object, java.lang.Object)'> (0x0000000612130380) 
thrown [s\src\hotspot\share\interpreter\linkResolver.cpp, line 773]
Event: 134.536 Thread 0x000001f4fa58f970 Exception <a 'java/lang/NoSuchMethodError'{0x00000006121ae838}: 'int java.lang.invoke.DirectMethodHandle$Holder.invokeInterface(java.lang.Object, java.lang.Object, java.lang.Object, int, java.lang.Object, java.lang.Object)'> (0x00000006121ae838) 
thrown [s\src\hotspot\share\interpreter\linkResolver.cpp, line 773]
Event: 134.536 Thread 0x000001f4fa58f970 Exception <a 'java/lang/IncompatibleClassChangeError'{0x00000006121b25d8}: Found class java.lang.Object, but interface was expected> (0x00000006121b25d8) 
thrown [s\src\hotspot\share\interpreter\linkResolver.cpp, line 840]
Event: 134.537 Thread 0x000001f4fa58f970 Exception <a 'java/lang/IncompatibleClassChangeError'{0x00000006121c5f40}: Found class java.lang.Object, but interface was expected> (0x00000006121c5f40) 
thrown [s\src\hotspot\share\interpreter\linkResolver.cpp, line 840]
Event: 198.736 Thread 0x000001f4fa589700 Exception <a 'java/lang/NoSuchMethodError'{0x00000006128f1458}: 'void java.lang.invoke.DirectMethodHandle$Holder.invokeStatic(java.lang.Object, java.lang.Object, java.lang.Object, java.lang.Object, java.lang.Object, java.lang.Object, java.lang.Object)'> (0x00000006128f1458) 
thrown [s\src\hotspot\share\interpreter\linkResolver.cpp, line 773]
Event: 202.467 Thread 0x000001f4fa58be60 Exception <a 'java/lang/NoSuchMethodError'{0x0000000611ee94f8}: 'java.lang.Object java.lang.invoke.DirectMethodHandle$Holder.invokeVirtual(java.lang.Object, java.lang.Object, java.lang.Object, java.lang.Object, java.lang.Object, java.lang.Object, java.lang.Object)'> (0x0000000611ee94f8) 
thrown [s\src\hotspot\share\interpreter\linkResolver.cpp, line 773]
Event: 273.238 Thread 0x000001f4fa58d210 Exception <a 'java/lang/NoSuchMethodError'{0x00000006128cdf20}: 'java.lang.Object java.lang.invoke.DirectMethodHandle$Holder.invokeVirtual(java.lang.Object, java.lang.Object, java.lang.Object, java.lang.Object, java.lang.Object, java.lang.Object, java.lang.Object, java.lang.Object, java.lang.Object, java.lang.Object)'> (0x00000006128cdf20) 
thrown [s\src\hotspot\share\interpreter\linkResolver.cpp, line 773]
Event: 300.534 Thread 0x000001f4f83e3f70 Exception <a 'java/lang/NoSuchMethodError'{0x000000060fdba260}: static [B.<clinit>()V> (0x000000060fdba260) 
thrown [s\src\hotspot\share\prims\jni.cpp, line 1111]
Event: 600.554 Thread 0x000001f4f83e3f70 Exception <a 'java/lang/NoSuchMethodError'{0x00000006122440e8}: static [B.<clinit>()V> (0x00000006122440e8) 
thrown [s\src\hotspot\share\prims\jni.cpp, line 1111]
Event: 900.562 Thread 0x000001f4f83e3f70 Exception <a 'java/lang/NoSuchMethodError'{0x000000060f434588}: static [B.<clinit>()V> (0x000000060f434588) 
thrown [s\src\hotspot\share\prims\jni.cpp, line 1111]

ZGC Phase Switch (0 events):
No events

VM Operations (20 events):
Event: 654.407 Executing VM operation: Cleanup
Event: 654.407 Executing VM operation: Cleanup done
Event: 672.099 Executing VM operation: G1CollectForAllocation (G1 Evacuation Pause)
Event: 672.108 Executing VM operation: G1CollectForAllocation (G1 Evacuation Pause) done
Event: 763.848 Executing VM operation: G1CollectForAllocation (G1 Evacuation Pause)
Event: 763.854 Executing VM operation: G1CollectForAllocation (G1 Evacuation Pause) done
Event: 763.893 Executing VM operation: G1PauseRemark
Event: 763.912 Executing VM operation: G1PauseRemark done
Event: 763.940 Executing VM operation: G1PauseCleanup
Event: 763.940 Executing VM operation: G1PauseCleanup done
Event: 855.819 Executing VM operation: G1CollectForAllocation (G1 Evacuation Pause)
Event: 855.825 Executing VM operation: G1CollectForAllocation (G1 Evacuation Pause) done
Event: 940.528 Executing VM operation: Cleanup
Event: 940.528 Executing VM operation: Cleanup done
Event: 944.085 Executing VM operation: G1CollectForAllocation (G1 Evacuation Pause)
Event: 944.095 Executing VM operation: G1CollectForAllocation (G1 Evacuation Pause) done
Event: 961.224 Executing VM operation: Cleanup
Event: 961.224 Executing VM operation: Cleanup done
Event: 1036.356 Executing VM operation: G1CollectForAllocation (G1 Evacuation Pause)
Event: 1036.361 Executing VM operation: G1CollectForAllocation (G1 Evacuation Pause) done

Memory protections (0 events):
No events

Nmethod flushes (20 events):
Event: 763.911 Thread 0x000001f4b21e7390 flushing  nmethod 0x000001f4a2f9ff10
Event: 763.911 Thread 0x000001f4b21e7390 flushing  nmethod 0x000001f4a2fa0890
Event: 763.911 Thread 0x000001f4b21e7390 flushing  nmethod 0x000001f4a2fca510
Event: 763.911 Thread 0x000001f4b21e7390 flushing  nmethod 0x000001f4a2fcac90
Event: 763.911 Thread 0x000001f4b21e7390 flushing  nmethod 0x000001f4a2fcd990
Event: 763.911 Thread 0x000001f4b21e7390 flushing  nmethod 0x000001f4a2fce810
Event: 763.911 Thread 0x000001f4b21e7390 flushing  nmethod 0x000001f4a2fceb10
Event: 763.911 Thread 0x000001f4b21e7390 flushing  nmethod 0x000001f4a2fcee90
Event: 763.911 Thread 0x000001f4b21e7390 flushing  nmethod 0x000001f4a2fcf210
Event: 763.911 Thread 0x000001f4b21e7390 flushing  nmethod 0x000001f4a2fd1010
Event: 763.911 Thread 0x000001f4b21e7390 flushing  nmethod 0x000001f4a3058e90
Event: 763.911 Thread 0x000001f4b21e7390 flushing  nmethod 0x000001f4a3059310
Event: 763.911 Thread 0x000001f4b21e7390 flushing  nmethod 0x000001f4a3059990
Event: 763.911 Thread 0x000001f4b21e7390 flushing  nmethod 0x000001f4a3059e10
Event: 763.911 Thread 0x000001f4b21e7390 flushing  nmethod 0x000001f4a305ab90
Event: 763.911 Thread 0x000001f4b21e7390 flushing  nmethod 0x000001f4a305c790
Event: 763.911 Thread 0x000001f4b21e7390 flushing  nmethod 0x000001f4a305e110
Event: 763.911 Thread 0x000001f4b21e7390 flushing  nmethod 0x000001f4a305e410
Event: 763.911 Thread 0x000001f4b21e7390 flushing  nmethod 0x000001f4a305ec90
Event: 763.911 Thread 0x000001f4b21e7390 flushing  nmethod 0x000001f4a3060390

Events (20 events):
Event: 392.826 Thread 0x000001f4b221b470 Thread added: 0x000001f4f9fcc070
Event: 398.488 Thread 0x000001f4f9fcc070 Thread exited: 0x000001f4f9fcc070
Event: 403.502 Thread 0x000001f4f9fcac00 Thread exited: 0x000001f4f9fcac00
Event: 408.502 Thread 0x000001f4f9fc9e60 Thread exited: 0x000001f4f9fc9e60
Event: 528.519 Thread 0x000001f4b221b470 Thread added: 0x000001f4f9fc9790
Event: 528.521 Thread 0x000001f4f9fc9790 Thread added: 0x000001f4f9fc90c0
Event: 528.540 Thread 0x000001f4f9fc90c0 Thread added: 0x000001f4f9fcc070
Event: 528.542 Thread 0x000001f4f9fc90c0 Thread added: 0x000001f4f9fc9e60
Event: 535.552 Thread 0x000001f4f9fc9e60 Thread exited: 0x000001f4f9fc9e60
Event: 535.552 Thread 0x000001f4f9fcc070 Thread exited: 0x000001f4f9fcc070
Event: 540.559 Thread 0x000001f4f9fc9790 Thread exited: 0x000001f4f9fc9790
Event: 540.559 Thread 0x000001f4f9fc90c0 Thread exited: 0x000001f4f9fc90c0
Event: 640.440 Thread 0x000001f4b221b470 Thread added: 0x000001f4f9fcc070
Event: 640.441 Thread 0x000001f4b221b470 Thread added: 0x000001f4f9fc90c0
Event: 640.441 Thread 0x000001f4b221b470 Thread added: 0x000001f4f9fcac00
Event: 648.840 Thread 0x000001f4f9fcac00 Thread exited: 0x000001f4f9fcac00
Event: 648.840 Thread 0x000001f4f9fc90c0 Thread exited: 0x000001f4f9fc90c0
Event: 653.848 Thread 0x000001f4f9fcc070 Thread exited: 0x000001f4f9fcc070
Event: 940.484 Thread 0x000001f4b221b470 Thread added: 0x000001f4f9fcc740
Event: 945.526 Thread 0x000001f4f9fcc740 Thread exited: 0x000001f4f9fcc740


Dynamic libraries:
0x00007ff602780000 - 0x00007ff60278e000 	D:\sts-4.29.1.RELEASE\plugins\org.eclipse.justj.openjdk.hotspot.jre.full.win32.x86_64_21.0.6.v20250130-0529\jre\bin\javaw.exe
0x00007fffa6b40000 - 0x00007fffa6da8000 	C:\WINDOWS\SYSTEM32\ntdll.dll
0x00007fffa5930000 - 0x00007fffa59f9000 	C:\WINDOWS\System32\KERNEL32.DLL
0x00007fffa4430000 - 0x00007fffa4828000 	C:\WINDOWS\System32\KERNELBASE.dll
0x00007fffa3e10000 - 0x00007fffa3f5b000 	C:\WINDOWS\System32\ucrtbase.dll
0x00007fff88960000 - 0x00007fff8897e000 	D:\sts-4.29.1.RELEASE\plugins\org.eclipse.justj.openjdk.hotspot.jre.full.win32.x86_64_21.0.6.v20250130-0529\jre\bin\VCRUNTIME140.dll
0x00007fff82960000 - 0x00007fff82978000 	D:\sts-4.29.1.RELEASE\plugins\org.eclipse.justj.openjdk.hotspot.jre.full.win32.x86_64_21.0.6.v20250130-0529\jre\bin\jli.dll
0x00007fffa6550000 - 0x00007fffa6717000 	C:\WINDOWS\System32\USER32.dll
0x00007fffa4400000 - 0x00007fffa4427000 	C:\WINDOWS\System32\win32u.dll
0x00007fffa30a0000 - 0x00007fffa3334000 	C:\WINDOWS\WinSxS\amd64_microsoft.windows.common-controls_6595b64144ccf1df_6.0.26100.7019_none_3e06ffa0e335b8a8\COMCTL32.dll
0x00007fffa69d0000 - 0x00007fffa69fb000 	C:\WINDOWS\System32\GDI32.dll
0x00007fffa5730000 - 0x00007fffa57d9000 	C:\WINDOWS\System32\msvcrt.dll
0x00007fffa40b0000 - 0x00007fffa41dc000 	C:\WINDOWS\System32\gdi32full.dll
0x00007fffa4830000 - 0x00007fffa48d3000 	C:\WINDOWS\System32\msvcp_win.dll
0x00007fffa5520000 - 0x00007fffa5551000 	C:\WINDOWS\System32\IMM32.DLL
0x00007fff9fa00000 - 0x00007fff9fa0c000 	D:\sts-4.29.1.RELEASE\plugins\org.eclipse.justj.openjdk.hotspot.jre.full.win32.x86_64_21.0.6.v20250130-0529\jre\bin\vcruntime140_1.dll
0x00007fff4fdb0000 - 0x00007fff4fe3d000 	D:\sts-4.29.1.RELEASE\plugins\org.eclipse.justj.openjdk.hotspot.jre.full.win32.x86_64_21.0.6.v20250130-0529\jre\bin\msvcp140.dll
0x00007fff422e0000 - 0x00007fff43070000 	D:\sts-4.29.1.RELEASE\plugins\org.eclipse.justj.openjdk.hotspot.jre.full.win32.x86_64_21.0.6.v20250130-0529\jre\bin\server\jvm.dll
0x00007fffa50e0000 - 0x00007fffa5194000 	C:\WINDOWS\System32\ADVAPI32.dll
0x00007fffa5800000 - 0x00007fffa58a6000 	C:\WINDOWS\System32\sechost.dll
0x00007fffa4fc0000 - 0x00007fffa50d8000 	C:\WINDOWS\System32\RPCRT4.dll
0x00007fffa56b0000 - 0x00007fffa5724000 	C:\WINDOWS\System32\WS2_32.dll
0x00007fff9c590000 - 0x00007fff9c5c5000 	C:\WINDOWS\SYSTEM32\WINMM.dll
0x00007fff93ce0000 - 0x00007fff93ceb000 	C:\WINDOWS\SYSTEM32\VERSION.dll
0x00007fffa3af0000 - 0x00007fffa3b4e000 	C:\WINDOWS\SYSTEM32\POWRPROF.dll
0x00007fffa3ad0000 - 0x00007fffa3ae4000 	C:\WINDOWS\SYSTEM32\UMPDC.dll
0x00007fffa2080000 - 0x00007fffa209b000 	C:\WINDOWS\SYSTEM32\kernel.appcore.dll
0x00007fff90500000 - 0x00007fff9050a000 	D:\sts-4.29.1.RELEASE\plugins\org.eclipse.justj.openjdk.hotspot.jre.full.win32.x86_64_21.0.6.v20250130-0529\jre\bin\jimage.dll
0x00007fffa3450000 - 0x00007fffa3692000 	C:\WINDOWS\SYSTEM32\DBGHELP.DLL
0x00007fffa5a60000 - 0x00007fffa5deb000 	C:\WINDOWS\System32\combase.dll
0x00007fffa55d0000 - 0x00007fffa56a7000 	C:\WINDOWS\System32\OLEAUT32.dll
0x00007fffa3340000 - 0x00007fffa337c000 	C:\WINDOWS\SYSTEM32\dbgcore.DLL
0x00007fffa4350000 - 0x00007fffa43f5000 	C:\WINDOWS\System32\bcryptPrimitives.dll
0x00007fff82910000 - 0x00007fff8292f000 	D:\sts-4.29.1.RELEASE\plugins\org.eclipse.justj.openjdk.hotspot.jre.full.win32.x86_64_21.0.6.v20250130-0529\jre\bin\java.dll
0x00007fffa5df0000 - 0x00007fffa653f000 	C:\WINDOWS\System32\SHELL32.dll
0x00007fffa41e0000 - 0x00007fffa434b000 	C:\WINDOWS\System32\wintypes.dll
0x00007fffa0be0000 - 0x00007fffa143d000 	C:\WINDOWS\SYSTEM32\windows.storage.dll
0x00007fffa4a30000 - 0x00007fffa4b22000 	C:\WINDOWS\System32\SHCORE.dll
0x00007fffa5560000 - 0x00007fffa55c7000 	C:\WINDOWS\System32\shlwapi.dll
0x00007fffa3bb0000 - 0x00007fffa3bd9000 	C:\WINDOWS\SYSTEM32\profapi.dll
0x00007fff82000000 - 0x00007fff82018000 	D:\sts-4.29.1.RELEASE\plugins\org.eclipse.justj.openjdk.hotspot.jre.full.win32.x86_64_21.0.6.v20250130-0529\jre\bin\zip.dll
0x00007fff85050000 - 0x00007fff85060000 	D:\sts-4.29.1.RELEASE\plugins\org.eclipse.justj.openjdk.hotspot.jre.full.win32.x86_64_21.0.6.v20250130-0529\jre\bin\net.dll
0x00007fff9ce30000 - 0x00007fff9cf58000 	C:\WINDOWS\SYSTEM32\WINHTTP.dll
0x00007fffa25f0000 - 0x00007fffa265b000 	C:\WINDOWS\system32\mswsock.dll
0x00007fff81fc0000 - 0x00007fff81fd6000 	D:\sts-4.29.1.RELEASE\plugins\org.eclipse.justj.openjdk.hotspot.jre.full.win32.x86_64_21.0.6.v20250130-0529\jre\bin\nio.dll
0x00007fff83400000 - 0x00007fff8340a000 	D:\sts-4.29.1.RELEASE\plugins\org.eclipse.justj.openjdk.hotspot.jre.full.win32.x86_64_21.0.6.v20250130-0529\jre\bin\management.dll
0x00007fff833f0000 - 0x00007fff833fb000 	D:\sts-4.29.1.RELEASE\plugins\org.eclipse.justj.openjdk.hotspot.jre.full.win32.x86_64_21.0.6.v20250130-0529\jre\bin\management_ext.dll
0x00007fffa5380000 - 0x00007fffa5388000 	C:\WINDOWS\System32\PSAPI.DLL
0x00007fff829f0000 - 0x00007fff82a08000 	C:\WINDOWS\system32\napinsp.dll
0x00007fffa19c0000 - 0x00007fffa1aec000 	C:\WINDOWS\SYSTEM32\DNSAPI.dll
0x00007fffa1920000 - 0x00007fffa1954000 	C:\WINDOWS\SYSTEM32\IPHLPAPI.DLL
0x00007fffa5390000 - 0x00007fffa539a000 	C:\WINDOWS\System32\NSI.dll
0x00007fff829b0000 - 0x00007fff829c2000 	C:\WINDOWS\System32\winrnr.dll
0x00007fff82980000 - 0x00007fff829a2000 	C:\WINDOWS\system32\nlansp_c.dll
0x00007fff82370000 - 0x00007fff82386000 	C:\WINDOWS\system32\wshbth.dll
0x00007fff99be0000 - 0x00007fff99beb000 	C:\Windows\System32\rasadhlp.dll
0x00007fff9d610000 - 0x00007fff9d696000 	C:\WINDOWS\System32\fwpuclnt.dll
0x00007fffa37c0000 - 0x00007fffa37db000 	C:\WINDOWS\SYSTEM32\CRYPTSP.dll
0x00007fffa2a90000 - 0x00007fffa2aca000 	C:\WINDOWS\system32\rsaenh.dll
0x00007fffa2660000 - 0x00007fffa268b000 	C:\WINDOWS\SYSTEM32\USERENV.dll
0x00007fffa3b80000 - 0x00007fffa3baa000 	C:\WINDOWS\SYSTEM32\bcrypt.dll
0x00007fffa2ce0000 - 0x00007fffa2cec000 	C:\WINDOWS\SYSTEM32\CRYPTBASE.dll
0x00007fff82d50000 - 0x00007fff82d59000 	D:\sts-4.29.1.RELEASE\plugins\org.eclipse.justj.openjdk.hotspot.jre.full.win32.x86_64_21.0.6.v20250130-0529\jre\bin\extnet.dll
0x00007fff75c80000 - 0x00007fff75c8e000 	D:\sts-4.29.1.RELEASE\plugins\org.eclipse.justj.openjdk.hotspot.jre.full.win32.x86_64_21.0.6.v20250130-0529\jre\bin\sunmscapi.dll
0x00007fffa3c90000 - 0x00007fffa3e07000 	C:\WINDOWS\System32\CRYPT32.dll
0x00007fffa2ca0000 - 0x00007fffa2cd0000 	C:\WINDOWS\SYSTEM32\ncrypt.dll
0x00007fffa2d10000 - 0x00007fffa2d4f000 	C:\WINDOWS\SYSTEM32\NTASN1.dll
0x00007fff818f0000 - 0x00007fff818f8000 	C:\WINDOWS\system32\wshunix.dll

dbghelp: loaded successfully - version: 4.0.5 - missing functions: none
symbol engine: initialized successfully - sym options: 0x614 - pdb path: .;D:\sts-4.29.1.RELEASE\plugins\org.eclipse.justj.openjdk.hotspot.jre.full.win32.x86_64_21.0.6.v20250130-0529\jre\bin;C:\WINDOWS\SYSTEM32;C:\WINDOWS\WinSxS\amd64_microsoft.windows.common-controls_6595b64144ccf1df_6.0.26100.7019_none_3e06ffa0e335b8a8;D:\sts-4.29.1.RELEASE\plugins\org.eclipse.justj.openjdk.hotspot.jre.full.win32.x86_64_21.0.6.v20250130-0529\jre\bin\server

VM Arguments:
jvm_args: -Dcom.sun.management.jmxremote -Dcom.sun.management.jmxremote.port=54360 -Dcom.sun.management.jmxremote.authenticate=false -Dcom.sun.management.jmxremote.ssl=false -Djava.rmi.server.hostname=localhost -Dspring.jmx.enabled=true -Dmanagement.endpoints.jmx.exposure.include=* -Dspring.application.admin.enabled=true -Dspring.output.ansi.enabled=always -XX:TieredStopAtLevel=1 -Dspring.boot.project.name=maharecruitment-web -Dfile.encoding=UTF-8 -Dstdout.encoding=UTF-8 -Dstderr.encoding=UTF-8 -XX:+ShowCodeDetailsInExceptionMessages 
java_command: com.maharecruitment.gov.in.web.MaharecruitmentParentApplication
java_class_path (initial): C:\Users\Akanksha.Surve\git\NewMaharecuitrment\maharecruitment-web\target\classes;C:\Users\Akanksha.Surve\.m2\repository\org\springframework\boot\spring-boot-starter-web\4.0.3\spring-boot-starter-web-4.0.3.jar;C:\Users\Akanksha.Surve\.m2\repository\org\springframework\boot\spring-boot-starter-jackson\4.0.3\spring-boot-starter-jackson-4.0.3.jar;C:\Users\Akanksha.Surve\.m2\repository\org\springframework\boot\spring-boot-jackson\4.0.3\spring-boot-jackson-4.0.3.jar;C:\Users\Akanksha.Surve\.m2\repository\tools\jackson\core\jackson-databind\3.0.4\jackson-databind-3.0.4.jar;C:\Users\Akanksha.Surve\.m2\repository\tools\jackson\core\jackson-core\3.0.4\jackson-core-3.0.4.jar;C:\Users\Akanksha.Surve\.m2\repository\org\springframework\boot\spring-boot-http-converter\4.0.3\spring-boot-http-converter-4.0.3.jar;C:\Users\Akanksha.Surve\.m2\repository\org\springframework\spring-web\7.0.5\spring-web-7.0.5.jar;C:\Users\Akanksha.Surve\.m2\repository\org\springframework\boot\spring-boot-webmvc\4.0.3\spring-boot-webmvc-4.0.3.jar;C:\Users\Akanksha.Surve\.m2\repository\org\springframework\boot\spring-boot-servlet\4.0.3\spring-boot-servlet-4.0.3.jar;C:\Users\Akanksha.Surve\.m2\repository\org\springframework\spring-webmvc\7.0.5\spring-webmvc-7.0.5.jar;C:\Users\Akanksha.Surve\.m2\repository\org\springframework\boot\spring-boot-starter-security\4.0.3\spring-boot-starter-security-4.0.3.jar;C:\Users\Akanksha.Surve\.m2\repository\org\springframework\boot\spring-boot-starter\4.0.3\spring-boot-starter-4.0.3.jar;C:\Users\Akanksha.Surve\.m2\repository\org\springframework\boot\spring-boot-starter-logging\4.0.3\spring-boot-starter-logging-4.0.3.jar;C:\Users\Akanksha.Surve\.m2\repository\ch\qos\logback\logback-classic\1.5.32\logback-classic-1.5.32.jar;C:\Users\Akanksha.Surve\.m2\repository\ch\qos\logback\logback-core\1.5.32\logback-core-1.5.32.jar;C:\Users\Akanksha.Surve\.m2\repository\org\apache\logging\log4j\log4j-to-slf4j\2.25.3\log4j-to-slf4j-2.25.3.jar;C:\Users\Akanksha.Surve\.m2\repository\org\slf4j\jul-to-slf4j\2.0.17\jul-to-slf4j-2.0.17.jar;C:\Users\Akanksha.Surve\.m2\repository\jakarta\annotation\jakarta.annotation-api\3.0.0\jakarta.annotation-api-3.0.0.jar;C:\Users\Akanksha.Surve\.m2\repository\org\yaml\snakeyaml\2.5\snakeyaml-2.5.jar;C:\Users\Akanksha.Surve\.m2\repository\org\springframework\boot\spring-boot-security\4.0.3\spring-boot-security-4.0.3.jar;C:\Users\Akanksha.Surve\.m2\repository\org\springframework\security\spring-security-config\7.0.3\spring-security-config-7.0.3.jar;C:\Users\Akanksha.Surve\.m2\repository\org\springframework\spring-aop\7.0.5\spring-aop-7.0.5.jar;C:\Users\Akanksha.Surve\.m2\repository\org\springframework\spring-beans\7.0.5\spring-beans-7.0.5.jar;C:\Users\Akanksha.Surve\.m2\repository\org\springframework\boot\spring-boot-starter-thymeleaf\4.0.3\spring-boot-starter-thymeleaf-4.0.3.jar;C:\Users\Akanksha.Surve\.m2\repository\org\springframework\boot\spring-boot-thymeleaf\4.0.3\spring-boot-thymeleaf-4.0.3.jar;C:\Users\Akanksha.Surve\.m2\repository\org\springframework\boot\spring-boot-starter-data-jpa\4.0.3\spring-boot-starter-data-jpa-4.0.3.jar;C:\Users\Akanksha.Surve\.m2\repository\org\springframework\boot\spring-boot-starter-jdbc\4.0.3\spring-boot-starter-jdbc-4.0.3.jar;C:\Users\Akanksha.Surve\.m2\repository\com\zaxxer\HikariCP\7.0.2\HikariCP-7.0.2.jar;C:\Users\Akanksha.Surve\.m2\repository\org\springframework\boot\spring-boot-data-jpa\4.0.3\spring-boot-data-jpa-4.0.3.jar;C:\Users\Akanksha.Surve\.m2\repository\org\springframework\boot\spring-boot-data-commons\4.0.3\spring-boot-data-commons-4.0.3.jar;C:\Users\Akanksha.Surve\.m2\repository\org\springframework\boot\spring-boot-persistence\4.0.3\spring-boot-persistence-4.0.3.jar;C:\Users\Akanksha.Surve\.m2\repository\org\springframework\data\spring-data-commons\4.0.3\spring-data-commons-4.0.3.jar;C:\Users\Akanksha.Surve\.m2\repository\org\springframework\boot\spring-boot-hibernate\4.0.3\spring-boot-hibernate-4.0.3.jar;C:\Users\Akanksha.Surve\.m2\repository\org\springframework\boot\spring-boot-jpa\4.0.3\spring-boot-jpa-4.0.3.jar;C:\Users\Akanksha.Surve\.m2\repository\jakarta\persistence\jakarta.persistence-api\3.2.0\jakarta.persistence-api-3.2.0.jar;C:\Users\Akanksha.Surve\.m2\repository\org\hibernate\orm\hibernate-core\7.2.4.Final\hibernate-core-7.2.4.Final.jar;C:\Users\Akanksha.Surve\.m2\repository\jakarta\transaction\jakarta.transaction-api\2.0.1\jakarta.transaction-api-2.0.1.jar;C:\Users\Akanksha.Surve\.m2\repository\org\hibernate\models\hibernate-models\1.0.1\hibernate-models-1.0.1.jar;C:\Users\Akanksha.Surve\.m2\repository\org\glassfish\jaxb\jaxb-runtime\4.0.6\jaxb-runtime-4.0.6.jar;C:\Users\Akanksha.Surve\.m2\repository\org\glassfish\jaxb\jaxb-core\4.0.6\jaxb-core-4.0.6.jar;C:\Users\Akanksha.Surve\.m2\repository\org\glassfish\jaxb\txw2\4.0.6\txw2-4.0.6.jar;C:\Users\Akanksha.Surve\.m2\repository\com\sun\istack\istack-commons-runtime\4.1.2\istack-commons-runtime-4.1.2.jar;C:\Users\Akanksha.Surve\.m2\repository\jakarta\inject\jakarta.inject-api\2.0.1\jakarta.inject-api-2.0.1.jar;C:\Users\Akanksha.Surve\.m2\repository\org\springframework\spring-orm\7.0.5\spring-orm-7.0.5.jar;C:\Users\Akanksha.Surve\.m2\repository\org\springframework\data\spring-data-jpa\4.0.3\spring-data-jpa-4.0.3.jar;C:\Users\Akanksha.Surve\.m2\repository\org\springframework\spring-tx\7.0.5\spring-tx-7.0.5.jar;C:\Users\Akanksha.Surve\.m2\repository\org\antlr\antlr4-runtime\4.13.2\antlr4-runtime-4.13.2.jar;C:\Users\Akanksha.Surve\.m2\repository\org\springframework\spring-aspects\7.0.5\spring-aspects-7.0.5.jar;C:\Users\Akanksha.Surve\.m2\repository\org\aspectj\aspectjweaver\1.9.25.1\aspectjweaver-1.9.25.1.jar;C:\Users\Akanksha.Surve\.m2\repository\org\springframework\boot\spring-boot-jdbc\4.0.3\spring-boot-jdbc-4.0.3.jar;C:\Users\Akanksha.Surve\.m2\repository\org\springframework\boot\spring-boot-sql\4.0.3\spring-boot-sql-4.0.3.jar;C:\Users\Akanksha.Surve\.m2\repository\org\springframework\boot\spring-boot-transaction\4.0.3\spring-boot-transaction-4.0.3.jar;C:\Users\Akanksha.Surve\.m2\repository\org\springframework\spring-jdbc\7.0.5\spring-jdbc-7.0.5.jar;C:\Users\Akanksha.Surve\.m2\repository\org\flywaydb\flyway-core\11.14.1\flyway-core-11.14.1.jar;C:\Users\Akanksha.Surve\.m2\repository\com\fasterxml\jackson\core\jackson-databind\2.20.2\jackson-databind-2.20.2.jar;C:\Users\Akanksha.Surve\.m2\repository\org\flywaydb\flyway-database-postgresql\11.14.1\flyway-database-postgresql-11.14.1.jar;C:\Users\Akanksha.Surve\.m2\repository\org\springframework\boot\spring-boot-starter-tomcat\4.0.3\spring-boot-starter-tomcat-4.0.3.jar;C:\Users\Akanksha.Surve\.m2\repository\org\springframework\boot\spring-boot-starter-tomcat-runtime\4.0.3\spring-boot-starter-tomcat-runtime-4.0.3.jar;C:\Users\Akanksha.Surve\.m2\repository\org\springframework\boot\spring-boot-web-server\4.0.3\spring-boot-web-server-4.0.3.jar;C:\Users\Akanksha.Surve\.m2\repository\org\apache\tomcat\embed\tomcat-embed-core\11.0.18\tomcat-embed-core-11.0.18.jar;C:\Users\Akanksha.Surve\.m2\repository\org\apache\tomcat\embed\tomcat-embed-el\11.0.18\tomcat-embed-el-11.0.18.jar;C:\Users\Akanksha.Surve\.m2\repository\org\apache\tomcat\embed\tomcat-embed-websocket\11.0.18\tomcat-embed-websocket-11.0.18.jar;C:\Users\Akanksha.Surve\.m2\repository\org\springframework\boot\spring-boot-tomcat\4.0.3\spring-boot-tomcat-4.0.3.jar;C:\Users\Akanksha.Surve\git\NewMaharecuitrment\maharecruitment-common\target\classes;C:\Users\Akanksha.Surve\git\NewMaharecuitrment\maharecruitment-attendance\target\classes;C:\Users\Akanksha.Surve\git\NewMaharecuitrment\maharecruitment-security\target\classes;C:\Users\Akanksha.Surve\git\NewMaharecuitrment\maharecruitment-auth\target\classes;C:\Users\Akanksha.Surve\git\NewMaharecuitrment\maharecruitment-agency\target\classes;C:\Users\Akanksha.Surve\git\NewMaharecuitrment\maharecruitment-master\target\classes;C:\Users\Akanksha.Surve\git\NewMaharecuitrment\maharecruitment-department\target\classes;C:\Users\Akanksha.Surve\git\NewMaharecuitrment\maharecruitment-invoice\target\classes;C:\Users\Akanksha.Surve\git\NewMaharecuitrment\maharecruitment-recruitment\target\classes;C:\Users\Akanksha.Surve\git\NewMaharecuitrment\maharecruitment-notification\target\classes;C:\Users\Akanksha.Surve\git\NewMaharecuitrment\maharecruitment-workorder\target\classes;C:\Users\Akanksha.Surve\git\NewMaharecuitrment\maharecruitment-audit\target\classes;C:\Users\Akanksha.Surve\.m2\repository\com\google\zxing\core\3.5.4\core-3.5.4.jar;C:\Users\Akanksha.Surve\.m2\repository\com\google\zxing\javase\3.5.4\javase-3.5.4.jar;C:\Users\Akanksha.Surve\.m2\repository\org\jcommander\jcommander\1.85\jcommander-1.85.jar;C:\Users\Akanksha.Surve\.m2\repository\com\github\jai-imageio\jai-imageio-core\1.4.0\jai-imageio-core-1.4.0.jar;C:\Users\Akanksha.Surve\.m2\repository\org\thymeleaf\extras\thymeleaf-extras-springsecurity6\3.1.3.RELEASE\thymeleaf-extras-springsecurity6-3.1.3.RELEASE.jar;C:\Users\Akanksha.Surve\.m2\repository\org\thymeleaf\thymeleaf-spring6\3.1.3.RELEASE\thymeleaf-spring6-3.1.3.RELEASE.jar;C:\Users\Akanksha.Surve\.m2\repository\org\thymeleaf\thymeleaf\3.1.3.RELEASE\thymeleaf-3.1.3.RELEASE.jar;C:\Users\Akanksha.Surve\.m2\repository\org\attoparser\attoparser\2.0.7.RELEASE\attoparser-2.0.7.RELEASE.jar;C:\Users\Akanksha.Surve\.m2\repository\org\unbescape\unbescape\1.1.6.RELEASE\unbescape-1.1.6.RELEASE.jar;C:\Users\Akanksha.Surve\.m2\repository\org\slf4j\slf4j-api\2.0.17\slf4j-api-2.0.17.jar;C:\Users\Akanksha.Surve\.m2\repository\org\springframework\boot\spring-boot-devtools\4.0.3\spring-boot-devtools-4.0.3.jar;C:\Users\Akanksha.Surve\.m2\repository\org\springframework\boot\spring-boot\4.0.3\spring-boot-4.0.3.jar;C:\Users\Akanksha.Surve\.m2\repository\org\springframework\spring-context\7.0.5\spring-context-7.0.5.jar;C:\Users\Akanksha.Surve\.m2\repository\org\springframework\boot\spring-boot-autoconfigure\4.0.3\spring-boot-autoconfigure-4.0.3.jar;C:\Users\Akanksha.Surve\.m2\repository\org\postgresql\postgresql\42.7.10\postgresql-42.7.10.jar;C:\Users\Akanksha.Surve\.m2\repository\org\checkerframework\checker-qual\3.52.0\checker-qual-3.52.0.jar;C:\Users\Akanksha.Surve\.m2\repository\org\springframework\boot\spring-boot-starter-validation\4.0.3\spring-boot-starter-validation-4.0.3.jar;C:\Users\Akanksha.Surve\.m2\repository\org\springframework\boot\spring-boot-validation\4.0.3\spring-boot-validation-4.0.3.jar;C:\Users\Akanksha.Surve\.m2\repository\org\hibernate\validator\hibernate-validator\9.0.1.Final\hibernate-validator-9.0.1.Final.jar;C:\Users\Akanksha.Surve\.m2\repository\jakarta\validation\jakarta.validation-api\3.1.1\jakarta.validation-api-3.1.1.jar;C:\Users\Akanksha.Surve\.m2\repository\org\jboss\logging\jboss-logging\3.6.2.Final\jboss-logging-3.6.2.Final.jar;C:\Users\Akanksha.Surve\.m2\repository\com\fasterxml\classmate\1.7.3\classmate-1.7.3.jar;C:\Users\Akanksha.Surve\.m2\repository\org\projectlombok\lombok\1.18.42\lombok-1.18.42.jar;C:\Users\Akanksha.Surve\.m2\repository\jakarta\xml\bind\jakarta.xml.bind-api\4.0.4\jakarta.xml.bind-api-4.0.4.jar;C:\Users\Akanksha.Surve\.m2\repository\jakarta\activation\jakarta.activation-api\2.1.4\jakarta.activation-api-2.1.4.jar;C:\Users\Akanksha.Surve\.m2\repository\net\bytebuddy\byte-buddy\1.17.8\byte-buddy-1.17.8.jar;C:\Users\Akanksha.Surve\.m2\repository\org\springframework\spring-core\7.0.5\spring-core-7.0.5.jar;C:\Users\Akanksha.Surve\.m2\repository\commons-logging\commons-logging\1.3.5\commons-logging-1.3.5.jar;C:\Users\Akanksha.Surve\.m2\repository\org\jspecify\jspecify\1.0.0\jspecify-1.0.0.jar;C:\Users\Akanksha.Surve\.m2\repository\org\springframework\security\spring-security-core\7.0.3\spring-security-core-7.0.3.jar;C:\Users\Akanksha.Surve\.m2\repository\org\springframework\security\spring-security-crypto\7.0.3\spring-security-crypto-7.0.3.jar;C:\Users\Akanksha.Surve\.m2\repository\org\springframework\spring-expression\7.0.5\spring-expression-7.0.5.jar;C:\Users\Akanksha.Surve\.m2\repository\io\micrometer\micrometer-observation\1.16.3\micrometer-observation-1.16.3.jar;C:\Users\Akanksha.Surve\.m2\repository\io\micrometer\micrometer-commons\1.16.3\micrometer-commons-1.16.3.jar;C:\Users\Akanksha.Surve\.m2\repository\org\springframework\security\spring-security-web\7.0.3\spring-security-web-7.0.3.jar;C:\Users\Akanksha.Surve\.m2\repository\org\springframework\boot\spring-boot-starter-mail\4.0.3\spring-boot-starter-mail-4.0.3.jar;C:\Users\Akanksha.Surve\.m2\repository\org\springframework\boot\spring-boot-mail\4.0.3\spring-boot-mail-4.0.3.jar;C:\Users\Akanksha.Surve\.m2\repository\org\springframework\spring-context-support\7.0.5\spring-context-support-7.0.5.jar;C:\Users\Akanksha.Surve\.m2\repository\jakarta\mail\jakarta.mail-api\2.1.5\jakarta.mail-api-2.1.5.jar;C:\Users\Akanksha.Surve\.m2\repository\org\eclipse\angus\angus-mail\2.0.5\angus-mail-2.0.5.jar;C:\Users\Akanksha.Surve\.m2\repository\org\eclipse\angus\angus-activation\2.0.3\angus-activation-2.0.3.jar;C:\Users\Akanksha.Surve\.m2\repository\org\apache\poi\poi-ooxml\5.2.3\poi-ooxml-5.2.3.jar;C:\Users\Akanksha.Surve\.m2\repository\org\apache\poi\poi\5.2.3\poi-5.2.3.jar;C:\Users\Akanksha.Surve\.m2\repository\commons-codec\commons-codec\1.19.0\commons-codec-1.19.0.jar;C:\Users\Akanksha.Surve\.m2\repository\org\apache\commons\commons-math3\3.6.1\commons-math3-3.6.1.jar;C:\Users\Akanksha.Surve\.m2\repository\com\zaxxer\SparseBitSet\1.2\SparseBitSet-1.2.jar;C:\Users\Akanksha.Surve\.m2\repository\org\apache\poi\poi-ooxml-lite\5.2.3\poi-ooxml-lite-5.2.3.jar;C:\Users\Akanksha.Surve\.m2\repository\org\apache\xmlbeans\xmlbeans\5.1.1\xmlbeans-5.1.1.jar;C:\Users\Akanksha.Surve\.m2\repository\org\apache\commons\commons-compress\1.21\commons-compress-1.21.jar;C:\Users\Akanksha.Surve\.m2\repository\commons-io\commons-io\2.11.0\commons-io-2.11.0.jar;C:\Users\Akanksha.Surve\.m2\repository\com\github\virtuald\curvesapi\1.07\curvesapi-1.07.jar;C:\Users\Akanksha.Surve\.m2\repository\org\apache\logging\log4j\log4j-api\2.25.3\log4j-api-2.25.3.jar;C:\Users\Akanksha.Surve\.m2\repository\org\apache\commons\commons-collections4\4.4\commons-collections4-4.4.jar;C:\Users\Akanksha.Surve\.m2\repository\cn\apiclub\tool\simplecaptcha\1.2.2\simplecaptcha-1.2.2.jar;C:\Users\Akanksha.Surve\.m2\repository\org\mapstruct\mapstruct\1.5.2.Final\mapstruct-1.5.2.Final.jar;C:\Users\Akanksha.Surve\.m2\repository\org\mapstruct\mapstruct-processor\1.5.2.Final\mapstruct-processor-1.5.2.Final.jar;C:\Users\Akanksha.Surve\.m2\repository\com\fasterxml\jackson\datatype\jackson-datatype-jsr310\2.13.0\jackson-datatype-jsr310-2.13.0.jar;C:\Users\Akanksha.Surve\.m2\repository\com\fasterxml\jackson\core\jackson-annotations\2.20\jackson-annotations-2.20.jar;C:\Users\Akanksha.Surve\.m2\repository\com\fasterxml\jackson\core\jackson-core\2.20.2\jackson-core-2.20.2.jar
Launcher Type: SUN_STANDARD

[Global flags]
     intx CICompilerCount                          = 12                                        {product} {ergonomic}
     uint ConcGCThreads                            = 3                                         {product} {ergonomic}
     uint G1ConcRefinementThreads                  = 13                                        {product} {ergonomic}
   size_t G1HeapRegionSize                         = 4194304                                   {product} {ergonomic}
    uintx GCDrainStackTargetSize                   = 64                                        {product} {ergonomic}
   size_t InitialHeapSize                          = 532676608                                 {product} {ergonomic}
     bool ManagementServer                         = true                                      {product} {command line}
   size_t MarkStackSize                            = 4194304                                   {product} {ergonomic}
   size_t MaxHeapSize                              = 8510242816                                {product} {ergonomic}
   size_t MaxNewSize                               = 5104467968                                {product} {ergonomic}
   size_t MinHeapDeltaBytes                        = 4194304                                   {product} {ergonomic}
   size_t MinHeapSize                              = 8388608                                   {product} {ergonomic}
    uintx NonNMethodCodeHeapSize                   = 4096                                   {pd product} {ergonomic}
    uintx NonProfiledCodeHeapSize                  = 0                                      {pd product} {ergonomic}
     bool ProfileInterpreter                       = false                                  {pd product} {command line}
    uintx ProfiledCodeHeapSize                     = 0                                      {pd product} {ergonomic}
     bool ShowCodeDetailsInExceptionMessages       = true                                   {manageable} {command line}
   size_t SoftMaxHeapSize                          = 8510242816                             {manageable} {ergonomic}
     intx TieredStopAtLevel                        = 1                                         {product} {command line}
     bool UseCompressedOops                        = true                           {product lp64_product} {ergonomic}
     bool UseG1GC                                  = true                                      {product} {ergonomic}
     bool UseLargePagesIndividualAllocation        = false                                  {pd product} {ergonomic}

Logging:
Log output configuration:
 #0: stdout all=warning uptime,level,tags foldmultilines=false
 #1: stderr all=off uptime,level,tags foldmultilines=false

Environment Variables:
PATH=D:/sts-4.29.1.RELEASE//plugins/org.eclipse.justj.openjdk.hotspot.jre.full.win32.x86_64_21.0.6.v20250130-0529/jre/bin/server;D:/sts-4.29.1.RELEASE//plugins/org.eclipse.justj.openjdk.hotspot.jre.full.win32.x86_64_21.0.6.v20250130-0529/jre/bin;C:\Program Files\Common Files\Oracle\Java\javapath;C:\Program Files (x86)\Common Files\Oracle\Java\javapath;C:\WINDOWS\system32;C:\WINDOWS;C:\WINDOWS\System32\Wbem;C:\WINDOWS\System32\WindowsPowerShell\v1.0\;C:\WINDOWS\System32\OpenSSH\;C:\Program Files\PuTTY\;C:\Program Files\nodejs\;C:\Users\Akanksha.Surve\AppData\Local\Microsoft\WindowsApps;C:\Users\Akanksha.Surve\AppData\Roaming\npm;C:\Users\Akanksha.Surve\AppData\Local\Programs\Git\cmd;C:\Users\Akanksha.Surve\AppData\Local\Programs\Antigravity\bin;D:\sts-4.29.1.RELEASE;
USERNAME=Akanksha.Surve
OS=Windows_NT
PROCESSOR_IDENTIFIER=Intel64 Family 6 Model 191 Stepping 2, GenuineIntel
TMP=C:\Users\AKANKS~1.SUR\AppData\Local\Temp
TEMP=C:\Users\AKANKS~1.SUR\AppData\Local\Temp




Periodic native trim disabled

---------------  S Y S T E M  ---------------

OS:
 Windows 11 , 64 bit Build 26100 (10.0.26100.7019)
OS uptime: 0 days 22:57 hours
Hyper-V role detected

CPU: total 16 (initial active 16) (8 cores per cpu, 2 threads per core) family 6 model 191 stepping 2 microcode 0x3a, cx8, cmov, fxsr, ht, mmx, 3dnowpref, sse, sse2, sse3, ssse3, sse4.1, sse4.2, popcnt, lzcnt, tsc, tscinvbit, avx, avx2, aes, erms, clmul, bmi1, bmi2, adx, sha, fma, vzeroupper, clflush, clflushopt, clwb, hv, serialize, rdtscp, rdpid, fsrm, f16c, cet_ibt, cet_ss
Processor Information for the first 16 processors :
  Max Mhz: 2500, Current Mhz: 2500, Mhz Limit: 2500

Memory: 4k page, system-wide physical 32454M (16275M free)
TotalPageFile size 34502M (AvailPageFile size 12696M)
current process WorkingSet (physical memory assigned to process): 487M, peak: 487M
current process commit charge ("private bytes"): 530M, peak: 640M

vm_info: OpenJDK 64-Bit Server VM (21.0.6+7-LTS) for windows-amd64 JRE (21.0.6+7-LTS), built on 2025-01-21T00:00:00Z by "admin" with MS VC++ 17.7 (VS2022)

END.
