#
# A fatal error has been detected by the Java Runtime Environment:
#
#  EXCEPTION_ACCESS_VIOLATION (0xc0000005) at pc=0x00007ff924342f77, pid=26172, tid=25276
#
# JRE version: OpenJDK Runtime Environment Temurin-21.0.6+7 (21.0.6+7) (build 21.0.6+7-LTS)
# Java VM: OpenJDK 64-Bit Server VM Temurin-21.0.6+7 (21.0.6+7-LTS, mixed mode, emulated-client, sharing, tiered, compressed oops, compressed class ptrs, g1 gc, windows-amd64)
# Problematic frame:
# V  [jvm.dll+0x682f77]
#
# No core dump will be written. Minidumps are not enabled by default on client versions of Windows
#
# If you would like to submit a bug report, please visit:
#   https://github.com/adoptium/adoptium-support/issues
#

---------------  S U M M A R Y ------------

Command Line: -Dcom.sun.management.jmxremote -Dcom.sun.management.jmxremote.port=50721 -Dcom.sun.management.jmxremote.authenticate=false -Dcom.sun.management.jmxremote.ssl=false -Djava.rmi.server.hostname=localhost -Dspring.jmx.enabled=true -Dmanagement.endpoints.jmx.exposure.include=* -Dspring.application.admin.enabled=true -Dspring.output.ansi.enabled=always -XX:TieredStopAtLevel=1 -Dspring.boot.project.name=maharecruitment-web -Dfile.encoding=UTF-8 -Dstdout.encoding=UTF-8 -Dstderr.encoding=UTF-8 -XX:+ShowCodeDetailsInExceptionMessages com.maharecruitment.gov.in.web.MaharecruitmentParentApplication

Host: Intel(R) Core(TM) i5-14400, 16 cores, 31G,  Windows 11 , 64 bit Build 26100 (10.0.26100.7019)
Time: Tue May 12 16:49:53 2026 India Standard Time elapsed time: 3354.899223 seconds (0d 0h 55m 54s)

---------------  T H R E A D  ---------------

Current thread (0x0000021d69701390):  WorkerThread "GC Thread#3"    [id=25276, stack(0x0000009539100000,0x0000009539200000) (1024K)]

Stack: [0x0000009539100000,0x0000009539200000],  sp=0x00000095391ffbc0,  free space=1022k
Native frames: (J=compiled Java code, j=interpreted, Vv=VM code, C=native code)
V  [jvm.dll+0x682f77]
V  [jvm.dll+0x3bf97d]
V  [jvm.dll+0x6db0c2]
V  [jvm.dll+0x359262]
V  [jvm.dll+0x8d62a7]
V  [jvm.dll+0x851f8b]
V  [jvm.dll+0x6cc5ed]
C  [ucrtbase.dll+0x37b0]
C  [KERNEL32.DLL+0x2e8d7]
C  [ntdll.dll+0x8c53c]


siginfo: EXCEPTION_ACCESS_VIOLATION (0xc0000005), reading address 0x0000000000020100


Registers:
RAX=0x0000000000000070, RBX=0x0000021d6970a700, RCX=0x0000000000020000, RDX=0x0000000000000000
RSP=0x00000095391ffbc0, RBP=0x0000000000000002, RSI=0x0000000000020000, RDI=0x0000000000020000
R8 =0x0000000000000004, R9 =0x0000021d558d4140, R10=0x0000021d558d4110, R11=0x00000095391ffc80
R12=0x0000000000000030, R13=0x0000000000000000, R14=0x0000000000000000, R15=0x00000000000003d8
RIP=0x00007ff924342f77, EFLAGS=0x0000000000010202

XMM[0]=0x000000faa2547600 0x0000000000000001
XMM[1]=0x0000021d4e37f550 0x0000000000000000
XMM[2]=0x0000000000000000 0x0000000000000000
XMM[3]=0x0000000000000000 0x0000000000000000
XMM[4]=0x0000000000000000 0x0000000000000000
XMM[5]=0x0000000000000000 0x0000000000000000
XMM[6]=0x0000000000000000 0x0000000000000000
XMM[7]=0x0000000000000000 0x0000000000000000
XMM[8]=0x0000000000000000 0x0000000000000000
XMM[9]=0x0000000000000000 0x0000000000000000
XMM[10]=0x0000000000000000 0x0000000000000000
XMM[11]=0x0000000000000000 0x0000000000000000
XMM[12]=0x0000000000000000 0x0000000000000000
XMM[13]=0x0000000000000000 0x0000000000000000
XMM[14]=0x0000000000000000 0x0000000000000000
XMM[15]=0x0000000000000000 0x0000000000000000
  MXCSR=0x00001fa0


Register to memory mapping:

RAX=0x0000000000000070 is an unknown value
RBX=0x0000021d6970a700 points into unknown readable memory: 0x0000000000000000 | 00 00 00 00 00 00 00 00
RCX=0x0000000000020000 is an unknown value
RDX=0x0 is null
RSP=0x00000095391ffbc0 points into unknown readable memory: 0x0000021d4e37f550 | 50 f5 37 4e 1d 02 00 00
RBP=0x0000000000000002 is an unknown value
RSI=0x0000000000020000 is an unknown value
RDI=0x0000000000020000 is an unknown value
R8 =0x0000000000000004 is an unknown value
R9 =0x0000021d558d4140 is at entry_point+32 in (nmethod*)0x0000021d558d3f90
Compiled method (c1) 3354932 15221       1       org.hibernate.sql.ast.tree.from.TableGroupJoin::getJoinType (5 bytes)
 total in heap  [0x0000021d558d3f90,0x0000021d558d4228] = 664
 relocation     [0x0000021d558d40f0,0x0000021d558d4118] = 40
 main code      [0x0000021d558d4120,0x0000021d558d41b8] = 152
 stub code      [0x0000021d558d41b8,0x0000021d558d41f0] = 56
 oops           [0x0000021d558d41f0,0x0000021d558d41f8] = 8
 scopes data    [0x0000021d558d41f8,0x0000021d558d4200] = 8
 scopes pcs     [0x0000021d558d4200,0x0000021d558d4220] = 32
 dependencies   [0x0000021d558d4220,0x0000021d558d4228] = 8
R10=0x0000021d558d4110 is at entry_point+-16 in (nmethod*)0x0000021d558d3f90
Compiled method (c1) 3354932 15221       1       org.hibernate.sql.ast.tree.from.TableGroupJoin::getJoinType (5 bytes)
 total in heap  [0x0000021d558d3f90,0x0000021d558d4228] = 664
 relocation     [0x0000021d558d40f0,0x0000021d558d4118] = 40
 main code      [0x0000021d558d4120,0x0000021d558d41b8] = 152
 stub code      [0x0000021d558d41b8,0x0000021d558d41f0] = 56
 oops           [0x0000021d558d41f0,0x0000021d558d41f8] = 8
 scopes data    [0x0000021d558d41f8,0x0000021d558d4200] = 8
 scopes pcs     [0x0000021d558d4200,0x0000021d558d4220] = 32
 dependencies   [0x0000021d558d4220,0x0000021d558d4228] = 8
R11=0x00000095391ffc80 points into unknown readable memory: 0x0000009537ffe5c0 | c0 e5 ff 37 95 00 00 00
R12=0x0000000000000030 is an unknown value
R13=0x0 is null
R14=0x0 is null
R15=0x00000000000003d8 is an unknown value

Top of Stack: (sp=0x00000095391ffbc0)
0x00000095391ffbc0:   0000021d4e37f550 0000000000000001
0x00000095391ffbd0:   000000faa2547600 0000009537ffe5a0
0x00000095391ffbe0:   0000000000000001 00007ff923ee1663
0x00000095391ffbf0:   00000000000003d8 0000000000000010
0x00000095391ffc00:   0000000000000000 0000000000000030
0x00000095391ffc10:   0000000000020000 00007ff92407f97d
0x00000095391ffc20:   0000021d558d1410 0000000000000000
0x00000095391ffc30:   0000000000000002 0000021d01162930
0x00000095391ffc40:   0000021d649236c8 0000000000000000
0x00000095391ffc50:   0000021d697430d0 0000021d649232e0
0x00000095391ffc60:   0000021d649232f0 00007ff92439b0c2
0x00000095391ffc70:   000019cbfa68345d 0000000000000001
0x00000095391ffc80:   0000009537ffe5c0 0000021d694f82a0
0x00000095391ffc90:   0000000000000070 0000021d694f82a0
0x00000095391ffca0:   0000000000000005 00007ff924019262
0x00000095391ffcb0:   0000009537ffe580 0000021d69701390
0x00000095391ffcc0:   0000000000000005 0000000000000005
0x00000095391ffcd0:   0000021d6970a700 00007ff9245962a7
0x00000095391ffce0:   0000021d507087f8 0000021d69701390
0x00000095391ffcf0:   0000000000000005 0000021d6970a700
0x00000095391ffd00:   0000000000000000 0000021d69701390
0x00000095391ffd10:   0000000000000000 0000000000100000
0x00000095391ffd20:   0000000000000000 00007ff924511f8b
0x00000095391ffd30:   0000009539100000 00000000ffffffff
0x00000095391ffd40:   0000000000000000 0000000000000000
0x00000095391ffd50:   0000000000000004 0000000000001000
0x00000095391ffd60:   0000000400001000 0000000000020000
0x00000095391ffd70:   0000000000000000 00007ff97fb1c91b
0x00000095391ffd80:   0000021d69701390 0000000000000000
0x00000095391ffd90:   0000000000000000 00007ff9800774bf
0x00000095391ffda0:   0000000000000000 00007ff92438c5ed
0x00000095391ffdb0:   0000000000000000 0000021d69701390 

Instructions: (pc=0x00007ff924342f77)
0x00007ff924342e77:   52 2c 00 48 8b 7c 24 50 4c 8b 64 24 58 48 8b 5c
0x00007ff924342e87:   24 60 48 8b 6c 24 68 48 83 c4 30 41 5f 41 5e 5e
0x00007ff924342e97:   c3 48 8b cb e8 b0 58 ac ff 0f b6 c0 4c 8d 0d 6e
0x00007ff924342ea7:   56 3f 00 41 b8 73 05 00 00 89 44 24 20 48 8d 15
0x00007ff924342eb7:   75 56 3f 00 b9 00 00 00 e0 e8 bb c5 bf ff cc 48
0x00007ff924342ec7:   8b cb e8 82 58 ac ff 0f b6 c0 4c 8d 0d 40 56 3f
0x00007ff924342ed7:   00 41 b8 f1 06 00 00 89 44 24 20 48 8d 15 47 56
0x00007ff924342ee7:   3f 00 b9 00 00 00 e0 e8 8d c5 bf ff cc 48 8b cb
0x00007ff924342ef7:   e8 54 58 ac ff 0f b6 c0 4c 8d 0d 12 56 3f 00 41
0x00007ff924342f07:   b8 73 05 00 00 89 44 24 20 48 8d 15 19 56 3f 00
0x00007ff924342f17:   b9 00 00 00 e0 e8 5f c5 bf ff cc cc cc cc cc cc
0x00007ff924342f27:   cc cc cc cc cc cc cc cc cc 48 89 5c 24 10 48 89
0x00007ff924342f37:   6c 24 18 48 89 74 24 20 57 41 54 41 55 41 56 41
0x00007ff924342f47:   57 48 83 ec 30 65 48 8b 04 25 58 00 00 00 44 0f
0x00007ff924342f57:   b6 f2 44 8b 05 88 b2 65 00 48 8b f1 4a 8b 1c c0
0x00007ff924342f67:   b8 70 00 00 00 80 3c 18 00 75 05 e8 39 40 2c 00
0x00007ff924342f77:   83 be 00 01 00 00 00 b8 20 00 00 00 48 8b 04 18
0x00007ff924342f87:   48 8b a8 18 03 00 00 48 8b 7d 28 4c 8b 7d 10 4c
0x00007ff924342f97:   8b 65 18 4c 8b 6d 20 48 89 7c 24 60 7e 65 48 8d
0x00007ff924342fa7:   8e 08 01 00 00 e8 7f 0d 00 00 48 8b f8 48 85 c0
0x00007ff924342fb7:   74 4c 0f 1f 80 00 00 00 00 48 8b 07 41 0f b6 d6
0x00007ff924342fc7:   48 8b cf ff 90 80 00 00 00 8b 5f 08 48 8b cf 48
0x00007ff924342fd7:   8b 07 2b de ff 10 8d 48 e0 8d 0c cb 3b 8e 00 01
0x00007ff924342fe7:   00 00 7d 1a 48 63 c9 48 81 c1 08 01 00 00 48 03
0x00007ff924342ff7:   ce e8 33 0d 00 00 48 8b f8 48 85 c0 75 bb 48 8b
0x00007ff924343007:   7c 24 60 48 63 86 04 01 00 00 83 f8 fe 74 35 48
0x00007ff924343017:   8d 88 08 01 00 00 48 03 ce e8 0b 0d 00 00 48 8b
0x00007ff924343027:   c8 48 8b d8 48 8b 10 ff 52 68 33 c9 84 c0 48 0f
0x00007ff924343037:   45 cb 48 85 c9 74 0d 48 8b 01 41 0f b6 d6 ff 90
0x00007ff924343047:   80 00 00 00 48 8d 05 ee 58 3f 00 44 88 74 24 28
0x00007ff924343057:   48 8d 54 24 20 48 89 44 24 20 48 8b ce e8 87 fc
0x00007ff924343067:   ff ff 49 83 3f 00 74 13 48 8b d7 48 8b cd e8 c6 


Stack slot to memory mapping:

stack at sp + 0 slots: 0x0000021d4e37f550 points into unknown readable memory: 0x0000000300000001 | 01 00 00 00 03 00 00 00
stack at sp + 1 slots: 0x0000000000000001 is an unknown value
stack at sp + 2 slots: 0x000000faa2547600 is an unknown value
stack at sp + 3 slots: 0x0000009537ffe5a0 points into unknown readable memory: 0x0000000837ffe601 | 01 e6 ff 37 08 00 00 00
stack at sp + 4 slots: 0x0000000000000001 is an unknown value
stack at sp + 5 slots: 0x00007ff923ee1663 jvm.dll
stack at sp + 6 slots: 0x00000000000003d8 is an unknown value
stack at sp + 7 slots: 0x0000000000000010 is an unknown value


---------------  P R O C E S S  ---------------

Threads class SMR info:
_java_thread_list=0x0000021d64720bd0, length=26, elements={
0x0000021d617e54e0, 0x0000021d617ed7d0, 0x0000021d617ee480, 0x0000021d617ef280,
0x0000021d617f0e10, 0x0000021d617fcea0, 0x0000021d617fda20, 0x0000021d6473abd0,
0x0000021d6473a540, 0x0000021d64739eb0, 0x0000021d6473b8f0, 0x0000021d6473b260,
0x0000021d64738b00, 0x0000021d64739190, 0x0000021d64739820, 0x0000021d6991e7f0,
0x0000021d6991e160, 0x0000021d6991ee80, 0x0000021d6991f510, 0x0000021d699236b0,
0x0000021d6bf6ff40, 0x0000021d6bf6e500, 0x0000021d7188fc50, 0x0000021d718902e0,
0x0000021d71891d20, 0x0000021d710b9ab0
}

Java Threads: ( => current thread )
  0x0000021d617e54e0 JavaThread "Reference Handler"          daemon [_thread_blocked, id=26528, stack(0x0000009538000000,0x0000009538100000) (1024K)]
  0x0000021d617ed7d0 JavaThread "Finalizer"                  daemon [_thread_blocked, id=26396, stack(0x0000009538100000,0x0000009538200000) (1024K)]
  0x0000021d617ee480 JavaThread "Signal Dispatcher"          daemon [_thread_blocked, id=28356, stack(0x0000009538200000,0x0000009538300000) (1024K)]
  0x0000021d617ef280 JavaThread "Attach Listener"            daemon [_thread_blocked, id=27936, stack(0x0000009538300000,0x0000009538400000) (1024K)]
  0x0000021d617f0e10 JavaThread "Service Thread"             daemon [_thread_blocked, id=3172, stack(0x0000009538400000,0x0000009538500000) (1024K)]
  0x0000021d617fcea0 JavaThread "Monitor Deflation Thread"   daemon [_thread_blocked, id=23332, stack(0x0000009538500000,0x0000009538600000) (1024K)]
  0x0000021d617fda20 JavaThread "C1 CompilerThread0"         daemon [_thread_blocked, id=24180, stack(0x0000009538600000,0x0000009538700000) (1024K)]
  0x0000021d6473abd0 JavaThread "Common-Cleaner"             daemon [_thread_blocked, id=6172, stack(0x0000009538700000,0x0000009538800000) (1024K)]
  0x0000021d6473a540 JavaThread "Notification Thread"        daemon [_thread_blocked, id=25716, stack(0x0000009538b00000,0x0000009538c00000) (1024K)]
  0x0000021d64739eb0 JavaThread "RMI TCP Accept-0"           daemon [_thread_in_native, id=26640, stack(0x0000009538c00000,0x0000009538d00000) (1024K)]
  0x0000021d6473b8f0 JavaThread "RMI TCP Accept-50721"       daemon [_thread_in_native, id=18640, stack(0x0000009538d00000,0x0000009538e00000) (1024K)]
  0x0000021d6473b260 JavaThread "RMI TCP Accept-0"           daemon [_thread_in_native, id=10396, stack(0x0000009538e00000,0x0000009538f00000) (1024K)]
  0x0000021d64738b00 JavaThread "RMI Scheduler(0)"           daemon [_thread_blocked, id=16712, stack(0x0000009539b00000,0x0000009539c00000) (1024K)]
  0x0000021d64739190 JavaThread "RMI TCP Connection(idle)"   daemon [_thread_blocked, id=22096, stack(0x0000009539c00000,0x0000009539d00000) (1024K)]
  0x0000021d64739820 JavaThread "JMX server connection timeout 47" daemon [_thread_blocked, id=26868, stack(0x0000009539d00000,0x0000009539e00000) (1024K)]
  0x0000021d6991e7f0 JavaThread "logback-1"                  daemon [_thread_blocked, id=6036, stack(0x000000953a000000,0x000000953a100000) (1024K)]
  0x0000021d6991e160 JavaThread "AsyncAppender-Worker-ASYNC_FILE" daemon [_thread_blocked, id=22028, stack(0x000000953a100000,0x000000953a200000) (1024K)]
  0x0000021d6991ee80 JavaThread "PostgreSQL-JDBC-Cleaner"    daemon [_thread_blocked, id=7208, stack(0x000000953a900000,0x000000953aa00000) (1024K)]
  0x0000021d6991f510 JavaThread "HttpClient-1-SelectorManager" daemon [_thread_blocked, id=28464, stack(0x000000953ab00000,0x000000953ac00000) (1024K)]
  0x0000021d699236b0 JavaThread "Live Reload Server"         daemon [_thread_in_native, id=12768, stack(0x000000953b100000,0x000000953b200000) (1024K)]
  0x0000021d6bf6ff40 JavaThread "DestroyJavaVM"                     [_thread_blocked, id=10400, stack(0x0000009537800000,0x0000009537900000) (1024K)]
  0x0000021d6bf6e500 JavaThread "logback-2"                  daemon [_thread_blocked, id=25620, stack(0x000000953ac00000,0x000000953ad00000) (1024K)]
  0x0000021d7188fc50 JavaThread "logback-3"                  daemon [_thread_blocked, id=13580, stack(0x0000009537700000,0x0000009537800000) (1024K)]
  0x0000021d718902e0 JavaThread "logback-4"                  daemon [_thread_blocked, id=16280, stack(0x0000009538800000,0x0000009538900000) (1024K)]
  0x0000021d71891d20 JavaThread "Thread-6"                          [_thread_blocked, id=28824, stack(0x0000009537500000,0x0000009537600000) (1024K)]
  0x0000021d710b9ab0 JavaThread "C1 CompilerThread1"         daemon [_thread_blocked, id=20948, stack(0x0000009538900000,0x0000009538a00000) (1024K)]
Total: 26

Other Threads:
  0x0000021d617cb420 VMThread "VM Thread"                           [id=4328, stack(0x0000009537f00000,0x0000009538000000) (1024K)]
  0x0000021d646819e0 WatcherThread "VM Periodic Task Thread"        [id=24376, stack(0x0000009537e00000,0x0000009537f00000) (1024K)]
  0x0000021d50797430 WorkerThread "GC Thread#0"                     [id=23596, stack(0x0000009537900000,0x0000009537a00000) (1024K)]
  0x0000021d69700c50 WorkerThread "GC Thread#1"                     [id=21736, stack(0x0000009538f00000,0x0000009539000000) (1024K)]
  0x0000021d69700ff0 WorkerThread "GC Thread#2"                     [id=27164, stack(0x0000009539000000,0x0000009539100000) (1024K)]
=>0x0000021d69701390 WorkerThread "GC Thread#3"                     [id=25276, stack(0x0000009539100000,0x0000009539200000) (1024K)]
  0x0000021d6973be70 WorkerThread "GC Thread#4"                     [id=13432, stack(0x0000009539200000,0x0000009539300000) (1024K)]
  0x0000021d6973c210 WorkerThread "GC Thread#5"                     [id=21224, stack(0x0000009539300000,0x0000009539400000) (1024K)]
  0x0000021d6973c9c0 WorkerThread "GC Thread#6"                     [id=9264, stack(0x0000009539400000,0x0000009539500000) (1024K)]
  0x0000021d6973cd60 WorkerThread "GC Thread#7"                     [id=25524, stack(0x0000009539500000,0x0000009539600000) (1024K)]
  0x0000021d6973d100 WorkerThread "GC Thread#8"                     [id=19652, stack(0x0000009539600000,0x0000009539700000) (1024K)]
  0x0000021d6973d4a0 WorkerThread "GC Thread#9"                     [id=21116, stack(0x0000009539700000,0x0000009539800000) (1024K)]
  0x0000021d6973dc50 WorkerThread "GC Thread#10"                    [id=15576, stack(0x0000009539800000,0x0000009539900000) (1024K)]
  0x0000021d69762940 WorkerThread "GC Thread#11"                    [id=23932, stack(0x0000009539900000,0x0000009539a00000) (1024K)]
  0x0000021d699d70b0 WorkerThread "GC Thread#12"                    [id=10432, stack(0x000000953a300000,0x000000953a400000) (1024K)]
  0x0000021d6163c8b0 ConcurrentGCThread "G1 Main Marker"            [id=13916, stack(0x0000009537a00000,0x0000009537b00000) (1024K)]
  0x0000021d5079e720 WorkerThread "G1 Conc#0"                       [id=28116, stack(0x0000009537b00000,0x0000009537c00000) (1024K)]
  0x0000021d699d6230 WorkerThread "G1 Conc#1"                       [id=14696, stack(0x000000953a400000,0x000000953a500000) (1024K)]
  0x0000021d699d7450 WorkerThread "G1 Conc#2"                       [id=452, stack(0x000000953a500000,0x000000953a600000) (1024K)]
  0x0000021d61701290 ConcurrentGCThread "G1 Refine#0"               [id=27980, stack(0x0000009537c00000,0x0000009537d00000) (1024K)]
  0x0000021d61701bb0 ConcurrentGCThread "G1 Service"                [id=26312, stack(0x0000009537d00000,0x0000009537e00000) (1024K)]
Total: 21

Threads with active compile tasks:
C1 CompilerThread0  3354973 20982  s    1       org.apache.catalina.util.LifecycleBase::setStateInternal (144 bytes)
Total: 1

VM state: at safepoint (normal execution)

VM Mutex/Monitor currently owned by a thread:  ([mutex/lock_event])
[0x00007ff92496e380] Threads_lock - owner thread: 0x0000021d617cb420
[0x00007ff92496e480] Heap_lock - owner thread: 0x0000021d71891d20

Heap address: 0x0000000604c00000, size: 8116 MB, Compressed Oops mode: Zero based, Oop shift amount: 3

CDS archive(s) mapped at: [0x0000021d00000000-0x0000021d00c80000-0x0000021d00c80000), size 13107200, SharedBaseAddress: 0x0000021d00000000, ArchiveRelocationMode: 1.
Compressed class space mapped at: 0x0000021d01000000-0x0000021d41000000, reserved size: 1073741824
Narrow klass base: 0x0000021d00000000, Narrow klass shift: 0, Narrow klass range: 0x100000000

GC Precious Log:
 CardTable entry size: 512
 Card Set container configuration: InlinePtr #cards 4 size 8 Array Of Cards #cards 32 size 80 Howl #buckets 8 coarsen threshold 7372 Howl Bitmap #cards 1024 size 144 coarsen threshold 921 Card regions per heap region 1 cards per card region 8192
 CPUs: 16 total, 16 available
 Memory: 32454M
 Large Page Support: Disabled
 NUMA Support: Disabled
 Compressed Oops: Enabled (Zero based)
 Heap Region Size: 4M
 Heap Min Capacity: 8M
 Heap Initial Capacity: 508M
 Heap Max Capacity: 8116M
 Pre-touch: Disabled
 Parallel Workers: 13
 Concurrent Workers: 3
 Concurrent Refinement Workers: 13
 Periodic GC: Disabled

Heap:
 garbage-first heap   total 344064K, used 144715K [0x0000000604c00000, 0x0000000800000000)
  region size 4096K, 13 young (53248K), 2 survivors (8192K)
 Metaspace       used 108034K, committed 109120K, reserved 1179648K
  class space    used 15069K, committed 15616K, reserved 1048576K

Heap Regions: E=young(eden), S=young(survivor), O=old, HS=humongous(starts), HC=humongous(continues), CS=collection set, F=free, TAMS=top-at-mark-start, PB=parsable bottom
|   0|0x0000000604c00000, 0x0000000605000000, 0x0000000605000000|100%| O|  |TAMS 0x0000000604c00000| PB 0x0000000605000000| Untracked 
|   1|0x0000000605000000, 0x0000000605400000, 0x0000000605400000|100%| O|  |TAMS 0x0000000605000000| PB 0x0000000605400000| Untracked 
|   2|0x0000000605400000, 0x0000000605800000, 0x0000000605800000|100%| O|  |TAMS 0x0000000605400000| PB 0x0000000605800000| Untracked 
|   3|0x0000000605800000, 0x0000000605c00000, 0x0000000605c00000|100%| O|  |TAMS 0x0000000605800000| PB 0x0000000605c00000| Untracked 
|   4|0x0000000605c00000, 0x0000000606000000, 0x0000000606000000|100%| O|  |TAMS 0x0000000605c00000| PB 0x0000000606000000| Untracked 
|   5|0x0000000606000000, 0x0000000606400000, 0x0000000606400000|100%| O|  |TAMS 0x0000000606000000| PB 0x0000000606400000| Untracked 
|   6|0x0000000606400000, 0x0000000606800000, 0x0000000606800000|100%| O|  |TAMS 0x0000000606400000| PB 0x0000000606800000| Untracked 
|   7|0x0000000606800000, 0x0000000606c00000, 0x0000000606c00000|100%| O|  |TAMS 0x0000000606800000| PB 0x0000000606c00000| Untracked 
|   8|0x0000000606c00000, 0x0000000606c1e7f8, 0x0000000607000000|  2%| O|  |TAMS 0x0000000606c00000| PB 0x0000000606c1e7f8| Untracked 
|   9|0x0000000607000000, 0x0000000607400000, 0x0000000607400000|100%| O|  |TAMS 0x0000000607000000| PB 0x0000000607400000| Complete 
|  10|0x0000000607400000, 0x0000000607800000, 0x0000000607800000|100%| O|  |TAMS 0x0000000607400000| PB 0x0000000607800000| Untracked 
|  11|0x0000000607800000, 0x0000000607c00000, 0x0000000607c00000|100%| O|  |TAMS 0x0000000607800000| PB 0x0000000607c00000| Untracked 
|  12|0x0000000607c00000, 0x0000000608000000, 0x0000000608000000|100%| O|  |TAMS 0x0000000607c00000| PB 0x0000000608000000| Untracked 
|  13|0x0000000608000000, 0x0000000608400000, 0x0000000608400000|100%| O|  |TAMS 0x0000000608000000| PB 0x0000000608400000| Untracked 
|  14|0x0000000608400000, 0x0000000608800000, 0x0000000608800000|100%| O|  |TAMS 0x0000000608400000| PB 0x0000000608800000| Untracked 
|  15|0x0000000608800000, 0x0000000608800000, 0x0000000608c00000|  0%| F|  |TAMS 0x0000000608800000| PB 0x0000000608800000| Untracked 
|  16|0x0000000608c00000, 0x0000000609000000, 0x0000000609000000|100%| O|  |TAMS 0x0000000608c00000| PB 0x0000000609000000| Untracked 
|  17|0x0000000609000000, 0x0000000609400000, 0x0000000609400000|100%| O|  |TAMS 0x0000000609000000| PB 0x0000000609400000| Untracked 
|  18|0x0000000609400000, 0x0000000609800000, 0x0000000609800000|100%| O|  |TAMS 0x0000000609400000| PB 0x0000000609800000| Untracked 
|  19|0x0000000609800000, 0x0000000609c00000, 0x0000000609c00000|100%| O|  |TAMS 0x0000000609800000| PB 0x0000000609c00000| Untracked 
|  20|0x0000000609c00000, 0x000000060a000000, 0x000000060a000000|100%| O|  |TAMS 0x0000000609c00000| PB 0x000000060a000000| Untracked 
|  21|0x000000060a000000, 0x000000060a400000, 0x000000060a400000|100%| O|  |TAMS 0x000000060a000000| PB 0x000000060a400000| Untracked 
|  22|0x000000060a400000, 0x000000060a800000, 0x000000060a800000|100%| O|  |TAMS 0x000000060a400000| PB 0x000000060a800000| Untracked 
|  23|0x000000060a800000, 0x000000060ac00000, 0x000000060ac00000|100%| O|  |TAMS 0x000000060a800000| PB 0x000000060ac00000| Complete 
|  24|0x000000060ac00000, 0x000000060af7ae58, 0x000000060b000000| 87%| O|  |TAMS 0x000000060ac00000| PB 0x000000060af7ae58| Untracked 
|  25|0x000000060b000000, 0x000000060b400000, 0x000000060b400000|100%| O|  |TAMS 0x000000060b000000| PB 0x000000060b400000| Untracked 
|  26|0x000000060b400000, 0x000000060b400000, 0x000000060b800000|  0%| F|  |TAMS 0x000000060b400000| PB 0x000000060b400000| Untracked 
|  27|0x000000060b800000, 0x000000060b800000, 0x000000060bc00000|  0%| F|  |TAMS 0x000000060b800000| PB 0x000000060b800000| Untracked 
|  28|0x000000060bc00000, 0x000000060bc00000, 0x000000060c000000|  0%| F|  |TAMS 0x000000060bc00000| PB 0x000000060bc00000| Untracked 
|  29|0x000000060c000000, 0x000000060c000000, 0x000000060c400000|  0%| F|  |TAMS 0x000000060c000000| PB 0x000000060c000000| Untracked 
|  30|0x000000060c400000, 0x000000060c400000, 0x000000060c800000|  0%| F|  |TAMS 0x000000060c400000| PB 0x000000060c400000| Untracked 
|  31|0x000000060c800000, 0x000000060c800000, 0x000000060cc00000|  0%| F|  |TAMS 0x000000060c800000| PB 0x000000060c800000| Untracked 
|  32|0x000000060cc00000, 0x000000060cc2a030, 0x000000060d000000|  4%| S|  |TAMS 0x000000060cc00000| PB 0x000000060cc2a030| Complete 
|  33|0x000000060d000000, 0x000000060d400000, 0x000000060d400000|100%| S|  |TAMS 0x000000060d000000| PB 0x000000060d400000| Complete 
|  34|0x000000060d400000, 0x000000060d400000, 0x000000060d800000|  0%| F|  |TAMS 0x000000060d400000| PB 0x000000060d400000| Untracked 
|  35|0x000000060d800000, 0x000000060d800000, 0x000000060dc00000|  0%| F|  |TAMS 0x000000060d800000| PB 0x000000060d800000| Untracked 
|  36|0x000000060dc00000, 0x000000060dc00000, 0x000000060e000000|  0%| F|  |TAMS 0x000000060dc00000| PB 0x000000060dc00000| Untracked 
|  37|0x000000060e000000, 0x000000060e000000, 0x000000060e400000|  0%| F|  |TAMS 0x000000060e000000| PB 0x000000060e000000| Untracked 
|  38|0x000000060e400000, 0x000000060e400000, 0x000000060e800000|  0%| F|  |TAMS 0x000000060e400000| PB 0x000000060e400000| Untracked 
|  39|0x000000060e800000, 0x000000060e800000, 0x000000060ec00000|  0%| F|  |TAMS 0x000000060e800000| PB 0x000000060e800000| Untracked 
|  40|0x000000060ec00000, 0x000000060ec00000, 0x000000060f000000|  0%| F|  |TAMS 0x000000060ec00000| PB 0x000000060ec00000| Untracked 
|  41|0x000000060f000000, 0x000000060f000000, 0x000000060f400000|  0%| F|  |TAMS 0x000000060f000000| PB 0x000000060f000000| Untracked 
|  42|0x000000060f400000, 0x000000060f400000, 0x000000060f800000|  0%| F|  |TAMS 0x000000060f400000| PB 0x000000060f400000| Untracked 
|  43|0x000000060f800000, 0x000000060f800000, 0x000000060fc00000|  0%| F|  |TAMS 0x000000060f800000| PB 0x000000060f800000| Untracked 
|  44|0x000000060fc00000, 0x000000060fc00000, 0x0000000610000000|  0%| F|  |TAMS 0x000000060fc00000| PB 0x000000060fc00000| Untracked 
|  45|0x0000000610000000, 0x0000000610000000, 0x0000000610400000|  0%| F|  |TAMS 0x0000000610000000| PB 0x0000000610000000| Untracked 
|  46|0x0000000610400000, 0x0000000610400000, 0x0000000610800000|  0%| F|  |TAMS 0x0000000610400000| PB 0x0000000610400000| Untracked 
|  47|0x0000000610800000, 0x0000000610800000, 0x0000000610c00000|  0%| F|  |TAMS 0x0000000610800000| PB 0x0000000610800000| Untracked 
|  48|0x0000000610c00000, 0x0000000610c00000, 0x0000000611000000|  0%| F|  |TAMS 0x0000000610c00000| PB 0x0000000610c00000| Untracked 
|  49|0x0000000611000000, 0x0000000611000000, 0x0000000611400000|  0%| F|  |TAMS 0x0000000611000000| PB 0x0000000611000000| Untracked 
|  50|0x0000000611400000, 0x0000000611400000, 0x0000000611800000|  0%| F|  |TAMS 0x0000000611400000| PB 0x0000000611400000| Untracked 
|  51|0x0000000611800000, 0x0000000611800000, 0x0000000611c00000|  0%| F|  |TAMS 0x0000000611800000| PB 0x0000000611800000| Untracked 
|  52|0x0000000611c00000, 0x0000000611c00000, 0x0000000612000000|  0%| F|  |TAMS 0x0000000611c00000| PB 0x0000000611c00000| Untracked 
|  53|0x0000000612000000, 0x0000000612000000, 0x0000000612400000|  0%| F|  |TAMS 0x0000000612000000| PB 0x0000000612000000| Untracked 
|  54|0x0000000612400000, 0x0000000612400000, 0x0000000612800000|  0%| F|  |TAMS 0x0000000612400000| PB 0x0000000612400000| Untracked 
|  55|0x0000000612800000, 0x0000000612800000, 0x0000000612c00000|  0%| F|  |TAMS 0x0000000612800000| PB 0x0000000612800000| Untracked 
|  56|0x0000000612c00000, 0x0000000612c00000, 0x0000000613000000|  0%| F|  |TAMS 0x0000000612c00000| PB 0x0000000612c00000| Untracked 
|  57|0x0000000613000000, 0x0000000613000000, 0x0000000613400000|  0%| F|  |TAMS 0x0000000613000000| PB 0x0000000613000000| Untracked 
|  58|0x0000000613400000, 0x0000000613400000, 0x0000000613800000|  0%| F|  |TAMS 0x0000000613400000| PB 0x0000000613400000| Untracked 
|  59|0x0000000613800000, 0x0000000613800000, 0x0000000613c00000|  0%| F|  |TAMS 0x0000000613800000| PB 0x0000000613800000| Untracked 
|  60|0x0000000613c00000, 0x0000000613c00000, 0x0000000614000000|  0%| F|  |TAMS 0x0000000613c00000| PB 0x0000000613c00000| Untracked 
|  61|0x0000000614000000, 0x0000000614000000, 0x0000000614400000|  0%| F|  |TAMS 0x0000000614000000| PB 0x0000000614000000| Untracked 
|  62|0x0000000614400000, 0x0000000614400000, 0x0000000614800000|  0%| F|  |TAMS 0x0000000614400000| PB 0x0000000614400000| Untracked 
|  63|0x0000000614800000, 0x0000000614800000, 0x0000000614c00000|  0%| F|  |TAMS 0x0000000614800000| PB 0x0000000614800000| Untracked 
|  64|0x0000000614c00000, 0x0000000614c00000, 0x0000000615000000|  0%| F|  |TAMS 0x0000000614c00000| PB 0x0000000614c00000| Untracked 
|  65|0x0000000615000000, 0x0000000615000000, 0x0000000615400000|  0%| F|  |TAMS 0x0000000615000000| PB 0x0000000615000000| Untracked 
|  66|0x0000000615400000, 0x0000000615400000, 0x0000000615800000|  0%| F|  |TAMS 0x0000000615400000| PB 0x0000000615400000| Untracked 
|  67|0x0000000615800000, 0x0000000615800000, 0x0000000615c00000|  0%| F|  |TAMS 0x0000000615800000| PB 0x0000000615800000| Untracked 
|  68|0x0000000615c00000, 0x0000000615c00000, 0x0000000616000000|  0%| F|  |TAMS 0x0000000615c00000| PB 0x0000000615c00000| Untracked 
|  69|0x0000000616000000, 0x0000000616000000, 0x0000000616400000|  0%| F|  |TAMS 0x0000000616000000| PB 0x0000000616000000| Untracked 
|  70|0x0000000616400000, 0x0000000616400000, 0x0000000616800000|  0%| F|  |TAMS 0x0000000616400000| PB 0x0000000616400000| Untracked 
|  71|0x0000000616800000, 0x0000000616800000, 0x0000000616c00000|  0%| F|  |TAMS 0x0000000616800000| PB 0x0000000616800000| Untracked 
|  72|0x0000000616c00000, 0x0000000616c00000, 0x0000000617000000|  0%| F|  |TAMS 0x0000000616c00000| PB 0x0000000616c00000| Untracked 
|  73|0x0000000617000000, 0x000000061718f5f0, 0x0000000617400000| 39%| E|  |TAMS 0x0000000617000000| PB 0x000000061718f5f0| Complete 
|  74|0x0000000617400000, 0x0000000617800000, 0x0000000617800000|100%| E|  |TAMS 0x0000000617400000| PB 0x0000000617800000| Complete 
|  75|0x0000000617800000, 0x0000000617c00000, 0x0000000617c00000|100%| E|  |TAMS 0x0000000617800000| PB 0x0000000617c00000| Complete 
|  76|0x0000000617c00000, 0x0000000618000000, 0x0000000618000000|100%| E|  |TAMS 0x0000000617c00000| PB 0x0000000618000000| Complete 
|  77|0x0000000618000000, 0x0000000618400000, 0x0000000618400000|100%| E|  |TAMS 0x0000000618000000| PB 0x0000000618400000| Complete 
|  78|0x0000000618400000, 0x0000000618800000, 0x0000000618800000|100%| E|  |TAMS 0x0000000618400000| PB 0x0000000618800000| Complete 
|  79|0x0000000618800000, 0x0000000618c00000, 0x0000000618c00000|100%| E|  |TAMS 0x0000000618800000| PB 0x0000000618c00000| Complete 
|  80|0x0000000618c00000, 0x0000000619000000, 0x0000000619000000|100%| E|  |TAMS 0x0000000618c00000| PB 0x0000000619000000| Complete 
|  81|0x0000000619000000, 0x0000000619400000, 0x0000000619400000|100%| E|  |TAMS 0x0000000619000000| PB 0x0000000619400000| Complete 
|  82|0x0000000619400000, 0x0000000619800000, 0x0000000619800000|100%| E|  |TAMS 0x0000000619400000| PB 0x0000000619800000| Complete 
|2028|0x00000007ffc00000, 0x0000000800000000, 0x0000000800000000|100%| E|  |TAMS 0x00000007ffc00000| PB 0x0000000800000000| Complete 

Card table byte_map: [0x0000021d586b0000,0x0000021d59690000] _byte_map_base: 0x0000021d5568a000

Marking Bits: (CMBitMap*) 0x0000021d50797a40
 Bits: [0x0000021d59690000, 0x0000021d61560000)

Polling page: 0x0000021d4e540000

Metaspace:

Usage:
  Non-class:     90.79 MB used.
      Class:     14.72 MB used.
       Both:    105.50 MB used.

Virtual space:
  Non-class space:      128.00 MB reserved,      91.31 MB ( 71%) committed,  2 nodes.
      Class space:        1.00 GB reserved,      15.25 MB (  1%) committed,  1 nodes.
             Both:        1.12 GB reserved,     106.56 MB (  9%) committed. 

Chunk freelists:
   Non-Class:  3.86 MB
       Class:  716.00 KB
        Both:  4.56 MB

MaxMetaspaceSize: unlimited
CompressedClassSpaceSize: 1.00 GB
Initial GC threshold: 21.00 MB
Current GC threshold: 176.38 MB
CDS: on
 - commit_granule_bytes: 65536.
 - commit_granule_words: 8192.
 - virtual_space_node_default_size: 8388608.
 - enlarge_chunks_in_place: 1.
 - use_allocation_guard: 0.


Internal statistics:

num_allocs_failed_limit: 6.
num_arena_births: 2602.
num_arena_deaths: 1112.
num_vsnodes_births: 3.
num_vsnodes_deaths: 0.
num_space_committed: 1705.
num_space_uncommitted: 0.
num_chunks_returned_to_freelist: 1385.
num_chunks_taken_from_freelist: 7253.
num_chunk_merges: 432.
num_chunk_splits: 4541.
num_chunks_enlarged: 3169.
num_inconsistent_stats: 0.

CodeCache: size=49152Kb used=18510Kb max_used=26293Kb free=30641Kb
 bounds [0x0000021d54070000, 0x0000021d55de0000, 0x0000021d57070000]
 total_blobs=10006 nmethods=9181 adapters=746
 compilation: enabled
              stopped_count=0, restarted_count=0
 full_count=0

Compilation events (20 events):
Event: 3354.827 Thread 0x0000021d710b9ab0 nmethod 20972 0x0000021d54c4d690 code [0x0000021d54c4d840, 0x0000021d54c4d9f8]
Event: 3354.828 Thread 0x0000021d710b9ab0 20973       1       java.io.ObjectStreamField::getOffset (5 bytes)
Event: 3354.828 Thread 0x0000021d710b9ab0 nmethod 20973 0x0000021d54c4d390 code [0x0000021d54c4d520, 0x0000021d54c4d5e8]
Event: 3354.828 Thread 0x0000021d710b9ab0 20974       1       java.io.DataOutputStream::writeUTF (389 bytes)
Event: 3354.829 Thread 0x0000021d617fda20 20975       1       java.lang.reflect.AccessibleObject::checkPermission (16 bytes)
Event: 3354.829 Thread 0x0000021d617fda20 nmethod 20975 0x0000021d54c4d090 code [0x0000021d54c4d220, 0x0000021d54c4d2c8]
Event: 3354.830 Thread 0x0000021d710b9ab0 nmethod 20974 0x0000021d54c4ba10 code [0x0000021d54c4bc60, 0x0000021d54c4c800]
Event: 3354.837 Thread 0x0000021d710b9ab0 20976       1       java.lang.ClassLoader::getParent (32 bytes)
Event: 3354.837 Thread 0x0000021d617fda20 20977       1       java.lang.Thread::isTerminated (16 bytes)
Event: 3354.837 Thread 0x0000021d710b9ab0 nmethod 20976 0x0000021d54c4b710 code [0x0000021d54c4b8a0, 0x0000021d54c4b9b0]
Event: 3354.837 Thread 0x0000021d710b9ab0 20978       1       java.lang.Thread::getThreadGroup (30 bytes)
Event: 3354.838 Thread 0x0000021d617fda20 nmethod 20977 0x0000021d54c4b390 code [0x0000021d54c4b540, 0x0000021d54c4b648]
Event: 3354.838 Thread 0x0000021d710b9ab0 nmethod 20978 0x0000021d54c4ae10 code [0x0000021d54c4afe0, 0x0000021d54c4b248]
Event: 3354.838 Thread 0x0000021d710b9ab0 20979       1       java.lang.invoke.LambdaFormEditor$TransformKey::ival (25 bytes)
Event: 3354.838 Thread 0x0000021d710b9ab0 nmethod 20979 0x0000021d54c4ab10 code [0x0000021d54c4aca0, 0x0000021d54c4ad48]
Event: 3354.838 Thread 0x0000021d710b9ab0 20980       1       java.lang.invoke.LambdaForm$Name::withConstraint (20 bytes)
Event: 3354.839 Thread 0x0000021d710b9ab0 nmethod 20980 0x0000021d54c4a710 code [0x0000021d54c4a8c0, 0x0000021d54c4aa58]
Event: 3354.840 Thread 0x0000021d710b9ab0 20981       1       java.util.concurrent.locks.AbstractQueuedSynchronizer::getState (5 bytes)
Event: 3354.840 Thread 0x0000021d617fda20 20982  s    1       org.apache.catalina.util.LifecycleBase::setStateInternal (144 bytes)
Event: 3354.840 Thread 0x0000021d710b9ab0 nmethod 20981 0x0000021d54c4a410 code [0x0000021d54c4a5a0, 0x0000021d54c4a668]

GC Heap History (20 events):
Event: 2237.779 GC heap after
{Heap after GC invocations=59 (full 0):
 garbage-first heap   total 368640K, used 103108K [0x0000000604c00000, 0x0000000800000000)
  region size 4096K, 1 young (4096K), 1 survivors (4096K)
 Metaspace       used 105857K, committed 108352K, reserved 1179648K
  class space    used 14692K, committed 15616K, reserved 1048576K
}
Event: 2390.380 GC heap before
{Heap before GC invocations=59 (full 0):
 garbage-first heap   total 368640K, used 320196K [0x0000000604c00000, 0x0000000800000000)
  region size 4096K, 54 young (221184K), 1 survivors (4096K)
 Metaspace       used 105857K, committed 108352K, reserved 1179648K
  class space    used 14692K, committed 15616K, reserved 1048576K
}
Event: 2390.382 GC heap after
{Heap after GC invocations=60 (full 0):
 garbage-first heap   total 368640K, used 102827K [0x0000000604c00000, 0x0000000800000000)
  region size 4096K, 1 young (4096K), 1 survivors (4096K)
 Metaspace       used 105857K, committed 108352K, reserved 1179648K
  class space    used 14692K, committed 15616K, reserved 1048576K
}
Event: 2462.912 GC heap before
{Heap before GC invocations=61 (full 0):
 garbage-first heap   total 368640K, used 209323K [0x0000000604c00000, 0x0000000800000000)
  region size 4096K, 28 young (114688K), 1 survivors (4096K)
 Metaspace       used 105857K, committed 108352K, reserved 1179648K
  class space    used 14692K, committed 15616K, reserved 1048576K
}
Event: 2462.914 GC heap after
{Heap after GC invocations=62 (full 0):
 garbage-first heap   total 368640K, used 103272K [0x0000000604c00000, 0x0000000800000000)
  region size 4096K, 1 young (4096K), 1 survivors (4096K)
 Metaspace       used 105857K, committed 108352K, reserved 1179648K
  class space    used 14692K, committed 15616K, reserved 1048576K
}
Event: 2609.996 GC heap before
{Heap before GC invocations=63 (full 0):
 garbage-first heap   total 368640K, used 320360K [0x0000000604c00000, 0x0000000800000000)
  region size 4096K, 54 young (221184K), 1 survivors (4096K)
 Metaspace       used 105860K, committed 108352K, reserved 1179648K
  class space    used 14693K, committed 15616K, reserved 1048576K
}
Event: 2609.998 GC heap after
{Heap after GC invocations=64 (full 0):
 garbage-first heap   total 368640K, used 102789K [0x0000000604c00000, 0x0000000800000000)
  region size 4096K, 1 young (4096K), 1 survivors (4096K)
 Metaspace       used 105860K, committed 108352K, reserved 1179648K
  class space    used 14693K, committed 15616K, reserved 1048576K
}
Event: 2760.213 GC heap before
{Heap before GC invocations=64 (full 0):
 garbage-first heap   total 368640K, used 319877K [0x0000000604c00000, 0x0000000800000000)
  region size 4096K, 54 young (221184K), 1 survivors (4096K)
 Metaspace       used 105864K, committed 108352K, reserved 1179648K
  class space    used 14693K, committed 15616K, reserved 1048576K
}
Event: 2760.218 GC heap after
{Heap after GC invocations=65 (full 0):
 garbage-first heap   total 368640K, used 100713K [0x0000000604c00000, 0x0000000800000000)
  region size 4096K, 1 young (4096K), 1 survivors (4096K)
 Metaspace       used 105864K, committed 108352K, reserved 1179648K
  class space    used 14693K, committed 15616K, reserved 1048576K
}
Event: 2906.705 GC heap before
{Heap before GC invocations=65 (full 0):
 garbage-first heap   total 368640K, used 317801K [0x0000000604c00000, 0x0000000800000000)
  region size 4096K, 54 young (221184K), 1 survivors (4096K)
 Metaspace       used 105864K, committed 108352K, reserved 1179648K
  class space    used 14693K, committed 15616K, reserved 1048576K
}
Event: 2906.707 GC heap after
{Heap after GC invocations=66 (full 0):
 garbage-first heap   total 368640K, used 100688K [0x0000000604c00000, 0x0000000800000000)
  region size 4096K, 1 young (4096K), 1 survivors (4096K)
 Metaspace       used 105864K, committed 108352K, reserved 1179648K
  class space    used 14693K, committed 15616K, reserved 1048576K
}
Event: 3050.464 GC heap before
{Heap before GC invocations=67 (full 0):
 garbage-first heap   total 356352K, used 309584K [0x0000000604c00000, 0x0000000800000000)
  region size 4096K, 52 young (212992K), 1 survivors (4096K)
 Metaspace       used 105864K, committed 108352K, reserved 1179648K
  class space    used 14693K, committed 15616K, reserved 1048576K
}
Event: 3050.466 GC heap after
{Heap after GC invocations=68 (full 0):
 garbage-first heap   total 356352K, used 100592K [0x0000000604c00000, 0x0000000800000000)
  region size 4096K, 1 young (4096K), 1 survivors (4096K)
 Metaspace       used 105864K, committed 108352K, reserved 1179648K
  class space    used 14693K, committed 15616K, reserved 1048576K
}
Event: 3190.653 GC heap before
{Heap before GC invocations=68 (full 0):
 garbage-first heap   total 356352K, used 309488K [0x0000000604c00000, 0x0000000800000000)
  region size 4096K, 52 young (212992K), 1 survivors (4096K)
 Metaspace       used 105864K, committed 108352K, reserved 1179648K
  class space    used 14693K, committed 15616K, reserved 1048576K
}
Event: 3190.661 GC heap after
{Heap after GC invocations=69 (full 0):
 garbage-first heap   total 356352K, used 98716K [0x0000000604c00000, 0x0000000800000000)
  region size 4096K, 1 young (4096K), 1 survivors (4096K)
 Metaspace       used 105864K, committed 108352K, reserved 1179648K
  class space    used 14693K, committed 15616K, reserved 1048576K
}
Event: 3239.252 GC heap before
{Heap before GC invocations=69 (full 0):
 garbage-first heap   total 356352K, used 168348K [0x0000000604c00000, 0x0000000800000000)
  region size 4096K, 19 young (77824K), 1 survivors (4096K)
 Metaspace       used 105864K, committed 108352K, reserved 1179648K
  class space    used 14693K, committed 15616K, reserved 1048576K
}
Event: 3239.254 GC heap after
{Heap after GC invocations=70 (full 0):
 garbage-first heap   total 356352K, used 98828K [0x0000000604c00000, 0x0000000800000000)
  region size 4096K, 1 young (4096K), 1 survivors (4096K)
 Metaspace       used 105864K, committed 108352K, reserved 1179648K
  class space    used 14693K, committed 15616K, reserved 1048576K
}
Event: 3332.730 GC heap before
{Heap before GC invocations=71 (full 0):
 garbage-first heap   total 344064K, used 299532K [0x0000000604c00000, 0x0000000800000000)
  region size 4096K, 50 young (204800K), 1 survivors (4096K)
 Metaspace       used 107804K, committed 108928K, reserved 1179648K
  class space    used 15022K, committed 15616K, reserved 1048576K
}
Event: 3332.738 GC heap after
{Heap after GC invocations=72 (full 0):
 garbage-first heap   total 344064K, used 102157K [0x0000000604c00000, 0x0000000800000000)
  region size 4096K, 2 young (8192K), 2 survivors (8192K)
 Metaspace       used 107804K, committed 108928K, reserved 1179648K
  class space    used 15022K, committed 15616K, reserved 1048576K
}
Event: 3354.840 GC heap before
{Heap before GC invocations=72 (full 0):
 garbage-first heap   total 344064K, used 143117K [0x0000000604c00000, 0x0000000800000000)
  region size 4096K, 13 young (53248K), 2 survivors (8192K)
 Metaspace       used 108034K, committed 109120K, reserved 1179648K
  class space    used 15069K, committed 15616K, reserved 1048576K
}

Dll operation events (11 events):
Event: 0.006 Loaded shared library D:\sts-4.29.1.RELEASE\plugins\org.eclipse.justj.openjdk.hotspot.jre.full.win32.x86_64_21.0.6.v20250130-0529\jre\bin\java.dll
Event: 0.025 Loaded shared library D:\sts-4.29.1.RELEASE\plugins\org.eclipse.justj.openjdk.hotspot.jre.full.win32.x86_64_21.0.6.v20250130-0529\jre\bin\zip.dll
Event: 0.099 Loaded shared library D:\sts-4.29.1.RELEASE\plugins\org.eclipse.justj.openjdk.hotspot.jre.full.win32.x86_64_21.0.6.v20250130-0529\jre\bin\jimage.dll
Event: 0.103 Loaded shared library D:\sts-4.29.1.RELEASE\plugins\org.eclipse.justj.openjdk.hotspot.jre.full.win32.x86_64_21.0.6.v20250130-0529\jre\bin\net.dll
Event: 0.104 Loaded shared library D:\sts-4.29.1.RELEASE\plugins\org.eclipse.justj.openjdk.hotspot.jre.full.win32.x86_64_21.0.6.v20250130-0529\jre\bin\nio.dll
Event: 0.106 Loaded shared library D:\sts-4.29.1.RELEASE\plugins\org.eclipse.justj.openjdk.hotspot.jre.full.win32.x86_64_21.0.6.v20250130-0529\jre\bin\zip.dll
Event: 0.168 Loaded shared library D:\sts-4.29.1.RELEASE\plugins\org.eclipse.justj.openjdk.hotspot.jre.full.win32.x86_64_21.0.6.v20250130-0529\jre\bin\management.dll
Event: 0.177 Loaded shared library D:\sts-4.29.1.RELEASE\plugins\org.eclipse.justj.openjdk.hotspot.jre.full.win32.x86_64_21.0.6.v20250130-0529\jre\bin\management_ext.dll
Event: 0.325 Loaded shared library D:\sts-4.29.1.RELEASE\plugins\org.eclipse.justj.openjdk.hotspot.jre.full.win32.x86_64_21.0.6.v20250130-0529\jre\bin\extnet.dll
Event: 2.141 Loaded shared library D:\sts-4.29.1.RELEASE\plugins\org.eclipse.justj.openjdk.hotspot.jre.full.win32.x86_64_21.0.6.v20250130-0529\jre\bin\sunmscapi.dll
Event: 7.190 Loaded shared library D:\sts-4.29.1.RELEASE\plugins\org.eclipse.justj.openjdk.hotspot.jre.full.win32.x86_64_21.0.6.v20250130-0529\jre\bin\verify.dll

Deoptimization events (14 events):
Event: 2.997 Thread 0x0000021d69920f50 DEOPT PACKING pc=0x0000021d548d920c sp=0x0000009539ffe5c0
Event: 2.997 Thread 0x0000021d69920f50 DEOPT UNPACKING pc=0x0000021d540c4e42 sp=0x0000009539ffdb38 mode 0
Event: 3.552 Thread 0x0000021d69920f50 DEOPT PACKING pc=0x0000021d5485dfac sp=0x0000009539ffe120
Event: 3.552 Thread 0x0000021d69920f50 DEOPT UNPACKING pc=0x0000021d540c4e42 sp=0x0000009539ffd5b8 mode 0
Event: 8.892 Thread 0x0000021d69920f50 DEOPT PACKING pc=0x0000021d547d870c sp=0x0000009539ffdcd0
Event: 8.892 Thread 0x0000021d69920f50 DEOPT UNPACKING pc=0x0000021d540c4e42 sp=0x0000009539ffd240 mode 0
Event: 21.703 Thread 0x0000021d64739190 DEOPT PACKING pc=0x0000021d553f013c sp=0x0000009539cfed20
Event: 21.703 Thread 0x0000021d64739190 DEOPT UNPACKING pc=0x0000021d540c4e42 sp=0x0000009539cfe1b8 mode 0
Event: 22.953 Thread 0x0000021d69920f50 DEOPT PACKING pc=0x0000021d55451954 sp=0x0000009539ffa2a0
Event: 22.953 Thread 0x0000021d69920f50 DEOPT UNPACKING pc=0x0000021d540c4e42 sp=0x0000009539ff9780 mode 0
Event: 26.862 Thread 0x0000021d69920f50 DEOPT PACKING pc=0x0000021d5444af2c sp=0x0000009539ffd510
Event: 26.862 Thread 0x0000021d69920f50 DEOPT UNPACKING pc=0x0000021d540c4e42 sp=0x0000009539ffcad8 mode 0
Event: 30.758 Thread 0x0000021d69923d40 DEOPT PACKING pc=0x0000021d556551d2 sp=0x000000953b0fa290
Event: 30.758 Thread 0x0000021d69923d40 DEOPT UNPACKING pc=0x0000021d540c4e42 sp=0x000000953b0f96f8 mode 0

Classes loaded (20 events):
Event: 3253.224 Loading class java/lang/StringEditor
Event: 3253.224 Loading class java/lang/StringEditor done
Event: 3253.252 Loading class java/math/BigDecimalEditor
Event: 3253.252 Loading class java/math/BigDecimalEditor done
Event: 3253.252 Loading class java/lang/IntegerEditor
Event: 3253.252 Loading class java/lang/IntegerEditor done
Event: 3272.546 Loading class java/math/MathContext
Event: 3272.546 Loading class java/math/MathContext done
Event: 3272.604 Loading class sun/reflect/annotation/AnnotatedTypeFactory$AnnotatedArrayTypeImpl
Event: 3272.604 Loading class sun/reflect/annotation/AnnotatedTypeFactory$AnnotatedArrayTypeImpl done
Event: 3272.605 Loading class sun/reflect/annotation/AnnotatedTypeFactory$AnnotatedTypeVariableImpl
Event: 3272.605 Loading class java/lang/reflect/AnnotatedTypeVariable
Event: 3272.605 Loading class java/lang/reflect/AnnotatedTypeVariable done
Event: 3272.605 Loading class sun/reflect/annotation/AnnotatedTypeFactory$AnnotatedTypeVariableImpl done
Event: 3354.767 Loading class java/util/concurrent/locks/AbstractQueuedSynchronizer$SharedNode
Event: 3354.767 Loading class java/util/concurrent/locks/AbstractQueuedSynchronizer$SharedNode done
Event: 3354.822 Loading class java/util/CollSer
Event: 3354.823 Loading class java/util/CollSer done
Event: 3354.833 Loading class java/io/FileOutputStream$1
Event: 3354.833 Loading class java/io/FileOutputStream$1 done

Classes unloaded (20 events):
Event: 1939.246 Thread 0x0000021d617cb420 Unloading class 0x0000021d01c32800 'java/lang/invoke/LambdaForm$MH+0x0000021d01c32800'
Event: 1939.246 Thread 0x0000021d617cb420 Unloading class 0x0000021d01c32400 'java/lang/invoke/LambdaForm$MH+0x0000021d01c32400'
Event: 1939.246 Thread 0x0000021d617cb420 Unloading class 0x0000021d01c32000 'java/lang/invoke/LambdaForm$MH+0x0000021d01c32000'
Event: 1939.246 Thread 0x0000021d617cb420 Unloading class 0x0000021d01c31c00 'java/lang/invoke/LambdaForm$MH+0x0000021d01c31c00'
Event: 1939.246 Thread 0x0000021d617cb420 Unloading class 0x0000021d01c31800 'java/lang/invoke/LambdaForm$MH+0x0000021d01c31800'
Event: 1939.246 Thread 0x0000021d617cb420 Unloading class 0x0000021d01c31400 'java/lang/invoke/LambdaForm$MH+0x0000021d01c31400'
Event: 1939.246 Thread 0x0000021d617cb420 Unloading class 0x0000021d01c31000 'java/lang/invoke/LambdaForm$MH+0x0000021d01c31000'
Event: 1939.246 Thread 0x0000021d617cb420 Unloading class 0x0000021d01c30c00 'java/lang/invoke/LambdaForm$MH+0x0000021d01c30c00'
Event: 1939.246 Thread 0x0000021d617cb420 Unloading class 0x0000021d01c30800 'java/lang/invoke/LambdaForm$MH+0x0000021d01c30800'
Event: 1939.246 Thread 0x0000021d617cb420 Unloading class 0x0000021d01c30400 'java/lang/invoke/LambdaForm$MH+0x0000021d01c30400'
Event: 1939.246 Thread 0x0000021d617cb420 Unloading class 0x0000021d01c30000 'jdk/internal/reflect/GeneratedSerializationConstructorAccessor48'
Event: 1939.246 Thread 0x0000021d617cb420 Unloading class 0x0000021d01119000 'java/lang/invoke/LambdaForm$MH+0x0000021d01119000'
Event: 3354.872 Thread 0x0000021d617cb420 Unloading class 0x0000021d01de8400 'jdk/internal/reflect/GeneratedSerializationConstructorAccessor96'
Event: 3354.872 Thread 0x0000021d617cb420 Unloading class 0x0000021d01bfb000 'jdk/internal/reflect/GeneratedSerializationConstructorAccessor95'
Event: 3354.872 Thread 0x0000021d617cb420 Unloading class 0x0000021d01bfbc00 'jdk/internal/reflect/GeneratedSerializationConstructorAccessor94'
Event: 3354.872 Thread 0x0000021d617cb420 Unloading class 0x0000021d01bd0000 'jdk/internal/reflect/GeneratedSerializationConstructorAccessor93'
Event: 3354.872 Thread 0x0000021d617cb420 Unloading class 0x0000021d01c0c800 'java/lang/invoke/LambdaForm$MH+0x0000021d01c0c800'
Event: 3354.872 Thread 0x0000021d617cb420 Unloading class 0x0000021d01c2b400 'java/lang/invoke/LambdaForm$DMH+0x0000021d01c2b400'
Event: 3354.872 Thread 0x0000021d617cb420 Unloading class 0x0000021d0152cc00 'java/lang/invoke/LambdaForm$MH+0x0000021d0152cc00'
Event: 3354.872 Thread 0x0000021d617cb420 Unloading class 0x0000021d014c0800 'java/lang/invoke/LambdaForm$MH+0x0000021d014c0800'

Classes redefined (0 events):
No events

Internal exceptions (20 events):
Event: 30.839 Thread 0x0000021d69923d40 Exception <a 'java/lang/NoSuchMethodError'{0x0000000618e98948}: 'java.lang.Object java.lang.invoke.Invokers$Holder.linkToTargetMethod(java.lang.Object, java.lang.Object, java.lang.Object, int, java.lang.Object)'> (0x0000000618e98948) 
thrown [s\src\hotspot\share\interpreter\linkResolver.cpp, line 773]
Event: 56.547 Thread 0x0000021d6bf6b080 Exception <a 'java/lang/IncompatibleClassChangeError'{0x0000000616156eb8}: Found class java.lang.Object, but interface was expected> (0x0000000616156eb8) 
thrown [s\src\hotspot\share\interpreter\linkResolver.cpp, line 840]
Event: 56.577 Thread 0x0000021d6bf6b080 Exception <a 'java/lang/NoSuchMethodError'{0x00000006163cee28}: 'void java.lang.invoke.DirectMethodHandle$Holder.invokeSpecialIFC(java.lang.Object, java.lang.Object, int, java.lang.Object, java.lang.Object, java.lang.Object, java.lang.Object)'> (0x00000006163cee28) 
thrown [s\src\hotspot\share\interpreter\linkResolver.cpp, line 773]
Event: 56.628 Thread 0x0000021d6bf6b080 Exception <a 'java/lang/IncompatibleClassChangeError'{0x0000000615df6d18}: Found class java.lang.Object, but interface was expected> (0x0000000615df6d18) 
thrown [s\src\hotspot\share\interpreter\linkResolver.cpp, line 840]
Event: 56.659 Thread 0x0000021d6bf6b080 Exception <a 'java/lang/IncompatibleClassChangeError'{0x0000000615f0f290}: Found class java.lang.Object, but interface was expected> (0x0000000615f0f290) 
thrown [s\src\hotspot\share\interpreter\linkResolver.cpp, line 840]
Event: 61.116 Thread 0x0000021d6bf6b080 Exception <a 'java/lang/IncompatibleClassChangeError'{0x0000000614f878d8}: Found class java.lang.Object, but interface was expected> (0x0000000614f878d8) 
thrown [s\src\hotspot\share\interpreter\linkResolver.cpp, line 840]
Event: 61.185 Thread 0x0000021d6bf6b080 Exception <a 'java/lang/NoSuchMethodError'{0x000000061495c6d8}: 'void java.lang.invoke.DirectMethodHandle$Holder.invokeStatic(java.lang.Object, java.lang.Object, java.lang.Object, java.lang.Object, java.lang.Object, java.lang.Object, java.lang.Object)'> (0x000000061495c6d8) 
thrown [s\src\hotspot\share\interpreter\linkResolver.cpp, line 773]
Event: 62.065 Thread 0x0000021d6bf6b080 Exception <a 'java/lang/NoSuchMethodError'{0x000000062e490ce0}: 'int java.lang.invoke.DirectMethodHandle$Holder.invokeStatic(java.lang.Object, java.lang.Object, int, java.lang.Object)'> (0x000000062e490ce0) 
thrown [s\src\hotspot\share\interpreter\linkResolver.cpp, line 773]
Event: 1526.904 Thread 0x0000021d64739190 Exception <a 'java/lang/NoSuchMethodError'{0x0000000618c1c860}: static [B.<clinit>()V> (0x0000000618c1c860) 
thrown [s\src\hotspot\share\prims\jni.cpp, line 1111]
Event: 3251.671 Thread 0x0000021d6bf6b710 Exception <a 'java/lang/NoSuchMethodError'{0x0000000616c4f6f0}: 'java.lang.Object java.lang.invoke.DirectMethodHandle$Holder.invokeVirtual(java.lang.Object, java.lang.Object, java.lang.Object, java.lang.Object, java.lang.Object, java.lang.Object, java.lang.Object)'> (0x0000000616c4f6f0) 
thrown [s\src\hotspot\share\interpreter\linkResolver.cpp, line 773]
Event: 3272.549 Thread 0x0000021d6bf6a9f0 Exception <a 'java/lang/NoSuchMethodError'{0x00000006142c5c48}: 'long java.lang.invoke.DelegatingMethodHandle$Holder.reinvoke_L(java.lang.Object, java.lang.Object)'> (0x00000006142c5c48) 
thrown [s\src\hotspot\share\interpreter\linkResolver.cpp, line 773]
Event: 3272.647 Thread 0x0000021d6bf6a9f0 Exception <a 'java/lang/NoSuchMethodError'{0x0000000613850318}: 'void java.lang.invoke.DirectMethodHandle$Holder.invokeVirtual(java.lang.Object, java.lang.Object, java.lang.Object, java.lang.Object, java.lang.Object, java.lang.Object)'> (0x0000000613850318) 
thrown [s\src\hotspot\share\interpreter\linkResolver.cpp, line 773]
Event: 3272.648 Thread 0x0000021d6bf6a9f0 Exception <a 'java/lang/NoSuchMethodError'{0x00000006138547f8}: 'void java.lang.invoke.DelegatingMethodHandle$Holder.reinvoke_L(java.lang.Object, java.lang.Object, java.lang.Object, java.lang.Object, java.lang.Object, java.lang.Object)'> (0x00000006138547f8) 
thrown [s\src\hotspot\share\interpreter\linkResolver.cpp, line 773]
Event: 3272.836 Thread 0x0000021d6bf6a9f0 Exception <a 'java/lang/NoSuchMethodError'{0x00000006134826c0}: 'int java.lang.invoke.DirectMethodHandle$Holder.invokeStatic(java.lang.Object, java.lang.Object, int, int)'> (0x00000006134826c0) 
thrown [s\src\hotspot\share\interpreter\linkResolver.cpp, line 773]
Event: 3272.935 Thread 0x0000021d6bf6a9f0 Exception <a 'java/lang/NoSuchMethodError'{0x00000006135d2128}: 'int java.lang.invoke.DirectMethodHandle$Holder.invokeInterface(java.lang.Object, java.lang.Object, java.lang.Object, int, java.lang.Object, java.lang.Object)'> (0x00000006135d2128) 
thrown [s\src\hotspot\share\interpreter\linkResolver.cpp, line 773]
Event: 3272.935 Thread 0x0000021d6bf6a9f0 Exception <a 'java/lang/IncompatibleClassChangeError'{0x00000006135d5ec8}: Found class java.lang.Object, but interface was expected> (0x00000006135d5ec8) 
thrown [s\src\hotspot\share\interpreter\linkResolver.cpp, line 840]
Event: 3326.972 Thread 0x0000021d64739190 Exception <a 'java/lang/NoSuchMethodError'{0x000000060da1c928}: static [B.<clinit>()V> (0x000000060da1c928) 
thrown [s\src\hotspot\share\prims\jni.cpp, line 1111]
Event: 3354.826 Thread 0x0000021d71891d20 Exception <a 'java/lang/NoSuchMethodError'{0x0000000617084198}: static [Ljava/lang/StackTraceElement;.<clinit>()V> (0x0000000617084198) 
thrown [s\src\hotspot\share\prims\jni.cpp, line 1111]
Event: 3354.828 Thread 0x0000021d71891d20 Exception <a 'java/lang/NoSuchMethodError'{0x00000006170b0488}: static Lorg/springframework/security/authentication/AbstractAuthenticationToken;.<clinit>()V> (0x00000006170b0488) 
thrown [s\src\hotspot\share\prims\jni.cpp, line 1111]
Event: 3354.840 Thread 0x0000021d6991fba0 Exception <a 'java/lang/InterruptedException'{0x0000000617148a80}: sleep interrupted> (0x0000000617148a80) 
thrown [s\src\hotspot\share\prims\jvm.cpp, line 3074]

ZGC Phase Switch (0 events):
No events

VM Operations (20 events):
Event: 3272.860 Executing VM operation: HandshakeAllThreads (Deoptimize) done
Event: 3272.914 Executing VM operation: HandshakeAllThreads (Deoptimize)
Event: 3272.928 Executing VM operation: HandshakeAllThreads (Deoptimize) done
Event: 3273.940 Executing VM operation: Cleanup
Event: 3273.940 Executing VM operation: Cleanup done
Event: 3277.982 Executing VM operation: Cleanup
Event: 3277.982 Executing VM operation: Cleanup done
Event: 3278.996 Executing VM operation: Cleanup
Event: 3278.996 Executing VM operation: Cleanup done
Event: 3281.009 Executing VM operation: Cleanup
Event: 3281.009 Executing VM operation: Cleanup done
Event: 3307.750 Executing VM operation: HandshakeAllThreads (HandshakeForDeflation)
Event: 3307.750 Executing VM operation: HandshakeAllThreads (HandshakeForDeflation) done
Event: 3307.751 Executing VM operation: RendezvousGCThreads
Event: 3307.751 Executing VM operation: RendezvousGCThreads done
Event: 3332.730 Executing VM operation: G1CollectForAllocation (G1 Evacuation Pause)
Event: 3332.738 Executing VM operation: G1CollectForAllocation (G1 Evacuation Pause) done
Event: 3333.739 Executing VM operation: Cleanup
Event: 3333.739 Executing VM operation: Cleanup done
Event: 3354.840 Executing VM operation: G1CollectFull (System.gc())

Memory protections (0 events):
No events

Nmethod flushes (20 events):
Event: 2906.758 Thread 0x0000021d617cb420 flushing  nmethod 0x0000021d55063190
Event: 2906.758 Thread 0x0000021d617cb420 flushing  nmethod 0x0000021d55063890
Event: 2906.758 Thread 0x0000021d617cb420 flushing  nmethod 0x0000021d5506fb90
Event: 2906.758 Thread 0x0000021d617cb420 flushing  nmethod 0x0000021d55070210
Event: 2906.758 Thread 0x0000021d617cb420 flushing  nmethod 0x0000021d55070790
Event: 2906.758 Thread 0x0000021d617cb420 flushing  nmethod 0x0000021d55071990
Event: 2906.758 Thread 0x0000021d617cb420 flushing  nmethod 0x0000021d552b2e90
Event: 2906.758 Thread 0x0000021d617cb420 flushing  nmethod 0x0000021d553eac10
Event: 2906.758 Thread 0x0000021d617cb420 flushing  nmethod 0x0000021d553eff10
Event: 2906.758 Thread 0x0000021d617cb420 flushing  nmethod 0x0000021d55404a10
Event: 2906.758 Thread 0x0000021d617cb420 flushing  nmethod 0x0000021d5543c810
Event: 2906.758 Thread 0x0000021d617cb420 flushing  nmethod 0x0000021d5543cb10
Event: 2906.758 Thread 0x0000021d617cb420 flushing  nmethod 0x0000021d5544a390
Event: 2906.758 Thread 0x0000021d617cb420 flushing  nmethod 0x0000021d55454390
Event: 2906.758 Thread 0x0000021d617cb420 flushing  nmethod 0x0000021d55482410
Event: 2906.758 Thread 0x0000021d617cb420 flushing  nmethod 0x0000021d556ffe90
Event: 2906.758 Thread 0x0000021d617cb420 flushing  nmethod 0x0000021d55700c90
Event: 2906.758 Thread 0x0000021d617cb420 flushing  nmethod 0x0000021d55730890
Event: 2906.758 Thread 0x0000021d617cb420 flushing  nmethod 0x0000021d557e7c90
Event: 2906.758 Thread 0x0000021d617cb420 flushing  nmethod 0x0000021d55804010

Events (20 events):
Event: 3354.779 Thread 0x0000021d6bf6d7e0 Thread exited: 0x0000021d6bf6d7e0
Event: 3354.779 Thread 0x0000021d7188ef30 Thread exited: 0x0000021d7188ef30
Event: 3354.780 Thread 0x0000021d6bf69cd0 Thread exited: 0x0000021d6bf69cd0
Event: 3354.780 Thread 0x0000021d6bf6c430 Thread exited: 0x0000021d6bf6c430
Event: 3354.780 Thread 0x0000021d6bf6cac0 Thread exited: 0x0000021d6bf6cac0
Event: 3354.780 Thread 0x0000021d6bf6d150 Thread exited: 0x0000021d6bf6d150
Event: 3354.780 Thread 0x0000021d699243d0 Thread exited: 0x0000021d699243d0
Event: 3354.780 Thread 0x0000021d69922990 Thread exited: 0x0000021d69922990
Event: 3354.780 Thread 0x0000021d6bf6a360 Thread exited: 0x0000021d6bf6a360
Event: 3354.781 Thread 0x0000021d6bf69640 Thread exited: 0x0000021d6bf69640
Event: 3354.781 Thread 0x0000021d6bf6b710 Thread exited: 0x0000021d6bf6b710
Event: 3354.781 Thread 0x0000021d6bf6a9f0 Thread exited: 0x0000021d6bf6a9f0
Event: 3354.781 Thread 0x0000021d69923d40 Thread exited: 0x0000021d69923d40
Event: 3354.783 Thread 0x0000021d6bf6b080 Thread exited: 0x0000021d6bf6b080
Event: 3354.807 Thread 0x0000021d71891d20 Thread added: 0x0000021d71891000
Event: 3354.808 Thread 0x0000021d699215e0 Thread exited: 0x0000021d699215e0
Event: 3354.811 Thread 0x0000021d71891000 Thread exited: 0x0000021d71891000
Event: 3354.840 Thread 0x0000021d6991dad0 Thread exited: 0x0000021d6991dad0
Event: 3354.840 Thread 0x0000021d69922300 Thread exited: 0x0000021d69922300
Event: 3354.840 Thread 0x0000021d6991fba0 Thread exited: 0x0000021d6991fba0


Dynamic libraries:
0x00007ff73f4f0000 - 0x00007ff73f4fe000 	D:\sts-4.29.1.RELEASE\plugins\org.eclipse.justj.openjdk.hotspot.jre.full.win32.x86_64_21.0.6.v20250130-0529\jre\bin\javaw.exe
0x00007ff9825c0000 - 0x00007ff982828000 	C:\WINDOWS\SYSTEM32\ntdll.dll
0x00007ff981140000 - 0x00007ff981209000 	C:\WINDOWS\System32\KERNEL32.DLL
0x00007ff97fa60000 - 0x00007ff97fe58000 	C:\WINDOWS\System32\KERNELBASE.dll
0x00007ff980060000 - 0x00007ff9801ab000 	C:\WINDOWS\System32\ucrtbase.dll
0x00007ff95acf0000 - 0x00007ff95ad0e000 	D:\sts-4.29.1.RELEASE\plugins\org.eclipse.justj.openjdk.hotspot.jre.full.win32.x86_64_21.0.6.v20250130-0529\jre\bin\VCRUNTIME140.dll
0x00007ff9601c0000 - 0x00007ff9601d8000 	D:\sts-4.29.1.RELEASE\plugins\org.eclipse.justj.openjdk.hotspot.jre.full.win32.x86_64_21.0.6.v20250130-0529\jre\bin\jli.dll
0x00007ff981210000 - 0x00007ff9813d7000 	C:\WINDOWS\System32\USER32.dll
0x00007ff980330000 - 0x00007ff980357000 	C:\WINDOWS\System32\win32u.dll
0x00007ff96a350000 - 0x00007ff96a5e4000 	C:\WINDOWS\WinSxS\amd64_microsoft.windows.common-controls_6595b64144ccf1df_6.0.26100.7019_none_3e06ffa0e335b8a8\COMCTL32.dll
0x00007ff9806d0000 - 0x00007ff9806fb000 	C:\WINDOWS\System32\GDI32.dll
0x00007ff981460000 - 0x00007ff981509000 	C:\WINDOWS\System32\msvcrt.dll
0x00007ff97f880000 - 0x00007ff97f9ac000 	C:\WINDOWS\System32\gdi32full.dll
0x00007ff97f9b0000 - 0x00007ff97fa53000 	C:\WINDOWS\System32\msvcp_win.dll
0x00007ff980690000 - 0x00007ff9806c1000 	C:\WINDOWS\System32\IMM32.DLL
0x00007ff97bb90000 - 0x00007ff97bb9c000 	D:\sts-4.29.1.RELEASE\plugins\org.eclipse.justj.openjdk.hotspot.jre.full.win32.x86_64_21.0.6.v20250130-0529\jre\bin\vcruntime140_1.dll
0x00007ff91c1c0000 - 0x00007ff91c24d000 	D:\sts-4.29.1.RELEASE\plugins\org.eclipse.justj.openjdk.hotspot.jre.full.win32.x86_64_21.0.6.v20250130-0529\jre\bin\msvcp140.dll
0x00007ff923cc0000 - 0x00007ff924a50000 	D:\sts-4.29.1.RELEASE\plugins\org.eclipse.justj.openjdk.hotspot.jre.full.win32.x86_64_21.0.6.v20250130-0529\jre\bin\server\jvm.dll
0x00007ff981710000 - 0x00007ff9817c4000 	C:\WINDOWS\System32\ADVAPI32.dll
0x00007ff982440000 - 0x00007ff9824e6000 	C:\WINDOWS\System32\sechost.dll
0x00007ff982310000 - 0x00007ff982428000 	C:\WINDOWS\System32\RPCRT4.dll
0x00007ff981690000 - 0x00007ff981704000 	C:\WINDOWS\System32\WS2_32.dll
0x00007ff97f570000 - 0x00007ff97f5ce000 	C:\WINDOWS\SYSTEM32\POWRPROF.dll
0x00007ff96f110000 - 0x00007ff96f11b000 	C:\WINDOWS\SYSTEM32\VERSION.dll
0x00007ff97bca0000 - 0x00007ff97bcd5000 	C:\WINDOWS\SYSTEM32\WINMM.dll
0x00007ff97f550000 - 0x00007ff97f564000 	C:\WINDOWS\SYSTEM32\UMPDC.dll
0x00007ff97e3f0000 - 0x00007ff97e40b000 	C:\WINDOWS\SYSTEM32\kernel.appcore.dll
0x00007ff96c720000 - 0x00007ff96c72a000 	D:\sts-4.29.1.RELEASE\plugins\org.eclipse.justj.openjdk.hotspot.jre.full.win32.x86_64_21.0.6.v20250130-0529\jre\bin\jimage.dll
0x00007ff97ccc0000 - 0x00007ff97cf02000 	C:\WINDOWS\SYSTEM32\DBGHELP.DLL
0x00007ff9808f0000 - 0x00007ff980c7b000 	C:\WINDOWS\System32\combase.dll
0x00007ff981ad0000 - 0x00007ff981ba7000 	C:\WINDOWS\System32\OLEAUT32.dll
0x00007ff96aa10000 - 0x00007ff96aa4c000 	C:\WINDOWS\SYSTEM32\dbgcore.DLL
0x00007ff97ff20000 - 0x00007ff97ffc5000 	C:\WINDOWS\System32\bcryptPrimitives.dll
0x00007ff9601e0000 - 0x00007ff9601ff000 	D:\sts-4.29.1.RELEASE\plugins\org.eclipse.justj.openjdk.hotspot.jre.full.win32.x86_64_21.0.6.v20250130-0529\jre\bin\java.dll
0x00007ff981bb0000 - 0x00007ff9822ff000 	C:\WINDOWS\System32\SHELL32.dll
0x00007ff97f710000 - 0x00007ff97f87b000 	C:\WINDOWS\System32\wintypes.dll
0x00007ff97d0d0000 - 0x00007ff97d92d000 	C:\WINDOWS\SYSTEM32\windows.storage.dll
0x00007ff980590000 - 0x00007ff980682000 	C:\WINDOWS\System32\SHCORE.dll
0x00007ff981610000 - 0x00007ff981677000 	C:\WINDOWS\System32\shlwapi.dll
0x00007ff97f630000 - 0x00007ff97f659000 	C:\WINDOWS\SYSTEM32\profapi.dll
0x00007ff9601a0000 - 0x00007ff9601b8000 	D:\sts-4.29.1.RELEASE\plugins\org.eclipse.justj.openjdk.hotspot.jre.full.win32.x86_64_21.0.6.v20250130-0529\jre\bin\zip.dll
0x00007ff961770000 - 0x00007ff961780000 	D:\sts-4.29.1.RELEASE\plugins\org.eclipse.justj.openjdk.hotspot.jre.full.win32.x86_64_21.0.6.v20250130-0529\jre\bin\net.dll
0x00007ff9778e0000 - 0x00007ff977a08000 	C:\WINDOWS\SYSTEM32\WINHTTP.dll
0x00007ff97e9e0000 - 0x00007ff97ea4b000 	C:\WINDOWS\system32\mswsock.dll
0x00007ff960130000 - 0x00007ff960146000 	D:\sts-4.29.1.RELEASE\plugins\org.eclipse.justj.openjdk.hotspot.jre.full.win32.x86_64_21.0.6.v20250130-0529\jre\bin\nio.dll
0x00007ff96c9f0000 - 0x00007ff96c9fa000 	D:\sts-4.29.1.RELEASE\plugins\org.eclipse.justj.openjdk.hotspot.jre.full.win32.x86_64_21.0.6.v20250130-0529\jre\bin\management.dll
0x00007ff96c9e0000 - 0x00007ff96c9eb000 	D:\sts-4.29.1.RELEASE\plugins\org.eclipse.justj.openjdk.hotspot.jre.full.win32.x86_64_21.0.6.v20250130-0529\jre\bin\management_ext.dll
0x00007ff981680000 - 0x00007ff981688000 	C:\WINDOWS\System32\PSAPI.DLL
0x00007ff95ee80000 - 0x00007ff95ee98000 	C:\WINDOWS\system32\napinsp.dll
0x00007ff97dcd0000 - 0x00007ff97ddfc000 	C:\WINDOWS\SYSTEM32\DNSAPI.dll
0x00007ff97dc40000 - 0x00007ff97dc74000 	C:\WINDOWS\SYSTEM32\IPHLPAPI.DLL
0x00007ff982430000 - 0x00007ff98243a000 	C:\WINDOWS\System32\NSI.dll
0x00007ff95e4c0000 - 0x00007ff95e4d2000 	C:\WINDOWS\System32\winrnr.dll
0x00007ff95d070000 - 0x00007ff95d092000 	C:\WINDOWS\system32\nlansp_c.dll
0x00007ff9771a0000 - 0x00007ff9771b6000 	C:\WINDOWS\system32\wshbth.dll
0x00007ff96f080000 - 0x00007ff96f08b000 	C:\Windows\System32\rasadhlp.dll
0x00007ff978ab0000 - 0x00007ff978b36000 	C:\WINDOWS\System32\fwpuclnt.dll
0x00007ff97edd0000 - 0x00007ff97edeb000 	C:\WINDOWS\SYSTEM32\CRYPTSP.dll
0x00007ff97e410000 - 0x00007ff97e44a000 	C:\WINDOWS\system32\rsaenh.dll
0x00007ff97ea90000 - 0x00007ff97eabb000 	C:\WINDOWS\SYSTEM32\USERENV.dll
0x00007ff97f600000 - 0x00007ff97f62a000 	C:\WINDOWS\SYSTEM32\bcrypt.dll
0x00007ff97ec30000 - 0x00007ff97ec3c000 	C:\WINDOWS\SYSTEM32\CRYPTBASE.dll
0x00007ff977110000 - 0x00007ff977119000 	D:\sts-4.29.1.RELEASE\plugins\org.eclipse.justj.openjdk.hotspot.jre.full.win32.x86_64_21.0.6.v20250130-0529\jre\bin\extnet.dll
0x00007ff97bba0000 - 0x00007ff97bbae000 	D:\sts-4.29.1.RELEASE\plugins\org.eclipse.justj.openjdk.hotspot.jre.full.win32.x86_64_21.0.6.v20250130-0529\jre\bin\sunmscapi.dll
0x00007ff9801b0000 - 0x00007ff980327000 	C:\WINDOWS\System32\CRYPT32.dll
0x00007ff97ef20000 - 0x00007ff97ef50000 	C:\WINDOWS\SYSTEM32\ncrypt.dll
0x00007ff97eed0000 - 0x00007ff97ef0f000 	C:\WINDOWS\SYSTEM32\NTASN1.dll
0x00007ff960360000 - 0x00007ff960370000 	D:\sts-4.29.1.RELEASE\plugins\org.eclipse.justj.openjdk.hotspot.jre.full.win32.x86_64_21.0.6.v20250130-0529\jre\bin\verify.dll
0x00007ff9543f0000 - 0x00007ff9543f8000 	C:\WINDOWS\system32\wshunix.dll

dbghelp: loaded successfully - version: 4.0.5 - missing functions: none
symbol engine: initialized successfully - sym options: 0x614 - pdb path: .;D:\sts-4.29.1.RELEASE\plugins\org.eclipse.justj.openjdk.hotspot.jre.full.win32.x86_64_21.0.6.v20250130-0529\jre\bin;C:\WINDOWS\SYSTEM32;C:\WINDOWS\WinSxS\amd64_microsoft.windows.common-controls_6595b64144ccf1df_6.0.26100.7019_none_3e06ffa0e335b8a8;D:\sts-4.29.1.RELEASE\plugins\org.eclipse.justj.openjdk.hotspot.jre.full.win32.x86_64_21.0.6.v20250130-0529\jre\bin\server

VM Arguments:
jvm_args: -Dcom.sun.management.jmxremote -Dcom.sun.management.jmxremote.port=50721 -Dcom.sun.management.jmxremote.authenticate=false -Dcom.sun.management.jmxremote.ssl=false -Djava.rmi.server.hostname=localhost -Dspring.jmx.enabled=true -Dmanagement.endpoints.jmx.exposure.include=* -Dspring.application.admin.enabled=true -Dspring.output.ansi.enabled=always -XX:TieredStopAtLevel=1 -Dspring.boot.project.name=maharecruitment-web -Dfile.encoding=UTF-8 -Dstdout.encoding=UTF-8 -Dstderr.encoding=UTF-8 -XX:+ShowCodeDetailsInExceptionMessages 
java_command: com.maharecruitment.gov.in.web.MaharecruitmentParentApplication
java_class_path (initial): C:\Users\Akanksha.Surve\git\NewMaharecuitrment\maharecruitment-web\target\classes;C:\Users\Akanksha.Surve\.m2\repository\org\springframework\boot\spring-boot-starter-web\3.5.3\spring-boot-starter-web-3.5.3.jar;C:\Users\Akanksha.Surve\.m2\repository\org\springframework\boot\spring-boot-starter\3.5.3\spring-boot-starter-3.5.3.jar;C:\Users\Akanksha.Surve\.m2\repository\org\yaml\snakeyaml\2.4\snakeyaml-2.4.jar;C:\Users\Akanksha.Surve\.m2\repository\org\springframework\boot\spring-boot-starter-json\3.5.3\spring-boot-starter-json-3.5.3.jar;C:\Users\Akanksha.Surve\.m2\repository\com\fasterxml\jackson\core\jackson-databind\2.19.1\jackson-databind-2.19.1.jar;C:\Users\Akanksha.Surve\.m2\repository\com\fasterxml\jackson\datatype\jackson-datatype-jdk8\2.19.1\jackson-datatype-jdk8-2.19.1.jar;C:\Users\Akanksha.Surve\.m2\repository\com\fasterxml\jackson\module\jackson-module-parameter-names\2.19.1\jackson-module-parameter-names-2.19.1.jar;C:\Users\Akanksha.Surve\.m2\repository\org\springframework\spring-web\6.2.8\spring-web-6.2.8.jar;C:\Users\Akanksha.Surve\.m2\repository\org\springframework\spring-beans\6.2.8\spring-beans-6.2.8.jar;C:\Users\Akanksha.Surve\.m2\repository\io\micrometer\micrometer-observation\1.15.1\micrometer-observation-1.15.1.jar;C:\Users\Akanksha.Surve\.m2\repository\io\micrometer\micrometer-commons\1.15.1\micrometer-commons-1.15.1.jar;C:\Users\Akanksha.Surve\.m2\repository\org\springframework\spring-webmvc\6.2.8\spring-webmvc-6.2.8.jar;C:\Users\Akanksha.Surve\.m2\repository\org\springframework\spring-context\6.2.8\spring-context-6.2.8.jar;C:\Users\Akanksha.Surve\.m2\repository\org\springframework\spring-expression\6.2.8\spring-expression-6.2.8.jar;C:\Users\Akanksha.Surve\.m2\repository\org\springframework\boot\spring-boot-starter-security\3.5.3\spring-boot-starter-security-3.5.3.jar;C:\Users\Akanksha.Surve\.m2\repository\org\springframework\spring-aop\6.2.8\spring-aop-6.2.8.jar;C:\Users\Akanksha.Surve\.m2\repository\org\springframework\security\spring-security-config\6.5.1\spring-security-config-6.5.1.jar;C:\Users\Akanksha.Surve\.m2\repository\org\springframework\security\spring-security-web\6.5.1\spring-security-web-6.5.1.jar;C:\Users\Akanksha.Surve\.m2\repository\org\springframework\boot\spring-boot-starter-thymeleaf\3.5.3\spring-boot-starter-thymeleaf-3.5.3.jar;C:\Users\Akanksha.Surve\.m2\repository\org\thymeleaf\thymeleaf-spring6\3.1.3.RELEASE\thymeleaf-spring6-3.1.3.RELEASE.jar;C:\Users\Akanksha.Surve\.m2\repository\org\thymeleaf\thymeleaf\3.1.3.RELEASE\thymeleaf-3.1.3.RELEASE.jar;C:\Users\Akanksha.Surve\.m2\repository\org\attoparser\attoparser\2.0.7.RELEASE\attoparser-2.0.7.RELEASE.jar;C:\Users\Akanksha.Surve\.m2\repository\org\unbescape\unbescape\1.1.6.RELEASE\unbescape-1.1.6.RELEASE.jar;C:\Users\Akanksha.Surve\.m2\repository\org\springframework\boot\spring-boot-starter-data-jpa\3.5.3\spring-boot-starter-data-jpa-3.5.3.jar;C:\Users\Akanksha.Surve\.m2\repository\org\springframework\boot\spring-boot-starter-jdbc\3.5.3\spring-boot-starter-jdbc-3.5.3.jar;C:\Users\Akanksha.Surve\.m2\repository\com\zaxxer\HikariCP\6.3.0\HikariCP-6.3.0.jar;C:\Users\Akanksha.Surve\.m2\repository\org\springframework\spring-jdbc\6.2.8\spring-jdbc-6.2.8.jar;C:\Users\Akanksha.Surve\.m2\repository\org\hibernate\orm\hibernate-core\6.6.18.Final\hibernate-core-6.6.18.Final.jar;C:\Users\Akanksha.Surve\.m2\repository\jakarta\persistence\jakarta.persistence-api\3.1.0\jakarta.persistence-api-3.1.0.jar;C:\Users\Akanksha.Surve\.m2\repository\jakarta\transaction\jakarta.transaction-api\2.0.1\jakarta.transaction-api-2.0.1.jar;C:\Users\Akanksha.Surve\.m2\repository\org\jboss\logging\jboss-logging\3.6.1.Final\jboss-logging-3.6.1.Final.jar;C:\Users\Akanksha.Surve\.m2\repository\org\hibernate\common\hibernate-commons-annotations\7.0.3.Final\hibernate-commons-annotations-7.0.3.Final.jar;C:\Users\Akanksha.Surve\.m2\repository\io\smallrye\jandex\3.2.0\jandex-3.2.0.jar;C:\Users\Akanksha.Surve\.m2\repository\com\fasterxml\classmate\1.7.0\classmate-1.7.0.jar;C:\Users\Akanksha.Surve\.m2\repository\net\bytebuddy\byte-buddy\1.17.6\byte-buddy-1.17.6.jar;C:\Users\Akanksha.Surve\.m2\repository\org\glassfish\jaxb\jaxb-runtime\4.0.5\jaxb-runtime-4.0.5.jar;C:\Users\Akanksha.Surve\.m2\repository\org\glassfish\jaxb\jaxb-core\4.0.5\jaxb-core-4.0.5.jar;C:\Users\Akanksha.Surve\.m2\repository\org\glassfish\jaxb\txw2\4.0.5\txw2-4.0.5.jar;C:\Users\Akanksha.Surve\.m2\repository\com\sun\istack\istack-commons-runtime\4.1.2\istack-commons-runtime-4.1.2.jar;C:\Users\Akanksha.Surve\.m2\repository\jakarta\inject\jakarta.inject-api\2.0.1\jakarta.inject-api-2.0.1.jar;C:\Users\Akanksha.Surve\.m2\repository\org\antlr\antlr4-runtime\4.13.0\antlr4-runtime-4.13.0.jar;C:\Users\Akanksha.Surve\.m2\repository\org\springframework\data\spring-data-jpa\3.5.1\spring-data-jpa-3.5.1.jar;C:\Users\Akanksha.Surve\.m2\repository\org\springframework\data\spring-data-commons\3.5.1\spring-data-commons-3.5.1.jar;C:\Users\Akanksha.Surve\.m2\repository\org\springframework\spring-orm\6.2.8\spring-orm-6.2.8.jar;C:\Users\Akanksha.Surve\.m2\repository\org\springframework\spring-tx\6.2.8\spring-tx-6.2.8.jar;C:\Users\Akanksha.Surve\.m2\repository\org\springframework\spring-aspects\6.2.8\spring-aspects-6.2.8.jar;C:\Users\Akanksha.Surve\.m2\repository\org\aspectj\aspectjweaver\1.9.24\aspectjweaver-1.9.24.jar;C:\Users\Akanksha.Surve\.m2\repository\org\springframework\boot\spring-boot-starter-logging\3.5.3\spring-boot-starter-logging-3.5.3.jar;C:\Users\Akanksha.Surve\.m2\repository\ch\qos\logback\logback-classic\1.5.18\logback-classic-1.5.18.jar;C:\Users\Akanksha.Surve\.m2\repository\ch\qos\logback\logback-core\1.5.18\logback-core-1.5.18.jar;C:\Users\Akanksha.Surve\.m2\repository\org\apache\logging\log4j\log4j-to-slf4j\2.24.3\log4j-to-slf4j-2.24.3.jar;C:\Users\Akanksha.Surve\.m2\repository\org\slf4j\jul-to-slf4j\2.0.17\jul-to-slf4j-2.0.17.jar;C:\Users\Akanksha.Surve\.m2\repository\org\springframework\boot\spring-boot-starter-validation\3.5.3\spring-boot-starter-validation-3.5.3.jar;C:\Users\Akanksha.Surve\.m2\repository\org\apache\tomcat\embed\tomcat-embed-el\10.1.42\tomcat-embed-el-10.1.42.jar;C:\Users\Akanksha.Surve\.m2\repository\org\hibernate\validator\hibernate-validator\8.0.2.Final\hibernate-validator-8.0.2.Final.jar;C:\Users\Akanksha.Surve\.m2\repository\jakarta\validation\jakarta.validation-api\3.0.2\jakarta.validation-api-3.0.2.jar;C:\Users\Akanksha.Surve\.m2\repository\org\flywaydb\flyway-core\11.7.2\flyway-core-11.7.2.jar;C:\Users\Akanksha.Surve\.m2\repository\com\fasterxml\jackson\dataformat\jackson-dataformat-toml\2.19.1\jackson-dataformat-toml-2.19.1.jar;C:\Users\Akanksha.Surve\.m2\repository\com\fasterxml\jackson\core\jackson-core\2.19.1\jackson-core-2.19.1.jar;C:\Users\Akanksha.Surve\.m2\repository\com\fasterxml\jackson\datatype\jackson-datatype-jsr310\2.19.1\jackson-datatype-jsr310-2.19.1.jar;C:\Users\Akanksha.Surve\.m2\repository\com\fasterxml\jackson\core\jackson-annotations\2.19.1\jackson-annotations-2.19.1.jar;C:\Users\Akanksha.Surve\.m2\repository\org\flywaydb\flyway-database-postgresql\11.7.2\flyway-database-postgresql-11.7.2.jar;C:\Users\Akanksha.Surve\.m2\repository\org\springframework\boot\spring-boot-starter-tomcat\3.5.3\spring-boot-starter-tomcat-3.5.3.jar;C:\Users\Akanksha.Surve\.m2\repository\jakarta\annotation\jakarta.annotation-api\2.1.1\jakarta.annotation-api-2.1.1.jar;C:\Users\Akanksha.Surve\.m2\repository\org\apache\tomcat\embed\tomcat-embed-core\10.1.42\tomcat-embed-core-10.1.42.jar;C:\Users\Akanksha.Surve\.m2\repository\org\apache\tomcat\embed\tomcat-embed-websocket\10.1.42\tomcat-embed-websocket-10.1.42.jar;C:\Users\Akanksha.Surve\git\NewMaharecuitrment\maharecruitment-common\target\classes;C:\Users\Akanksha.Surve\git\NewMaharecuitrment\maharecruitment-attendance\target\classes;C:\Users\Akanksha.Surve\git\NewMaharecuitrment\maharecruitment-audit\target\classes;C:\Users\Akanksha.Surve\git\NewMaharecuitrment\maharecruitment-scheduler\target\classes;C:\Users\Akanksha.Surve\git\NewMaharecuitrment\maharecruitment-security\target\classes;C:\Users\Akanksha.Surve\git\NewMaharecuitrment\maharecruitment-auth\target\classes;C:\Users\Akanksha.Surve\git\NewMaharecuitrment\maharecruitment-agency\target\classes;C:\Users\Akanksha.Surve\git\NewMaharecuitrment\maharecruitment-master\target\classes;C:\Users\Akanksha.Surve\git\NewMaharecuitrment\maharecruitment-department\target\classes;C:\Users\Akanksha.Surve\git\NewMaharecuitrment\maharecruitment-invoice\target\classes;C:\Users\Akanksha.Surve\git\NewMaharecuitrment\maharecruitment-recruitment\target\classes;C:\Users\Akanksha.Surve\git\NewMaharecuitrment\maharecruitment-notification\target\classes;C:\Users\Akanksha.Surve\git\NewMaharecuitrment\maharecruitment-workorder\target\classes;C:\Users\Akanksha.Surve\.m2\repository\com\google\zxing\core\3.5.4\core-3.5.4.jar;C:\Users\Akanksha.Surve\.m2\repository\com\google\zxing\javase\3.5.4\javase-3.5.4.jar;C:\Users\Akanksha.Surve\.m2\repository\org\jcommander\jcommander\1.85\jcommander-1.85.jar;C:\Users\Akanksha.Surve\.m2\repository\com\github\jai-imageio\jai-imageio-core\1.4.0\jai-imageio-core-1.4.0.jar;C:\Users\Akanksha.Surve\.m2\repository\org\thymeleaf\extras\thymeleaf-extras-springsecurity6\3.1.3.RELEASE\thymeleaf-extras-springsecurity6-3.1.3.RELEASE.jar;C:\Users\Akanksha.Surve\.m2\repository\org\slf4j\slf4j-api\2.0.17\slf4j-api-2.0.17.jar;C:\Users\Akanksha.Surve\.m2\repository\org\springframework\boot\spring-boot-devtools\3.5.3\spring-boot-devtools-3.5.3.jar;C:\Users\Akanksha.Surve\.m2\repository\org\springframework\boot\spring-boot\3.5.3\spring-boot-3.5.3.jar;C:\Users\Akanksha.Surve\.m2\repository\org\springframework\boot\spring-boot-autoconfigure\3.5.3\spring-boot-autoconfigure-3.5.3.jar;C:\Users\Akanksha.Surve\.m2\repository\org\postgresql\postgresql\42.7.7\postgresql-42.7.7.jar;C:\Users\Akanksha.Surve\.m2\repository\org\checkerframework\checker-qual\3.49.3\checker-qual-3.49.3.jar;C:\Users\Akanksha.Surve\.m2\repository\org\projectlombok\lombok\1.18.38\lombok-1.18.38.jar;C:\Users\Akanksha.Surve\.m2\repository\jakarta\xml\bind\jakarta.xml.bind-api\4.0.2\jakarta.xml.bind-api-4.0.2.jar;C:\Users\Akanksha.Surve\.m2\repository\jakarta\activation\jakarta.activation-api\2.1.3\jakarta.activation-api-2.1.3.jar;C:\Users\Akanksha.Surve\.m2\repository\org\springframework\spring-core\6.2.8\spring-core-6.2.8.jar;C:\Users\Akanksha.Surve\.m2\repository\org\springframework\spring-jcl\6.2.8\spring-jcl-6.2.8.jar;C:\Users\Akanksha.Surve\.m2\repository\org\springframework\security\spring-security-core\6.5.1\spring-security-core-6.5.1.jar;C:\Users\Akanksha.Surve\.m2\repository\org\springframework\security\spring-security-crypto\6.5.1\spring-security-crypto-6.5.1.jar;C:\Users\Akanksha.Surve\.m2\repository\org\springframework\boot\spring-boot-starter-mail\3.5.3\spring-boot-starter-mail-3.5.3.jar;C:\Users\Akanksha.Surve\.m2\repository\org\springframework\spring-context-support\6.2.8\spring-context-support-6.2.8.jar;C:\Users\Akanksha.Surve\.m2\repository\org\eclipse\angus\jakarta.mail\2.0.3\jakarta.mail-2.0.3.jar;C:\Users\Akanksha.Surve\.m2\repository\org\eclipse\angus\angus-activation\2.0.2\angus-activation-2.0.2.jar;C:\Users\Akanksha.Surve\.m2\repository\org\apache\poi\poi-ooxml\5.2.3\poi-ooxml-5.2.3.jar;C:\Users\Akanksha.Surve\.m2\repository\org\apache\poi\poi\5.2.3\poi-5.2.3.jar;C:\Users\Akanksha.Surve\.m2\repository\commons-codec\commons-codec\1.18.0\commons-codec-1.18.0.jar;C:\Users\Akanksha.Surve\.m2\repository\org\apache\commons\commons-math3\3.6.1\commons-math3-3.6.1.jar;C:\Users\Akanksha.Surve\.m2\repository\com\zaxxer\SparseBitSet\1.2\SparseBitSet-1.2.jar;C:\Users\Akanksha.Surve\.m2\repository\org\apache\poi\poi-ooxml-lite\5.2.3\poi-ooxml-lite-5.2.3.jar;C:\Users\Akanksha.Surve\.m2\repository\org\apache\xmlbeans\xmlbeans\5.1.1\xmlbeans-5.1.1.jar;C:\Users\Akanksha.Surve\.m2\repository\org\apache\commons\commons-compress\1.21\commons-compress-1.21.jar;C:\Users\Akanksha.Surve\.m2\repository\commons-io\commons-io\2.11.0\commons-io-2.11.0.jar;C:\Users\Akanksha.Surve\.m2\repository\com\github\virtuald\curvesapi\1.07\curvesapi-1.07.jar;C:\Users\Akanksha.Surve\.m2\repository\org\apache\logging\log4j\log4j-api\2.24.3\log4j-api-2.24.3.jar;C:\Users\Akanksha.Surve\.m2\repository\org\apache\commons\commons-collections4\4.4\commons-collections4-4.4.jar;C:\Users\Akanksha.Surve\.m2\repository\cn\apiclub\tool\simplecaptcha\1.2.2\simplecaptcha-1.2.2.jar;C:\Users\Akanksha.Surve\.m2\repository\org\mapstruct\mapstruct\1.5.2.Final\mapstruct-1.5.2.Final.jar;C:\Users\Akanksha.Surve\.m2\repository\org\mapstruct\mapstruct-processor\1.5.2.Final\mapstruct-processor-1.5.2.Final.jar
Launcher Type: SUN_STANDARD

[Global flags]
     intx CICompilerCount                          = 12                                        {product} {ergonomic}
     uint ConcGCThreads                            = 3                                         {product} {ergonomic}
     uint G1ConcRefinementThreads                  = 13                                        {product} {ergonomic}
   size_t G1HeapRegionSize                         = 4194304                                   {product} {ergonomic}
    uintx GCDrainStackTargetSize                   = 64                                        {product} {ergonomic}
   size_t InitialHeapSize                          = 532676608                                 {product} {ergonomic}
     bool ManagementServer                         = true                                      {product} {command line}
   size_t MarkStackSize                            = 4194304                                   {product} {ergonomic}
   size_t MaxHeapSize                              = 8510242816                                {product} {ergonomic}
   size_t MaxNewSize                               = 5104467968                                {product} {ergonomic}
   size_t MinHeapDeltaBytes                        = 4194304                                   {product} {ergonomic}
   size_t MinHeapSize                              = 8388608                                   {product} {ergonomic}
    uintx NonNMethodCodeHeapSize                   = 4096                                   {pd product} {ergonomic}
    uintx NonProfiledCodeHeapSize                  = 0                                      {pd product} {ergonomic}
     bool ProfileInterpreter                       = false                                  {pd product} {command line}
    uintx ProfiledCodeHeapSize                     = 0                                      {pd product} {ergonomic}
     bool ShowCodeDetailsInExceptionMessages       = true                                   {manageable} {command line}
   size_t SoftMaxHeapSize                          = 8510242816                             {manageable} {ergonomic}
     intx TieredStopAtLevel                        = 1                                         {product} {command line}
     bool UseCompressedOops                        = true                           {product lp64_product} {ergonomic}
     bool UseG1GC                                  = true                                      {product} {ergonomic}
     bool UseLargePagesIndividualAllocation        = false                                  {pd product} {ergonomic}

Logging:
Log output configuration:
 #0: stdout all=warning uptime,level,tags foldmultilines=false
 #1: stderr all=off uptime,level,tags foldmultilines=false

Environment Variables:
PATH=D:/sts-4.29.1.RELEASE//plugins/org.eclipse.justj.openjdk.hotspot.jre.full.win32.x86_64_21.0.6.v20250130-0529/jre/bin/server;D:/sts-4.29.1.RELEASE//plugins/org.eclipse.justj.openjdk.hotspot.jre.full.win32.x86_64_21.0.6.v20250130-0529/jre/bin;C:\Program Files\Common Files\Oracle\Java\javapath;C:\Program Files (x86)\Common Files\Oracle\Java\javapath;C:\WINDOWS\system32;C:\WINDOWS;C:\WINDOWS\System32\Wbem;C:\WINDOWS\System32\WindowsPowerShell\v1.0\;C:\WINDOWS\System32\OpenSSH\;C:\Program Files\PuTTY\;C:\Program Files\nodejs\;C:\Users\Akanksha.Surve\AppData\Local\Microsoft\WindowsApps;C:\Users\Akanksha.Surve\AppData\Roaming\npm;C:\Users\Akanksha.Surve\AppData\Local\Programs\Git\cmd;C:\Users\Akanksha.Surve\AppData\Local\Programs\Antigravity\bin;D:\sts-4.29.1.RELEASE;
USERNAME=Akanksha.Surve
OS=Windows_NT
PROCESSOR_IDENTIFIER=Intel64 Family 6 Model 191 Stepping 2, GenuineIntel
TMP=C:\Users\AKANKS~1.SUR\AppData\Local\Temp
TEMP=C:\Users\AKANKS~1.SUR\AppData\Local\Temp




Periodic native trim disabled

---------------  S Y S T E M  ---------------

OS:
 Windows 11 , 64 bit Build 26100 (10.0.26100.7019)
OS uptime: 1 days 5:54 hours
Hyper-V role detected

CPU: total 16 (initial active 16) (8 cores per cpu, 2 threads per core) family 6 model 191 stepping 2 microcode 0x3a, cx8, cmov, fxsr, ht, mmx, 3dnowpref, sse, sse2, sse3, ssse3, sse4.1, sse4.2, popcnt, lzcnt, tsc, tscinvbit, avx, avx2, aes, erms, clmul, bmi1, bmi2, adx, sha, fma, vzeroupper, clflush, clflushopt, clwb, hv, serialize, rdtscp, rdpid, fsrm, f16c, cet_ibt, cet_ss
Processor Information for the first 16 processors :
  Max Mhz: 2500, Current Mhz: 2500, Mhz Limit: 2500

Memory: 4k page, system-wide physical 32454M (13795M free)
TotalPageFile size 34502M (AvailPageFile size 9716M)
current process WorkingSet (physical memory assigned to process): 534M, peak: 884M
current process commit charge ("private bytes"): 656M, peak: 932M

vm_info: OpenJDK 64-Bit Server VM (21.0.6+7-LTS) for windows-amd64 JRE (21.0.6+7-LTS), built on 2025-01-21T00:00:00Z by "admin" with MS VC++ 17.7 (VS2022)

END.
