#
# A fatal error has been detected by the Java Runtime Environment:
#
#  EXCEPTION_ACCESS_VIOLATION (0xc0000005) at pc=0x00007ff924342f77, pid=1324, tid=26536
#
# JRE version: OpenJDK Runtime Environment Temurin-21.0.6+7 (21.0.6+7) (build 21.0.6+7-LTS)
# Java VM: OpenJDK 64-Bit Server VM Temurin-21.0.6+7 (21.0.6+7-LTS, mixed mode, emulated-client, sharing, tiered, compressed oops, compressed class ptrs, g1 gc, windows-amd64)
# Problematic frame:
# V  [jvm.dll+0x682f77]
#
# No core dump will be written. Minidumps are not enabled by default on client versions of Windows
#
# If you would like to submit a bug report, please visit:
#   https://github.com/adoptium/adoptium-support/issues
#

---------------  S U M M A R Y ------------

Command Line: -Dcom.sun.management.jmxremote -Dcom.sun.management.jmxremote.port=62977 -Dcom.sun.management.jmxremote.authenticate=false -Dcom.sun.management.jmxremote.ssl=false -Djava.rmi.server.hostname=localhost -Dspring.jmx.enabled=true -Dmanagement.endpoints.jmx.exposure.include=* -Dspring.application.admin.enabled=true -Dspring.output.ansi.enabled=always -XX:TieredStopAtLevel=1 -Dspring.boot.project.name=maharecruitment-web -Dfile.encoding=UTF-8 -Dstdout.encoding=UTF-8 -Dstderr.encoding=UTF-8 -XX:+ShowCodeDetailsInExceptionMessages com.maharecruitment.gov.in.web.MaharecruitmentParentApplication

Host: Intel(R) Core(TM) i5-14400, 16 cores, 31G,  Windows 11 , 64 bit Build 26100 (10.0.26100.7019)
Time: Wed May 13 14:59:08 2026 India Standard Time elapsed time: 2917.921385 seconds (0d 0h 48m 37s)

---------------  T H R E A D  ---------------

Current thread (0x000002d354cc7800):  WorkerThread "GC Thread#4"    [id=26536, stack(0x000000fe7d700000,0x000000fe7d800000) (1024K)]

Stack: [0x000000fe7d700000,0x000000fe7d800000],  sp=0x000000fe7d7ffcd0,  free space=1023k
Native frames: (J=compiled Java code, j=interpreted, Vv=VM code, C=native code)
V  [jvm.dll+0x682f77]
V  [jvm.dll+0x3bf97d]
V  [jvm.dll+0x6db0c2]
V  [jvm.dll+0x359262]
V  [jvm.dll+0x8d62a7]
V  [jvm.dll+0x851f8b]
V  [jvm.dll+0x6cc5ed]
C  [ucrtbase.dll+0x37b0]
C  [KERNEL32.DLL+0x2e8d7]
C  [ntdll.dll+0x8c53c]


siginfo: EXCEPTION_ACCESS_VIOLATION (0xc0000005), reading address 0xffffffffffffffff


Registers:
RAX=0x0000000000000070, RBX=0x000002d354a6b6e0, RCX=0x0040000000000000, RDX=0x0000000000000000
RSP=0x000000fe7d7ffcd0, RBP=0x0000000000000001, RSI=0x0040000000000000, RDI=0x0040000000000000
R8 =0x0000000000000004, R9 =0x000002d345448c80, R10=0x000002d345448c66, R11=0x000000fe7d7ffd90
R12=0x0000000000000030, R13=0x0000000000000000, R14=0x0000000000000000, R15=0x00000000000003d8
RIP=0x00007ff924342f77, EFLAGS=0x0000000000010202

XMM[0]=0x000002d354cc7800 0x0000000000000001
XMM[1]=0x000002d33de804d0 0x0000000000000000
XMM[2]=0x0000000000000000 0x0000000000000000
XMM[3]=0x0000000000000000 0x0000000000000000
XMM[4]=0x0000000000000000 0x0000000000000000
XMM[5]=0x0000000000000000 0x0000000000000000
XMM[6]=0x0000000000000000 0x0000000000000000
XMM[7]=0x0000000000000000 0x0000000000000000
XMM[8]=0x0000000000000000 0x0000000000000000
XMM[9]=0x0000000000000000 0x0000000000000000
XMM[10]=0x0000000000000000 0x0000000000000000
XMM[11]=0x0000000000000000 0x0000000000000000
XMM[12]=0x0000000000000000 0x0000000000000000
XMM[13]=0x0000000000000000 0x0000000000000000
XMM[14]=0x0000000000000000 0x0000000000000000
XMM[15]=0x0000000000000000 0x0000000000000000
  MXCSR=0x00001fa0


Register to memory mapping:

RAX=0x0000000000000070 is an unknown value
RBX=0x000002d354a6b6e0 points into unknown readable memory: 0x0000000000000000 | 00 00 00 00 00 00 00 00
RCX=0x0040000000000000 is an unknown value
RDX=0x0 is null
RSP=0x000000fe7d7ffcd0 points into unknown readable memory: 0x000002d33de804d0 | d0 04 e8 3d d3 02 00 00
RBP=0x0000000000000001 is an unknown value
RSI=0x0040000000000000 is an unknown value
RDI=0x0040000000000000 is an unknown value
R8 =0x0000000000000004 is an unknown value
R9 =0x000002d345448c80 is at entry_point+0 in (nmethod*)0x000002d345448a90
Compiled method (c1) 2917954 18838       1       org.hibernate.query.sqm.function.SelfRenderingSqmFunction::convertToSqlAst (72 bytes)
 total in heap  [0x000002d345448a90,0x000002d345449298] = 2056
 relocation     [0x000002d345448bf0,0x000002d345448c70] = 128
 main code      [0x000002d345448c80,0x000002d3454490d0] = 1104
 stub code      [0x000002d3454490d0,0x000002d345449148] = 120
 oops           [0x000002d345449148,0x000002d345449150] = 8
 metadata       [0x000002d345449150,0x000002d345449190] = 64
 scopes data    [0x000002d345449190,0x000002d345449208] = 120
 scopes pcs     [0x000002d345449208,0x000002d345449278] = 112
 dependencies   [0x000002d345449278,0x000002d345449298] = 32
R10=0x000002d345448c66 is at entry_point+-26 in (nmethod*)0x000002d345448a90
Compiled method (c1) 2917954 18838       1       org.hibernate.query.sqm.function.SelfRenderingSqmFunction::convertToSqlAst (72 bytes)
 total in heap  [0x000002d345448a90,0x000002d345449298] = 2056
 relocation     [0x000002d345448bf0,0x000002d345448c70] = 128
 main code      [0x000002d345448c80,0x000002d3454490d0] = 1104
 stub code      [0x000002d3454490d0,0x000002d345449148] = 120
 oops           [0x000002d345449148,0x000002d345449150] = 8
 metadata       [0x000002d345449150,0x000002d345449190] = 64
 scopes data    [0x000002d345449190,0x000002d345449208] = 120
 scopes pcs     [0x000002d345449208,0x000002d345449278] = 112
 dependencies   [0x000002d345449278,0x000002d345449298] = 32
R11=0x000000fe7d7ffd90 points into unknown readable memory: 0x000000fe7c4fed70 | 70 ed 4f 7c fe 00 00 00
R12=0x0000000000000030 is an unknown value
R13=0x0 is null
R14=0x0 is null
R15=0x00000000000003d8 is an unknown value

Top of Stack: (sp=0x000000fe7d7ffcd0)
0x000000fe7d7ffcd0:   000002d33de804d0 0000000000000001
0x000000fe7d7ffce0:   000002d354cc7800 000000fe7c4fed50
0x000000fe7d7ffcf0:   0000000000000000 00007ff923ee1663
0x000000fe7d7ffd00:   00000000000003d8 0000000000000008
0x000000fe7d7ffd10:   0000000000000000 0000000000000030
0x000000fe7d7ffd20:   0040000000000000 00007ff92407f97d
0x000000fe7d7ffd30:   000002d345444410 0000000000000000
0x000000fe7d7ffd40:   0000000000000001 000002d356f36a60
0x000000fe7d7ffd50:   000002d35448c148 0000000000000000
0x000000fe7d7ffd60:   000002d354cbc4a0 000002d35448bd60
0x000000fe7d7ffd70:   000002d35448bd70 00007ff92439b0c2
0x000000fe7d7ffd80:   0000888ac1fb6dc5 0000000000000001
0x000000fe7d7ffd90:   000000fe7c4fed70 000002d354a63c50
0x000000fe7d7ffda0:   0000000000000070 000002d354a63c50
0x000000fe7d7ffdb0:   0000000000000006 00007ff924019262
0x000000fe7d7ffdc0:   000000fe7c4fed30 000002d354cc7800
0x000000fe7d7ffdd0:   0000000000000006 0000000000000006
0x000000fe7d7ffde0:   000002d354a6b6e0 00007ff9245962a7
0x000000fe7d7ffdf0:   000002d340268e88 000002d354cc7800
0x000000fe7d7ffe00:   0000000000000006 000002d354a6b6e0
0x000000fe7d7ffe10:   0000000000000000 000002d354cc7800
0x000000fe7d7ffe20:   0000000000000000 0000000000100000
0x000000fe7d7ffe30:   0000000000000000 00007ff924511f8b
0x000000fe7d7ffe40:   000000fe7d700000 00000000ffffffff
0x000000fe7d7ffe50:   0000000000000000 0000000000000000
0x000000fe7d7ffe60:   0000000000000004 0000000000001000
0x000000fe7d7ffe70:   0000000400001000 0000000000020000
0x000000fe7d7ffe80:   0000000000000000 00007ff97fb1c91b
0x000000fe7d7ffe90:   000002d354cc7800 0000000000000000
0x000000fe7d7ffea0:   0000000000000000 00007ff9800774bf
0x000000fe7d7ffeb0:   0000000000000000 00007ff92438c5ed
0x000000fe7d7ffec0:   0000000000000000 000002d354cc7800 

Instructions: (pc=0x00007ff924342f77)
0x00007ff924342e77:   52 2c 00 48 8b 7c 24 50 4c 8b 64 24 58 48 8b 5c
0x00007ff924342e87:   24 60 48 8b 6c 24 68 48 83 c4 30 41 5f 41 5e 5e
0x00007ff924342e97:   c3 48 8b cb e8 b0 58 ac ff 0f b6 c0 4c 8d 0d 6e
0x00007ff924342ea7:   56 3f 00 41 b8 73 05 00 00 89 44 24 20 48 8d 15
0x00007ff924342eb7:   75 56 3f 00 b9 00 00 00 e0 e8 bb c5 bf ff cc 48
0x00007ff924342ec7:   8b cb e8 82 58 ac ff 0f b6 c0 4c 8d 0d 40 56 3f
0x00007ff924342ed7:   00 41 b8 f1 06 00 00 89 44 24 20 48 8d 15 47 56
0x00007ff924342ee7:   3f 00 b9 00 00 00 e0 e8 8d c5 bf ff cc 48 8b cb
0x00007ff924342ef7:   e8 54 58 ac ff 0f b6 c0 4c 8d 0d 12 56 3f 00 41
0x00007ff924342f07:   b8 73 05 00 00 89 44 24 20 48 8d 15 19 56 3f 00
0x00007ff924342f17:   b9 00 00 00 e0 e8 5f c5 bf ff cc cc cc cc cc cc
0x00007ff924342f27:   cc cc cc cc cc cc cc cc cc 48 89 5c 24 10 48 89
0x00007ff924342f37:   6c 24 18 48 89 74 24 20 57 41 54 41 55 41 56 41
0x00007ff924342f47:   57 48 83 ec 30 65 48 8b 04 25 58 00 00 00 44 0f
0x00007ff924342f57:   b6 f2 44 8b 05 88 b2 65 00 48 8b f1 4a 8b 1c c0
0x00007ff924342f67:   b8 70 00 00 00 80 3c 18 00 75 05 e8 39 40 2c 00
0x00007ff924342f77:   83 be 00 01 00 00 00 b8 20 00 00 00 48 8b 04 18
0x00007ff924342f87:   48 8b a8 18 03 00 00 48 8b 7d 28 4c 8b 7d 10 4c
0x00007ff924342f97:   8b 65 18 4c 8b 6d 20 48 89 7c 24 60 7e 65 48 8d
0x00007ff924342fa7:   8e 08 01 00 00 e8 7f 0d 00 00 48 8b f8 48 85 c0
0x00007ff924342fb7:   74 4c 0f 1f 80 00 00 00 00 48 8b 07 41 0f b6 d6
0x00007ff924342fc7:   48 8b cf ff 90 80 00 00 00 8b 5f 08 48 8b cf 48
0x00007ff924342fd7:   8b 07 2b de ff 10 8d 48 e0 8d 0c cb 3b 8e 00 01
0x00007ff924342fe7:   00 00 7d 1a 48 63 c9 48 81 c1 08 01 00 00 48 03
0x00007ff924342ff7:   ce e8 33 0d 00 00 48 8b f8 48 85 c0 75 bb 48 8b
0x00007ff924343007:   7c 24 60 48 63 86 04 01 00 00 83 f8 fe 74 35 48
0x00007ff924343017:   8d 88 08 01 00 00 48 03 ce e8 0b 0d 00 00 48 8b
0x00007ff924343027:   c8 48 8b d8 48 8b 10 ff 52 68 33 c9 84 c0 48 0f
0x00007ff924343037:   45 cb 48 85 c9 74 0d 48 8b 01 41 0f b6 d6 ff 90
0x00007ff924343047:   80 00 00 00 48 8d 05 ee 58 3f 00 44 88 74 24 28
0x00007ff924343057:   48 8d 54 24 20 48 89 44 24 20 48 8b ce e8 87 fc
0x00007ff924343067:   ff ff 49 83 3f 00 74 13 48 8b d7 48 8b cd e8 c6 


Stack slot to memory mapping:

stack at sp + 0 slots: 0x000002d33de804d0 points into unknown readable memory: 0x0000000300000001 | 01 00 00 00 03 00 00 00
stack at sp + 1 slots: 0x0000000000000001 is an unknown value
stack at sp + 2 slots: 0x000002d354cc7800 points into unknown readable memory: 0x00007ff92479a7f8 | f8 a7 79 24 f9 7f 00 00
stack at sp + 3 slots: 0x000000fe7c4fed50 points into unknown readable memory: 0x0000000a00000301 | 01 03 00 00 0a 00 00 00
stack at sp + 4 slots: 0x0 is null
stack at sp + 5 slots: 0x00007ff923ee1663 jvm.dll
stack at sp + 6 slots: 0x00000000000003d8 is an unknown value
stack at sp + 7 slots: 0x0000000000000008 is an unknown value


---------------  P R O C E S S  ---------------

Threads class SMR info:
_java_thread_list=0x000002d39a618940, length=42, elements={
0x000002d3541903e0, 0x000002d35419b510, 0x000002d35419c570, 0x000002d35419cfc0,
0x000002d35419eb50, 0x000002d3541a2bd0, 0x000002d3541ad980, 0x000002d351389c10,
0x000002d35431b150, 0x000002d354a2eb40, 0x000002d354a367e0, 0x000002d354a5eb50,
0x000002d39a342090, 0x000002d39a390080, 0x000002d354943020, 0x000002d354944a60,
0x000002d3549443d0, 0x000002d354945e10, 0x000002d354945780, 0x000002d354942990,
0x000002d39c059a80, 0x000002d39c05a110, 0x000002d39c05b4c0, 0x000002d39c05bb50,
0x000002d39c0586d0, 0x000002d39c058d60, 0x000002d39c0593f0, 0x000002d39c05a7a0,
0x000002d39c058040, 0x000002d39c05c1e0, 0x000002d39c05c870, 0x000002d39c05cf00,
0x000002d39c05d590, 0x000002d39c05efd0, 0x000002d39c05f660, 0x000002d39c05dc20,
0x000002d39c05e2b0, 0x000002d3a2586260, 0x000002d3a2587610, 0x000002d3a2586f80,
0x000002d3a2589050, 0x000002d3a2588330
}

Java Threads: ( => current thread )
  0x000002d3541903e0 JavaThread "Reference Handler"          daemon [_thread_blocked, id=21144, stack(0x000000fe7c500000,0x000000fe7c600000) (1024K)]
  0x000002d35419b510 JavaThread "Finalizer"                  daemon [_thread_blocked, id=23880, stack(0x000000fe7c600000,0x000000fe7c700000) (1024K)]
  0x000002d35419c570 JavaThread "Signal Dispatcher"          daemon [_thread_blocked, id=23812, stack(0x000000fe7c700000,0x000000fe7c800000) (1024K)]
  0x000002d35419cfc0 JavaThread "Attach Listener"            daemon [_thread_blocked, id=29004, stack(0x000000fe7c800000,0x000000fe7c900000) (1024K)]
  0x000002d35419eb50 JavaThread "Service Thread"             daemon [_thread_blocked, id=28104, stack(0x000000fe7c900000,0x000000fe7ca00000) (1024K)]
  0x000002d3541a2bd0 JavaThread "Monitor Deflation Thread"   daemon [_thread_blocked, id=2332, stack(0x000000fe7ca00000,0x000000fe7cb00000) (1024K)]
  0x000002d3541ad980 JavaThread "C1 CompilerThread0"         daemon [_thread_blocked, id=25304, stack(0x000000fe7cb00000,0x000000fe7cc00000) (1024K)]
  0x000002d351389c10 JavaThread "Common-Cleaner"             daemon [_thread_blocked, id=22000, stack(0x000000fe7cc00000,0x000000fe7cd00000) (1024K)]
  0x000002d35431b150 JavaThread "Notification Thread"        daemon [_thread_blocked, id=25720, stack(0x000000fe7d000000,0x000000fe7d100000) (1024K)]
  0x000002d354a2eb40 JavaThread "RMI TCP Accept-0"           daemon [_thread_in_native, id=26552, stack(0x000000fe7d100000,0x000000fe7d200000) (1024K)]
  0x000002d354a367e0 JavaThread "RMI TCP Accept-62977"       daemon [_thread_in_native, id=2656, stack(0x000000fe7d200000,0x000000fe7d300000) (1024K)]
  0x000002d354a5eb50 JavaThread "RMI TCP Accept-0"           daemon [_thread_in_native, id=28244, stack(0x000000fe7d300000,0x000000fe7d400000) (1024K)]
  0x000002d39a342090 JavaThread "RMI Scheduler(0)"           daemon [_thread_blocked, id=3896, stack(0x000000fe7e000000,0x000000fe7e100000) (1024K)]
  0x000002d39a390080 JavaThread "JMX server connection timeout 47" daemon [_thread_blocked, id=26236, stack(0x000000fe7e200000,0x000000fe7e300000) (1024K)]
  0x000002d354943020 JavaThread "logback-1"                  daemon [_thread_blocked, id=27796, stack(0x000000fe7e500000,0x000000fe7e600000) (1024K)]
  0x000002d354944a60 JavaThread "AsyncAppender-Worker-ASYNC_FILE" daemon [_thread_blocked, id=27568, stack(0x000000fe7e700000,0x000000fe7e800000) (1024K)]
  0x000002d3549443d0 JavaThread "Catalina-utility-1"                [_thread_blocked, id=19540, stack(0x000000fe7e800000,0x000000fe7e900000) (1024K)]
  0x000002d354945e10 JavaThread "Catalina-utility-2"                [_thread_blocked, id=9996, stack(0x000000fe7ec00000,0x000000fe7ed00000) (1024K)]
  0x000002d354945780 JavaThread "container-0"                       [_thread_blocked, id=25148, stack(0x000000fe7ed00000,0x000000fe7ee00000) (1024K)]
  0x000002d354942990 JavaThread "PostgreSQL-JDBC-Cleaner"    daemon [_thread_blocked, id=20212, stack(0x000000fe7ef00000,0x000000fe7f000000) (1024K)]
  0x000002d39c059a80 JavaThread "HikariPool-1:housekeeper"   daemon [_thread_blocked, id=27244, stack(0x000000fe7f000000,0x000000fe7f100000) (1024K)]
  0x000002d39c05a110 JavaThread "HttpClient-1-SelectorManager" daemon [_thread_in_native, id=4420, stack(0x000000fe7f100000,0x000000fe7f200000) (1024K)]
  0x000002d39c05b4c0 JavaThread "File Watcher"               daemon [_thread_blocked, id=11628, stack(0x000000fe7f900000,0x000000fe7fa00000) (1024K)]
  0x000002d39c05bb50 JavaThread "Live Reload Server"         daemon [_thread_in_native, id=27468, stack(0x000000fe7fb00000,0x000000fe7fc00000) (1024K)]
  0x000002d39c0586d0 JavaThread "http-nio-8777-exec-1"       daemon [_thread_blocked, id=4772, stack(0x000000fe7fa00000,0x000000fe7fb00000) (1024K)]
  0x000002d39c058d60 JavaThread "http-nio-8777-exec-2"       daemon [_thread_blocked, id=29304, stack(0x000000fe7fc00000,0x000000fe7fd00000) (1024K)]
  0x000002d39c0593f0 JavaThread "http-nio-8777-exec-3"       daemon [_thread_blocked, id=27248, stack(0x000000fe7fd00000,0x000000fe7fe00000) (1024K)]
  0x000002d39c05a7a0 JavaThread "http-nio-8777-exec-4"       daemon [_thread_blocked, id=28216, stack(0x000000fe7fe00000,0x000000fe7ff00000) (1024K)]
  0x000002d39c058040 JavaThread "http-nio-8777-exec-5"       daemon [_thread_blocked, id=2200, stack(0x000000fe7ff00000,0x000000fe80000000) (1024K)]
  0x000002d39c05c1e0 JavaThread "http-nio-8777-exec-6"       daemon [_thread_blocked, id=22032, stack(0x000000fe00000000,0x000000fe00100000) (1024K)]
  0x000002d39c05c870 JavaThread "http-nio-8777-exec-7"       daemon [_thread_blocked, id=23344, stack(0x000000fe00100000,0x000000fe00200000) (1024K)]
  0x000002d39c05cf00 JavaThread "http-nio-8777-exec-8"       daemon [_thread_blocked, id=22356, stack(0x000000fe00200000,0x000000fe00300000) (1024K)]
  0x000002d39c05d590 JavaThread "http-nio-8777-exec-9"       daemon [_thread_blocked, id=29196, stack(0x000000fe00300000,0x000000fe00400000) (1024K)]
  0x000002d39c05efd0 JavaThread "http-nio-8777-exec-10"      daemon [_thread_blocked, id=6664, stack(0x000000fe00400000,0x000000fe00500000) (1024K)]
  0x000002d39c05f660 JavaThread "http-nio-8777-Poller"       daemon [_thread_in_native, id=23088, stack(0x000000fe00500000,0x000000fe00600000) (1024K)]
  0x000002d39c05dc20 JavaThread "http-nio-8777-Acceptor"     daemon [_thread_in_native, id=19240, stack(0x000000fe00600000,0x000000fe00700000) (1024K)]
  0x000002d39c05e2b0 JavaThread "scheduling-1"                      [_thread_blocked, id=7868, stack(0x000000fe00700000,0x000000fe00800000) (1024K)]
  0x000002d3a2586260 JavaThread "RMI TCP Connection(idle)"   daemon [_thread_blocked, id=15564, stack(0x000000fe00c00000,0x000000fe00d00000) (1024K)]
  0x000002d3a2587610 JavaThread "DestroyJavaVM"                     [_thread_blocked, id=25768, stack(0x000000fe7bd00000,0x000000fe7be00000) (1024K)]
  0x000002d3a2586f80 JavaThread "logback-2"                  daemon [_thread_blocked, id=28408, stack(0x000000fe00f00000,0x000000fe01000000) (1024K)]
  0x000002d3a2589050 JavaThread "logback-3"                  daemon [_thread_blocked, id=25124, stack(0x000000fe01100000,0x000000fe01200000) (1024K)]
  0x000002d3a2588330 JavaThread "logback-4"                  daemon [_thread_blocked, id=21736, stack(0x000000fe01200000,0x000000fe01300000) (1024K)]
Total: 42

Other Threads:
  0x000002d35417bcd0 VMThread "VM Thread"                           [id=22452, stack(0x000000fe7c400000,0x000000fe7c500000) (1024K)]
  0x000002d3513894a0 WatcherThread "VM Periodic Task Thread"        [id=28816, stack(0x000000fe7c300000,0x000000fe7c400000) (1024K)]
  0x000002d3402f8bd0 WorkerThread "GC Thread#0"                     [id=28440, stack(0x000000fe7be00000,0x000000fe7bf00000) (1024K)]
  0x000002d354c76ed0 WorkerThread "GC Thread#1"                     [id=26496, stack(0x000000fe7d400000,0x000000fe7d500000) (1024K)]
  0x000002d354c77270 WorkerThread "GC Thread#2"                     [id=19132, stack(0x000000fe7d500000,0x000000fe7d600000) (1024K)]
  0x000002d354cc7460 WorkerThread "GC Thread#3"                     [id=14904, stack(0x000000fe7d600000,0x000000fe7d700000) (1024K)]
=>0x000002d354cc7800 WorkerThread "GC Thread#4"                     [id=26536, stack(0x000000fe7d700000,0x000000fe7d800000) (1024K)]
  0x000002d354ccbbb0 WorkerThread "GC Thread#5"                     [id=5688, stack(0x000000fe7d800000,0x000000fe7d900000) (1024K)]
  0x000002d354ccbf50 WorkerThread "GC Thread#6"                     [id=24704, stack(0x000000fe7d900000,0x000000fe7da00000) (1024K)]
  0x000002d354ccc2f0 WorkerThread "GC Thread#7"                     [id=12556, stack(0x000000fe7da00000,0x000000fe7db00000) (1024K)]
  0x000002d354c77610 WorkerThread "GC Thread#8"                     [id=28736, stack(0x000000fe7db00000,0x000000fe7dc00000) (1024K)]
  0x000002d354c779b0 WorkerThread "GC Thread#9"                     [id=19048, stack(0x000000fe7dc00000,0x000000fe7dd00000) (1024K)]
  0x000002d354cd8ad0 WorkerThread "GC Thread#10"                    [id=25764, stack(0x000000fe7dd00000,0x000000fe7de00000) (1024K)]
  0x000002d354c77d50 WorkerThread "GC Thread#11"                    [id=19140, stack(0x000000fe7de00000,0x000000fe7df00000) (1024K)]
  0x000002d39a55a6e0 WorkerThread "GC Thread#12"                    [id=25208, stack(0x000000fe7e900000,0x000000fe7ea00000) (1024K)]
  0x000002d35119bed0 ConcurrentGCThread "G1 Main Marker"            [id=19432, stack(0x000000fe7bf00000,0x000000fe7c000000) (1024K)]
  0x000002d35119cbf0 WorkerThread "G1 Conc#0"                       [id=28256, stack(0x000000fe7c000000,0x000000fe7c100000) (1024K)]
  0x000002d39a55b900 WorkerThread "G1 Conc#1"                       [id=27028, stack(0x000000fe7ea00000,0x000000fe7eb00000) (1024K)]
  0x000002d39a55aa80 WorkerThread "G1 Conc#2"                       [id=26476, stack(0x000000fe7eb00000,0x000000fe7ec00000) (1024K)]
  0x000002d351258180 ConcurrentGCThread "G1 Refine#0"               [id=23864, stack(0x000000fe7c100000,0x000000fe7c200000) (1024K)]
  0x000002d35125a9b0 ConcurrentGCThread "G1 Service"                [id=7916, stack(0x000000fe7c200000,0x000000fe7c300000) (1024K)]
Total: 21

Threads with active compile tasks:
Total: 0

VM state: at safepoint (normal execution)

VM Mutex/Monitor currently owned by a thread:  ([mutex/lock_event])
[0x00007ff92496e380] Threads_lock - owner thread: 0x000002d35417bcd0
[0x00007ff92496e480] Heap_lock - owner thread: 0x000002d35119bed0

Heap address: 0x0000000604c00000, size: 8116 MB, Compressed Oops mode: Zero based, Oop shift amount: 3

CDS archive(s) mapped at: [0x000002d355000000-0x000002d355c80000-0x000002d355c80000), size 13107200, SharedBaseAddress: 0x000002d355000000, ArchiveRelocationMode: 1.
Compressed class space mapped at: 0x000002d356000000-0x000002d396000000, reserved size: 1073741824
Narrow klass base: 0x000002d355000000, Narrow klass shift: 0, Narrow klass range: 0x100000000

GC Precious Log:
 CardTable entry size: 512
 Card Set container configuration: InlinePtr #cards 4 size 8 Array Of Cards #cards 32 size 80 Howl #buckets 8 coarsen threshold 7372 Howl Bitmap #cards 1024 size 144 coarsen threshold 921 Card regions per heap region 1 cards per card region 8192
 CPUs: 16 total, 16 available
 Memory: 32454M
 Large Page Support: Disabled
 NUMA Support: Disabled
 Compressed Oops: Enabled (Zero based)
 Heap Region Size: 4M
 Heap Min Capacity: 8M
 Heap Initial Capacity: 508M
 Heap Max Capacity: 8116M
 Pre-touch: Disabled
 Parallel Workers: 13
 Concurrent Workers: 3
 Concurrent Refinement Workers: 13
 Periodic GC: Disabled

Heap:
 garbage-first heap   total 397312K, used 109343K [0x0000000604c00000, 0x0000000800000000)
  region size 4096K, 3 young (12288K), 2 survivors (8192K)
 Metaspace       used 108249K, committed 110144K, reserved 1179648K
  class space    used 15164K, committed 15936K, reserved 1048576K

Heap Regions: E=young(eden), S=young(survivor), O=old, HS=humongous(starts), HC=humongous(continues), CS=collection set, F=free, TAMS=top-at-mark-start, PB=parsable bottom
|   0|0x0000000604c00000, 0x0000000605000000, 0x0000000605000000|100%| O|  |TAMS 0x0000000605000000| PB 0x0000000604c00000| Untracked 
|   1|0x0000000605000000, 0x0000000605400000, 0x0000000605400000|100%| O|  |TAMS 0x0000000605400000| PB 0x0000000605000000| Untracked 
|   2|0x0000000605400000, 0x000000060578e148, 0x0000000605800000| 88%| O|  |TAMS 0x00000006056329a0| PB 0x0000000605400000| Untracked 
|   3|0x0000000605800000, 0x0000000605c00000, 0x0000000605c00000|100%| O|  |TAMS 0x0000000605c00000| PB 0x0000000605800000| Untracked 
|   4|0x0000000605c00000, 0x0000000606000000, 0x0000000606000000|100%| O|  |TAMS 0x0000000606000000| PB 0x0000000605c00000| Untracked 
|   5|0x0000000606000000, 0x0000000606400000, 0x0000000606400000|100%| O|  |TAMS 0x0000000606400000| PB 0x0000000606000000| Untracked 
|   6|0x0000000606400000, 0x0000000606800000, 0x0000000606800000|100%| O|  |TAMS 0x0000000606800000| PB 0x0000000606400000| Untracked 
|   7|0x0000000606800000, 0x0000000606c00000, 0x0000000606c00000|100%| O|  |TAMS 0x0000000606c00000| PB 0x0000000606800000| Untracked 
|   8|0x0000000606c00000, 0x0000000607000000, 0x0000000607000000|100%| O|  |TAMS 0x0000000607000000| PB 0x0000000606c00000| Untracked 
|   9|0x0000000607000000, 0x0000000607000000, 0x0000000607400000|  0%| F|  |TAMS 0x0000000607000000| PB 0x0000000607000000| Untracked 
|  10|0x0000000607400000, 0x0000000607800000, 0x0000000607800000|100%| O|  |TAMS 0x0000000607800000| PB 0x0000000607400000| Untracked 
|  11|0x0000000607800000, 0x0000000607be9618, 0x0000000607c00000| 97%| O|  |TAMS 0x0000000607be9618| PB 0x0000000607800000| Untracked 
|  12|0x0000000607c00000, 0x0000000608000000, 0x0000000608000000|100%| O|  |TAMS 0x0000000608000000| PB 0x0000000607c00000| Untracked 
|  13|0x0000000608000000, 0x0000000608400000, 0x0000000608400000|100%| O|  |TAMS 0x0000000608400000| PB 0x0000000608000000| Untracked 
|  14|0x0000000608400000, 0x0000000608800000, 0x0000000608800000|100%| O|  |TAMS 0x0000000608800000| PB 0x0000000608400000| Untracked 
|  15|0x0000000608800000, 0x0000000608c00000, 0x0000000608c00000|100%| O|  |TAMS 0x0000000608c00000| PB 0x0000000608800000| Untracked 
|  16|0x0000000608c00000, 0x0000000609000000, 0x0000000609000000|100%| O|  |TAMS 0x0000000609000000| PB 0x0000000608c00000| Untracked 
|  17|0x0000000609000000, 0x0000000609000000, 0x0000000609400000|  0%| F|  |TAMS 0x0000000609000000| PB 0x0000000609000000| Untracked 
|  18|0x0000000609400000, 0x0000000609800000, 0x0000000609800000|100%| O|  |TAMS 0x0000000609800000| PB 0x0000000609400000| Untracked 
|  19|0x0000000609800000, 0x0000000609c00000, 0x0000000609c00000|100%| O|  |TAMS 0x0000000609c00000| PB 0x0000000609800000| Untracked 
|  20|0x0000000609c00000, 0x000000060a000000, 0x000000060a000000|100%| O|  |TAMS 0x000000060a000000| PB 0x0000000609c00000| Untracked 
|  21|0x000000060a000000, 0x000000060a000000, 0x000000060a400000|  0%| F|  |TAMS 0x000000060a000000| PB 0x000000060a000000| Untracked 
|  22|0x000000060a400000, 0x000000060a800000, 0x000000060a800000|100%| O|  |TAMS 0x000000060a800000| PB 0x000000060a400000| Untracked 
|  23|0x000000060a800000, 0x000000060ac00000, 0x000000060ac00000|100%| O|  |TAMS 0x000000060ac00000| PB 0x000000060a800000| Untracked 
|  24|0x000000060ac00000, 0x000000060b000000, 0x000000060b000000|100%| O|  |TAMS 0x000000060b000000| PB 0x000000060ac00000| Untracked 
|  25|0x000000060b000000, 0x000000060b400000, 0x000000060b400000|100%| O|  |TAMS 0x000000060b400000| PB 0x000000060b000000| Untracked 
|  26|0x000000060b400000, 0x000000060b800000, 0x000000060b800000|100%| O|  |TAMS 0x000000060b800000| PB 0x000000060b400000| Untracked 
|  27|0x000000060b800000, 0x000000060b800000, 0x000000060bc00000|  0%| F|  |TAMS 0x000000060b800000| PB 0x000000060b800000| Untracked 
|  28|0x000000060bc00000, 0x000000060bc00000, 0x000000060c000000|  0%| F|  |TAMS 0x000000060bc00000| PB 0x000000060bc00000| Untracked 
|  29|0x000000060c000000, 0x000000060c000000, 0x000000060c400000|  0%| F|  |TAMS 0x000000060c000000| PB 0x000000060c000000| Untracked 
|  30|0x000000060c400000, 0x000000060c400000, 0x000000060c800000|  0%| F|  |TAMS 0x000000060c400000| PB 0x000000060c400000| Untracked 
|  31|0x000000060c800000, 0x000000060c800000, 0x000000060cc00000|  0%| F|  |TAMS 0x000000060c800000| PB 0x000000060c800000| Untracked 
|  32|0x000000060cc00000, 0x000000060cc00000, 0x000000060d000000|  0%| F|  |TAMS 0x000000060cc00000| PB 0x000000060cc00000| Untracked 
|  33|0x000000060d000000, 0x000000060d000000, 0x000000060d400000|  0%| F|  |TAMS 0x000000060d000000| PB 0x000000060d000000| Untracked 
|  34|0x000000060d400000, 0x000000060d400000, 0x000000060d800000|  0%| F|  |TAMS 0x000000060d400000| PB 0x000000060d400000| Untracked 
|  35|0x000000060d800000, 0x000000060dc00000, 0x000000060dc00000|100%| O|  |TAMS 0x000000060dc00000| PB 0x000000060d800000| Untracked 
|  36|0x000000060dc00000, 0x000000060dc00000, 0x000000060e000000|  0%| F|  |TAMS 0x000000060dc00000| PB 0x000000060dc00000| Untracked 
|  37|0x000000060e000000, 0x000000060e000000, 0x000000060e400000|  0%| F|  |TAMS 0x000000060e000000| PB 0x000000060e000000| Untracked 
|  38|0x000000060e400000, 0x000000060e400000, 0x000000060e800000|  0%| F|  |TAMS 0x000000060e400000| PB 0x000000060e400000| Untracked 
|  39|0x000000060e800000, 0x000000060e800000, 0x000000060ec00000|  0%| F|  |TAMS 0x000000060e800000| PB 0x000000060e800000| Untracked 
|  40|0x000000060ec00000, 0x000000060ef50890, 0x000000060f000000| 82%| S|CS|TAMS 0x000000060ec00000| PB 0x000000060ec00000| Complete 
|  41|0x000000060f000000, 0x000000060f400000, 0x000000060f400000|100%| S|CS|TAMS 0x000000060f000000| PB 0x000000060f000000| Complete 
|  42|0x000000060f400000, 0x000000060f400000, 0x000000060f800000|  0%| F|  |TAMS 0x000000060f400000| PB 0x000000060f400000| Untracked 
|  43|0x000000060f800000, 0x000000060f800000, 0x000000060fc00000|  0%| F|  |TAMS 0x000000060f800000| PB 0x000000060f800000| Untracked 
|  44|0x000000060fc00000, 0x000000060fc00000, 0x0000000610000000|  0%| F|  |TAMS 0x000000060fc00000| PB 0x000000060fc00000| Untracked 
|  45|0x0000000610000000, 0x0000000610000000, 0x0000000610400000|  0%| F|  |TAMS 0x0000000610000000| PB 0x0000000610000000| Untracked 
|  46|0x0000000610400000, 0x0000000610400000, 0x0000000610800000|  0%| F|  |TAMS 0x0000000610400000| PB 0x0000000610400000| Untracked 
|  47|0x0000000610800000, 0x0000000610800000, 0x0000000610c00000|  0%| F|  |TAMS 0x0000000610800000| PB 0x0000000610800000| Untracked 
|  48|0x0000000610c00000, 0x0000000610c00000, 0x0000000611000000|  0%| F|  |TAMS 0x0000000610c00000| PB 0x0000000610c00000| Untracked 
|  49|0x0000000611000000, 0x0000000611000000, 0x0000000611400000|  0%| F|  |TAMS 0x0000000611000000| PB 0x0000000611000000| Untracked 
|  50|0x0000000611400000, 0x0000000611400000, 0x0000000611800000|  0%| F|  |TAMS 0x0000000611400000| PB 0x0000000611400000| Untracked 
|  51|0x0000000611800000, 0x0000000611800000, 0x0000000611c00000|  0%| F|  |TAMS 0x0000000611800000| PB 0x0000000611800000| Untracked 
|  52|0x0000000611c00000, 0x0000000611c00000, 0x0000000612000000|  0%| F|  |TAMS 0x0000000611c00000| PB 0x0000000611c00000| Untracked 
|  53|0x0000000612000000, 0x0000000612000000, 0x0000000612400000|  0%| F|  |TAMS 0x0000000612000000| PB 0x0000000612000000| Untracked 
|  54|0x0000000612400000, 0x0000000612400000, 0x0000000612800000|  0%| F|  |TAMS 0x0000000612400000| PB 0x0000000612400000| Untracked 
|  55|0x0000000612800000, 0x0000000612800000, 0x0000000612c00000|  0%| F|  |TAMS 0x0000000612800000| PB 0x0000000612800000| Untracked 
|  56|0x0000000612c00000, 0x0000000612c00000, 0x0000000613000000|  0%| F|  |TAMS 0x0000000612c00000| PB 0x0000000612c00000| Untracked 
|  57|0x0000000613000000, 0x0000000613000000, 0x0000000613400000|  0%| F|  |TAMS 0x0000000613000000| PB 0x0000000613000000| Untracked 
|  58|0x0000000613400000, 0x0000000613400000, 0x0000000613800000|  0%| F|  |TAMS 0x0000000613400000| PB 0x0000000613400000| Untracked 
|  59|0x0000000613800000, 0x0000000613800000, 0x0000000613c00000|  0%| F|  |TAMS 0x0000000613800000| PB 0x0000000613800000| Untracked 
|  60|0x0000000613c00000, 0x0000000613c00000, 0x0000000614000000|  0%| F|  |TAMS 0x0000000613c00000| PB 0x0000000613c00000| Untracked 
|  61|0x0000000614000000, 0x0000000614000000, 0x0000000614400000|  0%| F|  |TAMS 0x0000000614000000| PB 0x0000000614000000| Untracked 
|  62|0x0000000614400000, 0x0000000614400000, 0x0000000614800000|  0%| F|  |TAMS 0x0000000614400000| PB 0x0000000614400000| Untracked 
|  63|0x0000000614800000, 0x0000000614800000, 0x0000000614c00000|  0%| F|  |TAMS 0x0000000614800000| PB 0x0000000614800000| Untracked 
|  64|0x0000000614c00000, 0x0000000614c00000, 0x0000000615000000|  0%| F|  |TAMS 0x0000000614c00000| PB 0x0000000614c00000| Untracked 
|  65|0x0000000615000000, 0x0000000615000000, 0x0000000615400000|  0%| F|  |TAMS 0x0000000615000000| PB 0x0000000615000000| Untracked 
|  66|0x0000000615400000, 0x0000000615400000, 0x0000000615800000|  0%| F|  |TAMS 0x0000000615400000| PB 0x0000000615400000| Untracked 
|  67|0x0000000615800000, 0x0000000615800000, 0x0000000615c00000|  0%| F|  |TAMS 0x0000000615800000| PB 0x0000000615800000| Untracked 
|  68|0x0000000615c00000, 0x0000000615c00000, 0x0000000616000000|  0%| F|  |TAMS 0x0000000615c00000| PB 0x0000000615c00000| Untracked 
|  69|0x0000000616000000, 0x0000000616000000, 0x0000000616400000|  0%| F|  |TAMS 0x0000000616000000| PB 0x0000000616000000| Untracked 
|  70|0x0000000616400000, 0x0000000616400000, 0x0000000616800000|  0%| F|  |TAMS 0x0000000616400000| PB 0x0000000616400000| Untracked 
|  71|0x0000000616800000, 0x0000000616800000, 0x0000000616c00000|  0%| F|  |TAMS 0x0000000616800000| PB 0x0000000616800000| Untracked 
|  72|0x0000000616c00000, 0x0000000616c00000, 0x0000000617000000|  0%| F|  |TAMS 0x0000000616c00000| PB 0x0000000616c00000| Untracked 
|  73|0x0000000617000000, 0x0000000617000000, 0x0000000617400000|  0%| F|  |TAMS 0x0000000617000000| PB 0x0000000617000000| Untracked 
|  74|0x0000000617400000, 0x0000000617400000, 0x0000000617800000|  0%| F|  |TAMS 0x0000000617400000| PB 0x0000000617400000| Untracked 
|  75|0x0000000617800000, 0x0000000617800000, 0x0000000617c00000|  0%| F|  |TAMS 0x0000000617800000| PB 0x0000000617800000| Untracked 
|  76|0x0000000617c00000, 0x0000000617c00000, 0x0000000618000000|  0%| F|  |TAMS 0x0000000617c00000| PB 0x0000000617c00000| Untracked 
|  77|0x0000000618000000, 0x0000000618000000, 0x0000000618400000|  0%| F|  |TAMS 0x0000000618000000| PB 0x0000000618000000| Untracked 
|  78|0x0000000618400000, 0x0000000618400000, 0x0000000618800000|  0%| F|  |TAMS 0x0000000618400000| PB 0x0000000618400000| Untracked 
|  79|0x0000000618800000, 0x0000000618800000, 0x0000000618c00000|  0%| F|  |TAMS 0x0000000618800000| PB 0x0000000618800000| Untracked 
|  80|0x0000000618c00000, 0x0000000618c00000, 0x0000000619000000|  0%| F|  |TAMS 0x0000000618c00000| PB 0x0000000618c00000| Untracked 
|  81|0x0000000619000000, 0x0000000619000000, 0x0000000619400000|  0%| F|  |TAMS 0x0000000619000000| PB 0x0000000619000000| Untracked 
|  82|0x0000000619400000, 0x0000000619400000, 0x0000000619800000|  0%| F|  |TAMS 0x0000000619400000| PB 0x0000000619400000| Untracked 
|  83|0x0000000619800000, 0x0000000619800000, 0x0000000619c00000|  0%| F|  |TAMS 0x0000000619800000| PB 0x0000000619800000| Untracked 
|  84|0x0000000619c00000, 0x0000000619c00000, 0x000000061a000000|  0%| F|  |TAMS 0x0000000619c00000| PB 0x0000000619c00000| Untracked 
|  85|0x000000061a000000, 0x000000061a000000, 0x000000061a400000|  0%| F|  |TAMS 0x000000061a000000| PB 0x000000061a000000| Untracked 
|  86|0x000000061a400000, 0x000000061a400000, 0x000000061a800000|  0%| F|  |TAMS 0x000000061a400000| PB 0x000000061a400000| Untracked 
|  87|0x000000061a800000, 0x000000061a800000, 0x000000061ac00000|  0%| F|  |TAMS 0x000000061a800000| PB 0x000000061a800000| Untracked 
|  88|0x000000061ac00000, 0x000000061ac00000, 0x000000061b000000|  0%| F|  |TAMS 0x000000061ac00000| PB 0x000000061ac00000| Untracked 
|  89|0x000000061b000000, 0x000000061b000000, 0x000000061b400000|  0%| F|  |TAMS 0x000000061b000000| PB 0x000000061b000000| Untracked 
|  90|0x000000061b400000, 0x000000061b400000, 0x000000061b800000|  0%| F|  |TAMS 0x000000061b400000| PB 0x000000061b400000| Untracked 
|  91|0x000000061b800000, 0x000000061b800000, 0x000000061bc00000|  0%| F|  |TAMS 0x000000061b800000| PB 0x000000061b800000| Untracked 
|  92|0x000000061bc00000, 0x000000061bc00000, 0x000000061c000000|  0%| F|  |TAMS 0x000000061bc00000| PB 0x000000061bc00000| Untracked 
|  93|0x000000061c000000, 0x000000061c000000, 0x000000061c400000|  0%| F|  |TAMS 0x000000061c000000| PB 0x000000061c000000| Untracked 
|  94|0x000000061c400000, 0x000000061c400000, 0x000000061c800000|  0%| F|  |TAMS 0x000000061c400000| PB 0x000000061c400000| Untracked 
|  95|0x000000061c800000, 0x000000061c800000, 0x000000061cc00000|  0%| F|  |TAMS 0x000000061c800000| PB 0x000000061c800000| Untracked 
|2028|0x00000007ffc00000, 0x00000007ffe00000, 0x0000000800000000| 50%| E|  |TAMS 0x00000007ffc00000| PB 0x00000007ffc00000| Complete 

Card table byte_map: [0x000002d348210000,0x000002d3491f0000] _byte_map_base: 0x000002d3451ea000

Marking Bits: (CMBitMap*) 0x000002d3402f91e0
 Bits: [0x000002d3491f0000, 0x000002d3510c0000)

Polling page: 0x000002d33de30000

Metaspace:

Usage:
  Non-class:     90.90 MB used.
      Class:     14.81 MB used.
       Both:    105.71 MB used.

Virtual space:
  Non-class space:      128.00 MB reserved,      92.00 MB ( 72%) committed,  2 nodes.
      Class space:        1.00 GB reserved,      15.56 MB (  2%) committed,  1 nodes.
             Both:        1.12 GB reserved,     107.56 MB (  9%) committed. 

Chunk freelists:
   Non-Class:  3.84 MB
       Class:  730.00 KB
        Both:  4.55 MB

MaxMetaspaceSize: unlimited
CompressedClassSpaceSize: 1.00 GB
Initial GC threshold: 21.00 MB
Current GC threshold: 179.31 MB
CDS: on
 - commit_granule_bytes: 65536.
 - commit_granule_words: 8192.
 - virtual_space_node_default_size: 8388608.
 - enlarge_chunks_in_place: 1.
 - use_allocation_guard: 0.


Internal statistics:

num_allocs_failed_limit: 6.
num_arena_births: 2778.
num_arena_deaths: 1096.
num_vsnodes_births: 3.
num_vsnodes_deaths: 0.
num_space_committed: 1721.
num_space_uncommitted: 0.
num_chunks_returned_to_freelist: 1382.
num_chunks_taken_from_freelist: 7341.
num_chunk_merges: 431.
num_chunk_splits: 4777.
num_chunks_enlarged: 3301.
num_inconsistent_stats: 0.

CodeCache: size=49152Kb used=21539Kb max_used=30830Kb free=27612Kb
 bounds [0x000002d343bd0000, 0x000002d345a60000, 0x000002d346bd0000]
 total_blobs=12035 nmethods=11202 adapters=752
 compilation: enabled
              stopped_count=0, restarted_count=0
 full_count=0

Compilation events (20 events):
Event: 2679.658 Thread 0x000002d3541ad980 20395       1       java.util.stream.SortedOps::makeRef (10 bytes)
Event: 2679.658 Thread 0x000002d3541ad980 nmethod 20395 0x000002d344019d10 code [0x000002d344019ee0, 0x000002d34401a1b8]
Event: 2695.043 Thread 0x000002d3541ad980 20396       1       com.zaxxer.hikari.util.ConcurrentBag::reserve (10 bytes)
Event: 2695.044 Thread 0x000002d3541ad980 nmethod 20396 0x000002d34449f390 code [0x000002d34449f540, 0x000002d34449f6f8]
Event: 2701.151 Thread 0x000002d3541ad980 20397       1       sun.rmi.transport.tcp.TCPEndpoint::getPort (5 bytes)
Event: 2701.151 Thread 0x000002d3541ad980 nmethod 20397 0x000002d344464610 code [0x000002d3444647a0, 0x000002d344464868]
Event: 2716.222 Thread 0x000002d3541ad980 20398       1       java.io.ObjectStreamClass::getLocalDesc (9 bytes)
Event: 2716.222 Thread 0x000002d3541ad980 nmethod 20398 0x000002d344182910 code [0x000002d344182ac0, 0x000002d344182c50]
Event: 2803.343 Thread 0x000002d3541ad980 20399       1       com.zaxxer.hikari.pool.HikariPool$KeepaliveTask::run (112 bytes)
Event: 2803.343 Thread 0x000002d3541ad980 nmethod 20399 0x000002d34439cd90 code [0x000002d34439cfe0, 0x000002d34439d4a0]
Event: 2803.347 Thread 0x000002d3541ad980 20400       1       com.zaxxer.hikari.util.ConcurrentBag::unreserve (60 bytes)
Event: 2803.348 Thread 0x000002d3541ad980 nmethod 20400 0x000002d3443e9110 code [0x000002d3443e9340, 0x000002d3443e98b8]
Event: 2821.180 Thread 0x000002d3541ad980 20401       1       java.io.DataOutputStream::writeByte (14 bytes)
Event: 2821.181 Thread 0x000002d3541ad980 nmethod 20401 0x000002d3442e0510 code [0x000002d3442e06c0, 0x000002d3442e07d8]
Event: 2821.181 Thread 0x000002d3541ad980 20402   !   1       java.io.BufferedOutputStream::write (62 bytes)
Event: 2821.182 Thread 0x000002d3541ad980 nmethod 20402 0x000002d344593b10 code [0x000002d344593d40, 0x000002d344594228]
Event: 2821.182 Thread 0x000002d3541ad980 20403       1       java.io.BufferedOutputStream::implWrite (40 bytes)
Event: 2821.182 Thread 0x000002d3541ad980 nmethod 20403 0x000002d3444b9890 code [0x000002d3444b9a40, 0x000002d3444b9bf0]
Event: 2881.191 Thread 0x000002d3541ad980 20404       1       sun.rmi.server.UnicastRef::unmarshalValue (193 bytes)
Event: 2881.193 Thread 0x000002d3541ad980 nmethod 20404 0x000002d343e87510 code [0x000002d343e87900, 0x000002d343e88928]

GC Heap History (20 events):
Event: 1467.990 GC heap before
{Heap before GC invocations=55 (full 0):
 garbage-first heap   total 614400K, used 359731K [0x0000000604c00000, 0x0000000800000000)
  region size 4096K, 62 young (253952K), 5 survivors (20480K)
 Metaspace       used 108662K, committed 109952K, reserved 1179648K
  class space    used 15246K, committed 15872K, reserved 1048576K
}
Event: 1468.003 GC heap after
{Heap after GC invocations=56 (full 0):
 garbage-first heap   total 614400K, used 132134K [0x0000000604c00000, 0x0000000800000000)
  region size 4096K, 6 young (24576K), 6 survivors (24576K)
 Metaspace       used 108662K, committed 109952K, reserved 1179648K
  class space    used 15246K, committed 15872K, reserved 1048576K
}
Event: 1619.923 GC heap before
{Heap before GC invocations=57 (full 0):
 garbage-first heap   total 466944K, used 386086K [0x0000000604c00000, 0x0000000800000000)
  region size 4096K, 68 young (278528K), 6 survivors (24576K)
 Metaspace       used 108819K, committed 110144K, reserved 1179648K
  class space    used 15289K, committed 15936K, reserved 1048576K
}
Event: 1619.936 GC heap after
{Heap after GC invocations=58 (full 0):
 garbage-first heap   total 466944K, used 133198K [0x0000000604c00000, 0x0000000800000000)
  region size 4096K, 6 young (24576K), 6 survivors (24576K)
 Metaspace       used 108819K, committed 110144K, reserved 1179648K
  class space    used 15289K, committed 15936K, reserved 1048576K
}
Event: 1790.368 GC heap before
{Heap before GC invocations=58 (full 0):
 garbage-first heap   total 466944K, used 387150K [0x0000000604c00000, 0x0000000800000000)
  region size 4096K, 68 young (278528K), 6 survivors (24576K)
 Metaspace       used 108821K, committed 110144K, reserved 1179648K
  class space    used 15289K, committed 15936K, reserved 1048576K
}
Event: 1790.383 GC heap after
{Heap after GC invocations=59 (full 0):
 garbage-first heap   total 466944K, used 118046K [0x0000000604c00000, 0x0000000800000000)
  region size 4096K, 3 young (12288K), 3 survivors (12288K)
 Metaspace       used 108821K, committed 110144K, reserved 1179648K
  class space    used 15289K, committed 15936K, reserved 1048576K
}
Event: 1971.316 GC heap before
{Heap before GC invocations=59 (full 0):
 garbage-first heap   total 466944K, used 384286K [0x0000000604c00000, 0x0000000800000000)
  region size 4096K, 68 young (278528K), 3 survivors (12288K)
 Metaspace       used 108821K, committed 110144K, reserved 1179648K
  class space    used 15289K, committed 15936K, reserved 1048576K
}
Event: 1971.323 GC heap after
{Heap after GC invocations=60 (full 0):
 garbage-first heap   total 466944K, used 116819K [0x0000000604c00000, 0x0000000800000000)
  region size 4096K, 3 young (12288K), 3 survivors (12288K)
 Metaspace       used 108821K, committed 110144K, reserved 1179648K
  class space    used 15289K, committed 15936K, reserved 1048576K
}
Event: 2129.745 GC heap before
{Heap before GC invocations=61 (full 0):
 garbage-first heap   total 409600K, used 350291K [0x0000000604c00000, 0x0000000800000000)
  region size 4096K, 60 young (245760K), 3 survivors (12288K)
 Metaspace       used 108243K, committed 110144K, reserved 1179648K
  class space    used 15163K, committed 15936K, reserved 1048576K
}
Event: 2129.751 GC heap after
{Heap after GC invocations=62 (full 0):
 garbage-first heap   total 409600K, used 115922K [0x0000000604c00000, 0x0000000800000000)
  region size 4096K, 3 young (12288K), 3 survivors (12288K)
 Metaspace       used 108243K, committed 110144K, reserved 1179648K
  class space    used 15163K, committed 15936K, reserved 1048576K
}
Event: 2290.522 GC heap before
{Heap before GC invocations=62 (full 0):
 garbage-first heap   total 409600K, used 349394K [0x0000000604c00000, 0x0000000800000000)
  region size 4096K, 60 young (245760K), 3 survivors (12288K)
 Metaspace       used 108243K, committed 110144K, reserved 1179648K
  class space    used 15163K, committed 15936K, reserved 1048576K
}
Event: 2290.539 GC heap after
{Heap after GC invocations=63 (full 0):
 garbage-first heap   total 409600K, used 111465K [0x0000000604c00000, 0x0000000800000000)
  region size 4096K, 3 young (12288K), 3 survivors (12288K)
 Metaspace       used 108243K, committed 110144K, reserved 1179648K
  class space    used 15163K, committed 15936K, reserved 1048576K
}
Event: 2450.872 GC heap before
{Heap before GC invocations=63 (full 0):
 garbage-first heap   total 409600K, used 344937K [0x0000000604c00000, 0x0000000800000000)
  region size 4096K, 60 young (245760K), 3 survivors (12288K)
 Metaspace       used 108247K, committed 110144K, reserved 1179648K
  class space    used 15163K, committed 15936K, reserved 1048576K
}
Event: 2450.890 GC heap after
{Heap after GC invocations=64 (full 0):
 garbage-first heap   total 409600K, used 111325K [0x0000000604c00000, 0x0000000800000000)
  region size 4096K, 3 young (12288K), 3 survivors (12288K)
 Metaspace       used 108247K, committed 110144K, reserved 1179648K
  class space    used 15163K, committed 15936K, reserved 1048576K
}
Event: 2606.811 GC heap before
{Heap before GC invocations=65 (full 0):
 garbage-first heap   total 397312K, used 336605K [0x0000000604c00000, 0x0000000800000000)
  region size 4096K, 58 young (237568K), 3 survivors (12288K)
 Metaspace       used 108247K, committed 110144K, reserved 1179648K
  class space    used 15163K, committed 15936K, reserved 1048576K
}
Event: 2606.818 GC heap after
{Heap after GC invocations=66 (full 0):
 garbage-first heap   total 397312K, used 111585K [0x0000000604c00000, 0x0000000800000000)
  region size 4096K, 3 young (12288K), 3 survivors (12288K)
 Metaspace       used 108247K, committed 110144K, reserved 1179648K
  class space    used 15163K, committed 15936K, reserved 1048576K
}
Event: 2760.780 GC heap before
{Heap before GC invocations=66 (full 0):
 garbage-first heap   total 397312K, used 336865K [0x0000000604c00000, 0x0000000800000000)
  region size 4096K, 58 young (237568K), 3 survivors (12288K)
 Metaspace       used 108249K, committed 110144K, reserved 1179648K
  class space    used 15164K, committed 15936K, reserved 1048576K
}
Event: 2760.792 GC heap after
{Heap after GC invocations=67 (full 0):
 garbage-first heap   total 397312K, used 109031K [0x0000000604c00000, 0x0000000800000000)
  region size 4096K, 3 young (12288K), 3 survivors (12288K)
 Metaspace       used 108249K, committed 110144K, reserved 1179648K
  class space    used 15164K, committed 15936K, reserved 1048576K
}
Event: 2917.823 GC heap before
{Heap before GC invocations=67 (full 0):
 garbage-first heap   total 397312K, used 334311K [0x0000000604c00000, 0x0000000800000000)
  region size 4096K, 58 young (237568K), 3 survivors (12288K)
 Metaspace       used 108249K, committed 110144K, reserved 1179648K
  class space    used 15164K, committed 15936K, reserved 1048576K
}
Event: 2917.832 GC heap after
{Heap after GC invocations=68 (full 0):
 garbage-first heap   total 397312K, used 109343K [0x0000000604c00000, 0x0000000800000000)
  region size 4096K, 2 young (8192K), 2 survivors (8192K)
 Metaspace       used 108249K, committed 110144K, reserved 1179648K
  class space    used 15164K, committed 15936K, reserved 1048576K
}

Dll operation events (11 events):
Event: 0.005 Loaded shared library D:\sts-4.29.1.RELEASE\plugins\org.eclipse.justj.openjdk.hotspot.jre.full.win32.x86_64_21.0.6.v20250130-0529\jre\bin\java.dll
Event: 0.023 Loaded shared library D:\sts-4.29.1.RELEASE\plugins\org.eclipse.justj.openjdk.hotspot.jre.full.win32.x86_64_21.0.6.v20250130-0529\jre\bin\zip.dll
Event: 0.093 Loaded shared library D:\sts-4.29.1.RELEASE\plugins\org.eclipse.justj.openjdk.hotspot.jre.full.win32.x86_64_21.0.6.v20250130-0529\jre\bin\jimage.dll
Event: 0.097 Loaded shared library D:\sts-4.29.1.RELEASE\plugins\org.eclipse.justj.openjdk.hotspot.jre.full.win32.x86_64_21.0.6.v20250130-0529\jre\bin\net.dll
Event: 0.099 Loaded shared library D:\sts-4.29.1.RELEASE\plugins\org.eclipse.justj.openjdk.hotspot.jre.full.win32.x86_64_21.0.6.v20250130-0529\jre\bin\nio.dll
Event: 0.100 Loaded shared library D:\sts-4.29.1.RELEASE\plugins\org.eclipse.justj.openjdk.hotspot.jre.full.win32.x86_64_21.0.6.v20250130-0529\jre\bin\zip.dll
Event: 0.159 Loaded shared library D:\sts-4.29.1.RELEASE\plugins\org.eclipse.justj.openjdk.hotspot.jre.full.win32.x86_64_21.0.6.v20250130-0529\jre\bin\management.dll
Event: 0.167 Loaded shared library D:\sts-4.29.1.RELEASE\plugins\org.eclipse.justj.openjdk.hotspot.jre.full.win32.x86_64_21.0.6.v20250130-0529\jre\bin\management_ext.dll
Event: 0.310 Loaded shared library D:\sts-4.29.1.RELEASE\plugins\org.eclipse.justj.openjdk.hotspot.jre.full.win32.x86_64_21.0.6.v20250130-0529\jre\bin\extnet.dll
Event: 1.336 Loaded shared library D:\sts-4.29.1.RELEASE\plugins\org.eclipse.justj.openjdk.hotspot.jre.full.win32.x86_64_21.0.6.v20250130-0529\jre\bin\sunmscapi.dll
Event: 3.968 Loaded shared library D:\sts-4.29.1.RELEASE\plugins\org.eclipse.justj.openjdk.hotspot.jre.full.win32.x86_64_21.0.6.v20250130-0529\jre\bin\verify.dll

Deoptimization events (16 events):
Event: 1.713 Thread 0x000002d3549436b0 DEOPT PACKING pc=0x000002d3444c458c sp=0x000000fe7e4fea00
Event: 1.713 Thread 0x000002d3549436b0 DEOPT UNPACKING pc=0x000002d343c24e42 sp=0x000000fe7e4fdf78 mode 0
Event: 2.010 Thread 0x000002d3549436b0 DEOPT PACKING pc=0x000002d3444432ac sp=0x000000fe7e4fe560
Event: 2.011 Thread 0x000002d3549436b0 DEOPT UNPACKING pc=0x000002d343c24e42 sp=0x000000fe7e4fd9f8 mode 0
Event: 4.755 Thread 0x000002d3549436b0 DEOPT PACKING pc=0x000002d344ae0c0c sp=0x000000fe7e4fe110
Event: 4.755 Thread 0x000002d3549436b0 DEOPT UNPACKING pc=0x000002d343c24e42 sp=0x000000fe7e4fd680 mode 0
Event: 12.979 Thread 0x000002d354d64280 DEOPT PACKING pc=0x000002d344d9ddbc sp=0x000000fe7e1fed90
Event: 12.979 Thread 0x000002d354d64280 DEOPT UNPACKING pc=0x000002d343c24e42 sp=0x000000fe7e1fe228 mode 0
Event: 13.910 Thread 0x000002d3549436b0 DEOPT PACKING pc=0x000002d34476a454 sp=0x000000fe7e4fa6e0
Event: 13.910 Thread 0x000002d3549436b0 DEOPT UNPACKING pc=0x000002d343c24e42 sp=0x000000fe7e4f9bc0 mode 0
Event: 16.020 Thread 0x000002d3549436b0 DEOPT PACKING pc=0x000002d3449d0f2c sp=0x000000fe7e4fd950
Event: 16.020 Thread 0x000002d3549436b0 DEOPT UNPACKING pc=0x000002d343c24e42 sp=0x000000fe7e4fcf18 mode 0
Event: 1183.636 Thread 0x000002d39c058d60 DEOPT PACKING pc=0x000002d3441d0552 sp=0x000000fe7fcfa450
Event: 1183.636 Thread 0x000002d39c058d60 DEOPT UNPACKING pc=0x000002d343c24e42 sp=0x000000fe7fcf98b8 mode 0
Event: 1226.549 Thread 0x000002d39c058040 DEOPT PACKING pc=0x000002d3448dd29c sp=0x000000fe7fff8d50
Event: 1226.549 Thread 0x000002d39c058040 DEOPT UNPACKING pc=0x000002d343c24e42 sp=0x000000fe7fff81f0 mode 0

Classes loaded (20 events):
Event: 1197.019 Loading class sun/util/resources/ParallelListResourceBundle$KeySet
Event: 1197.019 Loading class sun/util/resources/ParallelListResourceBundle$KeySet done
Event: 1197.020 Loading class sun/util/locale/provider/CalendarDataUtility$CalendarFieldValueNameGetter
Event: 1197.020 Loading class sun/util/locale/provider/CalendarDataUtility$CalendarFieldValueNameGetter done
Event: 1222.832 Loading class java/math/MathContext
Event: 1222.832 Loading class java/math/MathContext done
Event: 1224.516 Loading class java/lang/LongEditor
Event: 1224.516 Loading class java/lang/LongEditor done
Event: 1224.527 Loading class java/lang/StringEditor
Event: 1224.527 Loading class java/lang/StringEditor done
Event: 1224.530 Loading class java/util/ListEditor
Event: 1224.530 Loading class java/util/ListEditor done
Event: 1226.528 Loading class java/util/stream/DoubleStream
Event: 1226.528 Loading class java/util/stream/DoubleStream done
Event: 1454.968 Loading class java/lang/NegativeArraySizeException
Event: 1454.968 Loading class java/lang/NegativeArraySizeException done
Event: 1458.569 Loading class java/math/BigDecimal$StringBuilderHelper
Event: 1458.569 Loading class java/math/BigDecimal$StringBuilderHelper done
Event: 1474.051 Loading class java/util/ArrayList$SubList$1
Event: 1474.051 Loading class java/util/ArrayList$SubList$1 done

Classes unloaded (20 events):
Event: 1971.371 Thread 0x000002d35417bcd0 Unloading class 0x000002d356c0bc00 'java/lang/invoke/LambdaForm$BMH+0x000002d356c0bc00'
Event: 1971.371 Thread 0x000002d35417bcd0 Unloading class 0x000002d356c0b000 'jdk/internal/reflect/GeneratedSerializationConstructorAccessor62'
Event: 1971.371 Thread 0x000002d35417bcd0 Unloading class 0x000002d356c0a400 'java/lang/invoke/LambdaForm$MH+0x000002d356c0a400'
Event: 1971.371 Thread 0x000002d35417bcd0 Unloading class 0x000002d356c0a000 'java/lang/invoke/LambdaForm$MH+0x000002d356c0a000'
Event: 1971.371 Thread 0x000002d35417bcd0 Unloading class 0x000002d356c09c00 'java/lang/invoke/LambdaForm$MH+0x000002d356c09c00'
Event: 1971.371 Thread 0x000002d35417bcd0 Unloading class 0x000002d356c09800 'java/lang/invoke/LambdaForm$MH+0x000002d356c09800'
Event: 1971.371 Thread 0x000002d35417bcd0 Unloading class 0x000002d356c09400 'jdk/internal/reflect/GeneratedSerializationConstructorAccessor61'
Event: 1971.371 Thread 0x000002d35417bcd0 Unloading class 0x000002d356c09000 'jdk/internal/reflect/GeneratedSerializationConstructorAccessor60'
Event: 1971.371 Thread 0x000002d35417bcd0 Unloading class 0x000002d356c08c00 'jdk/internal/reflect/GeneratedSerializationConstructorAccessor59'
Event: 1971.371 Thread 0x000002d35417bcd0 Unloading class 0x000002d356c08800 'jdk/internal/reflect/GeneratedSerializationConstructorAccessor58'
Event: 1971.371 Thread 0x000002d35417bcd0 Unloading class 0x000002d356c03c00 'java/lang/invoke/LambdaForm$MH+0x000002d356c03c00'
Event: 1971.371 Thread 0x000002d35417bcd0 Unloading class 0x000002d356c03400 'java/lang/invoke/LambdaForm$MH+0x000002d356c03400'
Event: 1971.371 Thread 0x000002d35417bcd0 Unloading class 0x000002d356c03000 'java/lang/invoke/LambdaForm$MH+0x000002d356c03000'
Event: 1971.371 Thread 0x000002d35417bcd0 Unloading class 0x000002d356c02c00 'jdk/internal/reflect/GeneratedSerializationConstructorAccessor57'
Event: 1971.371 Thread 0x000002d35417bcd0 Unloading class 0x000002d356c02800 'jdk/internal/reflect/GeneratedSerializationConstructorAccessor56'
Event: 1971.371 Thread 0x000002d35417bcd0 Unloading class 0x000002d35654d000 'jdk/internal/reflect/GeneratedSerializationConstructorAccessor21'
Event: 2917.896 Thread 0x000002d35417bcd0 Unloading class 0x000002d356b9b000 'java/lang/invoke/LambdaForm$MH+0x000002d356b9b000'
Event: 2917.896 Thread 0x000002d35417bcd0 Unloading class 0x000002d3560ea400 'jdk/internal/reflect/GeneratedSerializationConstructorAccessor7'
Event: 2917.896 Thread 0x000002d35417bcd0 Unloading class 0x000002d3560ea000 'jdk/internal/reflect/GeneratedSerializationConstructorAccessor6'
Event: 2917.896 Thread 0x000002d35417bcd0 Unloading class 0x000002d3560e9c00 'jdk/internal/reflect/GeneratedSerializationConstructorAccessor5'

Classes redefined (0 events):
No events

Internal exceptions (20 events):
Event: 1183.256 Thread 0x000002d39c0586d0 Exception <a 'java/lang/NoSuchMethodError'{0x00000006265ca0c8}: 'java.lang.Object java.lang.invoke.Invokers$Holder.linkToTargetMethod(java.lang.Object, java.lang.Object, java.lang.Object, long, java.lang.Object)'> (0x00000006265ca0c8) 
thrown [s\src\hotspot\share\interpreter\linkResolver.cpp, line 773]
Event: 1183.309 Thread 0x000002d39c0586d0 Exception <a 'java/lang/NoSuchMethodError'{0x00000006267d19c8}: 'java.lang.Object java.lang.invoke.DirectMethodHandle$Holder.invokeStatic(java.lang.Object, int, int)'> (0x00000006267d19c8) 
thrown [s\src\hotspot\share\interpreter\linkResolver.cpp, line 773]
Event: 1183.717 Thread 0x000002d39c058d60 Exception <a 'java/lang/NoSuchMethodError'{0x00000006257f07f8}: 'java.lang.Object java.lang.invoke.DirectMethodHandle$Holder.invokeStatic(java.lang.Object, java.lang.Object, java.lang.Object, java.lang.Object, int, java.lang.Object)'> (0x00000006257f07f8) 
thrown [s\src\hotspot\share\interpreter\linkResolver.cpp, line 773]
Event: 1183.718 Thread 0x000002d39c058d60 Exception <a 'java/lang/NoSuchMethodError'{0x00000006257f8620}: 'java.lang.Object java.lang.invoke.DirectMethodHandle$Holder.newInvokeSpecial(java.lang.Object, java.lang.Object, java.lang.Object, java.lang.Object, int)'> (0x00000006257f8620) 
thrown [s\src\hotspot\share\interpreter\linkResolver.cpp, line 773]
Event: 1183.718 Thread 0x000002d39c058d60 Exception <a 'java/lang/NoSuchMethodError'{0x00000006257fd160}: 'java.lang.Object java.lang.invoke.DirectMethodHandle$Holder.invokeSpecial(java.lang.Object, java.lang.Object, java.lang.Object, java.lang.Object, java.lang.Object, int)'> (0x00000006257fd160) 
thrown [s\src\hotspot\share\interpreter\linkResolver.cpp, line 773]
Event: 1183.718 Thread 0x000002d39c058d60 Exception <a 'java/lang/NoSuchMethodError'{0x0000000625001510}: 'java.lang.Object java.lang.invoke.Invokers$Holder.linkToTargetMethod(java.lang.Object, java.lang.Object, java.lang.Object, int, java.lang.Object)'> (0x0000000625001510) 
thrown [s\src\hotspot\share\interpreter\linkResolver.cpp, line 773]
Event: 1196.799 Thread 0x000002d39c0593f0 Exception <a 'java/lang/NoSuchMethodError'{0x000000062307d278}: 'long java.lang.invoke.DelegatingMethodHandle$Holder.reinvoke_L(java.lang.Object, java.lang.Object)'> (0x000000062307d278) 
thrown [s\src\hotspot\share\interpreter\linkResolver.cpp, line 773]
Event: 1222.564 Thread 0x000002d39c05a7a0 Exception <a 'java/lang/NoSuchMethodError'{0x000000062006cae0}: 'java.lang.Object java.lang.invoke.DelegatingMethodHandle$Holder.reinvoke_L(java.lang.Object, java.lang.Object, int, int, java.lang.Object, java.lang.Object, java.lang.Object)'> (0x000000062006cae0) 
thrown [s\src\hotspot\share\interpreter\linkResolver.cpp, line 773]
Event: 1224.232 Thread 0x000002d39c05c1e0 Exception <a 'java/lang/NoSuchMethodError'{0x000000061faf5230}: 'java.lang.Object java.lang.invoke.DirectMethodHandle$Holder.invokeVirtual(java.lang.Object, java.lang.Object, int, java.lang.Object)'> (0x000000061faf5230) 
thrown [s\src\hotspot\share\interpreter\linkResolver.cpp, line 773]
Event: 1226.500 Thread 0x000002d39c058040 Exception <a 'java/lang/NoSuchMethodError'{0x000000061ee34ec0}: 'java.lang.Object java.lang.invoke.DelegatingMethodHandle$Holder.reinvoke_L(java.lang.Object, java.lang.Object, java.lang.Object, java.lang.Object, int, int)'> (0x000000061ee34ec0) 
thrown [s\src\hotspot\share\interpreter\linkResolver.cpp, line 773]
Event: 1226.547 Thread 0x000002d39c058040 Exception <a 'java/lang/IncompatibleClassChangeError'{0x000000061ef98788}: Found class java.lang.Object, but interface was expected> (0x000000061ef98788) 
thrown [s\src\hotspot\share\interpreter\linkResolver.cpp, line 840]
Event: 1226.555 Thread 0x000002d39c058040 Exception <a 'java/lang/IncompatibleClassChangeError'{0x000000061efb7148}: Found class java.lang.Object, but interface was expected> (0x000000061efb7148) 
thrown [s\src\hotspot\share\interpreter\linkResolver.cpp, line 840]
Event: 1226.555 Thread 0x000002d39c058040 Exception <a 'java/lang/IncompatibleClassChangeError'{0x000000061efb8448}: Found class java.lang.Object, but interface was expected> (0x000000061efb8448) 
thrown [s\src\hotspot\share\interpreter\linkResolver.cpp, line 840]
Event: 1226.555 Thread 0x000002d39c058040 Exception <a 'java/lang/IncompatibleClassChangeError'{0x000000061efbbe90}: Found class java.lang.Object, but interface was expected> (0x000000061efbbe90) 
thrown [s\src\hotspot\share\interpreter\linkResolver.cpp, line 840]
Event: 1446.486 Thread 0x000002d39c05c870 Exception <a 'java/lang/NoSuchMethodError'{0x000000061f407448}: 'java.lang.Object java.lang.invoke.DirectMethodHandle$Holder.invokeVirtual(java.lang.Object, java.lang.Object, java.lang.Object, java.lang.Object, java.lang.Object, java.lang.Object, java.lang.Object)'> (0x000000061f407448) 
thrown [s\src\hotspot\share\interpreter\linkResolver.cpp, line 773]
Event: 1467.867 Thread 0x000002d39c0593f0 Exception <a 'java/lang/NoSuchMethodError'{0x000000061c074b20}: 'void java.lang.invoke.DirectMethodHandle$Holder.invokeVirtual(java.lang.Object, java.lang.Object, java.lang.Object, java.lang.Object, java.lang.Object, java.lang.Object)'> (0x000000061c074b20) 
thrown [s\src\hotspot\share\interpreter\linkResolver.cpp, line 773]
Event: 1467.867 Thread 0x000002d39c0593f0 Exception <a 'java/lang/NoSuchMethodError'{0x000000061c078f88}: 'void java.lang.invoke.DelegatingMethodHandle$Holder.reinvoke_L(java.lang.Object, java.lang.Object, java.lang.Object, java.lang.Object, java.lang.Object, java.lang.Object)'> (0x000000061c078f88) 
thrown [s\src\hotspot\share\interpreter\linkResolver.cpp, line 773]
Event: 1467.890 Thread 0x000002d39c0593f0 Exception <a 'java/lang/NoSuchMethodError'{0x000000061c0b4dc0}: 'void java.lang.invoke.DirectMethodHandle$Holder.invokeVirtual(java.lang.Object, java.lang.Object, java.lang.Object, java.lang.Object, java.lang.Object, java.lang.Object, java.lang.Object)'> (0x000000061c0b4dc0) 
thrown [s\src\hotspot\share\interpreter\linkResolver.cpp, line 773]
Event: 1467.890 Thread 0x000002d39c0593f0 Exception <a 'java/lang/NoSuchMethodError'{0x000000061c0b9348}: 'void java.lang.invoke.DelegatingMethodHandle$Holder.reinvoke_L(java.lang.Object, java.lang.Object, java.lang.Object, java.lang.Object, java.lang.Object, java.lang.Object, java.lang.Object)'> (0x000000061c0b9348) 
thrown [s\src\hotspot\share\interpreter\linkResolver.cpp, line 773]
Event: 1476.901 Thread 0x000002d39c0586d0 Exception <a 'java/lang/NoSuchMethodError'{0x000000061f065468}: 'java.lang.Object java.lang.invoke.DelegatingMethodHandle$Holder.reinvoke_L(java.lang.Object, java.lang.Object, int, int, java.lang.Object, java.lang.Object)'> (0x000000061f065468) 
thrown [s\src\hotspot\share\interpreter\linkResolver.cpp, line 773]

ZGC Phase Switch (0 events):
No events

VM Operations (20 events):
Event: 2670.278 Executing VM operation: Cleanup done
Event: 2674.316 Executing VM operation: Cleanup
Event: 2674.316 Executing VM operation: Cleanup done
Event: 2676.343 Executing VM operation: Cleanup
Event: 2676.343 Executing VM operation: Cleanup done
Event: 2677.353 Executing VM operation: Cleanup
Event: 2677.353 Executing VM operation: Cleanup done
Event: 2679.360 Executing VM operation: Cleanup
Event: 2679.360 Executing VM operation: Cleanup done
Event: 2680.370 Executing VM operation: Cleanup
Event: 2680.370 Executing VM operation: Cleanup done
Event: 2707.122 Executing VM operation: HandshakeAllThreads (HandshakeForDeflation)
Event: 2707.122 Executing VM operation: HandshakeAllThreads (HandshakeForDeflation) done
Event: 2707.122 Executing VM operation: RendezvousGCThreads
Event: 2707.122 Executing VM operation: RendezvousGCThreads done
Event: 2760.780 Executing VM operation: G1CollectForAllocation (G1 Evacuation Pause)
Event: 2760.793 Executing VM operation: G1CollectForAllocation (G1 Evacuation Pause) done
Event: 2917.823 Executing VM operation: G1CollectForAllocation (G1 Evacuation Pause)
Event: 2917.832 Executing VM operation: G1CollectForAllocation (G1 Evacuation Pause) done
Event: 2917.896 Executing VM operation: G1PauseRemark

Memory protections (0 events):
No events

Nmethod flushes (20 events):
Event: 1971.395 Thread 0x000002d35417bcd0 flushing  nmethod 0x000002d345151810
Event: 1971.395 Thread 0x000002d35417bcd0 flushing  nmethod 0x000002d34517aa90
Event: 1971.395 Thread 0x000002d35417bcd0 flushing  nmethod 0x000002d34517ad90
Event: 1971.395 Thread 0x000002d35417bcd0 flushing  nmethod 0x000002d34517b090
Event: 1971.395 Thread 0x000002d35417bcd0 flushing  nmethod 0x000002d34517ca10
Event: 1971.395 Thread 0x000002d35417bcd0 flushing  nmethod 0x000002d34517d210
Event: 1971.395 Thread 0x000002d35417bcd0 flushing  nmethod 0x000002d34517f610
Event: 1971.395 Thread 0x000002d35417bcd0 flushing  nmethod 0x000002d34517fa90
Event: 1971.395 Thread 0x000002d35417bcd0 flushing  nmethod 0x000002d345180790
Event: 1971.395 Thread 0x000002d35417bcd0 flushing  nmethod 0x000002d345180b10
Event: 1971.395 Thread 0x000002d35417bcd0 flushing  nmethod 0x000002d345181190
Event: 1971.395 Thread 0x000002d35417bcd0 flushing  nmethod 0x000002d345181510
Event: 1971.395 Thread 0x000002d35417bcd0 flushing  nmethod 0x000002d345181890
Event: 1971.395 Thread 0x000002d35417bcd0 flushing  nmethod 0x000002d3451f5f10
Event: 1971.395 Thread 0x000002d35417bcd0 flushing  nmethod 0x000002d3451f7610
Event: 1971.395 Thread 0x000002d35417bcd0 flushing  nmethod 0x000002d3451f7910
Event: 1971.395 Thread 0x000002d35417bcd0 flushing  nmethod 0x000002d345202390
Event: 1971.395 Thread 0x000002d35417bcd0 flushing  nmethod 0x000002d345204c10
Event: 1971.395 Thread 0x000002d35417bcd0 flushing  nmethod 0x000002d345205f10
Event: 1971.395 Thread 0x000002d35417bcd0 flushing  nmethod 0x000002d34520e790

Events (20 events):
Event: 2669.803 Thread 0x000002d3a2584eb0 Thread added: 0x000002d3a2585bd0
Event: 2669.803 Thread 0x000002d3a2585bd0 Thread exited: 0x000002d3a2585bd0
Event: 2673.663 Thread 0x000002d3a2584eb0 Thread added: 0x000002d3a25889c0
Event: 2673.677 Thread 0x000002d3a2584eb0 Thread added: 0x000002d3a2585540
Event: 2673.679 Thread 0x000002d3a2585540 Thread exited: 0x000002d3a2585540
Event: 2674.791 Thread 0x000002d3a2584eb0 Thread added: 0x000002d3a2587ca0
Event: 2674.792 Thread 0x000002d3a2587ca0 Thread exited: 0x000002d3a2587ca0
Event: 2675.720 Thread 0x000002d3541ad980 Thread added: 0x000002d39c1b4320
Event: 2675.720 Thread 0x000002d3a2584eb0 Thread added: 0x000002d3a2587ca0
Event: 2675.720 Thread 0x000002d3541ad980 Thread added: 0x000002d39c1b50c0
Event: 2675.721 Thread 0x000002d3a2587ca0 Thread exited: 0x000002d3a2587ca0
Event: 2677.255 Thread 0x000002d3a2584eb0 Thread added: 0x000002d3a2585540
Event: 2677.255 Thread 0x000002d3a2585540 Thread exited: 0x000002d3a2585540
Event: 2678.876 Thread 0x000002d39c1b50c0 Thread exited: 0x000002d39c1b50c0
Event: 2678.889 Thread 0x000002d39c1b4320 Thread exited: 0x000002d39c1b4320
Event: 2678.909 Thread 0x000002d3a2584eb0 Thread added: 0x000002d3a2587ca0
Event: 2678.910 Thread 0x000002d3a2587ca0 Thread exited: 0x000002d3a2587ca0
Event: 2729.789 Thread 0x000002d3a2583b00 Thread exited: 0x000002d3a2583b00
Event: 2739.640 Thread 0x000002d3a25889c0 Thread exited: 0x000002d3a25889c0
Event: 2739.640 Thread 0x000002d3a2584eb0 Thread exited: 0x000002d3a2584eb0


Dynamic libraries:
0x00007ff73f4f0000 - 0x00007ff73f4fe000 	D:\sts-4.29.1.RELEASE\plugins\org.eclipse.justj.openjdk.hotspot.jre.full.win32.x86_64_21.0.6.v20250130-0529\jre\bin\javaw.exe
0x00007ff9825c0000 - 0x00007ff982828000 	C:\WINDOWS\SYSTEM32\ntdll.dll
0x00007ff981140000 - 0x00007ff981209000 	C:\WINDOWS\System32\KERNEL32.DLL
0x00007ff97fa60000 - 0x00007ff97fe58000 	C:\WINDOWS\System32\KERNELBASE.dll
0x00007ff980060000 - 0x00007ff9801ab000 	C:\WINDOWS\System32\ucrtbase.dll
0x00007ff9601c0000 - 0x00007ff9601d8000 	D:\sts-4.29.1.RELEASE\plugins\org.eclipse.justj.openjdk.hotspot.jre.full.win32.x86_64_21.0.6.v20250130-0529\jre\bin\jli.dll
0x00007ff95acf0000 - 0x00007ff95ad0e000 	D:\sts-4.29.1.RELEASE\plugins\org.eclipse.justj.openjdk.hotspot.jre.full.win32.x86_64_21.0.6.v20250130-0529\jre\bin\VCRUNTIME140.dll
0x00007ff981210000 - 0x00007ff9813d7000 	C:\WINDOWS\System32\USER32.dll
0x00007ff980330000 - 0x00007ff980357000 	C:\WINDOWS\System32\win32u.dll
0x00007ff9806d0000 - 0x00007ff9806fb000 	C:\WINDOWS\System32\GDI32.dll
0x00007ff97f880000 - 0x00007ff97f9ac000 	C:\WINDOWS\System32\gdi32full.dll
0x00007ff97f9b0000 - 0x00007ff97fa53000 	C:\WINDOWS\System32\msvcp_win.dll
0x00007ff96a350000 - 0x00007ff96a5e4000 	C:\WINDOWS\WinSxS\amd64_microsoft.windows.common-controls_6595b64144ccf1df_6.0.26100.7019_none_3e06ffa0e335b8a8\COMCTL32.dll
0x00007ff981460000 - 0x00007ff981509000 	C:\WINDOWS\System32\msvcrt.dll
0x00007ff980690000 - 0x00007ff9806c1000 	C:\WINDOWS\System32\IMM32.DLL
0x00007ff97bb90000 - 0x00007ff97bb9c000 	D:\sts-4.29.1.RELEASE\plugins\org.eclipse.justj.openjdk.hotspot.jre.full.win32.x86_64_21.0.6.v20250130-0529\jre\bin\vcruntime140_1.dll
0x00007ff91c1c0000 - 0x00007ff91c24d000 	D:\sts-4.29.1.RELEASE\plugins\org.eclipse.justj.openjdk.hotspot.jre.full.win32.x86_64_21.0.6.v20250130-0529\jre\bin\msvcp140.dll
0x00007ff923cc0000 - 0x00007ff924a50000 	D:\sts-4.29.1.RELEASE\plugins\org.eclipse.justj.openjdk.hotspot.jre.full.win32.x86_64_21.0.6.v20250130-0529\jre\bin\server\jvm.dll
0x00007ff981710000 - 0x00007ff9817c4000 	C:\WINDOWS\System32\ADVAPI32.dll
0x00007ff982440000 - 0x00007ff9824e6000 	C:\WINDOWS\System32\sechost.dll
0x00007ff982310000 - 0x00007ff982428000 	C:\WINDOWS\System32\RPCRT4.dll
0x00007ff981690000 - 0x00007ff981704000 	C:\WINDOWS\System32\WS2_32.dll
0x00007ff97f570000 - 0x00007ff97f5ce000 	C:\WINDOWS\SYSTEM32\POWRPROF.dll
0x00007ff97bca0000 - 0x00007ff97bcd5000 	C:\WINDOWS\SYSTEM32\WINMM.dll
0x00007ff96f110000 - 0x00007ff96f11b000 	C:\WINDOWS\SYSTEM32\VERSION.dll
0x00007ff97f550000 - 0x00007ff97f564000 	C:\WINDOWS\SYSTEM32\UMPDC.dll
0x00007ff97e3f0000 - 0x00007ff97e40b000 	C:\WINDOWS\SYSTEM32\kernel.appcore.dll
0x00007ff96c720000 - 0x00007ff96c72a000 	D:\sts-4.29.1.RELEASE\plugins\org.eclipse.justj.openjdk.hotspot.jre.full.win32.x86_64_21.0.6.v20250130-0529\jre\bin\jimage.dll
0x00007ff97ccc0000 - 0x00007ff97cf02000 	C:\WINDOWS\SYSTEM32\DBGHELP.DLL
0x00007ff9808f0000 - 0x00007ff980c7b000 	C:\WINDOWS\System32\combase.dll
0x00007ff981ad0000 - 0x00007ff981ba7000 	C:\WINDOWS\System32\OLEAUT32.dll
0x00007ff96aa10000 - 0x00007ff96aa4c000 	C:\WINDOWS\SYSTEM32\dbgcore.DLL
0x00007ff97ff20000 - 0x00007ff97ffc5000 	C:\WINDOWS\System32\bcryptPrimitives.dll
0x00007ff9601e0000 - 0x00007ff9601ff000 	D:\sts-4.29.1.RELEASE\plugins\org.eclipse.justj.openjdk.hotspot.jre.full.win32.x86_64_21.0.6.v20250130-0529\jre\bin\java.dll
0x00007ff981bb0000 - 0x00007ff9822ff000 	C:\WINDOWS\System32\SHELL32.dll
0x00007ff97f710000 - 0x00007ff97f87b000 	C:\WINDOWS\System32\wintypes.dll
0x00007ff97d0d0000 - 0x00007ff97d92d000 	C:\WINDOWS\SYSTEM32\windows.storage.dll
0x00007ff980590000 - 0x00007ff980682000 	C:\WINDOWS\System32\SHCORE.dll
0x00007ff981610000 - 0x00007ff981677000 	C:\WINDOWS\System32\shlwapi.dll
0x00007ff97f630000 - 0x00007ff97f659000 	C:\WINDOWS\SYSTEM32\profapi.dll
0x00007ff9601a0000 - 0x00007ff9601b8000 	D:\sts-4.29.1.RELEASE\plugins\org.eclipse.justj.openjdk.hotspot.jre.full.win32.x86_64_21.0.6.v20250130-0529\jre\bin\zip.dll
0x00007ff961770000 - 0x00007ff961780000 	D:\sts-4.29.1.RELEASE\plugins\org.eclipse.justj.openjdk.hotspot.jre.full.win32.x86_64_21.0.6.v20250130-0529\jre\bin\net.dll
0x00007ff9778e0000 - 0x00007ff977a08000 	C:\WINDOWS\SYSTEM32\WINHTTP.dll
0x00007ff97e9e0000 - 0x00007ff97ea4b000 	C:\WINDOWS\system32\mswsock.dll
0x00007ff960130000 - 0x00007ff960146000 	D:\sts-4.29.1.RELEASE\plugins\org.eclipse.justj.openjdk.hotspot.jre.full.win32.x86_64_21.0.6.v20250130-0529\jre\bin\nio.dll
0x00007ff96c9f0000 - 0x00007ff96c9fa000 	D:\sts-4.29.1.RELEASE\plugins\org.eclipse.justj.openjdk.hotspot.jre.full.win32.x86_64_21.0.6.v20250130-0529\jre\bin\management.dll
0x00007ff96c9e0000 - 0x00007ff96c9eb000 	D:\sts-4.29.1.RELEASE\plugins\org.eclipse.justj.openjdk.hotspot.jre.full.win32.x86_64_21.0.6.v20250130-0529\jre\bin\management_ext.dll
0x00007ff981680000 - 0x00007ff981688000 	C:\WINDOWS\System32\PSAPI.DLL
0x00007ff95ee80000 - 0x00007ff95ee98000 	C:\WINDOWS\system32\napinsp.dll
0x00007ff97dcd0000 - 0x00007ff97ddfc000 	C:\WINDOWS\SYSTEM32\DNSAPI.dll
0x00007ff97dc40000 - 0x00007ff97dc74000 	C:\WINDOWS\SYSTEM32\IPHLPAPI.DLL
0x00007ff982430000 - 0x00007ff98243a000 	C:\WINDOWS\System32\NSI.dll
0x00007ff95e4c0000 - 0x00007ff95e4d2000 	C:\WINDOWS\System32\winrnr.dll
0x00007ff95d070000 - 0x00007ff95d092000 	C:\WINDOWS\system32\nlansp_c.dll
0x00007ff9771a0000 - 0x00007ff9771b6000 	C:\WINDOWS\system32\wshbth.dll
0x00007ff96f080000 - 0x00007ff96f08b000 	C:\Windows\System32\rasadhlp.dll
0x00007ff978ab0000 - 0x00007ff978b36000 	C:\WINDOWS\System32\fwpuclnt.dll
0x00007ff97edd0000 - 0x00007ff97edeb000 	C:\WINDOWS\SYSTEM32\CRYPTSP.dll
0x00007ff97e410000 - 0x00007ff97e44a000 	C:\WINDOWS\system32\rsaenh.dll
0x00007ff97ea90000 - 0x00007ff97eabb000 	C:\WINDOWS\SYSTEM32\USERENV.dll
0x00007ff97f600000 - 0x00007ff97f62a000 	C:\WINDOWS\SYSTEM32\bcrypt.dll
0x00007ff97ec30000 - 0x00007ff97ec3c000 	C:\WINDOWS\SYSTEM32\CRYPTBASE.dll
0x00007ff977110000 - 0x00007ff977119000 	D:\sts-4.29.1.RELEASE\plugins\org.eclipse.justj.openjdk.hotspot.jre.full.win32.x86_64_21.0.6.v20250130-0529\jre\bin\extnet.dll
0x00007ff97bba0000 - 0x00007ff97bbae000 	D:\sts-4.29.1.RELEASE\plugins\org.eclipse.justj.openjdk.hotspot.jre.full.win32.x86_64_21.0.6.v20250130-0529\jre\bin\sunmscapi.dll
0x00007ff9801b0000 - 0x00007ff980327000 	C:\WINDOWS\System32\CRYPT32.dll
0x00007ff97ef20000 - 0x00007ff97ef50000 	C:\WINDOWS\SYSTEM32\ncrypt.dll
0x00007ff97eed0000 - 0x00007ff97ef0f000 	C:\WINDOWS\SYSTEM32\NTASN1.dll
0x00007ff960360000 - 0x00007ff960370000 	D:\sts-4.29.1.RELEASE\plugins\org.eclipse.justj.openjdk.hotspot.jre.full.win32.x86_64_21.0.6.v20250130-0529\jre\bin\verify.dll
0x00007ff9543f0000 - 0x00007ff9543f8000 	C:\WINDOWS\system32\wshunix.dll

dbghelp: loaded successfully - version: 4.0.5 - missing functions: none
symbol engine: initialized successfully - sym options: 0x614 - pdb path: .;D:\sts-4.29.1.RELEASE\plugins\org.eclipse.justj.openjdk.hotspot.jre.full.win32.x86_64_21.0.6.v20250130-0529\jre\bin;C:\WINDOWS\SYSTEM32;C:\WINDOWS\WinSxS\amd64_microsoft.windows.common-controls_6595b64144ccf1df_6.0.26100.7019_none_3e06ffa0e335b8a8;D:\sts-4.29.1.RELEASE\plugins\org.eclipse.justj.openjdk.hotspot.jre.full.win32.x86_64_21.0.6.v20250130-0529\jre\bin\server

VM Arguments:
jvm_args: -Dcom.sun.management.jmxremote -Dcom.sun.management.jmxremote.port=62977 -Dcom.sun.management.jmxremote.authenticate=false -Dcom.sun.management.jmxremote.ssl=false -Djava.rmi.server.hostname=localhost -Dspring.jmx.enabled=true -Dmanagement.endpoints.jmx.exposure.include=* -Dspring.application.admin.enabled=true -Dspring.output.ansi.enabled=always -XX:TieredStopAtLevel=1 -Dspring.boot.project.name=maharecruitment-web -Dfile.encoding=UTF-8 -Dstdout.encoding=UTF-8 -Dstderr.encoding=UTF-8 -XX:+ShowCodeDetailsInExceptionMessages 
java_command: com.maharecruitment.gov.in.web.MaharecruitmentParentApplication
java_class_path (initial): C:\Users\Akanksha.Surve\git\NewMaharecuitrment\maharecruitment-web\target\classes;C:\Users\Akanksha.Surve\.m2\repository\org\springframework\boot\spring-boot-starter-web\3.5.3\spring-boot-starter-web-3.5.3.jar;C:\Users\Akanksha.Surve\.m2\repository\org\springframework\boot\spring-boot-starter\3.5.3\spring-boot-starter-3.5.3.jar;C:\Users\Akanksha.Surve\.m2\repository\org\yaml\snakeyaml\2.4\snakeyaml-2.4.jar;C:\Users\Akanksha.Surve\.m2\repository\org\springframework\boot\spring-boot-starter-json\3.5.3\spring-boot-starter-json-3.5.3.jar;C:\Users\Akanksha.Surve\.m2\repository\com\fasterxml\jackson\core\jackson-databind\2.19.1\jackson-databind-2.19.1.jar;C:\Users\Akanksha.Surve\.m2\repository\com\fasterxml\jackson\datatype\jackson-datatype-jdk8\2.19.1\jackson-datatype-jdk8-2.19.1.jar;C:\Users\Akanksha.Surve\.m2\repository\com\fasterxml\jackson\module\jackson-module-parameter-names\2.19.1\jackson-module-parameter-names-2.19.1.jar;C:\Users\Akanksha.Surve\.m2\repository\org\springframework\spring-web\6.2.8\spring-web-6.2.8.jar;C:\Users\Akanksha.Surve\.m2\repository\org\springframework\spring-beans\6.2.8\spring-beans-6.2.8.jar;C:\Users\Akanksha.Surve\.m2\repository\io\micrometer\micrometer-observation\1.15.1\micrometer-observation-1.15.1.jar;C:\Users\Akanksha.Surve\.m2\repository\io\micrometer\micrometer-commons\1.15.1\micrometer-commons-1.15.1.jar;C:\Users\Akanksha.Surve\.m2\repository\org\springframework\spring-webmvc\6.2.8\spring-webmvc-6.2.8.jar;C:\Users\Akanksha.Surve\.m2\repository\org\springframework\spring-context\6.2.8\spring-context-6.2.8.jar;C:\Users\Akanksha.Surve\.m2\repository\org\springframework\spring-expression\6.2.8\spring-expression-6.2.8.jar;C:\Users\Akanksha.Surve\.m2\repository\org\springframework\boot\spring-boot-starter-security\3.5.3\spring-boot-starter-security-3.5.3.jar;C:\Users\Akanksha.Surve\.m2\repository\org\springframework\spring-aop\6.2.8\spring-aop-6.2.8.jar;C:\Users\Akanksha.Surve\.m2\repository\org\springframework\security\spring-security-config\6.5.1\spring-security-config-6.5.1.jar;C:\Users\Akanksha.Surve\.m2\repository\org\springframework\security\spring-security-web\6.5.1\spring-security-web-6.5.1.jar;C:\Users\Akanksha.Surve\.m2\repository\org\springframework\boot\spring-boot-starter-thymeleaf\3.5.3\spring-boot-starter-thymeleaf-3.5.3.jar;C:\Users\Akanksha.Surve\.m2\repository\org\thymeleaf\thymeleaf-spring6\3.1.3.RELEASE\thymeleaf-spring6-3.1.3.RELEASE.jar;C:\Users\Akanksha.Surve\.m2\repository\org\thymeleaf\thymeleaf\3.1.3.RELEASE\thymeleaf-3.1.3.RELEASE.jar;C:\Users\Akanksha.Surve\.m2\repository\org\attoparser\attoparser\2.0.7.RELEASE\attoparser-2.0.7.RELEASE.jar;C:\Users\Akanksha.Surve\.m2\repository\org\unbescape\unbescape\1.1.6.RELEASE\unbescape-1.1.6.RELEASE.jar;C:\Users\Akanksha.Surve\.m2\repository\org\springframework\boot\spring-boot-starter-data-jpa\3.5.3\spring-boot-starter-data-jpa-3.5.3.jar;C:\Users\Akanksha.Surve\.m2\repository\org\springframework\boot\spring-boot-starter-jdbc\3.5.3\spring-boot-starter-jdbc-3.5.3.jar;C:\Users\Akanksha.Surve\.m2\repository\com\zaxxer\HikariCP\6.3.0\HikariCP-6.3.0.jar;C:\Users\Akanksha.Surve\.m2\repository\org\springframework\spring-jdbc\6.2.8\spring-jdbc-6.2.8.jar;C:\Users\Akanksha.Surve\.m2\repository\org\hibernate\orm\hibernate-core\6.6.18.Final\hibernate-core-6.6.18.Final.jar;C:\Users\Akanksha.Surve\.m2\repository\jakarta\persistence\jakarta.persistence-api\3.1.0\jakarta.persistence-api-3.1.0.jar;C:\Users\Akanksha.Surve\.m2\repository\jakarta\transaction\jakarta.transaction-api\2.0.1\jakarta.transaction-api-2.0.1.jar;C:\Users\Akanksha.Surve\.m2\repository\org\jboss\logging\jboss-logging\3.6.1.Final\jboss-logging-3.6.1.Final.jar;C:\Users\Akanksha.Surve\.m2\repository\org\hibernate\common\hibernate-commons-annotations\7.0.3.Final\hibernate-commons-annotations-7.0.3.Final.jar;C:\Users\Akanksha.Surve\.m2\repository\io\smallrye\jandex\3.2.0\jandex-3.2.0.jar;C:\Users\Akanksha.Surve\.m2\repository\com\fasterxml\classmate\1.7.0\classmate-1.7.0.jar;C:\Users\Akanksha.Surve\.m2\repository\net\bytebuddy\byte-buddy\1.17.6\byte-buddy-1.17.6.jar;C:\Users\Akanksha.Surve\.m2\repository\org\glassfish\jaxb\jaxb-runtime\4.0.5\jaxb-runtime-4.0.5.jar;C:\Users\Akanksha.Surve\.m2\repository\org\glassfish\jaxb\jaxb-core\4.0.5\jaxb-core-4.0.5.jar;C:\Users\Akanksha.Surve\.m2\repository\org\glassfish\jaxb\txw2\4.0.5\txw2-4.0.5.jar;C:\Users\Akanksha.Surve\.m2\repository\com\sun\istack\istack-commons-runtime\4.1.2\istack-commons-runtime-4.1.2.jar;C:\Users\Akanksha.Surve\.m2\repository\jakarta\inject\jakarta.inject-api\2.0.1\jakarta.inject-api-2.0.1.jar;C:\Users\Akanksha.Surve\.m2\repository\org\antlr\antlr4-runtime\4.13.0\antlr4-runtime-4.13.0.jar;C:\Users\Akanksha.Surve\.m2\repository\org\springframework\data\spring-data-jpa\3.5.1\spring-data-jpa-3.5.1.jar;C:\Users\Akanksha.Surve\.m2\repository\org\springframework\data\spring-data-commons\3.5.1\spring-data-commons-3.5.1.jar;C:\Users\Akanksha.Surve\.m2\repository\org\springframework\spring-orm\6.2.8\spring-orm-6.2.8.jar;C:\Users\Akanksha.Surve\.m2\repository\org\springframework\spring-tx\6.2.8\spring-tx-6.2.8.jar;C:\Users\Akanksha.Surve\.m2\repository\org\springframework\spring-aspects\6.2.8\spring-aspects-6.2.8.jar;C:\Users\Akanksha.Surve\.m2\repository\org\aspectj\aspectjweaver\1.9.24\aspectjweaver-1.9.24.jar;C:\Users\Akanksha.Surve\.m2\repository\org\springframework\boot\spring-boot-starter-logging\3.5.3\spring-boot-starter-logging-3.5.3.jar;C:\Users\Akanksha.Surve\.m2\repository\ch\qos\logback\logback-classic\1.5.18\logback-classic-1.5.18.jar;C:\Users\Akanksha.Surve\.m2\repository\ch\qos\logback\logback-core\1.5.18\logback-core-1.5.18.jar;C:\Users\Akanksha.Surve\.m2\repository\org\apache\logging\log4j\log4j-to-slf4j\2.24.3\log4j-to-slf4j-2.24.3.jar;C:\Users\Akanksha.Surve\.m2\repository\org\slf4j\jul-to-slf4j\2.0.17\jul-to-slf4j-2.0.17.jar;C:\Users\Akanksha.Surve\.m2\repository\org\springframework\boot\spring-boot-starter-validation\3.5.3\spring-boot-starter-validation-3.5.3.jar;C:\Users\Akanksha.Surve\.m2\repository\org\apache\tomcat\embed\tomcat-embed-el\10.1.42\tomcat-embed-el-10.1.42.jar;C:\Users\Akanksha.Surve\.m2\repository\org\hibernate\validator\hibernate-validator\8.0.2.Final\hibernate-validator-8.0.2.Final.jar;C:\Users\Akanksha.Surve\.m2\repository\jakarta\validation\jakarta.validation-api\3.0.2\jakarta.validation-api-3.0.2.jar;C:\Users\Akanksha.Surve\.m2\repository\org\flywaydb\flyway-core\11.7.2\flyway-core-11.7.2.jar;C:\Users\Akanksha.Surve\.m2\repository\com\fasterxml\jackson\dataformat\jackson-dataformat-toml\2.19.1\jackson-dataformat-toml-2.19.1.jar;C:\Users\Akanksha.Surve\.m2\repository\com\fasterxml\jackson\core\jackson-core\2.19.1\jackson-core-2.19.1.jar;C:\Users\Akanksha.Surve\.m2\repository\com\fasterxml\jackson\datatype\jackson-datatype-jsr310\2.19.1\jackson-datatype-jsr310-2.19.1.jar;C:\Users\Akanksha.Surve\.m2\repository\com\fasterxml\jackson\core\jackson-annotations\2.19.1\jackson-annotations-2.19.1.jar;C:\Users\Akanksha.Surve\.m2\repository\org\flywaydb\flyway-database-postgresql\11.7.2\flyway-database-postgresql-11.7.2.jar;C:\Users\Akanksha.Surve\.m2\repository\org\springframework\boot\spring-boot-starter-tomcat\3.5.3\spring-boot-starter-tomcat-3.5.3.jar;C:\Users\Akanksha.Surve\.m2\repository\jakarta\annotation\jakarta.annotation-api\2.1.1\jakarta.annotation-api-2.1.1.jar;C:\Users\Akanksha.Surve\.m2\repository\org\apache\tomcat\embed\tomcat-embed-core\10.1.42\tomcat-embed-core-10.1.42.jar;C:\Users\Akanksha.Surve\.m2\repository\org\apache\tomcat\embed\tomcat-embed-websocket\10.1.42\tomcat-embed-websocket-10.1.42.jar;C:\Users\Akanksha.Surve\git\NewMaharecuitrment\maharecruitment-common\target\classes;C:\Users\Akanksha.Surve\git\NewMaharecuitrment\maharecruitment-attendance\target\classes;C:\Users\Akanksha.Surve\git\NewMaharecuitrment\maharecruitment-audit\target\classes;C:\Users\Akanksha.Surve\git\NewMaharecuitrment\maharecruitment-scheduler\target\classes;C:\Users\Akanksha.Surve\git\NewMaharecuitrment\maharecruitment-security\target\classes;C:\Users\Akanksha.Surve\git\NewMaharecuitrment\maharecruitment-auth\target\classes;C:\Users\Akanksha.Surve\git\NewMaharecuitrment\maharecruitment-agency\target\classes;C:\Users\Akanksha.Surve\git\NewMaharecuitrment\maharecruitment-master\target\classes;C:\Users\Akanksha.Surve\git\NewMaharecuitrment\maharecruitment-department\target\classes;C:\Users\Akanksha.Surve\git\NewMaharecuitrment\maharecruitment-invoice\target\classes;C:\Users\Akanksha.Surve\git\NewMaharecuitrment\maharecruitment-recruitment\target\classes;C:\Users\Akanksha.Surve\git\NewMaharecuitrment\maharecruitment-notification\target\classes;C:\Users\Akanksha.Surve\git\NewMaharecuitrment\maharecruitment-workorder\target\classes;C:\Users\Akanksha.Surve\.m2\repository\com\google\zxing\core\3.5.4\core-3.5.4.jar;C:\Users\Akanksha.Surve\.m2\repository\com\google\zxing\javase\3.5.4\javase-3.5.4.jar;C:\Users\Akanksha.Surve\.m2\repository\org\jcommander\jcommander\1.85\jcommander-1.85.jar;C:\Users\Akanksha.Surve\.m2\repository\com\github\jai-imageio\jai-imageio-core\1.4.0\jai-imageio-core-1.4.0.jar;C:\Users\Akanksha.Surve\.m2\repository\org\thymeleaf\extras\thymeleaf-extras-springsecurity6\3.1.3.RELEASE\thymeleaf-extras-springsecurity6-3.1.3.RELEASE.jar;C:\Users\Akanksha.Surve\.m2\repository\org\slf4j\slf4j-api\2.0.17\slf4j-api-2.0.17.jar;C:\Users\Akanksha.Surve\.m2\repository\org\springframework\boot\spring-boot-devtools\3.5.3\spring-boot-devtools-3.5.3.jar;C:\Users\Akanksha.Surve\.m2\repository\org\springframework\boot\spring-boot\3.5.3\spring-boot-3.5.3.jar;C:\Users\Akanksha.Surve\.m2\repository\org\springframework\boot\spring-boot-autoconfigure\3.5.3\spring-boot-autoconfigure-3.5.3.jar;C:\Users\Akanksha.Surve\.m2\repository\org\postgresql\postgresql\42.7.7\postgresql-42.7.7.jar;C:\Users\Akanksha.Surve\.m2\repository\org\checkerframework\checker-qual\3.49.3\checker-qual-3.49.3.jar;C:\Users\Akanksha.Surve\.m2\repository\org\projectlombok\lombok\1.18.38\lombok-1.18.38.jar;C:\Users\Akanksha.Surve\.m2\repository\jakarta\xml\bind\jakarta.xml.bind-api\4.0.2\jakarta.xml.bind-api-4.0.2.jar;C:\Users\Akanksha.Surve\.m2\repository\jakarta\activation\jakarta.activation-api\2.1.3\jakarta.activation-api-2.1.3.jar;C:\Users\Akanksha.Surve\.m2\repository\org\springframework\spring-core\6.2.8\spring-core-6.2.8.jar;C:\Users\Akanksha.Surve\.m2\repository\org\springframework\spring-jcl\6.2.8\spring-jcl-6.2.8.jar;C:\Users\Akanksha.Surve\.m2\repository\org\springframework\security\spring-security-core\6.5.1\spring-security-core-6.5.1.jar;C:\Users\Akanksha.Surve\.m2\repository\org\springframework\security\spring-security-crypto\6.5.1\spring-security-crypto-6.5.1.jar;C:\Users\Akanksha.Surve\.m2\repository\org\springframework\boot\spring-boot-starter-mail\3.5.3\spring-boot-starter-mail-3.5.3.jar;C:\Users\Akanksha.Surve\.m2\repository\org\springframework\spring-context-support\6.2.8\spring-context-support-6.2.8.jar;C:\Users\Akanksha.Surve\.m2\repository\org\eclipse\angus\jakarta.mail\2.0.3\jakarta.mail-2.0.3.jar;C:\Users\Akanksha.Surve\.m2\repository\org\eclipse\angus\angus-activation\2.0.2\angus-activation-2.0.2.jar;C:\Users\Akanksha.Surve\.m2\repository\org\apache\poi\poi-ooxml\5.2.3\poi-ooxml-5.2.3.jar;C:\Users\Akanksha.Surve\.m2\repository\org\apache\poi\poi\5.2.3\poi-5.2.3.jar;C:\Users\Akanksha.Surve\.m2\repository\commons-codec\commons-codec\1.18.0\commons-codec-1.18.0.jar;C:\Users\Akanksha.Surve\.m2\repository\org\apache\commons\commons-math3\3.6.1\commons-math3-3.6.1.jar;C:\Users\Akanksha.Surve\.m2\repository\com\zaxxer\SparseBitSet\1.2\SparseBitSet-1.2.jar;C:\Users\Akanksha.Surve\.m2\repository\org\apache\poi\poi-ooxml-lite\5.2.3\poi-ooxml-lite-5.2.3.jar;C:\Users\Akanksha.Surve\.m2\repository\org\apache\xmlbeans\xmlbeans\5.1.1\xmlbeans-5.1.1.jar;C:\Users\Akanksha.Surve\.m2\repository\org\apache\commons\commons-compress\1.21\commons-compress-1.21.jar;C:\Users\Akanksha.Surve\.m2\repository\commons-io\commons-io\2.11.0\commons-io-2.11.0.jar;C:\Users\Akanksha.Surve\.m2\repository\com\github\virtuald\curvesapi\1.07\curvesapi-1.07.jar;C:\Users\Akanksha.Surve\.m2\repository\org\apache\logging\log4j\log4j-api\2.24.3\log4j-api-2.24.3.jar;C:\Users\Akanksha.Surve\.m2\repository\org\apache\commons\commons-collections4\4.4\commons-collections4-4.4.jar;C:\Users\Akanksha.Surve\.m2\repository\cn\apiclub\tool\simplecaptcha\1.2.2\simplecaptcha-1.2.2.jar;C:\Users\Akanksha.Surve\.m2\repository\org\mapstruct\mapstruct\1.5.2.Final\mapstruct-1.5.2.Final.jar;C:\Users\Akanksha.Surve\.m2\repository\org\mapstruct\mapstruct-processor\1.5.2.Final\mapstruct-processor-1.5.2.Final.jar
Launcher Type: SUN_STANDARD

[Global flags]
     intx CICompilerCount                          = 12                                        {product} {ergonomic}
     uint ConcGCThreads                            = 3                                         {product} {ergonomic}
     uint G1ConcRefinementThreads                  = 13                                        {product} {ergonomic}
   size_t G1HeapRegionSize                         = 4194304                                   {product} {ergonomic}
    uintx GCDrainStackTargetSize                   = 64                                        {product} {ergonomic}
   size_t InitialHeapSize                          = 532676608                                 {product} {ergonomic}
     bool ManagementServer                         = true                                      {product} {command line}
   size_t MarkStackSize                            = 4194304                                   {product} {ergonomic}
   size_t MaxHeapSize                              = 8510242816                                {product} {ergonomic}
   size_t MaxNewSize                               = 5104467968                                {product} {ergonomic}
   size_t MinHeapDeltaBytes                        = 4194304                                   {product} {ergonomic}
   size_t MinHeapSize                              = 8388608                                   {product} {ergonomic}
    uintx NonNMethodCodeHeapSize                   = 4096                                   {pd product} {ergonomic}
    uintx NonProfiledCodeHeapSize                  = 0                                      {pd product} {ergonomic}
     bool ProfileInterpreter                       = false                                  {pd product} {command line}
    uintx ProfiledCodeHeapSize                     = 0                                      {pd product} {ergonomic}
     bool ShowCodeDetailsInExceptionMessages       = true                                   {manageable} {command line}
   size_t SoftMaxHeapSize                          = 8510242816                             {manageable} {ergonomic}
     intx TieredStopAtLevel                        = 1                                         {product} {command line}
     bool UseCompressedOops                        = true                           {product lp64_product} {ergonomic}
     bool UseG1GC                                  = true                                      {product} {ergonomic}
     bool UseLargePagesIndividualAllocation        = false                                  {pd product} {ergonomic}

Logging:
Log output configuration:
 #0: stdout all=warning uptime,level,tags foldmultilines=false
 #1: stderr all=off uptime,level,tags foldmultilines=false

Environment Variables:
PATH=D:/sts-4.29.1.RELEASE//plugins/org.eclipse.justj.openjdk.hotspot.jre.full.win32.x86_64_21.0.6.v20250130-0529/jre/bin/server;D:/sts-4.29.1.RELEASE//plugins/org.eclipse.justj.openjdk.hotspot.jre.full.win32.x86_64_21.0.6.v20250130-0529/jre/bin;C:\Program Files\Common Files\Oracle\Java\javapath;C:\Program Files (x86)\Common Files\Oracle\Java\javapath;C:\WINDOWS\system32;C:\WINDOWS;C:\WINDOWS\System32\Wbem;C:\WINDOWS\System32\WindowsPowerShell\v1.0\;C:\WINDOWS\System32\OpenSSH\;C:\Program Files\PuTTY\;C:\Program Files\nodejs\;C:\Users\Akanksha.Surve\AppData\Local\Microsoft\WindowsApps;C:\Users\Akanksha.Surve\AppData\Roaming\npm;C:\Users\Akanksha.Surve\AppData\Local\Programs\Git\cmd;C:\Users\Akanksha.Surve\AppData\Local\Programs\Antigravity\bin;D:\sts-4.29.1.RELEASE;
USERNAME=Akanksha.Surve
OS=Windows_NT
PROCESSOR_IDENTIFIER=Intel64 Family 6 Model 191 Stepping 2, GenuineIntel
TMP=C:\Users\AKANKS~1.SUR\AppData\Local\Temp
TEMP=C:\Users\AKANKS~1.SUR\AppData\Local\Temp




Periodic native trim disabled

---------------  S Y S T E M  ---------------

OS:
 Windows 11 , 64 bit Build 26100 (10.0.26100.7019)
OS uptime: 2 days 4:03 hours
Hyper-V role detected

CPU: total 16 (initial active 16) (8 cores per cpu, 2 threads per core) family 6 model 191 stepping 2 microcode 0x3a, cx8, cmov, fxsr, ht, mmx, 3dnowpref, sse, sse2, sse3, ssse3, sse4.1, sse4.2, popcnt, lzcnt, tsc, tscinvbit, avx, avx2, aes, erms, clmul, bmi1, bmi2, adx, sha, fma, vzeroupper, clflush, clflushopt, clwb, hv, serialize, rdtscp, rdpid, fsrm, f16c, cet_ibt, cet_ss
Processor Information for the first 16 processors :
  Max Mhz: 2500, Current Mhz: 2500, Mhz Limit: 2500

Memory: 4k page, system-wide physical 32454M (14356M free)
TotalPageFile size 34502M (AvailPageFile size 7803M)
current process WorkingSet (physical memory assigned to process): 576M, peak: 859M
current process commit charge ("private bytes"): 691M, peak: 905M

vm_info: OpenJDK 64-Bit Server VM (21.0.6+7-LTS) for windows-amd64 JRE (21.0.6+7-LTS), built on 2025-01-21T00:00:00Z by "admin" with MS VC++ 17.7 (VS2022)

END.
