#
# A fatal error has been detected by the Java Runtime Environment:
#
#  EXCEPTION_ACCESS_VIOLATION (0xc0000005) at pc=0x00007fff42af4064, pid=26952, tid=26252
#
# JRE version: OpenJDK Runtime Environment Temurin-21.0.6+7 (21.0.6+7) (build 21.0.6+7-LTS)
# Java VM: OpenJDK 64-Bit Server VM Temurin-21.0.6+7 (21.0.6+7-LTS, mixed mode, emulated-client, sharing, tiered, compressed oops, compressed class ptrs, g1 gc, windows-amd64)
# Problematic frame:
# V  [jvm.dll+0x814064]
#
# No core dump will be written. Minidumps are not enabled by default on client versions of Windows
#
# If you would like to submit a bug report, please visit:
#   https://github.com/adoptium/adoptium-support/issues
#

---------------  S U M M A R Y ------------

Command Line: -Dcom.sun.management.jmxremote -Dcom.sun.management.jmxremote.port=62911 -Dcom.sun.management.jmxremote.authenticate=false -Dcom.sun.management.jmxremote.ssl=false -Djava.rmi.server.hostname=localhost -Dspring.jmx.enabled=true -Dmanagement.endpoints.jmx.exposure.include=* -Dspring.application.admin.enabled=true -Dspring.output.ansi.enabled=always -XX:TieredStopAtLevel=1 -Dspring.boot.project.name=maharecruitment-web -Dfile.encoding=UTF-8 -Dstdout.encoding=UTF-8 -Dstderr.encoding=UTF-8 -XX:+ShowCodeDetailsInExceptionMessages com.maharecruitment.gov.in.web.MaharecruitmentParentApplication

Host: Intel(R) Core(TM) i5-14400, 16 cores, 31G,  Windows 11 , 64 bit Build 26100 (10.0.26100.7019)
Time: Thu Apr 16 11:51:09 2026 India Standard Time elapsed time: 1840.910258 seconds (0d 0h 30m 40s)

---------------  T H R E A D  ---------------

Current thread (0x000001d24e032d50):  JavaThread "Service Thread" daemon [_thread_in_vm, id=26252, stack(0x00000072a8d00000,0x00000072a8e00000) (1024K)]

Stack: [0x00000072a8d00000,0x00000072a8e00000],  sp=0x00000072a8dfec50,  free space=1019k
Native frames: (J=compiled Java code, j=interpreted, Vv=VM code, C=native code)
V  [jvm.dll+0x814064]
V  [jvm.dll+0x8154dc]
V  [jvm.dll+0x815eb3]
V  [jvm.dll+0x733009]
V  [jvm.dll+0x3f0256]
V  [jvm.dll+0x851f8b]
V  [jvm.dll+0x6cc5ed]
C  [ucrtbase.dll+0x37b0]
C  [KERNEL32.DLL+0x2e8d7]
C  [ntdll.dll+0x8c53c]


siginfo: EXCEPTION_ACCESS_VIOLATION (0xc0000005), reading address 0xffffffffffffffff


Registers:
RAX=0x0000000000000001, RBX=0x0000000000000000, RCX=0x001001d25573c840, RDX=0x000001d24e032d50
RSP=0x00000072a8dfec50, RBP=0x00000072a8dff5e8, RSI=0x00000072a8dff5f0, RDI=0x000001d25b2bdc20
R8 =0x0000000000002a3c, R9 =0x0000000000002a48, R10=0x00000072a7d42000, R11=0x00000072a8dfec40
R12=0x000001d24e032d50, R13=0x0000000000000000, R14=0x00007fff42f8c500, R15=0x000001d25b5b01d0
RIP=0x00007fff42af4064, EFLAGS=0x0000000000010202

XMM[0]=0x0000000000000000 0x40f0000000000000
XMM[1]=0x0000000000000000 0x0000000000000000
XMM[2]=0x0000000000000000 0x0000000000000000
XMM[3]=0x0000000000000000 0x0000000000000000
XMM[4]=0x0000000000000000 0x0000000000000000
XMM[5]=0x0000000000000000 0x0000000000000000
XMM[6]=0x0000000000000000 0x40131d0400000000
XMM[7]=0x0000000000000000 0x0000000000000000
XMM[8]=0x0000000000000000 0x0000000000000000
XMM[9]=0x0000000000000000 0x0000000000000000
XMM[10]=0x0000000000000000 0x0000000000000000
XMM[11]=0x0000000000000000 0x0000000000000000
XMM[12]=0x0000000000000000 0x0000000000000000
XMM[13]=0x0000000000000000 0x0000000000000000
XMM[14]=0x0000000000000000 0x0000000000000000
XMM[15]=0x0000000000000000 0x0000000000000000
  MXCSR=0x00001fa0


Register to memory mapping:

RAX=0x0000000000000001 is an unknown value
RBX=0x0 is null
RCX=0x001001d25573c840 is an unknown value
RDX=0x000001d24e032d50 is a thread
RSP=0x00000072a8dfec50 is pointing into the stack for thread: 0x000001d24e032d50
RBP=0x00000072a8dff5e8 is pointing into the stack for thread: 0x000001d24e032d50
RSI=0x00000072a8dff5f0 is pointing into the stack for thread: 0x000001d24e032d50
RDI=0x000001d25b2bdc20 points into unknown readable memory: 0x000001d25b59afd0 | d0 af 59 5b d2 01 00 00
R8 =0x0000000000002a3c is an unknown value
R9 =0x0000000000002a48 is an unknown value
R10=0x00000072a7d42000 points into unknown readable memory: 0x0000000000000000 | 00 00 00 00 00 00 00 00
R11=0x00000072a8dfec40 is pointing into the stack for thread: 0x000001d24e032d50
R12=0x000001d24e032d50 is a thread
R13=0x0 is null
R14=0x00007fff42f8c500 jvm.dll
R15=0x000001d25b5b01d0 points into unknown readable memory: 0x000001d25b9610c0 | c0 10 96 5b d2 01 00 00

Top of Stack: (sp=0x00000072a8dfec50)
0x00000072a8dfec50:   0000000000000001 0000007200000000
0x00000072a8dfec60:   0000000000000000 0000000000000000
0x00000072a8dfec70:   0000000000000000 0000000000000000
0x00000072a8dfec80:   00000072a8dff5f0 0000000000000001
0x00000072a8dfec90:   00000072a8dff5e8 000001d25b2bdc20
0x00000072a8dfeca0:   000001d20a020ef0 000001d24e032d50
0x00000072a8dfecb0:   0000000000002a40 0000000000002a48
0x00000072a8dfecc0:   000001d276af0000 000001d2000f0010
0x00000072a8dfecd0:   000001d25b924ae0 000001d25339f1a0
0x00000072a8dfece0:   0000000000008000 0000000000000000
0x00000072a8dfecf0:   00007fffa358bcc0 0000000000000100
0x00000072a8dfed00:   0000000000000000 0000000000000a40
0x00000072a8dfed10:   00007fffa6c27980 000001d276c30000
0x00000072a8dfed20:   0000000000000000 00007fffa6b5cca4
0x00000072a8dfed30:   000001d200000002 0000000000000000
0x00000072a8dfed40:   000001d276af0000 0000000000000010
0x00000072a8dfed50:   0000000000000008 000001d276af0cc0
0x00000072a8dfed60:   00000000000007a0 0000000000000000
0x00000072a8dfed70:   0000000000000008 0000000000000000
0x00000072a8dfed80:   0000000000000010 000001d276c30000
0x00000072a8dfed90:   0000000000000001 0000000000000002
0x00000072a8dfeda0:   0000000000000004 00007fffa6b5cde4
0x00000072a8dfedb0:   000001d276af0000 0000000000000000
0x00000072a8dfedc0:   0000000000000004 00007fff00000008
0x00000072a8dfedd0:   000001d276eb0000 000000000000000a
0x00000072a8dfede0:   00000000000002e0 0000000000000004
0x00000072a8dfedf0:   000001d276eb04a8 0000000000000000
0x00000072a8dfee00:   0000000000000000 0000000000000004
0x00000072a8dfee10:   0000000000000008 0000000000000002
0x00000072a8dfee20:   00007fff9fa040a0 000001d276c30000
0x00000072a8dfee30:   0000000000000000 00007fffa6b5cca4
0x00000072a8dfee40:   00007fffa3450000 0000000000000a40 

Instructions: (pc=0x00007fff42af4064)
0x00007fff42af3f64:   0f c1 05 15 74 4a 00 ff c0 48 8d 0d 0c 70 4a 00
0x00007fff42af3f74:   83 e0 7f 48 87 1c c1 48 85 db 74 0d 48 8b cb 48
0x00007fff42af3f84:   83 c4 20 5b e9 c3 f0 ff ff 48 83 c4 20 5b c3 cc
0x00007fff42af3f94:   cc cc cc cc cc cc cc cc cc cc cc cc 40 53 55 56
0x00007fff42af3fa4:   57 41 54 41 57 48 81 ec 98 08 00 00 48 8b 05 b1
0x00007fff42af3fb4:   12 44 00 48 33 c4 48 89 84 24 80 08 00 00 48 8b
0x00007fff42af3fc4:   79 10 4d 8b f8 48 8b 9a a8 01 00 00 4c 8b e2 48
0x00007fff42af3fd4:   8b ac 24 f0 08 00 00 48 8b c3 48 8b b4 24 f8 08
0x00007fff42af3fe4:   00 00 4c 89 4c 24 68 4c 89 44 24 60 48 89 54 24
0x00007fff42af3ff4:   58 48 89 4c 24 50 48 89 6c 24 40 48 89 74 24 30
0x00007fff42af4004:   48 89 7c 24 48 f6 c3 01 75 0b 48 8b 05 fb 17 48
0x00007fff42af4014:   00 48 83 c8 01 4c 89 ac 24 d8 08 00 00 4c 89 b4
0x00007fff42af4024:   24 90 08 00 00 48 89 82 a8 01 00 00 e8 bb a5 ea
0x00007fff42af4034:   ff 90 4c 3b 7c 24 68 0f 83 96 03 00 00 48 8b 07
0x00007fff42af4044:   4a 8b 0c f8 4e 8d 3c f8 48 83 e1 fc 0f 84 69 03
0x00007fff42af4054:   00 00 66 66 0f 1f 84 00 00 00 00 00 48 ff 45 00
0x00007fff42af4064:   8b 41 08 0f b7 c0 85 c0 74 0d 48 8b 09 48 85 c9
0x00007fff42af4074:   75 ea e9 44 03 00 00 49 89 9c 24 a8 01 00 00 33
0x00007fff42af4084:   db 49 8b 07 a8 01 75 15 49 8b 07 48 83 e0 fc 48
0x00007fff42af4094:   8b c8 48 83 c9 01 f0 49 0f b1 0f 74 18 ff c3 81
0x00007fff42af40a4:   fb 00 20 00 00 75 07 e8 20 5a eb ff eb d1 e8 09
0x00007fff42af40b4:   b3 7f ff eb cc 49 8b 3f 33 c9 33 d2 89 4c 24 20
0x00007fff42af40c4:   33 db 48 89 54 24 28 48 89 5c 24 38 4d 8b ef 48
0x00007fff42af40d4:   83 e7 fc 0f 84 5f 01 00 00 be 01 00 00 00 0f 1f
0x00007fff42af40e4:   40 00 66 66 0f 1f 84 00 00 00 00 00 48 ff 45 00
0x00007fff42af40f4:   8b 47 08 0f b7 c0 4c 63 e6 85 c0 0f 85 1e 01 00
0x00007fff42af4104:   00 48 81 fb 00 01 00 00 73 0d 48 89 bc dc 80 00
0x00007fff42af4114:   00 00 e9 be 00 00 00 48 81 fb ff ff ff 7f 0f 83
0x00007fff42af4124:   e7 02 00 00 8d 6e ff 3b e9 0f 85 9a 00 00 00 85
0x00007fff42af4134:   f6 0f 8e c4 00 00 00 85 ee 0f 85 bc 00 00 00 8b
0x00007fff42af4144:   de 89 5c 24 20 41 b0 0b ba 08 00 00 00 8b cb e8
0x00007fff42af4154:   98 a8 b8 ff 48 8b 54 24 28 4c 8b f0 45 33 c9 85 


Stack slot to memory mapping:

stack at sp + 0 slots: 0x0000000000000001 is an unknown value
stack at sp + 1 slots: 0x0000007200000000 is an unknown value
stack at sp + 2 slots: 0x0 is null
stack at sp + 3 slots: 0x0 is null
stack at sp + 4 slots: 0x0 is null
stack at sp + 5 slots: 0x0 is null
stack at sp + 6 slots: 0x00000072a8dff5f0 is pointing into the stack for thread: 0x000001d24e032d50
stack at sp + 7 slots: 0x0000000000000001 is an unknown value


---------------  P R O C E S S  ---------------

Threads class SMR info:
_java_thread_list=0x000001d255fb3f50, length=49, elements={
0x000001d24e02e580, 0x000001d24e02efd0, 0x000001d24e0312f0, 0x000001d24e0321d0,
0x000001d24e032d50, 0x000001d24e037de0, 0x000001d24e042980, 0x000001d24e110350,
0x000001d24e1fa040, 0x000001d24e9173e0, 0x000001d24e91fe70, 0x000001d24e92e910,
0x000001d2531874b0, 0x000001d253186dc0, 0x000001d2531c7e00, 0x000001d25326a0d0,
0x000001d253268d20, 0x000001d25326b480, 0x000001d25326bb10, 0x000001d253268690,
0x000001d2532693b0, 0x000001d2553de9b0, 0x000001d2553e1110, 0x000001d2553df6d0,
0x000001d2553df040, 0x000001d2553e03f0, 0x000001d2553e17a0, 0x000001d2553e0a80,
0x000001d2553e2b50, 0x000001d2553e24c0, 0x000001d2553e31e0, 0x000001d2553dfd60,
0x000001d2553e4590, 0x000001d2553e3f00, 0x000001d2553e4c20, 0x000001d2553e3870,
0x000001d2553e5fd0, 0x000001d2553e1e30, 0x000001d2553e52b0, 0x000001d2553e5940,
0x000001d24e168410, 0x000001d253cdd260, 0x000001d255ca0330, 0x000001d25b95c0d0,
0x000001d255f60170, 0x000001d255c58440, 0x000001d254d44ce0, 0x000001d253cdbf40,
0x000001d24e9e70b0
}

Java Threads: ( => current thread )
  0x000001d24e02e580 JavaThread "Reference Handler"          daemon [_thread_blocked, id=28268, stack(0x00000072a8900000,0x00000072a8a00000) (1024K)]
  0x000001d24e02efd0 JavaThread "Finalizer"                  daemon [_thread_blocked, id=13104, stack(0x00000072a8a00000,0x00000072a8b00000) (1024K)]
  0x000001d24e0312f0 JavaThread "Signal Dispatcher"          daemon [_thread_blocked, id=27148, stack(0x00000072a8b00000,0x00000072a8c00000) (1024K)]
  0x000001d24e0321d0 JavaThread "Attach Listener"            daemon [_thread_blocked, id=28108, stack(0x00000072a8c00000,0x00000072a8d00000) (1024K)]
=>0x000001d24e032d50 JavaThread "Service Thread"             daemon [_thread_in_vm, id=26252, stack(0x00000072a8d00000,0x00000072a8e00000) (1024K)]
  0x000001d24e037de0 JavaThread "Monitor Deflation Thread"   daemon [_thread_blocked, id=23252, stack(0x00000072a8e00000,0x00000072a8f00000) (1024K)]
  0x000001d24e042980 JavaThread "C1 CompilerThread0"         daemon [_thread_blocked, id=27012, stack(0x00000072a8f00000,0x00000072a9000000) (1024K)]
  0x000001d24e110350 JavaThread "Common-Cleaner"             daemon [_thread_blocked, id=28372, stack(0x00000072a9100000,0x00000072a9200000) (1024K)]
  0x000001d24e1fa040 JavaThread "Notification Thread"        daemon [_thread_blocked, id=17548, stack(0x00000072a9500000,0x00000072a9600000) (1024K)]
  0x000001d24e9173e0 JavaThread "RMI TCP Accept-0"           daemon [_thread_in_native, id=23852, stack(0x00000072a9600000,0x00000072a9700000) (1024K)]
  0x000001d24e91fe70 JavaThread "RMI TCP Accept-62911"       daemon [_thread_in_native, id=29492, stack(0x00000072a9700000,0x00000072a9800000) (1024K)]
  0x000001d24e92e910 JavaThread "RMI TCP Accept-0"           daemon [_thread_in_native, id=28528, stack(0x00000072a9800000,0x00000072a9900000) (1024K)]
  0x000001d2531874b0 JavaThread "RMI Scheduler(0)"           daemon [_thread_blocked, id=18376, stack(0x00000072aa500000,0x00000072aa600000) (1024K)]
  0x000001d253186dc0 JavaThread "RMI TCP Connection(idle)"   daemon [_thread_blocked, id=27744, stack(0x00000072aa600000,0x00000072aa700000) (1024K)]
  0x000001d2531c7e00 JavaThread "JMX server connection timeout 47" daemon [_thread_blocked, id=4908, stack(0x00000072aa700000,0x00000072aa800000) (1024K)]
  0x000001d25326a0d0 JavaThread "logback-1"                  daemon [_thread_blocked, id=21136, stack(0x00000072aaa00000,0x00000072aab00000) (1024K)]
  0x000001d253268d20 JavaThread "Catalina-utility-1"                [_thread_blocked, id=27032, stack(0x00000072ab400000,0x00000072ab500000) (1024K)]
  0x000001d25326b480 JavaThread "Catalina-utility-2"                [_thread_blocked, id=27028, stack(0x00000072ab500000,0x00000072ab600000) (1024K)]
  0x000001d25326bb10 JavaThread "container-0"                       [_thread_blocked, id=25612, stack(0x00000072ab600000,0x00000072ab700000) (1024K)]
  0x000001d253268690 JavaThread "Cleaner-0"                  daemon [_thread_blocked, id=9872, stack(0x00000072ab800000,0x00000072ab900000) (1024K)]
  0x000001d2532693b0 JavaThread "HikariPool-1:housekeeper"   daemon [_thread_blocked, id=28760, stack(0x00000072ab900000,0x00000072aba00000) (1024K)]
  0x000001d2553de9b0 JavaThread "HttpClient-1-SelectorManager" daemon [_thread_in_native, id=9188, stack(0x00000072abb00000,0x00000072abc00000) (1024K)]
  0x000001d2553e1110 JavaThread "File Watcher"               daemon [_thread_in_native, id=27684, stack(0x00000072abc00000,0x00000072abd00000) (1024K)]
  0x000001d2553df6d0 JavaThread "http-nio-8777-exec-1"       daemon [_thread_blocked, id=26128, stack(0x00000072abd00000,0x00000072abe00000) (1024K)]
  0x000001d2553df040 JavaThread "http-nio-8777-exec-2"       daemon [_thread_blocked, id=1484, stack(0x00000072abe00000,0x00000072abf00000) (1024K)]
  0x000001d2553e03f0 JavaThread "http-nio-8777-exec-3"       daemon [_thread_blocked, id=3408, stack(0x00000072abf00000,0x00000072ac000000) (1024K)]
  0x000001d2553e17a0 JavaThread "http-nio-8777-exec-4"       daemon [_thread_blocked, id=28784, stack(0x00000072ac000000,0x00000072ac100000) (1024K)]
  0x000001d2553e0a80 JavaThread "http-nio-8777-exec-5"       daemon [_thread_blocked, id=25888, stack(0x00000072ac100000,0x00000072ac200000) (1024K)]
  0x000001d2553e2b50 JavaThread "http-nio-8777-exec-6"       daemon [_thread_blocked, id=26648, stack(0x00000072ac200000,0x00000072ac300000) (1024K)]
  0x000001d2553e24c0 JavaThread "http-nio-8777-exec-7"       daemon [_thread_blocked, id=15140, stack(0x00000072ac300000,0x00000072ac400000) (1024K)]
  0x000001d2553e31e0 JavaThread "http-nio-8777-exec-8"       daemon [_thread_blocked, id=19692, stack(0x00000072ac400000,0x00000072ac500000) (1024K)]
  0x000001d2553dfd60 JavaThread "http-nio-8777-exec-9"       daemon [_thread_blocked, id=12204, stack(0x00000072ac500000,0x00000072ac600000) (1024K)]
  0x000001d2553e4590 JavaThread "http-nio-8777-exec-10"      daemon [_thread_blocked, id=29116, stack(0x00000072ac600000,0x00000072ac700000) (1024K)]
  0x000001d2553e3f00 JavaThread "http-nio-8777-Poller"       daemon [_thread_in_native, id=8188, stack(0x00000072ac700000,0x00000072ac800000) (1024K)]
  0x000001d2553e4c20 JavaThread "http-nio-8777-Acceptor"     daemon [_thread_in_native, id=27548, stack(0x00000072ac800000,0x00000072ac900000) (1024K)]
  0x000001d2553e3870 JavaThread "scheduling-1"                      [_thread_blocked, id=27456, stack(0x00000072ac900000,0x00000072aca00000) (1024K)]
  0x000001d2553e5fd0 JavaThread "DestroyJavaVM"                     [_thread_blocked, id=19488, stack(0x00000072a8100000,0x00000072a8200000) (1024K)]
  0x000001d2553e1e30 JavaThread "logback-2"                  daemon [_thread_blocked, id=8604, stack(0x00000072a9300000,0x00000072a9400000) (1024K)]
  0x000001d2553e52b0 JavaThread "logback-3"                  daemon [_thread_blocked, id=15588, stack(0x00000072a7e00000,0x00000072a7f00000) (1024K)]
  0x000001d2553e5940 JavaThread "logback-4"                  daemon [_thread_blocked, id=24184, stack(0x00000072a7f00000,0x00000072a8000000) (1024K)]
  0x000001d24e168410 JavaThread "C1 CompilerThread1"         daemon [_thread_blocked, id=17044, stack(0x00000072a8000000,0x00000072a8100000) (1024K)]
  0x000001d253cdd260 JavaThread "C1 CompilerThread2"         daemon [_thread_blocked, id=29504, stack(0x00000072a9000000,0x00000072a9100000) (1024K)]
  0x000001d255ca0330 JavaThread "C1 CompilerThread3"         daemon [_thread_blocked, id=29660, stack(0x00000072a9400000,0x00000072a9500000) (1024K)]
  0x000001d25b95c0d0 JavaThread "C1 CompilerThread4"         daemon [_thread_blocked, id=17416, stack(0x00000072aa400000,0x00000072aa500000) (1024K)]
  0x000001d255f60170 JavaThread "C1 CompilerThread5"         daemon [_thread_blocked, id=20088, stack(0x00000072aa800000,0x00000072aa900000) (1024K)]
  0x000001d255c58440 JavaThread "C1 CompilerThread6"         daemon [_thread_blocked, id=28736, stack(0x00000072aa900000,0x00000072aaa00000) (1024K)]
  0x000001d254d44ce0 JavaThread "C1 CompilerThread7"         daemon [_thread_blocked, id=17472, stack(0x00000072aab00000,0x00000072aac00000) (1024K)]
  0x000001d253cdbf40 JavaThread "C1 CompilerThread8"         daemon [_thread_blocked, id=28132, stack(0x00000072aac00000,0x00000072aad00000) (1024K)]
  0x000001d24e9e70b0 JavaThread "C1 CompilerThread9"         daemon [_thread_blocked, id=8348, stack(0x00000072aad00000,0x00000072aae00000) (1024K)]
Total: 49

Other Threads:
  0x000001d24e00fd00 VMThread "VM Thread"                           [id=20224, stack(0x00000072a8800000,0x00000072a8900000) (1024K)]
  0x000001d20a15b560 WatcherThread "VM Periodic Task Thread"        [id=1560, stack(0x00000072a8700000,0x00000072a8800000) (1024K)]
  0x000001d27906adb0 WorkerThread "GC Thread#0"                     [id=16984, stack(0x00000072a8200000,0x00000072a8300000) (1024K)]
  0x000001d24eb82bb0 WorkerThread "GC Thread#1"                     [id=1500, stack(0x00000072a9900000,0x00000072a9a00000) (1024K)]
  0x000001d24eb82f50 WorkerThread "GC Thread#2"                     [id=2052, stack(0x00000072a9a00000,0x00000072a9b00000) (1024K)]
  0x000001d24eb832f0 WorkerThread "GC Thread#3"                     [id=23284, stack(0x00000072a9b00000,0x00000072a9c00000) (1024K)]
  0x000001d24eb876a0 WorkerThread "GC Thread#4"                     [id=20104, stack(0x00000072a9c00000,0x00000072a9d00000) (1024K)]
  0x000001d24eb87a40 WorkerThread "GC Thread#5"                     [id=28816, stack(0x00000072a9d00000,0x00000072a9e00000) (1024K)]
  0x000001d24eb87de0 WorkerThread "GC Thread#6"                     [id=28836, stack(0x00000072a9e00000,0x00000072a9f00000) (1024K)]
  0x000001d24eb90190 WorkerThread "GC Thread#7"                     [id=24844, stack(0x00000072a9f00000,0x00000072aa000000) (1024K)]
  0x000001d24eb90530 WorkerThread "GC Thread#8"                     [id=26496, stack(0x00000072aa000000,0x00000072aa100000) (1024K)]
  0x000001d24eb95100 WorkerThread "GC Thread#9"                     [id=13680, stack(0x00000072aa100000,0x00000072aa200000) (1024K)]
  0x000001d24eb954a0 WorkerThread "GC Thread#10"                    [id=27820, stack(0x00000072aa200000,0x00000072aa300000) (1024K)]
  0x000001d24eb95840 WorkerThread "GC Thread#11"                    [id=24360, stack(0x00000072aa300000,0x00000072aa400000) (1024K)]
  0x000001d253359f60 WorkerThread "GC Thread#12"                    [id=27656, stack(0x00000072ab100000,0x00000072ab200000) (1024K)]
  0x000001d27906c410 ConcurrentGCThread "G1 Main Marker"            [id=27676, stack(0x00000072a8300000,0x00000072a8400000) (1024K)]
  0x000001d27906dfd0 WorkerThread "G1 Conc#0"                       [id=18148, stack(0x00000072a8400000,0x00000072a8500000) (1024K)] _threads_hazard_ptr=0x000001d255fb3f50
  0x000001d25335a300 WorkerThread "G1 Conc#1"                       [id=25464, stack(0x00000072ab200000,0x00000072ab300000) (1024K)] _threads_hazard_ptr=0x000001d255fb3f50
  0x000001d253359480 WorkerThread "G1 Conc#2"                       [id=12392, stack(0x00000072ab300000,0x00000072ab400000) (1024K)] _threads_hazard_ptr=0x000001d255fb3f50
  0x000001d20a021eb0 ConcurrentGCThread "G1 Refine#0"               [id=28656, stack(0x00000072a8500000,0x00000072a8600000) (1024K)]
  0x000001d20a0247e0 ConcurrentGCThread "G1 Service"                [id=24296, stack(0x00000072a8600000,0x00000072a8700000) (1024K)]
Total: 21

Threads with active compile tasks:
Total: 0

VM state: not at safepoint (normal execution)

VM Mutex/Monitor currently owned by a thread: None

Heap address: 0x0000000604c00000, size: 8116 MB, Compressed Oops mode: Zero based, Oop shift amount: 3

CDS archive(s) mapped at: [0x000001d20d000000-0x000001d20dc80000-0x000001d20dc80000), size 13107200, SharedBaseAddress: 0x000001d20d000000, ArchiveRelocationMode: 1.
Compressed class space mapped at: 0x000001d20e000000-0x000001d24e000000, reserved size: 1073741824
Narrow klass base: 0x000001d20d000000, Narrow klass shift: 0, Narrow klass range: 0x100000000

GC Precious Log:
 CardTable entry size: 512
 Card Set container configuration: InlinePtr #cards 4 size 8 Array Of Cards #cards 32 size 80 Howl #buckets 8 coarsen threshold 7372 Howl Bitmap #cards 1024 size 144 coarsen threshold 921 Card regions per heap region 1 cards per card region 8192
 CPUs: 16 total, 16 available
 Memory: 32454M
 Large Page Support: Disabled
 NUMA Support: Disabled
 Compressed Oops: Enabled (Zero based)
 Heap Region Size: 4M
 Heap Min Capacity: 8M
 Heap Initial Capacity: 508M
 Heap Max Capacity: 8116M
 Pre-touch: Disabled
 Parallel Workers: 13
 Concurrent Workers: 3
 Concurrent Refinement Workers: 13
 Periodic GC: Disabled

Heap:
 garbage-first heap   total 274432K, used 84267K [0x0000000604c00000, 0x0000000800000000)
  region size 4096K, 2 young (8192K), 1 survivors (4096K)
 Metaspace       used 113375K, committed 115136K, reserved 1179648K
  class space    used 15862K, committed 16640K, reserved 1048576K

Heap Regions: E=young(eden), S=young(survivor), O=old, HS=humongous(starts), HC=humongous(continues), CS=collection set, F=free, TAMS=top-at-mark-start, PB=parsable bottom
|   0|0x0000000604c00000, 0x0000000605000000, 0x0000000605000000|100%| O|  |TAMS 0x0000000605000000| PB 0x0000000604c00000| Untracked 
|   1|0x0000000605000000, 0x0000000605400000, 0x0000000605400000|100%| O|  |TAMS 0x0000000605400000| PB 0x0000000605000000| Untracked 
|   2|0x0000000605400000, 0x0000000605800000, 0x0000000605800000|100%| O|  |TAMS 0x0000000605800000| PB 0x0000000605400000| Updating 
|   3|0x0000000605800000, 0x0000000605c00000, 0x0000000605c00000|100%| O|  |TAMS 0x0000000605c00000| PB 0x0000000605800000| Untracked 
|   4|0x0000000605c00000, 0x0000000606000000, 0x0000000606000000|100%| O|  |TAMS 0x0000000606000000| PB 0x0000000605c00000| Updating 
|   5|0x0000000606000000, 0x0000000606400000, 0x0000000606400000|100%| O|  |TAMS 0x0000000606400000| PB 0x0000000606000000| Updating 
|   6|0x0000000606400000, 0x0000000606800000, 0x0000000606800000|100%| O|  |TAMS 0x0000000606800000| PB 0x0000000606800000| Untracked 
|   7|0x0000000606800000, 0x0000000606c00000, 0x0000000606c00000|100%| O|  |TAMS 0x0000000606c00000| PB 0x0000000606c00000| Untracked 
|   8|0x0000000606c00000, 0x0000000607000000, 0x0000000607000000|100%| O|  |TAMS 0x0000000607000000| PB 0x0000000607000000| Updating 
|   9|0x0000000607000000, 0x0000000607400000, 0x0000000607400000|100%| O|  |TAMS 0x0000000607400000| PB 0x0000000607400000| Updating 
|  10|0x0000000607400000, 0x0000000607800000, 0x0000000607800000|100%| O|  |TAMS 0x000000060742aae0| PB 0x000000060742aae0| Untracked 
|  11|0x0000000607800000, 0x0000000607c00000, 0x0000000607c00000|100%| O|  |TAMS 0x0000000607c00000| PB 0x0000000607c00000| Updating 
|  12|0x0000000607c00000, 0x0000000608000000, 0x0000000608000000|100%| O|  |TAMS 0x0000000608000000| PB 0x0000000608000000| Untracked 
|  13|0x0000000608000000, 0x00000006080c2be0, 0x0000000608400000| 19%| O|  |TAMS 0x0000000608000000| PB 0x0000000608000000| Updating 
|  14|0x0000000608400000, 0x0000000608800000, 0x0000000608800000|100%| O|  |TAMS 0x0000000608800000| PB 0x0000000608800000| Untracked 
|  15|0x0000000608800000, 0x0000000608c00000, 0x0000000608c00000|100%| O|  |TAMS 0x0000000608c00000| PB 0x0000000608c00000| Untracked 
|  16|0x0000000608c00000, 0x0000000609000000, 0x0000000609000000|100%| O|  |TAMS 0x0000000609000000| PB 0x0000000609000000| Untracked 
|  17|0x0000000609000000, 0x0000000609400000, 0x0000000609400000|100%| O|  |TAMS 0x0000000609400000| PB 0x0000000609400000| Untracked 
|  18|0x0000000609400000, 0x0000000609800000, 0x0000000609800000|100%| O|  |TAMS 0x0000000609800000| PB 0x0000000609800000| Untracked 
|  19|0x0000000609800000, 0x0000000609800000, 0x0000000609c00000|  0%| F|  |TAMS 0x0000000609800000| PB 0x0000000609800000| Untracked 
|  20|0x0000000609c00000, 0x0000000609c00000, 0x000000060a000000|  0%| F|  |TAMS 0x0000000609c00000| PB 0x0000000609c00000| Untracked 
|  21|0x000000060a000000, 0x000000060a400000, 0x000000060a400000|100%| O|  |TAMS 0x000000060a400000| PB 0x000000060a400000| Untracked 
|  22|0x000000060a400000, 0x000000060a800000, 0x000000060a800000|100%| O|  |TAMS 0x000000060a800000| PB 0x000000060a800000| Untracked 
|  23|0x000000060a800000, 0x000000060a800000, 0x000000060ac00000|  0%| F|  |TAMS 0x000000060a800000| PB 0x000000060a800000| Untracked 
|  24|0x000000060ac00000, 0x000000060ac00000, 0x000000060b000000|  0%| F|  |TAMS 0x000000060ac00000| PB 0x000000060ac00000| Untracked 
|  25|0x000000060b000000, 0x000000060b000000, 0x000000060b400000|  0%| F|  |TAMS 0x000000060b000000| PB 0x000000060b000000| Untracked 
|  26|0x000000060b400000, 0x000000060b400000, 0x000000060b800000|  0%| F|  |TAMS 0x000000060b400000| PB 0x000000060b400000| Untracked 
|  27|0x000000060b800000, 0x000000060b800000, 0x000000060bc00000|  0%| F|  |TAMS 0x000000060b800000| PB 0x000000060b800000| Untracked 
|  28|0x000000060bc00000, 0x000000060bc00000, 0x000000060c000000|  0%| F|  |TAMS 0x000000060bc00000| PB 0x000000060bc00000| Untracked 
|  29|0x000000060c000000, 0x000000060c000000, 0x000000060c400000|  0%| F|  |TAMS 0x000000060c000000| PB 0x000000060c000000| Untracked 
|  30|0x000000060c400000, 0x000000060c400000, 0x000000060c800000|  0%| F|  |TAMS 0x000000060c400000| PB 0x000000060c400000| Untracked 
|  31|0x000000060c800000, 0x000000060c800000, 0x000000060cc00000|  0%| F|  |TAMS 0x000000060c800000| PB 0x000000060c800000| Untracked 
|  32|0x000000060cc00000, 0x000000060cc00000, 0x000000060d000000|  0%| F|  |TAMS 0x000000060cc00000| PB 0x000000060cc00000| Untracked 
|  33|0x000000060d000000, 0x000000060d000000, 0x000000060d400000|  0%| F|  |TAMS 0x000000060d000000| PB 0x000000060d000000| Untracked 
|  34|0x000000060d400000, 0x000000060d400000, 0x000000060d800000|  0%| F|  |TAMS 0x000000060d400000| PB 0x000000060d400000| Untracked 
|  35|0x000000060d800000, 0x000000060d800000, 0x000000060dc00000|  0%| F|  |TAMS 0x000000060d800000| PB 0x000000060d800000| Untracked 
|  36|0x000000060dc00000, 0x000000060dc00000, 0x000000060e000000|  0%| F|  |TAMS 0x000000060dc00000| PB 0x000000060dc00000| Untracked 
|  37|0x000000060e000000, 0x000000060e000000, 0x000000060e400000|  0%| F|  |TAMS 0x000000060e000000| PB 0x000000060e000000| Untracked 
|  38|0x000000060e400000, 0x000000060e400000, 0x000000060e800000|  0%| F|  |TAMS 0x000000060e400000| PB 0x000000060e400000| Untracked 
|  39|0x000000060e800000, 0x000000060e800000, 0x000000060ec00000|  0%| F|  |TAMS 0x000000060e800000| PB 0x000000060e800000| Untracked 
|  40|0x000000060ec00000, 0x000000060ec00000, 0x000000060f000000|  0%| F|  |TAMS 0x000000060ec00000| PB 0x000000060ec00000| Untracked 
|  41|0x000000060f000000, 0x000000060f000000, 0x000000060f400000|  0%| F|  |TAMS 0x000000060f000000| PB 0x000000060f000000| Untracked 
|  42|0x000000060f400000, 0x000000060f400000, 0x000000060f800000|  0%| F|  |TAMS 0x000000060f400000| PB 0x000000060f400000| Untracked 
|  43|0x000000060f800000, 0x000000060f800000, 0x000000060fc00000|  0%| F|  |TAMS 0x000000060f800000| PB 0x000000060f800000| Untracked 
|  44|0x000000060fc00000, 0x000000060fc00000, 0x0000000610000000|  0%| F|  |TAMS 0x000000060fc00000| PB 0x000000060fc00000| Untracked 
|  45|0x0000000610000000, 0x0000000610000000, 0x0000000610400000|  0%| F|  |TAMS 0x0000000610000000| PB 0x0000000610000000| Untracked 
|  46|0x0000000610400000, 0x0000000610400000, 0x0000000610800000|  0%| F|  |TAMS 0x0000000610400000| PB 0x0000000610400000| Untracked 
|  47|0x0000000610800000, 0x0000000610800000, 0x0000000610c00000|  0%| F|  |TAMS 0x0000000610800000| PB 0x0000000610800000| Untracked 
|  48|0x0000000610c00000, 0x0000000610c00000, 0x0000000611000000|  0%| F|  |TAMS 0x0000000610c00000| PB 0x0000000610c00000| Untracked 
|  49|0x0000000611000000, 0x0000000611000000, 0x0000000611400000|  0%| F|  |TAMS 0x0000000611000000| PB 0x0000000611000000| Untracked 
|  50|0x0000000611400000, 0x0000000611588380, 0x0000000611800000| 38%| S|CS|TAMS 0x0000000611400000| PB 0x0000000611400000| Complete 
|  51|0x0000000611800000, 0x0000000611800000, 0x0000000611c00000|  0%| F|  |TAMS 0x0000000611800000| PB 0x0000000611800000| Untracked 
|  52|0x0000000611c00000, 0x0000000611c00000, 0x0000000612000000|  0%| F|  |TAMS 0x0000000611c00000| PB 0x0000000611c00000| Untracked 
|  53|0x0000000612000000, 0x0000000612000000, 0x0000000612400000|  0%| F|  |TAMS 0x0000000612000000| PB 0x0000000612000000| Untracked 
|  54|0x0000000612400000, 0x0000000612400000, 0x0000000612800000|  0%| F|  |TAMS 0x0000000612400000| PB 0x0000000612400000| Untracked 
|  55|0x0000000612800000, 0x0000000612800000, 0x0000000612c00000|  0%| F|  |TAMS 0x0000000612800000| PB 0x0000000612800000| Untracked 
|  56|0x0000000612c00000, 0x0000000612c00000, 0x0000000613000000|  0%| F|  |TAMS 0x0000000612c00000| PB 0x0000000612c00000| Untracked 
|  57|0x0000000613000000, 0x0000000613000000, 0x0000000613400000|  0%| F|  |TAMS 0x0000000613000000| PB 0x0000000613000000| Untracked 
|  58|0x0000000613400000, 0x0000000613400000, 0x0000000613800000|  0%| F|  |TAMS 0x0000000613400000| PB 0x0000000613400000| Untracked 
|  59|0x0000000613800000, 0x0000000613800000, 0x0000000613c00000|  0%| F|  |TAMS 0x0000000613800000| PB 0x0000000613800000| Untracked 
|  60|0x0000000613c00000, 0x0000000613c00000, 0x0000000614000000|  0%| F|  |TAMS 0x0000000613c00000| PB 0x0000000613c00000| Untracked 
|  61|0x0000000614000000, 0x0000000614000000, 0x0000000614400000|  0%| F|  |TAMS 0x0000000614000000| PB 0x0000000614000000| Untracked 
|  62|0x0000000614400000, 0x0000000614400000, 0x0000000614800000|  0%| F|  |TAMS 0x0000000614400000| PB 0x0000000614400000| Untracked 
|  63|0x0000000614800000, 0x0000000614800000, 0x0000000614c00000|  0%| F|  |TAMS 0x0000000614800000| PB 0x0000000614800000| Untracked 
|  64|0x0000000614c00000, 0x0000000614c00000, 0x0000000615000000|  0%| F|  |TAMS 0x0000000614c00000| PB 0x0000000614c00000| Untracked 
|  65|0x0000000615000000, 0x0000000615000000, 0x0000000615400000|  0%| F|  |TAMS 0x0000000615000000| PB 0x0000000615000000| Untracked 
| 126|0x0000000624400000, 0x00000006246f5758, 0x0000000624800000| 73%| E|  |TAMS 0x0000000624400000| PB 0x0000000624400000| Complete 

Card table byte_map: [0x000001d200fe0000,0x000001d201fc0000] _byte_map_base: 0x000001d1fdfba000

Marking Bits: (CMBitMap*) 0x000001d27906b3c0
 Bits: [0x000001d201fc0000, 0x000001d209e90000)

Polling page: 0x000001d276e40000

Metaspace:

Usage:
  Non-class:     95.23 MB used.
      Class:     15.49 MB used.
       Both:    110.72 MB used.

Virtual space:
  Non-class space:      128.00 MB reserved,      96.19 MB ( 75%) committed,  2 nodes.
      Class space:        1.00 GB reserved,      16.25 MB (  2%) committed,  1 nodes.
             Both:        1.12 GB reserved,     112.44 MB ( 10%) committed. 

Chunk freelists:
   Non-Class:  15.45 MB
       Class:  16.12 MB
        Both:  31.57 MB

MaxMetaspaceSize: unlimited
CompressedClassSpaceSize: 1.00 GB
Initial GC threshold: 21.00 MB
Current GC threshold: 187.44 MB
CDS: on
 - commit_granule_bytes: 65536.
 - commit_granule_words: 8192.
 - virtual_space_node_default_size: 8388608.
 - enlarge_chunks_in_place: 1.
 - use_allocation_guard: 0.


Internal statistics:

num_allocs_failed_limit: 6.
num_arena_births: 2262.
num_arena_deaths: 1006.
num_vsnodes_births: 3.
num_vsnodes_deaths: 0.
num_space_committed: 1799.
num_space_uncommitted: 0.
num_chunks_returned_to_freelist: 1254.
num_chunks_taken_from_freelist: 6815.
num_chunk_merges: 382.
num_chunk_splits: 4592.
num_chunks_enlarged: 3321.
num_inconsistent_stats: 0.

CodeCache: size=49152Kb used=13951Kb max_used=24937Kb free=35200Kb
 bounds [0x000001d27c940000, 0x000001d27e4f0000, 0x000001d27f940000]
 total_blobs=5178 nmethods=4333 adapters=759
 compilation: enabled
              stopped_count=0, restarted_count=0
 full_count=0

Compilation events (20 events):
Event: 1840.752 Thread 0x000001d255ca0330 16564       1       org.hibernate.engine.spi.ActionQueue::sortCollectionActions (64 bytes)
Event: 1840.752 Thread 0x000001d255ca0330 nmethod 16564 0x000001d27ced2690 code [0x000001d27ced2880, 0x000001d27ced2ae8]
Event: 1840.752 Thread 0x000001d255c58440 16565       1       org.hibernate.engine.spi.ActionQueue::numberOfDeletions (42 bytes)
Event: 1840.752 Thread 0x000001d255c58440 nmethod 16565 0x000001d27cee9690 code [0x000001d27cee9820, 0x000001d27cee9948]
Event: 1840.767 Thread 0x000001d255f60170 16566       1       org.hibernate.engine.spi.ActionQueue::sortActions (43 bytes)
Event: 1840.767 Thread 0x000001d255f60170 nmethod 16566 0x000001d27cbb2d10 code [0x000001d27cbb2ee0, 0x000001d27cbb3170]
Event: 1840.769 Thread 0x000001d24e042980 16567       1       org.hibernate.event.internal.AbstractFlushingEventListener::flushCollections (71 bytes)
Event: 1840.770 Thread 0x000001d254d44ce0 16568       1       org.hibernate.event.internal.EventListenerLogging_$logger::processingUnreferencedCollections (23 bytes)
Event: 1840.770 Thread 0x000001d254d44ce0 nmethod 16568 0x000001d27cc26b10 code [0x000001d27cc26cc0, 0x000001d27cc26e80]
Event: 1840.770 Thread 0x000001d24e042980 nmethod 16567 0x000001d27cdda110 code [0x000001d27cdda360, 0x000001d27cddaa28]
Event: 1840.770 Thread 0x000001d255ca0330 16569       1       org.hibernate.event.internal.AbstractFlushingEventListener$$Lambda/0x000001d20ef48660::<init> (20 bytes)
Event: 1840.770 Thread 0x000001d255ca0330 nmethod 16569 0x000001d27cbe9e90 code [0x000001d27cbea040, 0x000001d27cbea230]
Event: 1840.770 Thread 0x000001d255c58440 16570       1       org.hibernate.event.internal.AbstractFlushingEventListener::logFlushResults (117 bytes)
Event: 1840.771 Thread 0x000001d255f60170 16571       1       org.hibernate.engine.spi.ActionQueue::numberOfInsertions (19 bytes)
Event: 1840.771 Thread 0x000001d255c58440 nmethod 16570 0x000001d27cc38310 code [0x000001d27cc38560, 0x000001d27cc38bb8]
Event: 1840.771 Thread 0x000001d255f60170 nmethod 16571 0x000001d27ca59a90 code [0x000001d27ca59c40, 0x000001d27ca59d58]
Event: 1840.771 Thread 0x000001d255ca0330 16572       1       org.hibernate.engine.spi.ActionQueue::numberOfUpdates (19 bytes)
Event: 1840.771 Thread 0x000001d255ca0330 nmethod 16572 0x000001d27caf8f10 code [0x000001d27caf90c0, 0x000001d27caf91d8]
Event: 1840.771 Thread 0x000001d253cdd260 16573       1       org.hibernate.event.internal.EventListenerLogging_$logger::flushedEntitiesSummary (52 bytes)
Event: 1840.772 Thread 0x000001d253cdd260 nmethod 16573 0x000001d27cdf1c90 code [0x000001d27cdf1e80, 0x000001d27cdf2618]

GC Heap History (20 events):
Event: 902.054 GC heap before
{Heap before GC invocations=39 (full 0):
 garbage-first heap   total 274432K, used 242193K [0x0000000604c00000, 0x0000000800000000)
  region size 4096K, 40 young (163840K), 2 survivors (8192K)
 Metaspace       used 113387K, committed 115136K, reserved 1179648K
  class space    used 15868K, committed 16640K, reserved 1048576K
}
Event: 902.057 GC heap after
{Heap after GC invocations=40 (full 0):
 garbage-first heap   total 274432K, used 86657K [0x0000000604c00000, 0x0000000800000000)
  region size 4096K, 2 young (8192K), 2 survivors (8192K)
 Metaspace       used 113387K, committed 115136K, reserved 1179648K
  class space    used 15868K, committed 16640K, reserved 1048576K
}
Event: 999.069 GC heap before
{Heap before GC invocations=41 (full 0):
 garbage-first heap   total 274432K, used 242305K [0x0000000604c00000, 0x0000000800000000)
  region size 4096K, 40 young (163840K), 2 survivors (8192K)
 Metaspace       used 113385K, committed 115136K, reserved 1179648K
  class space    used 15868K, committed 16640K, reserved 1048576K
}
Event: 999.072 GC heap after
{Heap after GC invocations=42 (full 0):
 garbage-first heap   total 274432K, used 86297K [0x0000000604c00000, 0x0000000800000000)
  region size 4096K, 2 young (8192K), 2 survivors (8192K)
 Metaspace       used 113385K, committed 115136K, reserved 1179648K
  class space    used 15868K, committed 16640K, reserved 1048576K
}
Event: 1113.347 GC heap before
{Heap before GC invocations=42 (full 0):
 garbage-first heap   total 274432K, used 241945K [0x0000000604c00000, 0x0000000800000000)
  region size 4096K, 40 young (163840K), 2 survivors (8192K)
 Metaspace       used 113385K, committed 115136K, reserved 1179648K
  class space    used 15868K, committed 16640K, reserved 1048576K
}
Event: 1113.357 GC heap after
{Heap after GC invocations=43 (full 0):
 garbage-first heap   total 274432K, used 84906K [0x0000000604c00000, 0x0000000800000000)
  region size 4096K, 2 young (8192K), 2 survivors (8192K)
 Metaspace       used 113385K, committed 115136K, reserved 1179648K
  class space    used 15868K, committed 16640K, reserved 1048576K
}
Event: 1228.409 GC heap before
{Heap before GC invocations=43 (full 0):
 garbage-first heap   total 274432K, used 240554K [0x0000000604c00000, 0x0000000800000000)
  region size 4096K, 40 young (163840K), 2 survivors (8192K)
 Metaspace       used 113395K, committed 115136K, reserved 1179648K
  class space    used 15869K, committed 16640K, reserved 1048576K
}
Event: 1228.417 GC heap after
{Heap after GC invocations=44 (full 0):
 garbage-first heap   total 274432K, used 84572K [0x0000000604c00000, 0x0000000800000000)
  region size 4096K, 2 young (8192K), 2 survivors (8192K)
 Metaspace       used 113395K, committed 115136K, reserved 1179648K
  class space    used 15869K, committed 16640K, reserved 1048576K
}
Event: 1340.967 GC heap before
{Heap before GC invocations=45 (full 0):
 garbage-first heap   total 274432K, used 240220K [0x0000000604c00000, 0x0000000800000000)
  region size 4096K, 40 young (163840K), 2 survivors (8192K)
 Metaspace       used 113395K, committed 115136K, reserved 1179648K
  class space    used 15869K, committed 16640K, reserved 1048576K
}
Event: 1340.972 GC heap after
{Heap after GC invocations=46 (full 0):
 garbage-first heap   total 274432K, used 84942K [0x0000000604c00000, 0x0000000800000000)
  region size 4096K, 2 young (8192K), 2 survivors (8192K)
 Metaspace       used 113395K, committed 115136K, reserved 1179648K
  class space    used 15869K, committed 16640K, reserved 1048576K
}
Event: 1456.516 GC heap before
{Heap before GC invocations=46 (full 0):
 garbage-first heap   total 274432K, used 240590K [0x0000000604c00000, 0x0000000800000000)
  region size 4096K, 40 young (163840K), 2 survivors (8192K)
 Metaspace       used 113401K, committed 115136K, reserved 1179648K
  class space    used 15871K, committed 16640K, reserved 1048576K
}
Event: 1456.528 GC heap after
{Heap after GC invocations=47 (full 0):
 garbage-first heap   total 274432K, used 84011K [0x0000000604c00000, 0x0000000800000000)
  region size 4096K, 2 young (8192K), 2 survivors (8192K)
 Metaspace       used 113401K, committed 115136K, reserved 1179648K
  class space    used 15871K, committed 16640K, reserved 1048576K
}
Event: 1566.543 GC heap before
{Heap before GC invocations=47 (full 0):
 garbage-first heap   total 274432K, used 239659K [0x0000000604c00000, 0x0000000800000000)
  region size 4096K, 40 young (163840K), 2 survivors (8192K)
 Metaspace       used 113414K, committed 115136K, reserved 1179648K
  class space    used 15873K, committed 16640K, reserved 1048576K
}
Event: 1566.548 GC heap after
{Heap after GC invocations=48 (full 0):
 garbage-first heap   total 274432K, used 84555K [0x0000000604c00000, 0x0000000800000000)
  region size 4096K, 2 young (8192K), 2 survivors (8192K)
 Metaspace       used 113414K, committed 115136K, reserved 1179648K
  class space    used 15873K, committed 16640K, reserved 1048576K
}
Event: 1680.764 GC heap before
{Heap before GC invocations=49 (full 0):
 garbage-first heap   total 274432K, used 240203K [0x0000000604c00000, 0x0000000800000000)
  region size 4096K, 40 young (163840K), 2 survivors (8192K)
 Metaspace       used 113414K, committed 115136K, reserved 1179648K
  class space    used 15873K, committed 16640K, reserved 1048576K
}
Event: 1680.772 GC heap after
{Heap after GC invocations=50 (full 0):
 garbage-first heap   total 274432K, used 84830K [0x0000000604c00000, 0x0000000800000000)
  region size 4096K, 2 young (8192K), 2 survivors (8192K)
 Metaspace       used 113414K, committed 115136K, reserved 1179648K
  class space    used 15873K, committed 16640K, reserved 1048576K
}
Event: 1796.101 GC heap before
{Heap before GC invocations=50 (full 0):
 garbage-first heap   total 274432K, used 240478K [0x0000000604c00000, 0x0000000800000000)
  region size 4096K, 40 young (163840K), 2 survivors (8192K)
 Metaspace       used 113414K, committed 115136K, reserved 1179648K
  class space    used 15873K, committed 16640K, reserved 1048576K
}
Event: 1796.110 GC heap after
{Heap after GC invocations=51 (full 0):
 garbage-first heap   total 274432K, used 84587K [0x0000000604c00000, 0x0000000800000000)
  region size 4096K, 2 young (8192K), 2 survivors (8192K)
 Metaspace       used 113414K, committed 115136K, reserved 1179648K
  class space    used 15873K, committed 16640K, reserved 1048576K
}
Event: 1840.709 GC heap before
{Heap before GC invocations=51 (full 0):
 garbage-first heap   total 274432K, used 146027K [0x0000000604c00000, 0x0000000800000000)
  region size 4096K, 18 young (73728K), 2 survivors (8192K)
 Metaspace       used 113424K, committed 115136K, reserved 1179648K
  class space    used 15874K, committed 16640K, reserved 1048576K
}
Event: 1840.713 GC heap after
{Heap after GC invocations=52 (full 0):
 garbage-first heap   total 274432K, used 84267K [0x0000000604c00000, 0x0000000800000000)
  region size 4096K, 1 young (4096K), 1 survivors (4096K)
 Metaspace       used 113424K, committed 115136K, reserved 1179648K
  class space    used 15874K, committed 16640K, reserved 1048576K
}

Dll operation events (11 events):
Event: 0.006 Loaded shared library D:\sts-4.29.1.RELEASE\plugins\org.eclipse.justj.openjdk.hotspot.jre.full.win32.x86_64_21.0.6.v20250130-0529\jre\bin\java.dll
Event: 0.024 Loaded shared library D:\sts-4.29.1.RELEASE\plugins\org.eclipse.justj.openjdk.hotspot.jre.full.win32.x86_64_21.0.6.v20250130-0529\jre\bin\zip.dll
Event: 0.104 Loaded shared library D:\sts-4.29.1.RELEASE\plugins\org.eclipse.justj.openjdk.hotspot.jre.full.win32.x86_64_21.0.6.v20250130-0529\jre\bin\jimage.dll
Event: 0.108 Loaded shared library D:\sts-4.29.1.RELEASE\plugins\org.eclipse.justj.openjdk.hotspot.jre.full.win32.x86_64_21.0.6.v20250130-0529\jre\bin\net.dll
Event: 0.109 Loaded shared library D:\sts-4.29.1.RELEASE\plugins\org.eclipse.justj.openjdk.hotspot.jre.full.win32.x86_64_21.0.6.v20250130-0529\jre\bin\nio.dll
Event: 0.111 Loaded shared library D:\sts-4.29.1.RELEASE\plugins\org.eclipse.justj.openjdk.hotspot.jre.full.win32.x86_64_21.0.6.v20250130-0529\jre\bin\zip.dll
Event: 0.180 Loaded shared library D:\sts-4.29.1.RELEASE\plugins\org.eclipse.justj.openjdk.hotspot.jre.full.win32.x86_64_21.0.6.v20250130-0529\jre\bin\management.dll
Event: 0.188 Loaded shared library D:\sts-4.29.1.RELEASE\plugins\org.eclipse.justj.openjdk.hotspot.jre.full.win32.x86_64_21.0.6.v20250130-0529\jre\bin\management_ext.dll
Event: 0.331 Loaded shared library D:\sts-4.29.1.RELEASE\plugins\org.eclipse.justj.openjdk.hotspot.jre.full.win32.x86_64_21.0.6.v20250130-0529\jre\bin\extnet.dll
Event: 1.178 Loaded shared library D:\sts-4.29.1.RELEASE\plugins\org.eclipse.justj.openjdk.hotspot.jre.full.win32.x86_64_21.0.6.v20250130-0529\jre\bin\sunmscapi.dll
Event: 241.044 Loaded shared library D:\sts-4.29.1.RELEASE\plugins\org.eclipse.justj.openjdk.hotspot.jre.full.win32.x86_64_21.0.6.v20250130-0529\jre\bin\awt.dll

Deoptimization events (10 events):
Event: 1.728 Thread 0x000001d253269a40 DEOPT PACKING pc=0x000001d27d59b70c sp=0x00000072aa9fe5e0
Event: 1.728 Thread 0x000001d253269a40 DEOPT UNPACKING pc=0x000001d27c994e42 sp=0x00000072aa9fdb58 mode 0
Event: 1.957 Thread 0x000001d253269a40 DEOPT PACKING pc=0x000001d27d560dac sp=0x00000072aa9fe2d0
Event: 1.957 Thread 0x000001d253269a40 DEOPT UNPACKING pc=0x000001d27c994e42 sp=0x00000072aa9fd780 mode 0
Event: 4.421 Thread 0x000001d253269a40 DEOPT PACKING pc=0x000001d27d92eaac sp=0x00000072aa9fd350
Event: 4.421 Thread 0x000001d253269a40 DEOPT UNPACKING pc=0x000001d27c994e42 sp=0x00000072aa9fc820 mode 0
Event: 4.689 Thread 0x000001d253269a40 DEOPT PACKING pc=0x000001d27da228ec sp=0x00000072aa9fdbc0
Event: 4.689 Thread 0x000001d253269a40 DEOPT UNPACKING pc=0x000001d27c994e42 sp=0x00000072aa9fd150 mode 0
Event: 216.346 Thread 0x000001d2553df040 DEOPT PACKING pc=0x000001d27d89d9d2 sp=0x00000072abefad60
Event: 216.346 Thread 0x000001d2553df040 DEOPT UNPACKING pc=0x000001d27c994e42 sp=0x00000072abefa1c8 mode 0

Classes loaded (20 events):
Event: 241.120 Loading class com/sun/imageio/plugins/png/PNGMetadata
Event: 241.120 Loading class javax/imageio/metadata/IIOMetadata
Event: 241.120 Loading class javax/imageio/metadata/IIOMetadata done
Event: 241.120 Loading class com/sun/imageio/plugins/png/PNGMetadata done
Event: 241.121 Loading class com/sun/imageio/plugins/png/ChunkStream
Event: 241.122 Loading class com/sun/imageio/plugins/png/ChunkStream done
Event: 241.122 Loading class com/sun/imageio/plugins/png/CRC
Event: 241.122 Loading class com/sun/imageio/plugins/png/CRC done
Event: 241.123 Loading class com/sun/imageio/plugins/png/IDATOutputStream
Event: 241.123 Loading class com/sun/imageio/plugins/png/IDATOutputStream done
Event: 241.123 Loading class java/util/zip/Deflater
Event: 241.123 Loading class java/util/zip/Deflater done
Event: 241.124 Loading class java/util/zip/Deflater$DeflaterZStreamRef
Event: 241.124 Loading class java/util/zip/Deflater$DeflaterZStreamRef done
Event: 241.124 Loading class java/awt/image/PixelInterleavedSampleModel
Event: 241.124 Loading class java/awt/image/ComponentSampleModel
Event: 241.125 Loading class java/awt/image/ComponentSampleModel done
Event: 241.125 Loading class java/awt/image/PixelInterleavedSampleModel done
Event: 241.125 Loading class java/awt/image/SinglePixelPackedSampleModel
Event: 241.125 Loading class java/awt/image/SinglePixelPackedSampleModel done

Classes unloaded (20 events):
Event: 1840.755 Thread 0x000001d24e00fd00 Unloading class 0x000001d20eeea400 'java/lang/invoke/LambdaForm$MH+0x000001d20eeea400'
Event: 1840.755 Thread 0x000001d24e00fd00 Unloading class 0x000001d20eeea000 'java/lang/invoke/LambdaForm$MH+0x000001d20eeea000'
Event: 1840.755 Thread 0x000001d24e00fd00 Unloading class 0x000001d20eee9c00 'java/lang/invoke/LambdaForm$MH+0x000001d20eee9c00'
Event: 1840.755 Thread 0x000001d24e00fd00 Unloading class 0x000001d20eee9800 'java/lang/invoke/LambdaForm$MH+0x000001d20eee9800'
Event: 1840.755 Thread 0x000001d24e00fd00 Unloading class 0x000001d20eee9400 'java/lang/invoke/LambdaForm$MH+0x000001d20eee9400'
Event: 1840.755 Thread 0x000001d24e00fd00 Unloading class 0x000001d20eee9000 'java/lang/invoke/LambdaForm$MH+0x000001d20eee9000'
Event: 1840.755 Thread 0x000001d24e00fd00 Unloading class 0x000001d20eee8c00 'java/lang/invoke/LambdaForm$MH+0x000001d20eee8c00'
Event: 1840.755 Thread 0x000001d24e00fd00 Unloading class 0x000001d20eee8800 'java/lang/invoke/LambdaForm$MH+0x000001d20eee8800'
Event: 1840.755 Thread 0x000001d24e00fd00 Unloading class 0x000001d20eee8400 'java/lang/invoke/LambdaForm$MH+0x000001d20eee8400'
Event: 1840.755 Thread 0x000001d24e00fd00 Unloading class 0x000001d20eee8000 'java/lang/invoke/LambdaForm$MH+0x000001d20eee8000'
Event: 1840.755 Thread 0x000001d24e00fd00 Unloading class 0x000001d20eed7c00 'java/lang/invoke/LambdaForm$MH+0x000001d20eed7c00'
Event: 1840.755 Thread 0x000001d24e00fd00 Unloading class 0x000001d20eed7000 'java/lang/invoke/LambdaForm$MH+0x000001d20eed7000'
Event: 1840.755 Thread 0x000001d24e00fd00 Unloading class 0x000001d20eed6c00 'java/lang/invoke/LambdaForm$MH+0x000001d20eed6c00'
Event: 1840.755 Thread 0x000001d24e00fd00 Unloading class 0x000001d20eed6800 'java/lang/invoke/LambdaForm$MH+0x000001d20eed6800'
Event: 1840.755 Thread 0x000001d24e00fd00 Unloading class 0x000001d20eed6400 'java/lang/invoke/LambdaForm$MH+0x000001d20eed6400'
Event: 1840.755 Thread 0x000001d24e00fd00 Unloading class 0x000001d20eed5800 'java/lang/invoke/LambdaForm$MH+0x000001d20eed5800'
Event: 1840.755 Thread 0x000001d24e00fd00 Unloading class 0x000001d20eed5400 'java/lang/invoke/LambdaForm$MH+0x000001d20eed5400'
Event: 1840.755 Thread 0x000001d24e00fd00 Unloading class 0x000001d20eed5000 'java/lang/invoke/LambdaForm$MH+0x000001d20eed5000'
Event: 1840.755 Thread 0x000001d24e00fd00 Unloading class 0x000001d20eed4800 'java/lang/invoke/LambdaForm$MH+0x000001d20eed4800'
Event: 1840.755 Thread 0x000001d24e00fd00 Unloading class 0x000001d20e57d000 'jdk/internal/reflect/GeneratedSerializationConstructorAccessor21'

Classes redefined (0 events):
No events

Internal exceptions (20 events):
Event: 215.868 Thread 0x000001d2553df6d0 Exception <a 'java/lang/NoSuchMethodError'{0x00000006121079d0}: 'java.lang.Object java.lang.invoke.DirectMethodHandle$Holder.invokeStatic(java.lang.Object, int, int)'> (0x00000006121079d0) 
thrown [s\src\hotspot\share\interpreter\linkResolver.cpp, line 773]
Event: 216.425 Thread 0x000001d2553df040 Exception <a 'java/lang/NoSuchMethodError'{0x0000000610968a38}: 'java.lang.Object java.lang.invoke.DirectMethodHandle$Holder.invokeStatic(java.lang.Object, java.lang.Object, java.lang.Object, java.lang.Object, int, java.lang.Object)'> (0x0000000610968a38) 
thrown [s\src\hotspot\share\interpreter\linkResolver.cpp, line 773]
Event: 216.425 Thread 0x000001d2553df040 Exception <a 'java/lang/NoSuchMethodError'{0x00000006109705b0}: 'java.lang.Object java.lang.invoke.DirectMethodHandle$Holder.newInvokeSpecial(java.lang.Object, java.lang.Object, java.lang.Object, java.lang.Object, int)'> (0x00000006109705b0) 
thrown [s\src\hotspot\share\interpreter\linkResolver.cpp, line 773]
Event: 216.425 Thread 0x000001d2553df040 Exception <a 'java/lang/NoSuchMethodError'{0x0000000610974e40}: 'java.lang.Object java.lang.invoke.DirectMethodHandle$Holder.invokeSpecial(java.lang.Object, java.lang.Object, java.lang.Object, java.lang.Object, java.lang.Object, int)'> (0x0000000610974e40) 
thrown [s\src\hotspot\share\interpreter\linkResolver.cpp, line 773]
Event: 216.425 Thread 0x000001d2553df040 Exception <a 'java/lang/NoSuchMethodError'{0x0000000610978ee0}: 'java.lang.Object java.lang.invoke.Invokers$Holder.linkToTargetMethod(java.lang.Object, java.lang.Object, java.lang.Object, int, java.lang.Object)'> (0x0000000610978ee0) 
thrown [s\src\hotspot\share\interpreter\linkResolver.cpp, line 773]
Event: 225.190 Thread 0x000001d2553e03f0 Exception <a 'java/lang/IncompatibleClassChangeError'{0x000000060efccb40}: Found class java.lang.Object, but interface was expected> (0x000000060efccb40) 
thrown [s\src\hotspot\share\interpreter\linkResolver.cpp, line 840]
Event: 225.210 Thread 0x000001d2553e03f0 Exception <a 'java/lang/IncompatibleClassChangeError'{0x000000060e8421a8}: Found class java.lang.Object, but interface was expected> (0x000000060e8421a8) 
thrown [s\src\hotspot\share\interpreter\linkResolver.cpp, line 840]
Event: 225.244 Thread 0x000001d2553e03f0 Exception <a 'java/lang/NoSuchMethodError'{0x000000060e9fc600}: 'void java.lang.invoke.DirectMethodHandle$Holder.invokeStatic(java.lang.Object, java.lang.Object, java.lang.Object, java.lang.Object, java.lang.Object, java.lang.Object, java.lang.Object)'> (0x000000060e9fc600) 
thrown [s\src\hotspot\share\interpreter\linkResolver.cpp, line 773]
Event: 236.070 Thread 0x000001d2553e03f0 Exception <a 'java/lang/NoSuchMethodError'{0x000000060c852ee8}: 'java.lang.Object java.lang.invoke.DirectMethodHandle$Holder.invokeVirtual(java.lang.Object, java.lang.Object, java.lang.Object, java.lang.Object, java.lang.Object, java.lang.Object, java.lang.Object)'> (0x000000060c852ee8) 
thrown [s\src\hotspot\share\interpreter\linkResolver.cpp, line 773]
Event: 240.856 Thread 0x000001d2553e17a0 Exception <a 'java/lang/NoSuchMethodError'{0x000000060bef3f20}: 'java.lang.Object java.lang.invoke.DirectMethodHandle$Holder.invokeVirtual(java.lang.Object, java.lang.Object, java.lang.Object, int, java.lang.Object)'> (0x000000060bef3f20) 
thrown [s\src\hotspot\share\interpreter\linkResolver.cpp, line 773]
Event: 240.999 Thread 0x000001d2553e31e0 Exception <a 'java/lang/NoSuchMethodError'{0x00000006245f6050}: 'java.lang.Object java.lang.invoke.DelegatingMethodHandle$Holder.reinvoke_L(java.lang.Object, java.lang.Object, java.lang.Object, java.lang.Object, int, int, java.lang.Object)'> (0x00000006245f6050) 
thrown [s\src\hotspot\share\interpreter\linkResolver.cpp, line 773]
Event: 240.999 Thread 0x000001d2553e17a0 Exception <a 'java/lang/NoSuchMethodError'{0x00000006245e75d0}: 'java.lang.Object java.lang.invoke.DelegatingMethodHandle$Holder.reinvoke_L(java.lang.Object, java.lang.Object, java.lang.Object, java.lang.Object, int, int, java.lang.Object)'> (0x00000006245e75d0) 
thrown [s\src\hotspot\share\interpreter\linkResolver.cpp, line 773]
Event: 241.053 Thread 0x000001d2553e31e0 Exception <a 'java/lang/ClassNotFoundException'{0x0000000615008cd0}: sun/awt/resources/spi/awtProvider> (0x0000000615008cd0) 
thrown [s\src\hotspot\share\classfile\systemDictionary.cpp, line 312]
Event: 241.056 Thread 0x000001d2553e31e0 Exception <a 'java/io/FileNotFoundException'{0x000000061500c4f0}> (0x000000061500c4f0) 
thrown [s\src\hotspot\share\prims\jni.cpp, line 520]
Event: 241.056 Thread 0x000001d2553e31e0 Exception <a 'java/io/FileNotFoundException'{0x000000061500e718}> (0x000000061500e718) 
thrown [s\src\hotspot\share\prims\jni.cpp, line 520]
Event: 300.546 Thread 0x000001d25326a760 Exception <a 'java/lang/NoSuchMethodError'{0x000000060f822e50}: static [B.<clinit>()V> (0x000000060f822e50) 
thrown [s\src\hotspot\share\prims\jni.cpp, line 1111]
Event: 600.572 Thread 0x000001d253186dc0 Exception <a 'java/lang/NoSuchMethodError'{0x0000000611c542c0}: static [B.<clinit>()V> (0x0000000611c542c0) 
thrown [s\src\hotspot\share\prims\jni.cpp, line 1111]
Event: 1200.602 Thread 0x000001d253186dc0 Exception <a 'java/lang/NoSuchMethodError'{0x000000060e02bd18}: static [B.<clinit>()V> (0x000000060e02bd18) 
thrown [s\src\hotspot\share\prims\jni.cpp, line 1111]
Event: 1500.619 Thread 0x000001d253186dc0 Exception <a 'java/lang/NoSuchMethodError'{0x0000000611828110}: static [B.<clinit>()V> (0x0000000611828110) 
thrown [s\src\hotspot\share\prims\jni.cpp, line 1111]
Event: 1800.625 Thread 0x000001d253186dc0 Exception <a 'java/lang/NoSuchMethodError'{0x0000000615225748}: static [B.<clinit>()V> (0x0000000615225748) 
thrown [s\src\hotspot\share\prims\jni.cpp, line 1111]

ZGC Phase Switch (0 events):
No events

VM Operations (20 events):
Event: 1525.981 Executing VM operation: Cleanup
Event: 1525.981 Executing VM operation: Cleanup done
Event: 1541.093 Executing VM operation: Cleanup
Event: 1541.093 Executing VM operation: Cleanup done
Event: 1548.134 Executing VM operation: Cleanup
Event: 1548.134 Executing VM operation: Cleanup done
Event: 1566.542 Executing VM operation: G1CollectForAllocation (G1 Evacuation Pause)
Event: 1566.548 Executing VM operation: G1CollectForAllocation (G1 Evacuation Pause) done
Event: 1566.587 Executing VM operation: G1PauseRemark
Event: 1566.592 Executing VM operation: G1PauseRemark done
Event: 1566.617 Executing VM operation: G1PauseCleanup
Event: 1566.617 Executing VM operation: G1PauseCleanup done
Event: 1680.764 Executing VM operation: G1CollectForAllocation (G1 Evacuation Pause)
Event: 1680.772 Executing VM operation: G1CollectForAllocation (G1 Evacuation Pause) done
Event: 1796.101 Executing VM operation: G1CollectForAllocation (G1 Evacuation Pause)
Event: 1796.110 Executing VM operation: G1CollectForAllocation (G1 Evacuation Pause) done
Event: 1840.709 Executing VM operation: G1TryInitiateConcMark (CodeCache GC Threshold)
Event: 1840.713 Executing VM operation: G1TryInitiateConcMark (CodeCache GC Threshold) done
Event: 1840.754 Executing VM operation: G1PauseRemark
Event: 1840.766 Executing VM operation: G1PauseRemark done

Memory protections (0 events):
No events

Nmethod flushes (20 events):
Event: 1840.764 Thread 0x000001d24e00fd00 flushing  nmethod 0x000001d27e088f10
Event: 1840.764 Thread 0x000001d24e00fd00 flushing  nmethod 0x000001d27e08a610
Event: 1840.764 Thread 0x000001d24e00fd00 flushing  nmethod 0x000001d27e08a910
Event: 1840.764 Thread 0x000001d24e00fd00 flushing  nmethod 0x000001d27e08ad10
Event: 1840.764 Thread 0x000001d24e00fd00 flushing  nmethod 0x000001d27e096d10
Event: 1840.764 Thread 0x000001d24e00fd00 flushing  nmethod 0x000001d27e097210
Event: 1840.764 Thread 0x000001d24e00fd00 flushing  nmethod 0x000001d27e097790
Event: 1840.764 Thread 0x000001d24e00fd00 flushing  nmethod 0x000001d27e099490
Event: 1840.764 Thread 0x000001d24e00fd00 flushing  nmethod 0x000001d27e09a410
Event: 1840.764 Thread 0x000001d24e00fd00 flushing  nmethod 0x000001d27e09f090
Event: 1840.764 Thread 0x000001d24e00fd00 flushing  nmethod 0x000001d27e09f610
Event: 1840.764 Thread 0x000001d24e00fd00 flushing  nmethod 0x000001d27e0a2110
Event: 1840.764 Thread 0x000001d24e00fd00 flushing  nmethod 0x000001d27e0a2d90
Event: 1840.764 Thread 0x000001d24e00fd00 flushing  nmethod 0x000001d27e0a4b90
Event: 1840.764 Thread 0x000001d24e00fd00 flushing  nmethod 0x000001d27e0d4e10
Event: 1840.764 Thread 0x000001d24e00fd00 flushing  nmethod 0x000001d27e0d5610
Event: 1840.764 Thread 0x000001d24e00fd00 flushing  nmethod 0x000001d27e0d5d10
Event: 1840.764 Thread 0x000001d24e00fd00 flushing  nmethod 0x000001d27e0d6d10
Event: 1840.764 Thread 0x000001d24e00fd00 flushing  nmethod 0x000001d27e0d7e90
Event: 1840.764 Thread 0x000001d24e00fd00 flushing  nmethod 0x000001d27e0e2510

Events (20 events):
Event: 1562.261 Thread 0x000001d25326a760 Thread added: 0x000001d25b28c7c0
Event: 1567.263 Thread 0x000001d25326a760 Thread exited: 0x000001d25326a760
Event: 1567.397 Thread 0x000001d25b28c7c0 Thread exited: 0x000001d25b28c7c0
Event: 1577.518 Thread 0x000001d2532693b0 Thread added: 0x000001d25326a760
Event: 1577.519 Thread 0x000001d25326a760 Thread added: 0x000001d25b28a060
Event: 1582.525 Thread 0x000001d25326a760 Thread exited: 0x000001d25326a760
Event: 1582.666 Thread 0x000001d25b28a060 Thread exited: 0x000001d25b28a060
Event: 1644.208 Thread 0x000001d2532693b0 Thread added: 0x000001d25326a760
Event: 1644.209 Thread 0x000001d25326a760 Thread added: 0x000001d25b28c130
Event: 1649.211 Thread 0x000001d25326a760 Thread exited: 0x000001d25326a760
Event: 1649.367 Thread 0x000001d25b28c130 Thread exited: 0x000001d25b28c130
Event: 1840.657 Thread 0x000001d24e042980 Thread added: 0x000001d24e168410
Event: 1840.658 Thread 0x000001d24e042980 Thread added: 0x000001d253cdd260
Event: 1840.703 Thread 0x000001d24e168410 Thread added: 0x000001d255ca0330
Event: 1840.703 Thread 0x000001d24e168410 Thread added: 0x000001d25b95c0d0
Event: 1840.704 Thread 0x000001d24e042980 Thread added: 0x000001d255f60170
Event: 1840.705 Thread 0x000001d24e042980 Thread added: 0x000001d255c58440
Event: 1840.705 Thread 0x000001d24e042980 Thread added: 0x000001d254d44ce0
Event: 1840.706 Thread 0x000001d24e042980 Thread added: 0x000001d253cdbf40
Event: 1840.707 Thread 0x000001d24e042980 Thread added: 0x000001d24e9e70b0


Dynamic libraries:
0x00007ff602780000 - 0x00007ff60278e000 	D:\sts-4.29.1.RELEASE\plugins\org.eclipse.justj.openjdk.hotspot.jre.full.win32.x86_64_21.0.6.v20250130-0529\jre\bin\javaw.exe
0x00007fffa6b40000 - 0x00007fffa6da8000 	C:\WINDOWS\SYSTEM32\ntdll.dll
0x00007fffa5930000 - 0x00007fffa59f9000 	C:\WINDOWS\System32\KERNEL32.DLL
0x00007fffa4430000 - 0x00007fffa4828000 	C:\WINDOWS\System32\KERNELBASE.dll
0x00007fffa3e10000 - 0x00007fffa3f5b000 	C:\WINDOWS\System32\ucrtbase.dll
0x00007fff82960000 - 0x00007fff82978000 	D:\sts-4.29.1.RELEASE\plugins\org.eclipse.justj.openjdk.hotspot.jre.full.win32.x86_64_21.0.6.v20250130-0529\jre\bin\jli.dll
0x00007fff88960000 - 0x00007fff8897e000 	D:\sts-4.29.1.RELEASE\plugins\org.eclipse.justj.openjdk.hotspot.jre.full.win32.x86_64_21.0.6.v20250130-0529\jre\bin\VCRUNTIME140.dll
0x00007fffa6550000 - 0x00007fffa6717000 	C:\WINDOWS\System32\USER32.dll
0x00007fffa4400000 - 0x00007fffa4427000 	C:\WINDOWS\System32\win32u.dll
0x00007fffa30a0000 - 0x00007fffa3334000 	C:\WINDOWS\WinSxS\amd64_microsoft.windows.common-controls_6595b64144ccf1df_6.0.26100.7019_none_3e06ffa0e335b8a8\COMCTL32.dll
0x00007fffa69d0000 - 0x00007fffa69fb000 	C:\WINDOWS\System32\GDI32.dll
0x00007fffa5730000 - 0x00007fffa57d9000 	C:\WINDOWS\System32\msvcrt.dll
0x00007fffa40b0000 - 0x00007fffa41dc000 	C:\WINDOWS\System32\gdi32full.dll
0x00007fffa4830000 - 0x00007fffa48d3000 	C:\WINDOWS\System32\msvcp_win.dll
0x00007fffa5520000 - 0x00007fffa5551000 	C:\WINDOWS\System32\IMM32.DLL
0x00007fff9fa00000 - 0x00007fff9fa0c000 	D:\sts-4.29.1.RELEASE\plugins\org.eclipse.justj.openjdk.hotspot.jre.full.win32.x86_64_21.0.6.v20250130-0529\jre\bin\vcruntime140_1.dll
0x00007fff4fdb0000 - 0x00007fff4fe3d000 	D:\sts-4.29.1.RELEASE\plugins\org.eclipse.justj.openjdk.hotspot.jre.full.win32.x86_64_21.0.6.v20250130-0529\jre\bin\msvcp140.dll
0x00007fff422e0000 - 0x00007fff43070000 	D:\sts-4.29.1.RELEASE\plugins\org.eclipse.justj.openjdk.hotspot.jre.full.win32.x86_64_21.0.6.v20250130-0529\jre\bin\server\jvm.dll
0x00007fffa50e0000 - 0x00007fffa5194000 	C:\WINDOWS\System32\ADVAPI32.dll
0x00007fffa5800000 - 0x00007fffa58a6000 	C:\WINDOWS\System32\sechost.dll
0x00007fffa4fc0000 - 0x00007fffa50d8000 	C:\WINDOWS\System32\RPCRT4.dll
0x00007fffa56b0000 - 0x00007fffa5724000 	C:\WINDOWS\System32\WS2_32.dll
0x00007fff93ce0000 - 0x00007fff93ceb000 	C:\WINDOWS\SYSTEM32\VERSION.dll
0x00007fff9c590000 - 0x00007fff9c5c5000 	C:\WINDOWS\SYSTEM32\WINMM.dll
0x00007fffa3af0000 - 0x00007fffa3b4e000 	C:\WINDOWS\SYSTEM32\POWRPROF.dll
0x00007fffa3ad0000 - 0x00007fffa3ae4000 	C:\WINDOWS\SYSTEM32\UMPDC.dll
0x00007fffa2080000 - 0x00007fffa209b000 	C:\WINDOWS\SYSTEM32\kernel.appcore.dll
0x00007fff90500000 - 0x00007fff9050a000 	D:\sts-4.29.1.RELEASE\plugins\org.eclipse.justj.openjdk.hotspot.jre.full.win32.x86_64_21.0.6.v20250130-0529\jre\bin\jimage.dll
0x00007fffa3450000 - 0x00007fffa3692000 	C:\WINDOWS\SYSTEM32\DBGHELP.DLL
0x00007fffa5a60000 - 0x00007fffa5deb000 	C:\WINDOWS\System32\combase.dll
0x00007fffa55d0000 - 0x00007fffa56a7000 	C:\WINDOWS\System32\OLEAUT32.dll
0x00007fffa3340000 - 0x00007fffa337c000 	C:\WINDOWS\SYSTEM32\dbgcore.DLL
0x00007fffa4350000 - 0x00007fffa43f5000 	C:\WINDOWS\System32\bcryptPrimitives.dll
0x00007fff82910000 - 0x00007fff8292f000 	D:\sts-4.29.1.RELEASE\plugins\org.eclipse.justj.openjdk.hotspot.jre.full.win32.x86_64_21.0.6.v20250130-0529\jre\bin\java.dll
0x00007fffa5df0000 - 0x00007fffa653f000 	C:\WINDOWS\System32\SHELL32.dll
0x00007fffa41e0000 - 0x00007fffa434b000 	C:\WINDOWS\System32\wintypes.dll
0x00007fffa0be0000 - 0x00007fffa143d000 	C:\WINDOWS\SYSTEM32\windows.storage.dll
0x00007fffa4a30000 - 0x00007fffa4b22000 	C:\WINDOWS\System32\SHCORE.dll
0x00007fffa5560000 - 0x00007fffa55c7000 	C:\WINDOWS\System32\shlwapi.dll
0x00007fffa3bb0000 - 0x00007fffa3bd9000 	C:\WINDOWS\SYSTEM32\profapi.dll
0x00007fff82000000 - 0x00007fff82018000 	D:\sts-4.29.1.RELEASE\plugins\org.eclipse.justj.openjdk.hotspot.jre.full.win32.x86_64_21.0.6.v20250130-0529\jre\bin\zip.dll
0x00007fff85050000 - 0x00007fff85060000 	D:\sts-4.29.1.RELEASE\plugins\org.eclipse.justj.openjdk.hotspot.jre.full.win32.x86_64_21.0.6.v20250130-0529\jre\bin\net.dll
0x00007fff9ce30000 - 0x00007fff9cf58000 	C:\WINDOWS\SYSTEM32\WINHTTP.dll
0x00007fffa25f0000 - 0x00007fffa265b000 	C:\WINDOWS\system32\mswsock.dll
0x00007fff81fc0000 - 0x00007fff81fd6000 	D:\sts-4.29.1.RELEASE\plugins\org.eclipse.justj.openjdk.hotspot.jre.full.win32.x86_64_21.0.6.v20250130-0529\jre\bin\nio.dll
0x00007fff83400000 - 0x00007fff8340a000 	D:\sts-4.29.1.RELEASE\plugins\org.eclipse.justj.openjdk.hotspot.jre.full.win32.x86_64_21.0.6.v20250130-0529\jre\bin\management.dll
0x00007fff833f0000 - 0x00007fff833fb000 	D:\sts-4.29.1.RELEASE\plugins\org.eclipse.justj.openjdk.hotspot.jre.full.win32.x86_64_21.0.6.v20250130-0529\jre\bin\management_ext.dll
0x00007fffa5380000 - 0x00007fffa5388000 	C:\WINDOWS\System32\PSAPI.DLL
0x00007fff829f0000 - 0x00007fff82a08000 	C:\WINDOWS\system32\napinsp.dll
0x00007fffa19c0000 - 0x00007fffa1aec000 	C:\WINDOWS\SYSTEM32\DNSAPI.dll
0x00007fffa1920000 - 0x00007fffa1954000 	C:\WINDOWS\SYSTEM32\IPHLPAPI.DLL
0x00007fffa5390000 - 0x00007fffa539a000 	C:\WINDOWS\System32\NSI.dll
0x00007fff829b0000 - 0x00007fff829c2000 	C:\WINDOWS\System32\winrnr.dll
0x00007fff82980000 - 0x00007fff829a2000 	C:\WINDOWS\system32\nlansp_c.dll
0x00007fff82370000 - 0x00007fff82386000 	C:\WINDOWS\system32\wshbth.dll
0x00007fff99be0000 - 0x00007fff99beb000 	C:\Windows\System32\rasadhlp.dll
0x00007fff9d610000 - 0x00007fff9d696000 	C:\WINDOWS\System32\fwpuclnt.dll
0x00007fffa37c0000 - 0x00007fffa37db000 	C:\WINDOWS\SYSTEM32\CRYPTSP.dll
0x00007fffa2a90000 - 0x00007fffa2aca000 	C:\WINDOWS\system32\rsaenh.dll
0x00007fffa2660000 - 0x00007fffa268b000 	C:\WINDOWS\SYSTEM32\USERENV.dll
0x00007fffa3b80000 - 0x00007fffa3baa000 	C:\WINDOWS\SYSTEM32\bcrypt.dll
0x00007fffa2ce0000 - 0x00007fffa2cec000 	C:\WINDOWS\SYSTEM32\CRYPTBASE.dll
0x00007fff82d50000 - 0x00007fff82d59000 	D:\sts-4.29.1.RELEASE\plugins\org.eclipse.justj.openjdk.hotspot.jre.full.win32.x86_64_21.0.6.v20250130-0529\jre\bin\extnet.dll
0x00007fff75c80000 - 0x00007fff75c8e000 	D:\sts-4.29.1.RELEASE\plugins\org.eclipse.justj.openjdk.hotspot.jre.full.win32.x86_64_21.0.6.v20250130-0529\jre\bin\sunmscapi.dll
0x00007fffa3c90000 - 0x00007fffa3e07000 	C:\WINDOWS\System32\CRYPT32.dll
0x00007fffa2ca0000 - 0x00007fffa2cd0000 	C:\WINDOWS\SYSTEM32\ncrypt.dll
0x00007fffa2d10000 - 0x00007fffa2d4f000 	C:\WINDOWS\SYSTEM32\NTASN1.dll
0x00007fff818f0000 - 0x00007fff818f8000 	C:\WINDOWS\system32\wshunix.dll
0x00007fff18bb0000 - 0x00007fff18d3e000 	D:\sts-4.29.1.RELEASE\plugins\org.eclipse.justj.openjdk.hotspot.jre.full.win32.x86_64_21.0.6.v20250130-0529\jre\bin\awt.dll
0x00007fff9f7d0000 - 0x00007fff9f86f000 	C:\WINDOWS\SYSTEM32\apphelp.dll

dbghelp: loaded successfully - version: 4.0.5 - missing functions: none
symbol engine: initialized successfully - sym options: 0x614 - pdb path: .;D:\sts-4.29.1.RELEASE\plugins\org.eclipse.justj.openjdk.hotspot.jre.full.win32.x86_64_21.0.6.v20250130-0529\jre\bin;C:\WINDOWS\SYSTEM32;C:\WINDOWS\WinSxS\amd64_microsoft.windows.common-controls_6595b64144ccf1df_6.0.26100.7019_none_3e06ffa0e335b8a8;D:\sts-4.29.1.RELEASE\plugins\org.eclipse.justj.openjdk.hotspot.jre.full.win32.x86_64_21.0.6.v20250130-0529\jre\bin\server

VM Arguments:
jvm_args: -Dcom.sun.management.jmxremote -Dcom.sun.management.jmxremote.port=62911 -Dcom.sun.management.jmxremote.authenticate=false -Dcom.sun.management.jmxremote.ssl=false -Djava.rmi.server.hostname=localhost -Dspring.jmx.enabled=true -Dmanagement.endpoints.jmx.exposure.include=* -Dspring.application.admin.enabled=true -Dspring.output.ansi.enabled=always -XX:TieredStopAtLevel=1 -Dspring.boot.project.name=maharecruitment-web -Dfile.encoding=UTF-8 -Dstdout.encoding=UTF-8 -Dstderr.encoding=UTF-8 -XX:+ShowCodeDetailsInExceptionMessages 
java_command: com.maharecruitment.gov.in.web.MaharecruitmentParentApplication
java_class_path (initial): C:\Users\Akanksha.Surve\git\NewMaharecuitrment\maharecruitment-web\target\classes;C:\Users\Akanksha.Surve\.m2\repository\org\springframework\boot\spring-boot-starter-web\4.0.3\spring-boot-starter-web-4.0.3.jar;C:\Users\Akanksha.Surve\.m2\repository\org\springframework\boot\spring-boot-starter-jackson\4.0.3\spring-boot-starter-jackson-4.0.3.jar;C:\Users\Akanksha.Surve\.m2\repository\org\springframework\boot\spring-boot-jackson\4.0.3\spring-boot-jackson-4.0.3.jar;C:\Users\Akanksha.Surve\.m2\repository\tools\jackson\core\jackson-databind\3.0.4\jackson-databind-3.0.4.jar;C:\Users\Akanksha.Surve\.m2\repository\tools\jackson\core\jackson-core\3.0.4\jackson-core-3.0.4.jar;C:\Users\Akanksha.Surve\.m2\repository\org\springframework\boot\spring-boot-http-converter\4.0.3\spring-boot-http-converter-4.0.3.jar;C:\Users\Akanksha.Surve\.m2\repository\org\springframework\spring-web\7.0.5\spring-web-7.0.5.jar;C:\Users\Akanksha.Surve\.m2\repository\org\springframework\boot\spring-boot-webmvc\4.0.3\spring-boot-webmvc-4.0.3.jar;C:\Users\Akanksha.Surve\.m2\repository\org\springframework\boot\spring-boot-servlet\4.0.3\spring-boot-servlet-4.0.3.jar;C:\Users\Akanksha.Surve\.m2\repository\org\springframework\spring-webmvc\7.0.5\spring-webmvc-7.0.5.jar;C:\Users\Akanksha.Surve\.m2\repository\org\springframework\boot\spring-boot-starter-security\4.0.3\spring-boot-starter-security-4.0.3.jar;C:\Users\Akanksha.Surve\.m2\repository\org\springframework\boot\spring-boot-starter\4.0.3\spring-boot-starter-4.0.3.jar;C:\Users\Akanksha.Surve\.m2\repository\org\springframework\boot\spring-boot-starter-logging\4.0.3\spring-boot-starter-logging-4.0.3.jar;C:\Users\Akanksha.Surve\.m2\repository\ch\qos\logback\logback-classic\1.5.32\logback-classic-1.5.32.jar;C:\Users\Akanksha.Surve\.m2\repository\ch\qos\logback\logback-core\1.5.32\logback-core-1.5.32.jar;C:\Users\Akanksha.Surve\.m2\repository\org\apache\logging\log4j\log4j-to-slf4j\2.25.3\log4j-to-slf4j-2.25.3.jar;C:\Users\Akanksha.Surve\.m2\repository\org\slf4j\jul-to-slf4j\2.0.17\jul-to-slf4j-2.0.17.jar;C:\Users\Akanksha.Surve\.m2\repository\jakarta\annotation\jakarta.annotation-api\3.0.0\jakarta.annotation-api-3.0.0.jar;C:\Users\Akanksha.Surve\.m2\repository\org\yaml\snakeyaml\2.5\snakeyaml-2.5.jar;C:\Users\Akanksha.Surve\.m2\repository\org\springframework\boot\spring-boot-security\4.0.3\spring-boot-security-4.0.3.jar;C:\Users\Akanksha.Surve\.m2\repository\org\springframework\security\spring-security-config\7.0.3\spring-security-config-7.0.3.jar;C:\Users\Akanksha.Surve\.m2\repository\org\springframework\spring-aop\7.0.5\spring-aop-7.0.5.jar;C:\Users\Akanksha.Surve\.m2\repository\org\springframework\spring-beans\7.0.5\spring-beans-7.0.5.jar;C:\Users\Akanksha.Surve\.m2\repository\org\springframework\boot\spring-boot-starter-thymeleaf\4.0.3\spring-boot-starter-thymeleaf-4.0.3.jar;C:\Users\Akanksha.Surve\.m2\repository\org\springframework\boot\spring-boot-thymeleaf\4.0.3\spring-boot-thymeleaf-4.0.3.jar;C:\Users\Akanksha.Surve\.m2\repository\org\springframework\boot\spring-boot-starter-data-jpa\4.0.3\spring-boot-starter-data-jpa-4.0.3.jar;C:\Users\Akanksha.Surve\.m2\repository\org\springframework\boot\spring-boot-starter-jdbc\4.0.3\spring-boot-starter-jdbc-4.0.3.jar;C:\Users\Akanksha.Surve\.m2\repository\com\zaxxer\HikariCP\7.0.2\HikariCP-7.0.2.jar;C:\Users\Akanksha.Surve\.m2\repository\org\springframework\boot\spring-boot-data-jpa\4.0.3\spring-boot-data-jpa-4.0.3.jar;C:\Users\Akanksha.Surve\.m2\repository\org\springframework\boot\spring-boot-data-commons\4.0.3\spring-boot-data-commons-4.0.3.jar;C:\Users\Akanksha.Surve\.m2\repository\org\springframework\boot\spring-boot-persistence\4.0.3\spring-boot-persistence-4.0.3.jar;C:\Users\Akanksha.Surve\.m2\repository\org\springframework\data\spring-data-commons\4.0.3\spring-data-commons-4.0.3.jar;C:\Users\Akanksha.Surve\.m2\repository\org\springframework\boot\spring-boot-hibernate\4.0.3\spring-boot-hibernate-4.0.3.jar;C:\Users\Akanksha.Surve\.m2\repository\org\springframework\boot\spring-boot-jpa\4.0.3\spring-boot-jpa-4.0.3.jar;C:\Users\Akanksha.Surve\.m2\repository\jakarta\persistence\jakarta.persistence-api\3.2.0\jakarta.persistence-api-3.2.0.jar;C:\Users\Akanksha.Surve\.m2\repository\org\hibernate\orm\hibernate-core\7.2.4.Final\hibernate-core-7.2.4.Final.jar;C:\Users\Akanksha.Surve\.m2\repository\jakarta\transaction\jakarta.transaction-api\2.0.1\jakarta.transaction-api-2.0.1.jar;C:\Users\Akanksha.Surve\.m2\repository\org\hibernate\models\hibernate-models\1.0.1\hibernate-models-1.0.1.jar;C:\Users\Akanksha.Surve\.m2\repository\org\glassfish\jaxb\jaxb-runtime\4.0.6\jaxb-runtime-4.0.6.jar;C:\Users\Akanksha.Surve\.m2\repository\org\glassfish\jaxb\jaxb-core\4.0.6\jaxb-core-4.0.6.jar;C:\Users\Akanksha.Surve\.m2\repository\org\glassfish\jaxb\txw2\4.0.6\txw2-4.0.6.jar;C:\Users\Akanksha.Surve\.m2\repository\com\sun\istack\istack-commons-runtime\4.1.2\istack-commons-runtime-4.1.2.jar;C:\Users\Akanksha.Surve\.m2\repository\jakarta\inject\jakarta.inject-api\2.0.1\jakarta.inject-api-2.0.1.jar;C:\Users\Akanksha.Surve\.m2\repository\org\springframework\spring-orm\7.0.5\spring-orm-7.0.5.jar;C:\Users\Akanksha.Surve\.m2\repository\org\springframework\data\spring-data-jpa\4.0.3\spring-data-jpa-4.0.3.jar;C:\Users\Akanksha.Surve\.m2\repository\org\springframework\spring-tx\7.0.5\spring-tx-7.0.5.jar;C:\Users\Akanksha.Surve\.m2\repository\org\antlr\antlr4-runtime\4.13.2\antlr4-runtime-4.13.2.jar;C:\Users\Akanksha.Surve\.m2\repository\org\springframework\spring-aspects\7.0.5\spring-aspects-7.0.5.jar;C:\Users\Akanksha.Surve\.m2\repository\org\aspectj\aspectjweaver\1.9.25.1\aspectjweaver-1.9.25.1.jar;C:\Users\Akanksha.Surve\.m2\repository\org\springframework\boot\spring-boot-jdbc\4.0.3\spring-boot-jdbc-4.0.3.jar;C:\Users\Akanksha.Surve\.m2\repository\org\springframework\boot\spring-boot-sql\4.0.3\spring-boot-sql-4.0.3.jar;C:\Users\Akanksha.Surve\.m2\repository\org\springframework\boot\spring-boot-transaction\4.0.3\spring-boot-transaction-4.0.3.jar;C:\Users\Akanksha.Surve\.m2\repository\org\springframework\spring-jdbc\7.0.5\spring-jdbc-7.0.5.jar;C:\Users\Akanksha.Surve\.m2\repository\org\flywaydb\flyway-core\11.14.1\flyway-core-11.14.1.jar;C:\Users\Akanksha.Surve\.m2\repository\com\fasterxml\jackson\core\jackson-databind\2.20.2\jackson-databind-2.20.2.jar;C:\Users\Akanksha.Surve\.m2\repository\org\flywaydb\flyway-database-postgresql\11.14.1\flyway-database-postgresql-11.14.1.jar;C:\Users\Akanksha.Surve\.m2\repository\org\springframework\boot\spring-boot-starter-tomcat\4.0.3\spring-boot-starter-tomcat-4.0.3.jar;C:\Users\Akanksha.Surve\.m2\repository\org\springframework\boot\spring-boot-starter-tomcat-runtime\4.0.3\spring-boot-starter-tomcat-runtime-4.0.3.jar;C:\Users\Akanksha.Surve\.m2\repository\org\springframework\boot\spring-boot-web-server\4.0.3\spring-boot-web-server-4.0.3.jar;C:\Users\Akanksha.Surve\.m2\repository\org\apache\tomcat\embed\tomcat-embed-core\11.0.18\tomcat-embed-core-11.0.18.jar;C:\Users\Akanksha.Surve\.m2\repository\org\apache\tomcat\embed\tomcat-embed-el\11.0.18\tomcat-embed-el-11.0.18.jar;C:\Users\Akanksha.Surve\.m2\repository\org\apache\tomcat\embed\tomcat-embed-websocket\11.0.18\tomcat-embed-websocket-11.0.18.jar;C:\Users\Akanksha.Surve\.m2\repository\org\springframework\boot\spring-boot-tomcat\4.0.3\spring-boot-tomcat-4.0.3.jar;C:\Users\Akanksha.Surve\git\NewMaharecuitrment\maharecruitment-common\target\classes;C:\Users\Akanksha.Surve\git\NewMaharecuitrment\maharecruitment-attendance\target\classes;C:\Users\Akanksha.Surve\git\NewMaharecuitrment\maharecruitment-security\target\classes;C:\Users\Akanksha.Surve\git\NewMaharecuitrment\maharecruitment-auth\target\classes;C:\Users\Akanksha.Surve\git\NewMaharecuitrment\maharecruitment-agency\target\classes;C:\Users\Akanksha.Surve\git\NewMaharecuitrment\maharecruitment-master\target\classes;C:\Users\Akanksha.Surve\git\NewMaharecuitrment\maharecruitment-department\target\classes;C:\Users\Akanksha.Surve\git\NewMaharecuitrment\maharecruitment-invoice\target\classes;C:\Users\Akanksha.Surve\git\NewMaharecuitrment\maharecruitment-recruitment\target\classes;C:\Users\Akanksha.Surve\git\NewMaharecuitrment\maharecruitment-notification\target\classes;C:\Users\Akanksha.Surve\git\NewMaharecuitrment\maharecruitment-workorder\target\classes;C:\Users\Akanksha.Surve\git\NewMaharecuitrment\maharecruitment-audit\target\classes;C:\Users\Akanksha.Surve\.m2\repository\com\google\zxing\core\3.5.4\core-3.5.4.jar;C:\Users\Akanksha.Surve\.m2\repository\com\google\zxing\javase\3.5.4\javase-3.5.4.jar;C:\Users\Akanksha.Surve\.m2\repository\org\jcommander\jcommander\1.85\jcommander-1.85.jar;C:\Users\Akanksha.Surve\.m2\repository\com\github\jai-imageio\jai-imageio-core\1.4.0\jai-imageio-core-1.4.0.jar;C:\Users\Akanksha.Surve\.m2\repository\org\thymeleaf\extras\thymeleaf-extras-springsecurity6\3.1.3.RELEASE\thymeleaf-extras-springsecurity6-3.1.3.RELEASE.jar;C:\Users\Akanksha.Surve\.m2\repository\org\thymeleaf\thymeleaf-spring6\3.1.3.RELEASE\thymeleaf-spring6-3.1.3.RELEASE.jar;C:\Users\Akanksha.Surve\.m2\repository\org\thymeleaf\thymeleaf\3.1.3.RELEASE\thymeleaf-3.1.3.RELEASE.jar;C:\Users\Akanksha.Surve\.m2\repository\org\attoparser\attoparser\2.0.7.RELEASE\attoparser-2.0.7.RELEASE.jar;C:\Users\Akanksha.Surve\.m2\repository\org\unbescape\unbescape\1.1.6.RELEASE\unbescape-1.1.6.RELEASE.jar;C:\Users\Akanksha.Surve\.m2\repository\org\slf4j\slf4j-api\2.0.17\slf4j-api-2.0.17.jar;C:\Users\Akanksha.Surve\.m2\repository\org\springframework\boot\spring-boot-devtools\4.0.3\spring-boot-devtools-4.0.3.jar;C:\Users\Akanksha.Surve\.m2\repository\org\springframework\boot\spring-boot\4.0.3\spring-boot-4.0.3.jar;C:\Users\Akanksha.Surve\.m2\repository\org\springframework\spring-context\7.0.5\spring-context-7.0.5.jar;C:\Users\Akanksha.Surve\.m2\repository\org\springframework\boot\spring-boot-autoconfigure\4.0.3\spring-boot-autoconfigure-4.0.3.jar;C:\Users\Akanksha.Surve\.m2\repository\org\postgresql\postgresql\42.7.10\postgresql-42.7.10.jar;C:\Users\Akanksha.Surve\.m2\repository\org\checkerframework\checker-qual\3.52.0\checker-qual-3.52.0.jar;C:\Users\Akanksha.Surve\.m2\repository\org\springframework\boot\spring-boot-starter-validation\4.0.3\spring-boot-starter-validation-4.0.3.jar;C:\Users\Akanksha.Surve\.m2\repository\org\springframework\boot\spring-boot-validation\4.0.3\spring-boot-validation-4.0.3.jar;C:\Users\Akanksha.Surve\.m2\repository\org\hibernate\validator\hibernate-validator\9.0.1.Final\hibernate-validator-9.0.1.Final.jar;C:\Users\Akanksha.Surve\.m2\repository\jakarta\validation\jakarta.validation-api\3.1.1\jakarta.validation-api-3.1.1.jar;C:\Users\Akanksha.Surve\.m2\repository\org\jboss\logging\jboss-logging\3.6.2.Final\jboss-logging-3.6.2.Final.jar;C:\Users\Akanksha.Surve\.m2\repository\com\fasterxml\classmate\1.7.3\classmate-1.7.3.jar;C:\Users\Akanksha.Surve\.m2\repository\org\projectlombok\lombok\1.18.42\lombok-1.18.42.jar;C:\Users\Akanksha.Surve\.m2\repository\jakarta\xml\bind\jakarta.xml.bind-api\4.0.4\jakarta.xml.bind-api-4.0.4.jar;C:\Users\Akanksha.Surve\.m2\repository\jakarta\activation\jakarta.activation-api\2.1.4\jakarta.activation-api-2.1.4.jar;C:\Users\Akanksha.Surve\.m2\repository\net\bytebuddy\byte-buddy\1.17.8\byte-buddy-1.17.8.jar;C:\Users\Akanksha.Surve\.m2\repository\org\springframework\spring-core\7.0.5\spring-core-7.0.5.jar;C:\Users\Akanksha.Surve\.m2\repository\commons-logging\commons-logging\1.3.5\commons-logging-1.3.5.jar;C:\Users\Akanksha.Surve\.m2\repository\org\jspecify\jspecify\1.0.0\jspecify-1.0.0.jar;C:\Users\Akanksha.Surve\.m2\repository\org\springframework\security\spring-security-core\7.0.3\spring-security-core-7.0.3.jar;C:\Users\Akanksha.Surve\.m2\repository\org\springframework\security\spring-security-crypto\7.0.3\spring-security-crypto-7.0.3.jar;C:\Users\Akanksha.Surve\.m2\repository\org\springframework\spring-expression\7.0.5\spring-expression-7.0.5.jar;C:\Users\Akanksha.Surve\.m2\repository\io\micrometer\micrometer-observation\1.16.3\micrometer-observation-1.16.3.jar;C:\Users\Akanksha.Surve\.m2\repository\io\micrometer\micrometer-commons\1.16.3\micrometer-commons-1.16.3.jar;C:\Users\Akanksha.Surve\.m2\repository\org\springframework\security\spring-security-web\7.0.3\spring-security-web-7.0.3.jar;C:\Users\Akanksha.Surve\.m2\repository\org\springframework\boot\spring-boot-starter-mail\4.0.3\spring-boot-starter-mail-4.0.3.jar;C:\Users\Akanksha.Surve\.m2\repository\org\springframework\boot\spring-boot-mail\4.0.3\spring-boot-mail-4.0.3.jar;C:\Users\Akanksha.Surve\.m2\repository\org\springframework\spring-context-support\7.0.5\spring-context-support-7.0.5.jar;C:\Users\Akanksha.Surve\.m2\repository\jakarta\mail\jakarta.mail-api\2.1.5\jakarta.mail-api-2.1.5.jar;C:\Users\Akanksha.Surve\.m2\repository\org\eclipse\angus\angus-mail\2.0.5\angus-mail-2.0.5.jar;C:\Users\Akanksha.Surve\.m2\repository\org\eclipse\angus\angus-activation\2.0.3\angus-activation-2.0.3.jar;C:\Users\Akanksha.Surve\.m2\repository\org\apache\poi\poi-ooxml\5.2.3\poi-ooxml-5.2.3.jar;C:\Users\Akanksha.Surve\.m2\repository\org\apache\poi\poi\5.2.3\poi-5.2.3.jar;C:\Users\Akanksha.Surve\.m2\repository\commons-codec\commons-codec\1.19.0\commons-codec-1.19.0.jar;C:\Users\Akanksha.Surve\.m2\repository\org\apache\commons\commons-math3\3.6.1\commons-math3-3.6.1.jar;C:\Users\Akanksha.Surve\.m2\repository\com\zaxxer\SparseBitSet\1.2\SparseBitSet-1.2.jar;C:\Users\Akanksha.Surve\.m2\repository\org\apache\poi\poi-ooxml-lite\5.2.3\poi-ooxml-lite-5.2.3.jar;C:\Users\Akanksha.Surve\.m2\repository\org\apache\xmlbeans\xmlbeans\5.1.1\xmlbeans-5.1.1.jar;C:\Users\Akanksha.Surve\.m2\repository\org\apache\commons\commons-compress\1.21\commons-compress-1.21.jar;C:\Users\Akanksha.Surve\.m2\repository\commons-io\commons-io\2.11.0\commons-io-2.11.0.jar;C:\Users\Akanksha.Surve\.m2\repository\com\github\virtuald\curvesapi\1.07\curvesapi-1.07.jar;C:\Users\Akanksha.Surve\.m2\repository\org\apache\logging\log4j\log4j-api\2.25.3\log4j-api-2.25.3.jar;C:\Users\Akanksha.Surve\.m2\repository\org\apache\commons\commons-collections4\4.4\commons-collections4-4.4.jar;C:\Users\Akanksha.Surve\.m2\repository\cn\apiclub\tool\simplecaptcha\1.2.2\simplecaptcha-1.2.2.jar;C:\Users\Akanksha.Surve\.m2\repository\org\mapstruct\mapstruct\1.5.2.Final\mapstruct-1.5.2.Final.jar;C:\Users\Akanksha.Surve\.m2\repository\org\mapstruct\mapstruct-processor\1.5.2.Final\mapstruct-processor-1.5.2.Final.jar;C:\Users\Akanksha.Surve\.m2\repository\com\fasterxml\jackson\datatype\jackson-datatype-jsr310\2.13.0\jackson-datatype-jsr310-2.13.0.jar;C:\Users\Akanksha.Surve\.m2\repository\com\fasterxml\jackson\core\jackson-annotations\2.20\jackson-annotations-2.20.jar;C:\Users\Akanksha.Surve\.m2\repository\com\fasterxml\jackson\core\jackson-core\2.20.2\jackson-core-2.20.2.jar
Launcher Type: SUN_STANDARD

[Global flags]
     intx CICompilerCount                          = 12                                        {product} {ergonomic}
     uint ConcGCThreads                            = 3                                         {product} {ergonomic}
     uint G1ConcRefinementThreads                  = 13                                        {product} {ergonomic}
   size_t G1HeapRegionSize                         = 4194304                                   {product} {ergonomic}
    uintx GCDrainStackTargetSize                   = 64                                        {product} {ergonomic}
   size_t InitialHeapSize                          = 532676608                                 {product} {ergonomic}
     bool ManagementServer                         = true                                      {product} {command line}
   size_t MarkStackSize                            = 4194304                                   {product} {ergonomic}
   size_t MaxHeapSize                              = 8510242816                                {product} {ergonomic}
   size_t MaxNewSize                               = 5104467968                                {product} {ergonomic}
   size_t MinHeapDeltaBytes                        = 4194304                                   {product} {ergonomic}
   size_t MinHeapSize                              = 8388608                                   {product} {ergonomic}
    uintx NonNMethodCodeHeapSize                   = 4096                                   {pd product} {ergonomic}
    uintx NonProfiledCodeHeapSize                  = 0                                      {pd product} {ergonomic}
     bool ProfileInterpreter                       = false                                  {pd product} {command line}
    uintx ProfiledCodeHeapSize                     = 0                                      {pd product} {ergonomic}
     bool ShowCodeDetailsInExceptionMessages       = true                                   {manageable} {command line}
   size_t SoftMaxHeapSize                          = 8510242816                             {manageable} {ergonomic}
     intx TieredStopAtLevel                        = 1                                         {product} {command line}
     bool UseCompressedOops                        = true                           {product lp64_product} {ergonomic}
     bool UseG1GC                                  = true                                      {product} {ergonomic}
     bool UseLargePagesIndividualAllocation        = false                                  {pd product} {ergonomic}

Logging:
Log output configuration:
 #0: stdout all=warning uptime,level,tags foldmultilines=false
 #1: stderr all=off uptime,level,tags foldmultilines=false

Environment Variables:
PATH=D:/sts-4.29.1.RELEASE//plugins/org.eclipse.justj.openjdk.hotspot.jre.full.win32.x86_64_21.0.6.v20250130-0529/jre/bin/server;D:/sts-4.29.1.RELEASE//plugins/org.eclipse.justj.openjdk.hotspot.jre.full.win32.x86_64_21.0.6.v20250130-0529/jre/bin;C:\Program Files\Common Files\Oracle\Java\javapath;C:\Program Files (x86)\Common Files\Oracle\Java\javapath;C:\WINDOWS\system32;C:\WINDOWS;C:\WINDOWS\System32\Wbem;C:\WINDOWS\System32\WindowsPowerShell\v1.0\;C:\WINDOWS\System32\OpenSSH\;C:\Program Files\PuTTY\;C:\Program Files\nodejs\;C:\Users\Akanksha.Surve\AppData\Local\Microsoft\WindowsApps;C:\Users\Akanksha.Surve\AppData\Roaming\npm;C:\Users\Akanksha.Surve\AppData\Local\Programs\Git\cmd;C:\Users\Akanksha.Surve\AppData\Local\Programs\Antigravity\bin;D:\sts-4.29.1.RELEASE;
USERNAME=Akanksha.Surve
OS=Windows_NT
PROCESSOR_IDENTIFIER=Intel64 Family 6 Model 191 Stepping 2, GenuineIntel
TMP=C:\Users\AKANKS~1.SUR\AppData\Local\Temp
TEMP=C:\Users\AKANKS~1.SUR\AppData\Local\Temp




Periodic native trim disabled

---------------  S Y S T E M  ---------------

OS:
 Windows 11 , 64 bit Build 26100 (10.0.26100.7019)
OS uptime: 1 days 0:08 hours
Hyper-V role detected

CPU: total 16 (initial active 16) (8 cores per cpu, 2 threads per core) family 6 model 191 stepping 2 microcode 0x3a, cx8, cmov, fxsr, ht, mmx, 3dnowpref, sse, sse2, sse3, ssse3, sse4.1, sse4.2, popcnt, lzcnt, tsc, tscinvbit, avx, avx2, aes, erms, clmul, bmi1, bmi2, adx, sha, fma, vzeroupper, clflush, clflushopt, clwb, hv, serialize, rdtscp, rdpid, fsrm, f16c, cet_ibt, cet_ss
Processor Information for the first 16 processors :
  Max Mhz: 2500, Current Mhz: 2500, Mhz Limit: 2500

Memory: 4k page, system-wide physical 32454M (16815M free)
TotalPageFile size 34502M (AvailPageFile size 13582M)
current process WorkingSet (physical memory assigned to process): 528M, peak: 528M
current process commit charge ("private bytes"): 573M, peak: 643M

vm_info: OpenJDK 64-Bit Server VM (21.0.6+7-LTS) for windows-amd64 JRE (21.0.6+7-LTS), built on 2025-01-21T00:00:00Z by "admin" with MS VC++ 17.7 (VS2022)

END.
