#
# A fatal error has been detected by the Java Runtime Environment:
#
#  Internal Error (utilities/concurrentHashTable.inline.hpp:682), pid=25724, tid=22632
#  fatal error: aux_index does not match even or odd indices
#
# JRE version: OpenJDK Runtime Environment Temurin-21.0.6+7 (21.0.6+7) (build 21.0.6+7-LTS)
# Java VM: OpenJDK 64-Bit Server VM Temurin-21.0.6+7 (21.0.6+7-LTS, mixed mode, emulated-client, sharing, tiered, compressed oops, compressed class ptrs, g1 gc, windows-amd64)
# No core dump will be written. Minidumps are not enabled by default on client versions of Windows
#
# If you would like to submit a bug report, please visit:
#   https://github.com/adoptium/adoptium-support/issues
#

---------------  S U M M A R Y ------------

Command Line: -Dcom.sun.management.jmxremote -Dcom.sun.management.jmxremote.port=54880 -Dcom.sun.management.jmxremote.authenticate=false -Dcom.sun.management.jmxremote.ssl=false -Djava.rmi.server.hostname=localhost -Dspring.jmx.enabled=true -Dmanagement.endpoints.jmx.exposure.include=* -Dspring.application.admin.enabled=true -Dspring.output.ansi.enabled=always -XX:TieredStopAtLevel=1 -Dspring.boot.project.name=maharecruitment-web -Dfile.encoding=UTF-8 -Dstdout.encoding=UTF-8 -Dstderr.encoding=UTF-8 -XX:+ShowCodeDetailsInExceptionMessages com.maharecruitment.gov.in.web.MaharecruitmentParentApplication

Host: Intel(R) Core(TM) i5-14400, 16 cores, 31G,  Windows 11 , 64 bit Build 26100 (10.0.26100.7019)
Time: Thu May  7 17:38:13 2026 India Standard Time elapsed time: 298.507978 seconds (0d 0h 4m 58s)

---------------  T H R E A D  ---------------

Current thread (0x0000022b4b799d80):  JavaThread "Service Thread" daemon [_thread_in_vm, id=22632, stack(0x00000064bb600000,0x00000064bb700000) (1024K)]

Stack: [0x00000064bb600000,0x00000064bb700000]
Native frames: (J=compiled Java code, j=interpreted, Vv=VM code, C=native code)
V  [jvm.dll+0x6cdee9]
V  [jvm.dll+0x8a83d1]
V  [jvm.dll+0x8aa8fe]
V  [jvm.dll+0x27f4f1]
V  [jvm.dll+0x81808b]
V  [jvm.dll+0x8169ba]
V  [jvm.dll+0x815e99]
V  [jvm.dll+0x733009]
V  [jvm.dll+0x3f0256]
V  [jvm.dll+0x851f8b]
V  [jvm.dll+0x6cc5ed]
C  [ucrtbase.dll+0x37b0]
C  [KERNEL32.DLL+0x2e8d7]
C  [ntdll.dll+0x8c53c]


---------------  P R O C E S S  ---------------

Threads class SMR info:
_java_thread_list=0x0000022b93481c90, length=29, elements={
0x0000022b4b7838c0, 0x0000022b4b78a5e0, 0x0000022b4b78f790, 0x0000022b4b7901e0,
0x0000022b4b799d80, 0x0000022b4b79a7d0, 0x0000022b4b79e850, 0x0000022b4b884760,
0x0000022b4b952370, 0x0000022b91513030, 0x0000022b91520800, 0x0000022b915488a0,
0x0000022b91889570, 0x0000022b9188cbf0, 0x0000022b91898480, 0x0000022b918991a0,
0x0000022b91897df0, 0x0000022b9189a550, 0x0000022b9358e470, 0x0000022b9358eb00,
0x0000022b992427d0, 0x0000022b99240700, 0x0000022b99240070, 0x0000022b99243b80,
0x0000022b99241ab0, 0x0000022b99242e60, 0x0000022b9906ed30, 0x0000022b9906fad0,
0x0000022b990701a0
}

Java Threads: ( => current thread )
  0x0000022b4b7838c0 JavaThread "Reference Handler"          daemon [_thread_blocked, id=22928, stack(0x00000064bb200000,0x00000064bb300000) (1024K)]
  0x0000022b4b78a5e0 JavaThread "Finalizer"                  daemon [_thread_blocked, id=22024, stack(0x00000064bb300000,0x00000064bb400000) (1024K)]
  0x0000022b4b78f790 JavaThread "Signal Dispatcher"          daemon [_thread_blocked, id=22108, stack(0x00000064bb400000,0x00000064bb500000) (1024K)]
  0x0000022b4b7901e0 JavaThread "Attach Listener"            daemon [_thread_blocked, id=25908, stack(0x00000064bb500000,0x00000064bb600000) (1024K)]
=>0x0000022b4b799d80 JavaThread "Service Thread"             daemon [_thread_in_vm, id=22632, stack(0x00000064bb600000,0x00000064bb700000) (1024K)]
  0x0000022b4b79a7d0 JavaThread "Monitor Deflation Thread"   daemon [_thread_blocked, id=22904, stack(0x00000064bb700000,0x00000064bb800000) (1024K)]
  0x0000022b4b79e850 JavaThread "C1 CompilerThread0"         daemon [_thread_blocked, id=21032, stack(0x00000064bb800000,0x00000064bb900000) (1024K)]
  0x0000022b4b884760 JavaThread "Common-Cleaner"             daemon [_thread_blocked, id=7468, stack(0x00000064bb900000,0x00000064bba00000) (1024K)]
  0x0000022b4b952370 JavaThread "Notification Thread"        daemon [_thread_blocked, id=14232, stack(0x00000064bbf00000,0x00000064bc000000) (1024K)]
  0x0000022b91513030 JavaThread "RMI TCP Accept-0"           daemon [_thread_in_native, id=26532, stack(0x00000064bc000000,0x00000064bc100000) (1024K)]
  0x0000022b91520800 JavaThread "RMI TCP Accept-54880"       daemon [_thread_in_native, id=12948, stack(0x00000064bc100000,0x00000064bc200000) (1024K)]
  0x0000022b915488a0 JavaThread "RMI TCP Accept-0"           daemon [_thread_in_native, id=11444, stack(0x00000064bc200000,0x00000064bc300000) (1024K)]
  0x0000022b91889570 JavaThread "RMI Scheduler(0)"           daemon [_thread_blocked, id=19888, stack(0x00000064bd100000,0x00000064bd200000) (1024K)]
  0x0000022b9188cbf0 JavaThread "RMI TCP Connection(idle)"   daemon [_thread_blocked, id=25260, stack(0x00000064bd200000,0x00000064bd300000) (1024K)]
  0x0000022b91898480 JavaThread "JMX server connection timeout 50" daemon [_thread_blocked, id=18048, stack(0x00000064bd300000,0x00000064bd400000) (1024K)]
  0x0000022b918991a0 JavaThread "logback-1"                  daemon [_thread_blocked, id=19660, stack(0x00000064bd600000,0x00000064bd700000) (1024K)]
  0x0000022b91897df0 JavaThread "AsyncAppender-Worker-ASYNC_FILE" daemon [_thread_blocked, id=5568, stack(0x00000064bd700000,0x00000064bd800000) (1024K)]
  0x0000022b9189a550 JavaThread "PostgreSQL-JDBC-Cleaner"    daemon [_thread_blocked, id=25760, stack(0x00000064bdd00000,0x00000064bde00000) (1024K)]
  0x0000022b9358e470 JavaThread "HttpClient-1-SelectorManager" daemon [_thread_in_native, id=19944, stack(0x00000064bdf00000,0x00000064be000000) (1024K)]
  0x0000022b9358eb00 JavaThread "Live Reload Server"         daemon [_thread_in_native, id=17840, stack(0x00000064be800000,0x00000064be900000) (1024K)]
  0x0000022b992427d0 JavaThread "DestroyJavaVM"                     [_thread_blocked, id=16968, stack(0x00000064baa00000,0x00000064bab00000) (1024K)]
  0x0000022b99240700 JavaThread "logback-2"                  daemon [_thread_blocked, id=26536, stack(0x00000064bba00000,0x00000064bbb00000) (1024K)]
  0x0000022b99240070 JavaThread "logback-3"                  daemon [_thread_blocked, id=25604, stack(0x00000064ba800000,0x00000064ba900000) (1024K)]
  0x0000022b99243b80 JavaThread "logback-4"                  daemon [_thread_blocked, id=26276, stack(0x00000064ba900000,0x00000064baa00000) (1024K)]
  0x0000022b99241ab0 JavaThread "Thread-6"                          [_thread_blocked, id=7084, stack(0x00000064ba700000,0x00000064ba800000) (1024K)]
  0x0000022b99242e60 JavaThread "restartedMain"                     [_thread_in_Java, id=11548, stack(0x00000064bbc00000,0x00000064bbd00000) (1024K)]
  0x0000022b9906ed30 JavaThread "C1 CompilerThread1"         daemon [_thread_blocked, id=26428, stack(0x00000064bbb00000,0x00000064bbc00000) (1024K)]
  0x0000022b9906fad0 JavaThread "C1 CompilerThread2"         daemon [_thread_blocked, id=25628, stack(0x00000064bbd00000,0x00000064bbe00000) (1024K)]
  0x0000022b990701a0 JavaThread "C1 CompilerThread3"         daemon [_thread_blocked, id=24600, stack(0x00000064bbe00000,0x00000064bbf00000) (1024K)]
Total: 29

Other Threads:
  0x0000022b4b76ce00 VMThread "VM Thread"                           [id=14000, stack(0x00000064bb100000,0x00000064bb200000) (1024K)]
  0x0000022b48978d90 WatcherThread "VM Periodic Task Thread"        [id=21436, stack(0x00000064bb000000,0x00000064bb100000) (1024K)]
  0x0000022b378e7f70 WorkerThread "GC Thread#0"                     [id=17528, stack(0x00000064bab00000,0x00000064bac00000) (1024K)]
  0x0000022b9155a760 WorkerThread "GC Thread#1"                     [id=23216, stack(0x00000064bc300000,0x00000064bc400000) (1024K)]
  0x0000022b9155ab00 WorkerThread "GC Thread#2"                     [id=26420, stack(0x00000064bc400000,0x00000064bc500000) (1024K)]
  0x0000022b916985a0 WorkerThread "GC Thread#3"                     [id=26592, stack(0x00000064bc500000,0x00000064bc600000) (1024K)]
  0x0000022b9155aea0 WorkerThread "GC Thread#4"                     [id=26456, stack(0x00000064bc600000,0x00000064bc700000) (1024K)]
  0x0000022b9155ba50 WorkerThread "GC Thread#5"                     [id=22816, stack(0x00000064bc700000,0x00000064bc800000) (1024K)]
  0x0000022b916a0950 WorkerThread "GC Thread#6"                     [id=24792, stack(0x00000064bc800000,0x00000064bc900000) (1024K)]
  0x0000022b916a0cf0 WorkerThread "GC Thread#7"                     [id=15528, stack(0x00000064bc900000,0x00000064bca00000) (1024K)]
  0x0000022b916a1090 WorkerThread "GC Thread#8"                     [id=8028, stack(0x00000064bca00000,0x00000064bcb00000) (1024K)]
  0x0000022b916a1430 WorkerThread "GC Thread#9"                     [id=26496, stack(0x00000064bcb00000,0x00000064bcc00000) (1024K)]
  0x0000022b916a17d0 WorkerThread "GC Thread#10"                    [id=3200, stack(0x00000064bcc00000,0x00000064bcd00000) (1024K)]
  0x0000022b916a5b80 WorkerThread "GC Thread#11"                    [id=24676, stack(0x00000064bcd00000,0x00000064bce00000) (1024K)]
  0x0000022b9199ceb0 WorkerThread "GC Thread#12"                    [id=25368, stack(0x00000064bd900000,0x00000064bda00000) (1024K)]
  0x0000022b378ed610 ConcurrentGCThread "G1 Main Marker"            [id=5896, stack(0x00000064bac00000,0x00000064bad00000) (1024K)]
  0x0000022b378ee3d0 WorkerThread "G1 Conc#0"                       [id=24588, stack(0x00000064bad00000,0x00000064bae00000) (1024K)]
  0x0000022b9199d250 WorkerThread "G1 Conc#1"                       [id=13648, stack(0x00000064bd400000,0x00000064bd500000) (1024K)]
  0x0000022b9199d990 WorkerThread "G1 Conc#2"                       [id=26168, stack(0x00000064bd500000,0x00000064bd600000) (1024K)]
  0x0000022b48842030 ConcurrentGCThread "G1 Refine#0"               [id=24644, stack(0x00000064bae00000,0x00000064baf00000) (1024K)]
  0x0000022b48843d60 ConcurrentGCThread "G1 Service"                [id=26240, stack(0x00000064baf00000,0x00000064bb000000) (1024K)]
Total: 21

Threads with active compile tasks:
C1 CompilerThread0  298531 13612       1       org.springframework.boot.context.config.LocationResourceLoader::isPattern (22 bytes)
Total: 1

VM state: not at safepoint (normal execution)

VM Mutex/Monitor currently owned by a thread: None

Heap address: 0x0000000604c00000, size: 8116 MB, Compressed Oops mode: Zero based, Oop shift amount: 3

CDS archive(s) mapped at: [0x0000022b4c000000-0x0000022b4cc80000-0x0000022b4cc80000), size 13107200, SharedBaseAddress: 0x0000022b4c000000, ArchiveRelocationMode: 1.
Compressed class space mapped at: 0x0000022b4d000000-0x0000022b8d000000, reserved size: 1073741824
Narrow klass base: 0x0000022b4c000000, Narrow klass shift: 0, Narrow klass range: 0x100000000

GC Precious Log:
 CardTable entry size: 512
 Card Set container configuration: InlinePtr #cards 4 size 8 Array Of Cards #cards 32 size 80 Howl #buckets 8 coarsen threshold 7372 Howl Bitmap #cards 1024 size 144 coarsen threshold 921 Card regions per heap region 1 cards per card region 8192
 CPUs: 16 total, 16 available
 Memory: 32454M
 Large Page Support: Disabled
 NUMA Support: Disabled
 Compressed Oops: Enabled (Zero based)
 Heap Region Size: 4M
 Heap Min Capacity: 8M
 Heap Initial Capacity: 508M
 Heap Max Capacity: 8116M
 Pre-touch: Disabled
 Parallel Workers: 13
 Concurrent Workers: 3
 Concurrent Refinement Workers: 13
 Periodic GC: Disabled

Heap:
 garbage-first heap   total 262144K, used 61196K [0x0000000604c00000, 0x0000000800000000)
  region size 4096K, 1 young (4096K), 0 survivors (0K)
 Metaspace       used 100425K, committed 102784K, reserved 1179648K
  class space    used 14024K, committed 14848K, reserved 1048576K

Heap Regions: E=young(eden), S=young(survivor), O=old, HS=humongous(starts), HC=humongous(continues), CS=collection set, F=free, TAMS=top-at-mark-start, PB=parsable bottom
|   0|0x0000000604c00000, 0x0000000605000000, 0x0000000605000000|100%| O|  |TAMS 0x0000000604c00000| PB 0x0000000604c00000| Untracked 
|   1|0x0000000605000000, 0x0000000605400000, 0x0000000605400000|100%| O|  |TAMS 0x0000000605000000| PB 0x0000000605000000| Untracked 
|   2|0x0000000605400000, 0x00000006057fffe0, 0x0000000605800000| 99%| O|  |TAMS 0x0000000605400000| PB 0x0000000605400000| Untracked 
|   3|0x0000000605800000, 0x0000000605bfffd0, 0x0000000605c00000| 99%| O|  |TAMS 0x0000000605800000| PB 0x0000000605800000| Untracked 
|   4|0x0000000605c00000, 0x0000000605fffff8, 0x0000000606000000| 99%| O|  |TAMS 0x0000000605c00000| PB 0x0000000605c00000| Untracked 
|   5|0x0000000606000000, 0x00000006063ffff8, 0x0000000606400000| 99%| O|  |TAMS 0x0000000606000000| PB 0x0000000606000000| Untracked 
|   6|0x0000000606400000, 0x00000006067ffff0, 0x0000000606800000| 99%| O|  |TAMS 0x0000000606400000| PB 0x0000000606400000| Untracked 
|   7|0x0000000606800000, 0x0000000606bf8198, 0x0000000606c00000| 99%| O|  |TAMS 0x0000000606800000| PB 0x0000000606800000| Untracked 
|   8|0x0000000606c00000, 0x0000000606f68560, 0x0000000607000000| 85%| O|  |TAMS 0x0000000606c00000| PB 0x0000000606c00000| Untracked 
|   9|0x0000000607000000, 0x00000006073fffe8, 0x0000000607400000| 99%| O|  |TAMS 0x0000000607000000| PB 0x0000000607000000| Untracked 
|  10|0x0000000607400000, 0x00000006076014e8, 0x0000000607800000| 50%| O|  |TAMS 0x0000000607400000| PB 0x0000000607400000| Untracked 
|  11|0x0000000607800000, 0x0000000607ba61c0, 0x0000000607c00000| 91%| O|  |TAMS 0x0000000607800000| PB 0x0000000607800000| Untracked 
|  12|0x0000000607c00000, 0x0000000607fffff0, 0x0000000608000000| 99%| O|  |TAMS 0x0000000607c00000| PB 0x0000000607c00000| Untracked 
|  13|0x0000000608000000, 0x00000006083ffed8, 0x0000000608400000| 99%| O|  |TAMS 0x0000000608000000| PB 0x0000000608000000| Untracked 
|  14|0x0000000608400000, 0x0000000608631338, 0x0000000608800000| 54%| O|  |TAMS 0x0000000608400000| PB 0x0000000608400000| Untracked 
|  15|0x0000000608800000, 0x0000000608a60a10, 0x0000000608c00000| 59%| O|  |TAMS 0x0000000608800000| PB 0x0000000608800000| Untracked 
|  16|0x0000000608c00000, 0x0000000608c00000, 0x0000000609000000|  0%| F|  |TAMS 0x0000000608c00000| PB 0x0000000608c00000| Untracked 
|  17|0x0000000609000000, 0x00000006090e2e28, 0x0000000609400000| 22%| O|  |TAMS 0x0000000609000000| PB 0x0000000609000000| Untracked 
|  18|0x0000000609400000, 0x0000000609400000, 0x0000000609800000|  0%| F|  |TAMS 0x0000000609400000| PB 0x0000000609400000| Untracked 
|  19|0x0000000609800000, 0x0000000609800000, 0x0000000609c00000|  0%| F|  |TAMS 0x0000000609800000| PB 0x0000000609800000| Untracked 
|  20|0x0000000609c00000, 0x0000000609c9c130, 0x000000060a000000| 15%| O|  |TAMS 0x0000000609c00000| PB 0x0000000609c00000| Untracked 
|  21|0x000000060a000000, 0x000000060a0aa7d0, 0x000000060a400000| 16%| O|  |TAMS 0x000000060a000000| PB 0x000000060a000000| Untracked 
|  22|0x000000060a400000, 0x000000060a400000, 0x000000060a800000|  0%| F|  |TAMS 0x000000060a400000| PB 0x000000060a400000| Untracked 
|  23|0x000000060a800000, 0x000000060a800000, 0x000000060ac00000|  0%| F|  |TAMS 0x000000060a800000| PB 0x000000060a800000| Untracked 
|  24|0x000000060ac00000, 0x000000060ac00000, 0x000000060b000000|  0%| F|  |TAMS 0x000000060ac00000| PB 0x000000060ac00000| Untracked 
|  25|0x000000060b000000, 0x000000060b000000, 0x000000060b400000|  0%| F|  |TAMS 0x000000060b000000| PB 0x000000060b000000| Untracked 
|  26|0x000000060b400000, 0x000000060b400000, 0x000000060b800000|  0%| F|  |TAMS 0x000000060b400000| PB 0x000000060b400000| Untracked 
|  27|0x000000060b800000, 0x000000060b800000, 0x000000060bc00000|  0%| F|  |TAMS 0x000000060b800000| PB 0x000000060b800000| Untracked 
|  28|0x000000060bc00000, 0x000000060bc00000, 0x000000060c000000|  0%| F|  |TAMS 0x000000060bc00000| PB 0x000000060bc00000| Untracked 
|  29|0x000000060c000000, 0x000000060c000000, 0x000000060c400000|  0%| F|  |TAMS 0x000000060c000000| PB 0x000000060c000000| Untracked 
|  30|0x000000060c400000, 0x000000060c400000, 0x000000060c800000|  0%| F|  |TAMS 0x000000060c400000| PB 0x000000060c400000| Untracked 
|  31|0x000000060c800000, 0x000000060c800000, 0x000000060cc00000|  0%| F|  |TAMS 0x000000060c800000| PB 0x000000060c800000| Untracked 
|  32|0x000000060cc00000, 0x000000060cc00000, 0x000000060d000000|  0%| F|  |TAMS 0x000000060cc00000| PB 0x000000060cc00000| Untracked 
|  33|0x000000060d000000, 0x000000060d000000, 0x000000060d400000|  0%| F|  |TAMS 0x000000060d000000| PB 0x000000060d000000| Untracked 
|  34|0x000000060d400000, 0x000000060d400000, 0x000000060d800000|  0%| F|  |TAMS 0x000000060d400000| PB 0x000000060d400000| Untracked 
|  35|0x000000060d800000, 0x000000060d800000, 0x000000060dc00000|  0%| F|  |TAMS 0x000000060d800000| PB 0x000000060d800000| Untracked 
|  36|0x000000060dc00000, 0x000000060dc00000, 0x000000060e000000|  0%| F|  |TAMS 0x000000060dc00000| PB 0x000000060dc00000| Untracked 
|  37|0x000000060e000000, 0x000000060e000000, 0x000000060e400000|  0%| F|  |TAMS 0x000000060e000000| PB 0x000000060e000000| Untracked 
|  38|0x000000060e400000, 0x000000060e400000, 0x000000060e800000|  0%| F|  |TAMS 0x000000060e400000| PB 0x000000060e400000| Untracked 
|  39|0x000000060e800000, 0x000000060e800000, 0x000000060ec00000|  0%| F|  |TAMS 0x000000060e800000| PB 0x000000060e800000| Untracked 
|  40|0x000000060ec00000, 0x000000060ec00000, 0x000000060f000000|  0%| F|  |TAMS 0x000000060ec00000| PB 0x000000060ec00000| Untracked 
|  41|0x000000060f000000, 0x000000060f000000, 0x000000060f400000|  0%| F|  |TAMS 0x000000060f000000| PB 0x000000060f000000| Untracked 
|  42|0x000000060f400000, 0x000000060f400000, 0x000000060f800000|  0%| F|  |TAMS 0x000000060f400000| PB 0x000000060f400000| Untracked 
|  43|0x000000060f800000, 0x000000060f800000, 0x000000060fc00000|  0%| F|  |TAMS 0x000000060f800000| PB 0x000000060f800000| Untracked 
|  44|0x000000060fc00000, 0x000000060fc00000, 0x0000000610000000|  0%| F|  |TAMS 0x000000060fc00000| PB 0x000000060fc00000| Untracked 
|  45|0x0000000610000000, 0x0000000610000000, 0x0000000610400000|  0%| F|  |TAMS 0x0000000610000000| PB 0x0000000610000000| Untracked 
|  46|0x0000000610400000, 0x0000000610400000, 0x0000000610800000|  0%| F|  |TAMS 0x0000000610400000| PB 0x0000000610400000| Untracked 
|  47|0x0000000610800000, 0x0000000610800000, 0x0000000610c00000|  0%| F|  |TAMS 0x0000000610800000| PB 0x0000000610800000| Untracked 
|  48|0x0000000610c00000, 0x0000000610c00000, 0x0000000611000000|  0%| F|  |TAMS 0x0000000610c00000| PB 0x0000000610c00000| Untracked 
|  49|0x0000000611000000, 0x0000000611000000, 0x0000000611400000|  0%| F|  |TAMS 0x0000000611000000| PB 0x0000000611000000| Untracked 
|  50|0x0000000611400000, 0x0000000611400000, 0x0000000611800000|  0%| F|  |TAMS 0x0000000611400000| PB 0x0000000611400000| Untracked 
|  51|0x0000000611800000, 0x0000000611800000, 0x0000000611c00000|  0%| F|  |TAMS 0x0000000611800000| PB 0x0000000611800000| Untracked 
|  52|0x0000000611c00000, 0x0000000611c00000, 0x0000000612000000|  0%| F|  |TAMS 0x0000000611c00000| PB 0x0000000611c00000| Untracked 
|  53|0x0000000612000000, 0x0000000612000000, 0x0000000612400000|  0%| F|  |TAMS 0x0000000612000000| PB 0x0000000612000000| Untracked 
|  54|0x0000000612400000, 0x0000000612400000, 0x0000000612800000|  0%| F|  |TAMS 0x0000000612400000| PB 0x0000000612400000| Untracked 
|  55|0x0000000612800000, 0x0000000612800000, 0x0000000612c00000|  0%| F|  |TAMS 0x0000000612800000| PB 0x0000000612800000| Untracked 
|  56|0x0000000612c00000, 0x0000000612c00000, 0x0000000613000000|  0%| F|  |TAMS 0x0000000612c00000| PB 0x0000000612c00000| Untracked 
|  57|0x0000000613000000, 0x0000000613000000, 0x0000000613400000|  0%| F|  |TAMS 0x0000000613000000| PB 0x0000000613000000| Untracked 
|  58|0x0000000613400000, 0x0000000613400000, 0x0000000613800000|  0%| F|  |TAMS 0x0000000613400000| PB 0x0000000613400000| Untracked 
|  59|0x0000000613800000, 0x0000000613800000, 0x0000000613c00000|  0%| F|  |TAMS 0x0000000613800000| PB 0x0000000613800000| Untracked 
|  60|0x0000000613c00000, 0x0000000613c00000, 0x0000000614000000|  0%| F|  |TAMS 0x0000000613c00000| PB 0x0000000613c00000| Untracked 
|  61|0x0000000614000000, 0x0000000614000000, 0x0000000614400000|  0%| F|  |TAMS 0x0000000614000000| PB 0x0000000614000000| Untracked 
|  62|0x0000000614400000, 0x0000000614400000, 0x0000000614800000|  0%| F|  |TAMS 0x0000000614400000| PB 0x0000000614400000| Untracked 
|  63|0x0000000614800000, 0x0000000614a644c8, 0x0000000614c00000| 59%| E|  |TAMS 0x0000000614800000| PB 0x0000000614800000| Complete 

Card table byte_map: [0x0000022b3f800000,0x0000022b407e0000] _byte_map_base: 0x0000022b3c7da000

Marking Bits: (CMBitMap*) 0x0000022b378e8580
 Bits: [0x0000022b407e0000, 0x0000022b486b0000)

Polling page: 0x0000022b35600000

Metaspace:

Usage:
  Non-class:     84.38 MB used.
      Class:     13.70 MB used.
       Both:     98.07 MB used.

Virtual space:
  Non-class space:      128.00 MB reserved,      85.88 MB ( 67%) committed,  2 nodes.
      Class space:        1.00 GB reserved,      14.50 MB (  1%) committed,  1 nodes.
             Both:        1.12 GB reserved,     100.38 MB (  9%) committed. 

Chunk freelists:
   Non-Class:  10.97 MB
       Class:  1.99 MB
        Both:  12.97 MB

MaxMetaspaceSize: unlimited
CompressedClassSpaceSize: 1.00 GB
Initial GC threshold: 21.00 MB
Current GC threshold: 167.31 MB
CDS: on
 - commit_granule_bytes: 65536.
 - commit_granule_words: 8192.
 - virtual_space_node_default_size: 8388608.
 - enlarge_chunks_in_place: 1.
 - use_allocation_guard: 0.


Internal statistics:

num_allocs_failed_limit: 12.
num_arena_births: 2114.
num_arena_deaths: 1008.
num_vsnodes_births: 3.
num_vsnodes_deaths: 0.
num_space_committed: 1606.
num_space_uncommitted: 0.
num_chunks_returned_to_freelist: 1265.
num_chunks_taken_from_freelist: 6052.
num_chunk_merges: 401.
num_chunk_splits: 4164.
num_chunks_enlarged: 2921.
num_inconsistent_stats: 0.

CodeCache: size=49152Kb used=21139Kb max_used=26339Kb free=28012Kb
 bounds [0x0000022b3b1c0000, 0x0000022b3cb80000, 0x0000022b3e1c0000]
 total_blobs=11668 nmethods=10878 adapters=709
 compilation: enabled
              stopped_count=0, restarted_count=0
 full_count=0

Compilation events (20 events):
Event: 298.378 Thread 0x0000022b4b79e850 13574   !   1       java.net.Socket::getImpl (115 bytes)
Event: 298.379 Thread 0x0000022b4b79e850 nmethod 13574 0x0000022b3bf01a10 code [0x0000022b3bf01c80, 0x0000022b3bf02470]
Event: 298.379 Thread 0x0000022b4b79e850 13575   !   1       java.nio.DirectByteBuffer::put (37 bytes)
Event: 298.380 Thread 0x0000022b4b79e850 nmethod 13575 0x0000022b3bf01210 code [0x0000022b3bf01400, 0x0000022b3bf01718]
Event: 298.380 Thread 0x0000022b4b79e850 13576   !   1       jdk.internal.misc.ScopedMemoryAccess::putByte (21 bytes)
Event: 298.380 Thread 0x0000022b4b79e850 nmethod 13576 0x0000022b3bf00d90 code [0x0000022b3bf00f40, 0x0000022b3bf010f8]
Event: 298.380 Thread 0x0000022b4b79e850 13577   !   1       jdk.internal.misc.ScopedMemoryAccess::putByteInternal (35 bytes)
Event: 298.380 Thread 0x0000022b4b79e850 nmethod 13577 0x0000022b3bf00a10 code [0x0000022b3bf00bc0, 0x0000022b3bf00d00]
Event: 298.380 Thread 0x0000022b4b79e850 13578       1       java.time.Instant::getNano (5 bytes)
Event: 298.380 Thread 0x0000022b4b79e850 nmethod 13578 0x0000022b3bf00710 code [0x0000022b3bf008a0, 0x0000022b3bf00968]
Event: 298.380 Thread 0x0000022b4b79e850 13579       1       java.util.concurrent.ConcurrentHashMap$BaseIterator::remove (37 bytes)
Event: 298.381 Thread 0x0000022b4b79e850 nmethod 13579 0x0000022b3bf00290 code [0x0000022b3bf00440, 0x0000022b3bf00620]
Event: 298.385 Thread 0x0000022b4b79e850 13580       1       org.apache.juli.logging.DirectJDKLog::isDebugEnabled (11 bytes)
Event: 298.385 Thread 0x0000022b4b79e850 nmethod 13580 0x0000022b3beffe90 code [0x0000022b3bf00020, 0x0000022b3bf00138]
Event: 298.462 Thread 0x0000022b4b79e850 13581  s    1       org.apache.catalina.util.LifecycleBase::setStateInternal (144 bytes)
Event: 298.463 Thread 0x0000022b4b79e850 nmethod 13581 0x0000022b3ba8ba90 code [0x0000022b3ba8bcc0, 0x0000022b3ba8c428]
Event: 298.489 Thread 0x0000022b4b79e850 13582       1       org.springframework.core.io.support.SpringFactoriesLoader$$Lambda/0x0000022b4d0ebda8::apply (8 bytes)
Event: 298.489 Thread 0x0000022b4b79e850 nmethod 13582 0x0000022b3b6e3110 code [0x0000022b3b6e32c0, 0x0000022b3b6e3448]
Event: 298.489 Thread 0x0000022b4b79e850 13583       1       org.springframework.core.io.support.SpringFactoriesLoader$$Lambda/0x0000022b4d0ee000::accept (14 bytes)
Event: 298.489 Thread 0x0000022b4b79e850 nmethod 13583 0x0000022b3b5ec090 code [0x0000022b3b5ec240, 0x0000022b3b5ec370]

GC Heap History (20 events):
Event: 11.839 GC heap before
{Heap before GC invocations=27 (full 0):
 garbage-first heap   total 303104K, used 256424K [0x0000000604c00000, 0x0000000800000000)
  region size 4096K, 44 young (180224K), 2 survivors (8192K)
 Metaspace       used 80582K, committed 81344K, reserved 1179648K
  class space    used 11460K, committed 11776K, reserved 1048576K
}
Event: 11.842 GC heap after
{Heap after GC invocations=28 (full 0):
 garbage-first heap   total 303104K, used 92900K [0x0000000604c00000, 0x0000000800000000)
  region size 4096K, 4 young (16384K), 4 survivors (16384K)
 Metaspace       used 80582K, committed 81344K, reserved 1179648K
  class space    used 11460K, committed 11776K, reserved 1048576K
}
Event: 12.073 GC heap before
{Heap before GC invocations=28 (full 0):
 garbage-first heap   total 303104K, used 256740K [0x0000000604c00000, 0x0000000800000000)
  region size 4096K, 44 young (180224K), 4 survivors (16384K)
 Metaspace       used 80960K, committed 81728K, reserved 1179648K
  class space    used 11574K, committed 11904K, reserved 1048576K
}
Event: 12.077 GC heap after
{Heap after GC invocations=29 (full 0):
 garbage-first heap   total 303104K, used 84559K [0x0000000604c00000, 0x0000000800000000)
  region size 4096K, 3 young (12288K), 3 survivors (12288K)
 Metaspace       used 80960K, committed 81728K, reserved 1179648K
  class space    used 11574K, committed 11904K, reserved 1048576K
}
Event: 12.267 GC heap before
{Heap before GC invocations=29 (full 0):
 garbage-first heap   total 303104K, used 252495K [0x0000000604c00000, 0x0000000800000000)
  region size 4096K, 44 young (180224K), 3 survivors (12288K)
 Metaspace       used 80961K, committed 81728K, reserved 1179648K
  class space    used 11574K, committed 11904K, reserved 1048576K
}
Event: 12.271 GC heap after
{Heap after GC invocations=30 (full 0):
 garbage-first heap   total 303104K, used 85998K [0x0000000604c00000, 0x0000000800000000)
  region size 4096K, 4 young (16384K), 4 survivors (16384K)
 Metaspace       used 80961K, committed 81728K, reserved 1179648K
  class space    used 11574K, committed 11904K, reserved 1048576K
}
Event: 12.551 GC heap before
{Heap before GC invocations=30 (full 0):
 garbage-first heap   total 303104K, used 249838K [0x0000000604c00000, 0x0000000800000000)
  region size 4096K, 44 young (180224K), 4 survivors (16384K)
 Metaspace       used 81138K, committed 81920K, reserved 1179648K
  class space    used 11614K, committed 11968K, reserved 1048576K
}
Event: 12.556 GC heap after
{Heap after GC invocations=31 (full 0):
 garbage-first heap   total 364544K, used 91608K [0x0000000604c00000, 0x0000000800000000)
  region size 4096K, 5 young (20480K), 5 survivors (20480K)
 Metaspace       used 81138K, committed 81920K, reserved 1179648K
  class space    used 11614K, committed 11968K, reserved 1048576K
}
Event: 13.054 GC heap before
{Heap before GC invocations=31 (full 0):
 garbage-first heap   total 364544K, used 288216K [0x0000000604c00000, 0x0000000800000000)
  region size 4096K, 53 young (217088K), 5 survivors (20480K)
 Metaspace       used 83096K, committed 83968K, reserved 1179648K
  class space    used 11820K, committed 12224K, reserved 1048576K
}
Event: 13.058 GC heap after
{Heap after GC invocations=32 (full 0):
 garbage-first heap   total 364544K, used 93033K [0x0000000604c00000, 0x0000000800000000)
  region size 4096K, 4 young (16384K), 4 survivors (16384K)
 Metaspace       used 83096K, committed 83968K, reserved 1179648K
  class space    used 11820K, committed 12224K, reserved 1048576K
}
Event: 13.222 GC heap before
{Heap before GC invocations=32 (full 0):
 garbage-first heap   total 364544K, used 125801K [0x0000000604c00000, 0x0000000800000000)
  region size 4096K, 13 young (53248K), 4 survivors (16384K)
 Metaspace       used 84055K, committed 84992K, reserved 1179648K
  class space    used 11904K, committed 12352K, reserved 1048576K
}
Event: 13.225 GC heap after
{Heap after GC invocations=33 (full 0):
 garbage-first heap   total 364544K, used 95372K [0x0000000604c00000, 0x0000000800000000)
  region size 4096K, 4 young (16384K), 4 survivors (16384K)
 Metaspace       used 84055K, committed 84992K, reserved 1179648K
  class space    used 11904K, committed 12352K, reserved 1048576K
}
Event: 17.221 GC heap before
{Heap before GC invocations=34 (full 0):
 garbage-first heap   total 327680K, used 275596K [0x0000000604c00000, 0x0000000800000000)
  region size 4096K, 48 young (196608K), 4 survivors (16384K)
 Metaspace       used 94703K, committed 96000K, reserved 1179648K
  class space    used 13338K, committed 13952K, reserved 1048576K
}
Event: 17.227 GC heap after
{Heap after GC invocations=35 (full 0):
 garbage-first heap   total 327680K, used 106244K [0x0000000604c00000, 0x0000000800000000)
  region size 4096K, 6 young (24576K), 6 survivors (24576K)
 Metaspace       used 94703K, committed 96000K, reserved 1179648K
  class space    used 13338K, committed 13952K, reserved 1048576K
}
Event: 109.317 GC heap before
{Heap before GC invocations=35 (full 0):
 garbage-first heap   total 327680K, used 274180K [0x0000000604c00000, 0x0000000800000000)
  region size 4096K, 48 young (196608K), 6 survivors (24576K)
 Metaspace       used 101386K, committed 102656K, reserved 1179648K
  class space    used 14249K, committed 14848K, reserved 1048576K
}
Event: 109.336 GC heap after
{Heap after GC invocations=36 (full 0):
 garbage-first heap   total 327680K, used 105827K [0x0000000604c00000, 0x0000000800000000)
  region size 4096K, 4 young (16384K), 4 survivors (16384K)
 Metaspace       used 101386K, committed 102656K, reserved 1179648K
  class space    used 14249K, committed 14848K, reserved 1048576K
}
Event: 239.272 GC heap before
{Heap before GC invocations=36 (full 0):
 garbage-first heap   total 327680K, used 286051K [0x0000000604c00000, 0x0000000800000000)
  region size 4096K, 48 young (196608K), 4 survivors (16384K)
 Metaspace       used 101392K, committed 102656K, reserved 1179648K
  class space    used 14250K, committed 14848K, reserved 1048576K
}
Event: 239.281 GC heap after
{Heap after GC invocations=37 (full 0):
 garbage-first heap   total 327680K, used 104585K [0x0000000604c00000, 0x0000000800000000)
  region size 4096K, 4 young (16384K), 4 survivors (16384K)
 Metaspace       used 101392K, committed 102656K, reserved 1179648K
  class space    used 14250K, committed 14848K, reserved 1048576K
}
Event: 298.385 GC heap before
{Heap before GC invocations=37 (full 0):
 garbage-first heap   total 327680K, used 182409K [0x0000000604c00000, 0x0000000800000000)
  region size 4096K, 24 young (98304K), 4 survivors (16384K)
 Metaspace       used 101482K, committed 102784K, reserved 1179648K
  class space    used 14269K, committed 14848K, reserved 1048576K
}
Event: 298.462 GC heap after
{Heap after GC invocations=38 (full 1):
 garbage-first heap   total 262144K, used 61196K [0x0000000604c00000, 0x0000000800000000)
  region size 4096K, 0 young (0K), 0 survivors (0K)
 Metaspace       used 100411K, committed 102784K, reserved 1179648K
  class space    used 14021K, committed 14848K, reserved 1048576K
}

Dll operation events (11 events):
Event: 0.005 Loaded shared library D:\sts-4.29.1.RELEASE\plugins\org.eclipse.justj.openjdk.hotspot.jre.full.win32.x86_64_21.0.6.v20250130-0529\jre\bin\java.dll
Event: 0.023 Loaded shared library D:\sts-4.29.1.RELEASE\plugins\org.eclipse.justj.openjdk.hotspot.jre.full.win32.x86_64_21.0.6.v20250130-0529\jre\bin\zip.dll
Event: 0.094 Loaded shared library D:\sts-4.29.1.RELEASE\plugins\org.eclipse.justj.openjdk.hotspot.jre.full.win32.x86_64_21.0.6.v20250130-0529\jre\bin\jimage.dll
Event: 0.099 Loaded shared library D:\sts-4.29.1.RELEASE\plugins\org.eclipse.justj.openjdk.hotspot.jre.full.win32.x86_64_21.0.6.v20250130-0529\jre\bin\net.dll
Event: 0.100 Loaded shared library D:\sts-4.29.1.RELEASE\plugins\org.eclipse.justj.openjdk.hotspot.jre.full.win32.x86_64_21.0.6.v20250130-0529\jre\bin\nio.dll
Event: 0.102 Loaded shared library D:\sts-4.29.1.RELEASE\plugins\org.eclipse.justj.openjdk.hotspot.jre.full.win32.x86_64_21.0.6.v20250130-0529\jre\bin\zip.dll
Event: 0.165 Loaded shared library D:\sts-4.29.1.RELEASE\plugins\org.eclipse.justj.openjdk.hotspot.jre.full.win32.x86_64_21.0.6.v20250130-0529\jre\bin\management.dll
Event: 0.173 Loaded shared library D:\sts-4.29.1.RELEASE\plugins\org.eclipse.justj.openjdk.hotspot.jre.full.win32.x86_64_21.0.6.v20250130-0529\jre\bin\management_ext.dll
Event: 0.322 Loaded shared library D:\sts-4.29.1.RELEASE\plugins\org.eclipse.justj.openjdk.hotspot.jre.full.win32.x86_64_21.0.6.v20250130-0529\jre\bin\extnet.dll
Event: 1.279 Loaded shared library D:\sts-4.29.1.RELEASE\plugins\org.eclipse.justj.openjdk.hotspot.jre.full.win32.x86_64_21.0.6.v20250130-0529\jre\bin\sunmscapi.dll
Event: 3.799 Loaded shared library D:\sts-4.29.1.RELEASE\plugins\org.eclipse.justj.openjdk.hotspot.jre.full.win32.x86_64_21.0.6.v20250130-0529\jre\bin\verify.dll

Deoptimization events (10 events):
Event: 1.664 Thread 0x0000022b91856150 DEOPT PACKING pc=0x0000022b3bb28f8c sp=0x00000064bcffea60
Event: 1.664 Thread 0x0000022b91856150 DEOPT UNPACKING pc=0x0000022b3b214e42 sp=0x00000064bcffdfd8 mode 0
Event: 1.947 Thread 0x0000022b91856150 DEOPT PACKING pc=0x0000022b3baaecac sp=0x00000064bcffe750
Event: 1.947 Thread 0x0000022b91856150 DEOPT UNPACKING pc=0x0000022b3b214e42 sp=0x00000064bcffdc00 mode 0
Event: 4.664 Thread 0x0000022b91856150 DEOPT PACKING pc=0x0000022b3c156f0c sp=0x00000064bcffe170
Event: 4.664 Thread 0x0000022b91856150 DEOPT UNPACKING pc=0x0000022b3b214e42 sp=0x00000064bcffd6e0 mode 0
Event: 12.128 Thread 0x0000022b9188cbf0 DEOPT PACKING pc=0x0000022b3c4ad4bc sp=0x00000064bd2fec90
Event: 12.128 Thread 0x0000022b9188cbf0 DEOPT UNPACKING pc=0x0000022b3b214e42 sp=0x00000064bd2fe128 mode 0
Event: 14.501 Thread 0x0000022b91856150 DEOPT PACKING pc=0x0000022b3c0499ec sp=0x00000064bcffd9c0
Event: 14.501 Thread 0x0000022b91856150 DEOPT UNPACKING pc=0x0000022b3b214e42 sp=0x00000064bcffcf78 mode 0

Classes loaded (20 events):
Event: 106.596 Loading class java/util/stream/FindOps$FindSink$OfLong
Event: 106.596 Loading class java/util/stream/FindOps$FindSink$OfLong done
Event: 106.603 Loading class java/util/concurrent/CompletableFuture$MinimalStage
Event: 106.604 Loading class java/util/concurrent/CompletableFuture$MinimalStage done
Event: 106.606 Loading class java/nio/HeapByteBufferR
Event: 106.606 Loading class java/nio/HeapByteBufferR done
Event: 106.609 Loading class java/io/PushbackInputStream
Event: 106.609 Loading class java/io/PushbackInputStream done
Event: 106.626 Loading class java/io/OutputStream$1
Event: 106.626 Loading class java/io/OutputStream$1 done
Event: 107.299 Loading class java/time/format/DateTimeParseContext
Event: 107.299 Loading class java/time/format/DateTimeParseContext done
Event: 107.299 Loading class java/time/format/Parsed
Event: 107.300 Loading class java/time/format/Parsed done
Event: 298.304 Loading class java/util/concurrent/locks/AbstractQueuedSynchronizer$SharedNode
Event: 298.305 Loading class java/util/concurrent/locks/AbstractQueuedSynchronizer$SharedNode done
Event: 298.463 Loading class java/lang/ref/Finalizer$2
Event: 298.463 Loading class java/lang/ref/Finalizer$2 done
Event: 298.463 Loading class java/lang/ref/Finalizer$1
Event: 298.463 Loading class java/lang/ref/Finalizer$1 done

Classes unloaded (20 events):
Event: 298.411 Thread 0x0000022b4b76ce00 Unloading class 0x0000022b4d0da800 'java/lang/invoke/LambdaForm$MH+0x0000022b4d0da800'
Event: 298.411 Thread 0x0000022b4b76ce00 Unloading class 0x0000022b4d0d9c00 'java/lang/invoke/LambdaForm$MH+0x0000022b4d0d9c00'
Event: 298.411 Thread 0x0000022b4b76ce00 Unloading class 0x0000022b4d0d8c00 'java/lang/invoke/LambdaForm$MH+0x0000022b4d0d8c00'
Event: 298.411 Thread 0x0000022b4b76ce00 Unloading class 0x0000022b4d0d8400 'java/lang/invoke/LambdaForm$MH+0x0000022b4d0d8400'
Event: 298.411 Thread 0x0000022b4b76ce00 Unloading class 0x0000022b4d0d8000 'java/lang/invoke/LambdaForm$MH+0x0000022b4d0d8000'
Event: 298.411 Thread 0x0000022b4b76ce00 Unloading class 0x0000022b4d0c4400 'java/lang/invoke/LambdaForm$MH+0x0000022b4d0c4400'
Event: 298.411 Thread 0x0000022b4b76ce00 Unloading class 0x0000022b4d0c1000 'jdk/internal/reflect/GeneratedSerializationConstructorAccessor3'
Event: 298.411 Thread 0x0000022b4b76ce00 Unloading class 0x0000022b4d0c0c00 'jdk/internal/reflect/GeneratedSerializationConstructorAccessor2'
Event: 298.411 Thread 0x0000022b4b76ce00 Unloading class 0x0000022b4d0c0800 'jdk/internal/reflect/GeneratedSerializationConstructorAccessor1'
Event: 298.411 Thread 0x0000022b4b76ce00 Unloading class 0x0000022b4d00b000 'java/lang/invoke/LambdaForm$DMH+0x0000022b4d00b000'
Event: 298.411 Thread 0x0000022b4b76ce00 Unloading class 0x0000022b4d00a800 'java/lang/invoke/LambdaForm$DMH+0x0000022b4d00a800'
Event: 298.411 Thread 0x0000022b4b76ce00 Unloading class 0x0000022b4d009c00 'java/lang/invoke/LambdaForm$MH+0x0000022b4d009c00'
Event: 298.411 Thread 0x0000022b4b76ce00 Unloading class 0x0000022b4d009800 'java/lang/invoke/LambdaForm$DMH+0x0000022b4d009800'
Event: 298.411 Thread 0x0000022b4b76ce00 Unloading class 0x0000022b4d009400 'java/lang/invoke/LambdaForm$DMH+0x0000022b4d009400'
Event: 298.411 Thread 0x0000022b4b76ce00 Unloading class 0x0000022b4d007800 'java/lang/invoke/LambdaForm$MH+0x0000022b4d007800'
Event: 298.411 Thread 0x0000022b4b76ce00 Unloading class 0x0000022b4d004800 'java/lang/invoke/LambdaForm$MH+0x0000022b4d004800'
Event: 298.411 Thread 0x0000022b4b76ce00 Unloading class 0x0000022b4d004400 'java/lang/invoke/LambdaForm$MH+0x0000022b4d004400'
Event: 298.411 Thread 0x0000022b4b76ce00 Unloading class 0x0000022b4d003000 'java/lang/invoke/LambdaForm$MH+0x0000022b4d003000'
Event: 298.411 Thread 0x0000022b4b76ce00 Unloading class 0x0000022b4d002800 'java/lang/invoke/LambdaForm$MH+0x0000022b4d002800'
Event: 298.411 Thread 0x0000022b4b76ce00 Unloading class 0x0000022b4d002000 'java/lang/invoke/LambdaForm$MH+0x0000022b4d002000'

Classes redefined (0 events):
No events

Internal exceptions (20 events):
Event: 13.819 Thread 0x0000022b91856150 Exception <a 'java/lang/IncompatibleClassChangeError'{0x00000006115118a0}: Found class java.lang.Object, but interface was expected> (0x00000006115118a0) 
thrown [s\src\hotspot\share\interpreter\linkResolver.cpp, line 840]
Event: 13.871 Thread 0x0000022b91856150 Exception <a 'java/lang/NoSuchMethodError'{0x000000061135f248}: 'java.lang.Object java.lang.invoke.DirectMethodHandle$Holder.invokeVirtual(java.lang.Object, java.lang.Object, java.lang.Object, java.lang.Object, java.lang.Object, java.lang.Object, java.lang.Object, java.lang.Object, java.lang.Object)'> (0x000000061135f248) 
thrown [s\src\hotspot\share\interpreter\linkResolver.cpp, line 773]
Event: 13.990 Thread 0x0000022b91856150 Exception <a 'java/lang/NoSuchMethodError'{0x000000060fd0d068}: 'java.lang.Object java.lang.invoke.DirectMethodHandle$Holder.invokeInterface(java.lang.Object, java.lang.Object, java.lang.Object, java.lang.Object)'> (0x000000060fd0d068) 
thrown [s\src\hotspot\share\interpreter\linkResolver.cpp, line 773]
Event: 14.102 Thread 0x0000022b91856150 Exception <a 'java/lang/NoSuchMethodError'{0x000000060f0a9b00}: 'java.lang.Object java.lang.invoke.Invokers$Holder.invoke_MT(java.lang.Object, java.lang.Object, java.lang.Object, java.lang.Object, java.lang.Object, java.lang.Object, java.lang.Object, java.lang.Object, java.lang.Object, java.lang.Object, java.lang.Object)'> (0x000000060f0a9b00) 
thrown [s\src\hotspot\share\interpreter\linkResolver.cpp, line 773]
Event: 14.284 Thread 0x0000022b91856150 Exception <a 'java/lang/NoSuchMethodError'{0x000000060e86a600}: 'java.lang.Object java.lang.invoke.DirectMethodHandle$Holder.newInvokeSpecial(java.lang.Object, java.lang.Object, int, java.lang.Object, java.lang.Object)'> (0x000000060e86a600) 
thrown [s\src\hotspot\share\interpreter\linkResolver.cpp, line 773]
Event: 14.348 Thread 0x0000022b91856150 Exception <a 'java/lang/IncompatibleClassChangeError'{0x000000060e0d1470}: Found class java.lang.Object, but interface was expected> (0x000000060e0d1470) 
thrown [s\src\hotspot\share\interpreter\linkResolver.cpp, line 840]
Event: 14.433 Thread 0x0000022b91856150 Exception <a 'java/lang/NoSuchMethodError'{0x000000060de5def0}: 'java.lang.Object java.lang.invoke.DirectMethodHandle$Holder.invokeSpecial(java.lang.Object, java.lang.Object, java.lang.Object, int, int)'> (0x000000060de5def0) 
thrown [s\src\hotspot\share\interpreter\linkResolver.cpp, line 773]
Event: 14.438 Thread 0x0000022b91856150 Exception <a 'java/lang/NoSuchMethodError'{0x000000060de70958}: 'java.lang.Object java.lang.invoke.DirectMethodHandle$Holder.invokeSpecial(java.lang.Object, java.lang.Object, java.lang.Object, java.lang.Object, java.lang.Object, int, java.lang.Object)'> (0x000000060de70958) 
thrown [s\src\hotspot\share\interpreter\linkResolver.cpp, line 773]
Event: 14.441 Thread 0x0000022b91856150 Exception <a 'java/lang/NoSuchMethodError'{0x000000060dea16e0}: 'java.lang.Object java.lang.invoke.DirectMethodHandle$Holder.invokeStatic(java.lang.Object, java.lang.Object, java.lang.Object, java.lang.Object, java.lang.Object, java.lang.Object, int, int, int)'> (0x000000060dea16e0) 
thrown [s\src\hotspot\share\interpreter\linkResolver.cpp, line 773]
Event: 14.511 Thread 0x0000022b91856150 Exception <a 'java/lang/NoSuchMethodError'{0x000000060d820bc0}: 'java.lang.Object java.lang.invoke.DirectMethodHandle$Holder.invokeSpecial(java.lang.Object, java.lang.Object, java.lang.Object, java.lang.Object, java.lang.Object, java.lang.Object, java.lang.Object, java.lang.Object, java.lang.Object, java.lang.Object, java.lang.Object, java.lang.Object, java.lang.Object, java.lang.Object, java.lang.Object)'> (0x000000060d820bc0) 
thrown [s\src\hotspot\share\interpreter\linkResolver.cpp, line 773]
Event: 14.512 Thread 0x0000022b91856150 Exception <a 'java/lang/NoSuchMethodError'{0x000000060d824f00}: 'java.lang.Object java.lang.invoke.Invokers$Holder.linkToTargetMethod(java.lang.Object, java.lang.Object, java.lang.Object, java.lang.Object, java.lang.Object, java.lang.Object, java.lang.Object, java.lang.Object, java.lang.Object, java.lang.Object, java.lang.Object, java.lang.Object, java.lang.Object, java.lang.Object)'> (0x000000060d824f00) 
thrown [s\src\hotspot\share\interpreter\linkResolver.cpp, line 773]
Event: 14.699 Thread 0x0000022b9188cbf0 Exception <a 'java/lang/NoSuchMethodError'{0x000000060d7d18d0}: 'java.lang.Object java.lang.invoke.DirectMethodHandle$Holder.invokeInterface(java.lang.Object, java.lang.Object, java.lang.Object, java.lang.Object, java.lang.Object, java.lang.Object, java.lang.Object)'> (0x000000060d7d18d0) 
thrown [s\src\hotspot\share\interpreter\linkResolver.cpp, line 773]
Event: 44.356 Thread 0x0000022b935946e0 Exception <a 'java/lang/IncompatibleClassChangeError'{0x0000000615ec1ab0}: Found class java.lang.Object, but interface was expected> (0x0000000615ec1ab0) 
thrown [s\src\hotspot\share\interpreter\linkResolver.cpp, line 840]
Event: 44.381 Thread 0x0000022b935946e0 Exception <a 'java/lang/NoSuchMethodError'{0x000000061587d2e0}: 'void java.lang.invoke.DirectMethodHandle$Holder.invokeSpecialIFC(java.lang.Object, java.lang.Object, int, java.lang.Object, java.lang.Object, java.lang.Object, java.lang.Object)'> (0x000000061587d2e0) 
thrown [s\src\hotspot\share\interpreter\linkResolver.cpp, line 773]
Event: 105.030 Thread 0x0000022b935946e0 Exception <a 'java/lang/IncompatibleClassChangeError'{0x000000060fd118e8}: Found class java.lang.Object, but interface was expected> (0x000000060fd118e8) 
thrown [s\src\hotspot\share\interpreter\linkResolver.cpp, line 840]
Event: 105.071 Thread 0x0000022b935946e0 Exception <a 'java/lang/IncompatibleClassChangeError'{0x000000060febf510}: Found class java.lang.Object, but interface was expected> (0x000000060febf510) 
thrown [s\src\hotspot\share\interpreter\linkResolver.cpp, line 840]
Event: 105.086 Thread 0x0000022b935946e0 Exception <a 'java/lang/IncompatibleClassChangeError'{0x000000060ff5c260}: Found class java.lang.Object, but interface was expected> (0x000000060ff5c260) 
thrown [s\src\hotspot\share\interpreter\linkResolver.cpp, line 840]
Event: 105.125 Thread 0x0000022b935946e0 Exception <a 'java/lang/NoSuchMethodError'{0x000000060f950460}: 'void java.lang.invoke.DirectMethodHandle$Holder.invokeStatic(java.lang.Object, java.lang.Object, java.lang.Object, java.lang.Object, java.lang.Object, java.lang.Object, java.lang.Object)'> (0x000000060f950460) 
thrown [s\src\hotspot\share\interpreter\linkResolver.cpp, line 773]
Event: 107.352 Thread 0x0000022b935946e0 Exception <a 'java/lang/NoSuchMethodError'{0x000000060e42cb00}: 'int java.lang.invoke.DirectMethodHandle$Holder.invokeStatic(java.lang.Object, java.lang.Object, int, java.lang.Object)'> (0x000000060e42cb00) 
thrown [s\src\hotspot\share\interpreter\linkResolver.cpp, line 773]
Event: 298.385 Thread 0x0000022b91899ec0 Exception <a 'java/lang/InterruptedException'{0x0000000613d5ae18}: sleep interrupted> (0x0000000613d5ae18) 
thrown [s\src\hotspot\share\prims\jvm.cpp, line 3074]

ZGC Phase Switch (0 events):
No events

VM Operations (20 events):
Event: 165.849 Executing VM operation: Cleanup
Event: 165.849 Executing VM operation: Cleanup done
Event: 181.014 Executing VM operation: Cleanup
Event: 181.014 Executing VM operation: Cleanup done
Event: 184.054 Executing VM operation: Cleanup
Event: 184.054 Executing VM operation: Cleanup done
Event: 191.092 Executing VM operation: Cleanup
Event: 191.092 Executing VM operation: Cleanup done
Event: 197.138 Executing VM operation: Cleanup
Event: 197.138 Executing VM operation: Cleanup done
Event: 203.195 Executing VM operation: Cleanup
Event: 203.195 Executing VM operation: Cleanup done
Event: 239.272 Executing VM operation: G1CollectForAllocation (G1 Evacuation Pause)
Event: 239.281 Executing VM operation: G1CollectForAllocation (G1 Evacuation Pause) done
Event: 264.520 Executing VM operation: Cleanup
Event: 264.521 Executing VM operation: Cleanup done
Event: 296.828 Executing VM operation: Cleanup
Event: 296.828 Executing VM operation: Cleanup done
Event: 298.385 Executing VM operation: G1CollectFull (System.gc())
Event: 298.462 Executing VM operation: G1CollectFull (System.gc()) done

Memory protections (0 events):
No events

Nmethod flushes (20 events):
Event: 298.423 Thread 0x0000022b4b76ce00 flushing  nmethod 0x0000022b3c229490
Event: 298.423 Thread 0x0000022b4b76ce00 flushing  nmethod 0x0000022b3c229e90
Event: 298.423 Thread 0x0000022b4b76ce00 flushing  nmethod 0x0000022b3c22a190
Event: 298.423 Thread 0x0000022b4b76ce00 flushing  nmethod 0x0000022b3c22a810
Event: 298.423 Thread 0x0000022b4b76ce00 flushing  nmethod 0x0000022b3c22af10
Event: 298.423 Thread 0x0000022b4b76ce00 flushing  nmethod 0x0000022b3c22b390
Event: 298.423 Thread 0x0000022b4b76ce00 flushing  nmethod 0x0000022b3c22bc90
Event: 298.423 Thread 0x0000022b4b76ce00 flushing  nmethod 0x0000022b3c22c310
Event: 298.423 Thread 0x0000022b4b76ce00 flushing  nmethod 0x0000022b3c238a10
Event: 298.423 Thread 0x0000022b4b76ce00 flushing  nmethod 0x0000022b3c23a710
Event: 298.423 Thread 0x0000022b4b76ce00 flushing  nmethod 0x0000022b3c23ae10
Event: 298.423 Thread 0x0000022b4b76ce00 flushing  nmethod 0x0000022b3c23bc90
Event: 298.423 Thread 0x0000022b4b76ce00 flushing  nmethod 0x0000022b3c243690
Event: 298.423 Thread 0x0000022b4b76ce00 flushing  nmethod 0x0000022b3c245e10
Event: 298.423 Thread 0x0000022b4b76ce00 flushing  nmethod 0x0000022b3c246190
Event: 298.423 Thread 0x0000022b4b76ce00 flushing  nmethod 0x0000022b3c24bc10
Event: 298.423 Thread 0x0000022b4b76ce00 flushing  nmethod 0x0000022b3c3c0790
Event: 298.423 Thread 0x0000022b4b76ce00 flushing  nmethod 0x0000022b3c412090
Event: 298.423 Thread 0x0000022b4b76ce00 flushing  nmethod 0x0000022b3c413010
Event: 298.423 Thread 0x0000022b4b76ce00 flushing  nmethod 0x0000022b3c725990

Events (20 events):
Event: 298.356 Thread 0x0000022b93594050 Thread exited: 0x0000022b93594050
Event: 298.356 Thread 0x0000022b93590bd0 Thread exited: 0x0000022b93590bd0
Event: 298.356 Thread 0x0000022b93592ca0 Thread exited: 0x0000022b93592ca0
Event: 298.356 Thread 0x0000022b935918f0 Thread exited: 0x0000022b935918f0
Event: 298.357 Thread 0x0000022b93590540 Thread exited: 0x0000022b93590540
Event: 298.357 Thread 0x0000022b9358f190 Thread exited: 0x0000022b9358f190
Event: 298.357 Thread 0x0000022b93592610 Thread exited: 0x0000022b93592610
Event: 298.357 Thread 0x0000022b93591f80 Thread exited: 0x0000022b93591f80
Event: 298.357 Thread 0x0000022b9358d750 Thread exited: 0x0000022b9358d750
Event: 298.357 Thread 0x0000022b93594d70 Thread exited: 0x0000022b93594d70
Event: 298.359 Thread 0x0000022b935946e0 Thread exited: 0x0000022b935946e0
Event: 298.378 Thread 0x0000022b99241ab0 Thread added: 0x0000022b99242e60
Event: 298.378 Thread 0x0000022b91897760 Thread exited: 0x0000022b91897760
Event: 298.379 Thread 0x0000022b99242e60 Thread exited: 0x0000022b99242e60
Event: 298.385 Thread 0x0000022b9189abe0 Thread exited: 0x0000022b9189abe0
Event: 298.385 Thread 0x0000022b91899ec0 Thread exited: 0x0000022b91899ec0
Event: 298.385 Thread 0x0000022b91899830 Thread exited: 0x0000022b91899830
Event: 298.464 Thread 0x0000022b99241ab0 Thread added: 0x0000022b99244210
Event: 298.464 Thread 0x0000022b99244210 Thread exited: 0x0000022b99244210
Event: 298.465 Thread 0x0000022b99241ab0 Thread added: 0x0000022b99242e60


Dynamic libraries:
0x00007ff65c390000 - 0x00007ff65c39e000 	D:\sts-4.29.1.RELEASE\plugins\org.eclipse.justj.openjdk.hotspot.jre.full.win32.x86_64_21.0.6.v20250130-0529\jre\bin\javaw.exe
0x00007fff7cf80000 - 0x00007fff7d1e8000 	C:\WINDOWS\SYSTEM32\ntdll.dll
0x00007fff7c1b0000 - 0x00007fff7c279000 	C:\WINDOWS\System32\KERNEL32.DLL
0x00007fff7a700000 - 0x00007fff7aaf8000 	C:\WINDOWS\System32\KERNELBASE.dll
0x00007fff7a180000 - 0x00007fff7a2cb000 	C:\WINDOWS\System32\ucrtbase.dll
0x00007ffeee650000 - 0x00007ffeee668000 	D:\sts-4.29.1.RELEASE\plugins\org.eclipse.justj.openjdk.hotspot.jre.full.win32.x86_64_21.0.6.v20250130-0529\jre\bin\jli.dll
0x00007fff7beb0000 - 0x00007fff7c077000 	C:\WINDOWS\System32\USER32.dll
0x00007fff45220000 - 0x00007fff4523e000 	D:\sts-4.29.1.RELEASE\plugins\org.eclipse.justj.openjdk.hotspot.jre.full.win32.x86_64_21.0.6.v20250130-0529\jre\bin\VCRUNTIME140.dll
0x00007fff7a4c0000 - 0x00007fff7a4e7000 	C:\WINDOWS\System32\win32u.dll
0x00007fff7c8c0000 - 0x00007fff7c8eb000 	C:\WINDOWS\System32\GDI32.dll
0x00007fff7a390000 - 0x00007fff7a4bc000 	C:\WINDOWS\System32\gdi32full.dll
0x00007fff7a0d0000 - 0x00007fff7a173000 	C:\WINDOWS\System32\msvcp_win.dll
0x00007fff794e0000 - 0x00007fff79774000 	C:\WINDOWS\WinSxS\amd64_microsoft.windows.common-controls_6595b64144ccf1df_6.0.26100.7019_none_3e06ffa0e335b8a8\COMCTL32.dll
0x00007fff7c080000 - 0x00007fff7c129000 	C:\WINDOWS\System32\msvcrt.dll
0x00007fff7c280000 - 0x00007fff7c2b1000 	C:\WINDOWS\System32\IMM32.DLL
0x00007fff5b780000 - 0x00007fff5b78c000 	D:\sts-4.29.1.RELEASE\plugins\org.eclipse.justj.openjdk.hotspot.jre.full.win32.x86_64_21.0.6.v20250130-0529\jre\bin\vcruntime140_1.dll
0x00007fff44f00000 - 0x00007fff44f8d000 	D:\sts-4.29.1.RELEASE\plugins\org.eclipse.justj.openjdk.hotspot.jre.full.win32.x86_64_21.0.6.v20250130-0529\jre\bin\msvcp140.dll
0x00007ffeecdf0000 - 0x00007ffeedb80000 	D:\sts-4.29.1.RELEASE\plugins\org.eclipse.justj.openjdk.hotspot.jre.full.win32.x86_64_21.0.6.v20250130-0529\jre\bin\server\jvm.dll
0x00007fff7c800000 - 0x00007fff7c8b4000 	C:\WINDOWS\System32\ADVAPI32.dll
0x00007fff7b990000 - 0x00007fff7ba36000 	C:\WINDOWS\System32\sechost.dll
0x00007fff7ce20000 - 0x00007fff7cf38000 	C:\WINDOWS\System32\RPCRT4.dll
0x00007fff7c780000 - 0x00007fff7c7f4000 	C:\WINDOWS\System32\WS2_32.dll
0x00007fff79f30000 - 0x00007fff79f8e000 	C:\WINDOWS\SYSTEM32\POWRPROF.dll
0x00007fff738c0000 - 0x00007fff738f5000 	C:\WINDOWS\SYSTEM32\WINMM.dll
0x00007fff6a0a0000 - 0x00007fff6a0ab000 	C:\WINDOWS\SYSTEM32\VERSION.dll
0x00007fff79f10000 - 0x00007fff79f24000 	C:\WINDOWS\SYSTEM32\UMPDC.dll
0x00007fff784c0000 - 0x00007fff784db000 	C:\WINDOWS\SYSTEM32\kernel.appcore.dll
0x00007fff48ca0000 - 0x00007fff48caa000 	D:\sts-4.29.1.RELEASE\plugins\org.eclipse.justj.openjdk.hotspot.jre.full.win32.x86_64_21.0.6.v20250130-0529\jre\bin\jimage.dll
0x00007fff79890000 - 0x00007fff79ad2000 	C:\WINDOWS\SYSTEM32\DBGHELP.DLL
0x00007fff7c8f0000 - 0x00007fff7cc7b000 	C:\WINDOWS\System32\combase.dll
0x00007fff7baa0000 - 0x00007fff7bb77000 	C:\WINDOWS\System32\OLEAUT32.dll
0x00007fff79780000 - 0x00007fff797bc000 	C:\WINDOWS\SYSTEM32\dbgcore.DLL
0x00007fff7ac70000 - 0x00007fff7ad15000 	C:\WINDOWS\System32\bcryptPrimitives.dll
0x00007ffeee630000 - 0x00007ffeee64f000 	D:\sts-4.29.1.RELEASE\plugins\org.eclipse.justj.openjdk.hotspot.jre.full.win32.x86_64_21.0.6.v20250130-0529\jre\bin\java.dll
0x00007fff7ada0000 - 0x00007fff7b4ef000 	C:\WINDOWS\System32\SHELL32.dll
0x00007fff7ab00000 - 0x00007fff7ac6b000 	C:\WINDOWS\System32\wintypes.dll
0x00007fff77020000 - 0x00007fff7787d000 	C:\WINDOWS\SYSTEM32\windows.storage.dll
0x00007fff7bcf0000 - 0x00007fff7bde2000 	C:\WINDOWS\System32\SHCORE.dll
0x00007fff7c390000 - 0x00007fff7c3f7000 	C:\WINDOWS\System32\shlwapi.dll
0x00007fff79ff0000 - 0x00007fff7a019000 	C:\WINDOWS\SYSTEM32\profapi.dll
0x00007ffeee610000 - 0x00007ffeee628000 	D:\sts-4.29.1.RELEASE\plugins\org.eclipse.justj.openjdk.hotspot.jre.full.win32.x86_64_21.0.6.v20250130-0529\jre\bin\zip.dll
0x00007fff1ff20000 - 0x00007fff1ff30000 	D:\sts-4.29.1.RELEASE\plugins\org.eclipse.justj.openjdk.hotspot.jre.full.win32.x86_64_21.0.6.v20250130-0529\jre\bin\net.dll
0x00007fff731f0000 - 0x00007fff73318000 	C:\WINDOWS\SYSTEM32\WINHTTP.dll
0x00007fff78a30000 - 0x00007fff78a9b000 	C:\WINDOWS\system32\mswsock.dll
0x00007ffeee5f0000 - 0x00007ffeee606000 	D:\sts-4.29.1.RELEASE\plugins\org.eclipse.justj.openjdk.hotspot.jre.full.win32.x86_64_21.0.6.v20250130-0529\jre\bin\nio.dll
0x00007fff5a550000 - 0x00007fff5a55a000 	D:\sts-4.29.1.RELEASE\plugins\org.eclipse.justj.openjdk.hotspot.jre.full.win32.x86_64_21.0.6.v20250130-0529\jre\bin\management.dll
0x00007fff47540000 - 0x00007fff4754b000 	D:\sts-4.29.1.RELEASE\plugins\org.eclipse.justj.openjdk.hotspot.jre.full.win32.x86_64_21.0.6.v20250130-0529\jre\bin\management_ext.dll
0x00007fff7bdf0000 - 0x00007fff7bdf8000 	C:\WINDOWS\System32\PSAPI.DLL
0x00007fff58b30000 - 0x00007fff58b48000 	C:\WINDOWS\system32\napinsp.dll
0x00007fff77e00000 - 0x00007fff77f2c000 	C:\WINDOWS\SYSTEM32\DNSAPI.dll
0x00007fff77d60000 - 0x00007fff77d94000 	C:\WINDOWS\SYSTEM32\IPHLPAPI.DLL
0x00007fff7c380000 - 0x00007fff7c38a000 	C:\WINDOWS\System32\NSI.dll
0x00007fff58ab0000 - 0x00007fff58ac2000 	C:\WINDOWS\System32\winrnr.dll
0x00007fff58a80000 - 0x00007fff58aa2000 	C:\WINDOWS\system32\nlansp_c.dll
0x00007fff58a60000 - 0x00007fff58a76000 	C:\WINDOWS\system32\wshbth.dll
0x00007fff71f90000 - 0x00007fff71f9b000 	C:\Windows\System32\rasadhlp.dll
0x00007fff73690000 - 0x00007fff73716000 	C:\WINDOWS\System32\fwpuclnt.dll
0x00007fff79c00000 - 0x00007fff79c1b000 	C:\WINDOWS\SYSTEM32\CRYPTSP.dll
0x00007fff78ed0000 - 0x00007fff78f0a000 	C:\WINDOWS\system32\rsaenh.dll
0x00007fff78aa0000 - 0x00007fff78acb000 	C:\WINDOWS\SYSTEM32\USERENV.dll
0x00007fff79fc0000 - 0x00007fff79fea000 	C:\WINDOWS\SYSTEM32\bcrypt.dll
0x00007fff79120000 - 0x00007fff7912c000 	C:\WINDOWS\SYSTEM32\CRYPTBASE.dll
0x00007fff5b8c0000 - 0x00007fff5b8c9000 	D:\sts-4.29.1.RELEASE\plugins\org.eclipse.justj.openjdk.hotspot.jre.full.win32.x86_64_21.0.6.v20250130-0529\jre\bin\extnet.dll
0x00007fff5b8a0000 - 0x00007fff5b8ae000 	D:\sts-4.29.1.RELEASE\plugins\org.eclipse.justj.openjdk.hotspot.jre.full.win32.x86_64_21.0.6.v20250130-0529\jre\bin\sunmscapi.dll
0x00007fff7a4f0000 - 0x00007fff7a667000 	C:\WINDOWS\System32\CRYPT32.dll
0x00007fff790e0000 - 0x00007fff79110000 	C:\WINDOWS\SYSTEM32\ncrypt.dll
0x00007fff79190000 - 0x00007fff791cf000 	C:\WINDOWS\SYSTEM32\NTASN1.dll
0x00007ffef7220000 - 0x00007ffef7230000 	D:\sts-4.29.1.RELEASE\plugins\org.eclipse.justj.openjdk.hotspot.jre.full.win32.x86_64_21.0.6.v20250130-0529\jre\bin\verify.dll
0x00007fff583a0000 - 0x00007fff583a8000 	C:\WINDOWS\system32\wshunix.dll

dbghelp: loaded successfully - version: 4.0.5 - missing functions: none
symbol engine: initialized successfully - sym options: 0x614 - pdb path: .;D:\sts-4.29.1.RELEASE\plugins\org.eclipse.justj.openjdk.hotspot.jre.full.win32.x86_64_21.0.6.v20250130-0529\jre\bin;C:\WINDOWS\SYSTEM32;C:\WINDOWS\WinSxS\amd64_microsoft.windows.common-controls_6595b64144ccf1df_6.0.26100.7019_none_3e06ffa0e335b8a8;D:\sts-4.29.1.RELEASE\plugins\org.eclipse.justj.openjdk.hotspot.jre.full.win32.x86_64_21.0.6.v20250130-0529\jre\bin\server

VM Arguments:
jvm_args: -Dcom.sun.management.jmxremote -Dcom.sun.management.jmxremote.port=54880 -Dcom.sun.management.jmxremote.authenticate=false -Dcom.sun.management.jmxremote.ssl=false -Djava.rmi.server.hostname=localhost -Dspring.jmx.enabled=true -Dmanagement.endpoints.jmx.exposure.include=* -Dspring.application.admin.enabled=true -Dspring.output.ansi.enabled=always -XX:TieredStopAtLevel=1 -Dspring.boot.project.name=maharecruitment-web -Dfile.encoding=UTF-8 -Dstdout.encoding=UTF-8 -Dstderr.encoding=UTF-8 -XX:+ShowCodeDetailsInExceptionMessages 
java_command: com.maharecruitment.gov.in.web.MaharecruitmentParentApplication
java_class_path (initial): C:\Users\Akanksha.Surve\git\NewMaharecuitrment\maharecruitment-web\target\classes;C:\Users\Akanksha.Surve\.m2\repository\org\springframework\boot\spring-boot-starter-web\3.5.3\spring-boot-starter-web-3.5.3.jar;C:\Users\Akanksha.Surve\.m2\repository\org\springframework\boot\spring-boot-starter\3.5.3\spring-boot-starter-3.5.3.jar;C:\Users\Akanksha.Surve\.m2\repository\org\yaml\snakeyaml\2.4\snakeyaml-2.4.jar;C:\Users\Akanksha.Surve\.m2\repository\org\springframework\boot\spring-boot-starter-json\3.5.3\spring-boot-starter-json-3.5.3.jar;C:\Users\Akanksha.Surve\.m2\repository\com\fasterxml\jackson\core\jackson-databind\2.19.1\jackson-databind-2.19.1.jar;C:\Users\Akanksha.Surve\.m2\repository\com\fasterxml\jackson\datatype\jackson-datatype-jdk8\2.19.1\jackson-datatype-jdk8-2.19.1.jar;C:\Users\Akanksha.Surve\.m2\repository\com\fasterxml\jackson\module\jackson-module-parameter-names\2.19.1\jackson-module-parameter-names-2.19.1.jar;C:\Users\Akanksha.Surve\.m2\repository\org\springframework\spring-web\6.2.8\spring-web-6.2.8.jar;C:\Users\Akanksha.Surve\.m2\repository\org\springframework\spring-beans\6.2.8\spring-beans-6.2.8.jar;C:\Users\Akanksha.Surve\.m2\repository\io\micrometer\micrometer-observation\1.15.1\micrometer-observation-1.15.1.jar;C:\Users\Akanksha.Surve\.m2\repository\io\micrometer\micrometer-commons\1.15.1\micrometer-commons-1.15.1.jar;C:\Users\Akanksha.Surve\.m2\repository\org\springframework\spring-webmvc\6.2.8\spring-webmvc-6.2.8.jar;C:\Users\Akanksha.Surve\.m2\repository\org\springframework\spring-context\6.2.8\spring-context-6.2.8.jar;C:\Users\Akanksha.Surve\.m2\repository\org\springframework\spring-expression\6.2.8\spring-expression-6.2.8.jar;C:\Users\Akanksha.Surve\.m2\repository\org\springframework\boot\spring-boot-starter-security\3.5.3\spring-boot-starter-security-3.5.3.jar;C:\Users\Akanksha.Surve\.m2\repository\org\springframework\spring-aop\6.2.8\spring-aop-6.2.8.jar;C:\Users\Akanksha.Surve\.m2\repository\org\springframework\security\spring-security-config\6.5.1\spring-security-config-6.5.1.jar;C:\Users\Akanksha.Surve\.m2\repository\org\springframework\security\spring-security-web\6.5.1\spring-security-web-6.5.1.jar;C:\Users\Akanksha.Surve\.m2\repository\org\springframework\boot\spring-boot-starter-thymeleaf\3.5.3\spring-boot-starter-thymeleaf-3.5.3.jar;C:\Users\Akanksha.Surve\.m2\repository\org\thymeleaf\thymeleaf-spring6\3.1.3.RELEASE\thymeleaf-spring6-3.1.3.RELEASE.jar;C:\Users\Akanksha.Surve\.m2\repository\org\thymeleaf\thymeleaf\3.1.3.RELEASE\thymeleaf-3.1.3.RELEASE.jar;C:\Users\Akanksha.Surve\.m2\repository\org\attoparser\attoparser\2.0.7.RELEASE\attoparser-2.0.7.RELEASE.jar;C:\Users\Akanksha.Surve\.m2\repository\org\unbescape\unbescape\1.1.6.RELEASE\unbescape-1.1.6.RELEASE.jar;C:\Users\Akanksha.Surve\.m2\repository\org\springframework\boot\spring-boot-starter-data-jpa\3.5.3\spring-boot-starter-data-jpa-3.5.3.jar;C:\Users\Akanksha.Surve\.m2\repository\org\springframework\boot\spring-boot-starter-jdbc\3.5.3\spring-boot-starter-jdbc-3.5.3.jar;C:\Users\Akanksha.Surve\.m2\repository\com\zaxxer\HikariCP\6.3.0\HikariCP-6.3.0.jar;C:\Users\Akanksha.Surve\.m2\repository\org\springframework\spring-jdbc\6.2.8\spring-jdbc-6.2.8.jar;C:\Users\Akanksha.Surve\.m2\repository\org\hibernate\orm\hibernate-core\6.6.18.Final\hibernate-core-6.6.18.Final.jar;C:\Users\Akanksha.Surve\.m2\repository\jakarta\persistence\jakarta.persistence-api\3.1.0\jakarta.persistence-api-3.1.0.jar;C:\Users\Akanksha.Surve\.m2\repository\jakarta\transaction\jakarta.transaction-api\2.0.1\jakarta.transaction-api-2.0.1.jar;C:\Users\Akanksha.Surve\.m2\repository\org\jboss\logging\jboss-logging\3.6.1.Final\jboss-logging-3.6.1.Final.jar;C:\Users\Akanksha.Surve\.m2\repository\org\hibernate\common\hibernate-commons-annotations\7.0.3.Final\hibernate-commons-annotations-7.0.3.Final.jar;C:\Users\Akanksha.Surve\.m2\repository\io\smallrye\jandex\3.2.0\jandex-3.2.0.jar;C:\Users\Akanksha.Surve\.m2\repository\com\fasterxml\classmate\1.7.0\classmate-1.7.0.jar;C:\Users\Akanksha.Surve\.m2\repository\net\bytebuddy\byte-buddy\1.17.6\byte-buddy-1.17.6.jar;C:\Users\Akanksha.Surve\.m2\repository\org\glassfish\jaxb\jaxb-runtime\4.0.5\jaxb-runtime-4.0.5.jar;C:\Users\Akanksha.Surve\.m2\repository\org\glassfish\jaxb\jaxb-core\4.0.5\jaxb-core-4.0.5.jar;C:\Users\Akanksha.Surve\.m2\repository\org\glassfish\jaxb\txw2\4.0.5\txw2-4.0.5.jar;C:\Users\Akanksha.Surve\.m2\repository\com\sun\istack\istack-commons-runtime\4.1.2\istack-commons-runtime-4.1.2.jar;C:\Users\Akanksha.Surve\.m2\repository\jakarta\inject\jakarta.inject-api\2.0.1\jakarta.inject-api-2.0.1.jar;C:\Users\Akanksha.Surve\.m2\repository\org\antlr\antlr4-runtime\4.13.0\antlr4-runtime-4.13.0.jar;C:\Users\Akanksha.Surve\.m2\repository\org\springframework\data\spring-data-jpa\3.5.1\spring-data-jpa-3.5.1.jar;C:\Users\Akanksha.Surve\.m2\repository\org\springframework\data\spring-data-commons\3.5.1\spring-data-commons-3.5.1.jar;C:\Users\Akanksha.Surve\.m2\repository\org\springframework\spring-orm\6.2.8\spring-orm-6.2.8.jar;C:\Users\Akanksha.Surve\.m2\repository\org\springframework\spring-tx\6.2.8\spring-tx-6.2.8.jar;C:\Users\Akanksha.Surve\.m2\repository\org\springframework\spring-aspects\6.2.8\spring-aspects-6.2.8.jar;C:\Users\Akanksha.Surve\.m2\repository\org\aspectj\aspectjweaver\1.9.24\aspectjweaver-1.9.24.jar;C:\Users\Akanksha.Surve\.m2\repository\org\springframework\boot\spring-boot-starter-logging\3.5.3\spring-boot-starter-logging-3.5.3.jar;C:\Users\Akanksha.Surve\.m2\repository\ch\qos\logback\logback-classic\1.5.18\logback-classic-1.5.18.jar;C:\Users\Akanksha.Surve\.m2\repository\ch\qos\logback\logback-core\1.5.18\logback-core-1.5.18.jar;C:\Users\Akanksha.Surve\.m2\repository\org\apache\logging\log4j\log4j-to-slf4j\2.24.3\log4j-to-slf4j-2.24.3.jar;C:\Users\Akanksha.Surve\.m2\repository\org\slf4j\jul-to-slf4j\2.0.17\jul-to-slf4j-2.0.17.jar;C:\Users\Akanksha.Surve\.m2\repository\org\springframework\boot\spring-boot-starter-validation\3.5.3\spring-boot-starter-validation-3.5.3.jar;C:\Users\Akanksha.Surve\.m2\repository\org\apache\tomcat\embed\tomcat-embed-el\10.1.42\tomcat-embed-el-10.1.42.jar;C:\Users\Akanksha.Surve\.m2\repository\org\hibernate\validator\hibernate-validator\8.0.2.Final\hibernate-validator-8.0.2.Final.jar;C:\Users\Akanksha.Surve\.m2\repository\jakarta\validation\jakarta.validation-api\3.0.2\jakarta.validation-api-3.0.2.jar;C:\Users\Akanksha.Surve\.m2\repository\org\flywaydb\flyway-core\11.7.2\flyway-core-11.7.2.jar;C:\Users\Akanksha.Surve\.m2\repository\com\fasterxml\jackson\dataformat\jackson-dataformat-toml\2.19.1\jackson-dataformat-toml-2.19.1.jar;C:\Users\Akanksha.Surve\.m2\repository\com\fasterxml\jackson\core\jackson-core\2.19.1\jackson-core-2.19.1.jar;C:\Users\Akanksha.Surve\.m2\repository\com\fasterxml\jackson\datatype\jackson-datatype-jsr310\2.19.1\jackson-datatype-jsr310-2.19.1.jar;C:\Users\Akanksha.Surve\.m2\repository\com\fasterxml\jackson\core\jackson-annotations\2.19.1\jackson-annotations-2.19.1.jar;C:\Users\Akanksha.Surve\.m2\repository\org\flywaydb\flyway-database-postgresql\11.7.2\flyway-database-postgresql-11.7.2.jar;C:\Users\Akanksha.Surve\.m2\repository\org\springframework\boot\spring-boot-starter-tomcat\3.5.3\spring-boot-starter-tomcat-3.5.3.jar;C:\Users\Akanksha.Surve\.m2\repository\jakarta\annotation\jakarta.annotation-api\2.1.1\jakarta.annotation-api-2.1.1.jar;C:\Users\Akanksha.Surve\.m2\repository\org\apache\tomcat\embed\tomcat-embed-core\10.1.42\tomcat-embed-core-10.1.42.jar;C:\Users\Akanksha.Surve\.m2\repository\org\apache\tomcat\embed\tomcat-embed-websocket\10.1.42\tomcat-embed-websocket-10.1.42.jar;C:\Users\Akanksha.Surve\git\NewMaharecuitrment\maharecruitment-common\target\classes;C:\Users\Akanksha.Surve\git\NewMaharecuitrment\maharecruitment-attendance\target\classes;C:\Users\Akanksha.Surve\git\NewMaharecuitrment\maharecruitment-scheduler\target\classes;C:\Users\Akanksha.Surve\git\NewMaharecuitrment\maharecruitment-security\target\classes;C:\Users\Akanksha.Surve\git\NewMaharecuitrment\maharecruitment-auth\target\classes;C:\Users\Akanksha.Surve\git\NewMaharecuitrment\maharecruitment-agency\target\classes;C:\Users\Akanksha.Surve\git\NewMaharecuitrment\maharecruitment-master\target\classes;C:\Users\Akanksha.Surve\git\NewMaharecuitrment\maharecruitment-department\target\classes;C:\Users\Akanksha.Surve\git\NewMaharecuitrment\maharecruitment-invoice\target\classes;C:\Users\Akanksha.Surve\git\NewMaharecuitrment\maharecruitment-recruitment\target\classes;C:\Users\Akanksha.Surve\git\NewMaharecuitrment\maharecruitment-notification\target\classes;C:\Users\Akanksha.Surve\git\NewMaharecuitrment\maharecruitment-workorder\target\classes;C:\Users\Akanksha.Surve\git\NewMaharecuitrment\maharecruitment-audit\target\classes;C:\Users\Akanksha.Surve\.m2\repository\com\google\zxing\core\3.5.4\core-3.5.4.jar;C:\Users\Akanksha.Surve\.m2\repository\com\google\zxing\javase\3.5.4\javase-3.5.4.jar;C:\Users\Akanksha.Surve\.m2\repository\org\jcommander\jcommander\1.85\jcommander-1.85.jar;C:\Users\Akanksha.Surve\.m2\repository\com\github\jai-imageio\jai-imageio-core\1.4.0\jai-imageio-core-1.4.0.jar;C:\Users\Akanksha.Surve\.m2\repository\org\thymeleaf\extras\thymeleaf-extras-springsecurity6\3.1.3.RELEASE\thymeleaf-extras-springsecurity6-3.1.3.RELEASE.jar;C:\Users\Akanksha.Surve\.m2\repository\org\slf4j\slf4j-api\2.0.17\slf4j-api-2.0.17.jar;C:\Users\Akanksha.Surve\.m2\repository\org\springframework\boot\spring-boot-devtools\3.5.3\spring-boot-devtools-3.5.3.jar;C:\Users\Akanksha.Surve\.m2\repository\org\springframework\boot\spring-boot\3.5.3\spring-boot-3.5.3.jar;C:\Users\Akanksha.Surve\.m2\repository\org\springframework\boot\spring-boot-autoconfigure\3.5.3\spring-boot-autoconfigure-3.5.3.jar;C:\Users\Akanksha.Surve\.m2\repository\org\postgresql\postgresql\42.7.7\postgresql-42.7.7.jar;C:\Users\Akanksha.Surve\.m2\repository\org\checkerframework\checker-qual\3.49.3\checker-qual-3.49.3.jar;C:\Users\Akanksha.Surve\.m2\repository\org\projectlombok\lombok\1.18.38\lombok-1.18.38.jar;C:\Users\Akanksha.Surve\.m2\repository\jakarta\xml\bind\jakarta.xml.bind-api\4.0.2\jakarta.xml.bind-api-4.0.2.jar;C:\Users\Akanksha.Surve\.m2\repository\jakarta\activation\jakarta.activation-api\2.1.3\jakarta.activation-api-2.1.3.jar;C:\Users\Akanksha.Surve\.m2\repository\org\springframework\spring-core\6.2.8\spring-core-6.2.8.jar;C:\Users\Akanksha.Surve\.m2\repository\org\springframework\spring-jcl\6.2.8\spring-jcl-6.2.8.jar;C:\Users\Akanksha.Surve\.m2\repository\org\springframework\security\spring-security-core\6.5.1\spring-security-core-6.5.1.jar;C:\Users\Akanksha.Surve\.m2\repository\org\springframework\security\spring-security-crypto\6.5.1\spring-security-crypto-6.5.1.jar;C:\Users\Akanksha.Surve\.m2\repository\org\springframework\boot\spring-boot-starter-mail\3.5.3\spring-boot-starter-mail-3.5.3.jar;C:\Users\Akanksha.Surve\.m2\repository\org\springframework\spring-context-support\6.2.8\spring-context-support-6.2.8.jar;C:\Users\Akanksha.Surve\.m2\repository\org\eclipse\angus\jakarta.mail\2.0.3\jakarta.mail-2.0.3.jar;C:\Users\Akanksha.Surve\.m2\repository\org\eclipse\angus\angus-activation\2.0.2\angus-activation-2.0.2.jar;C:\Users\Akanksha.Surve\.m2\repository\org\apache\poi\poi-ooxml\5.2.3\poi-ooxml-5.2.3.jar;C:\Users\Akanksha.Surve\.m2\repository\org\apache\poi\poi\5.2.3\poi-5.2.3.jar;C:\Users\Akanksha.Surve\.m2\repository\commons-codec\commons-codec\1.18.0\commons-codec-1.18.0.jar;C:\Users\Akanksha.Surve\.m2\repository\org\apache\commons\commons-math3\3.6.1\commons-math3-3.6.1.jar;C:\Users\Akanksha.Surve\.m2\repository\com\zaxxer\SparseBitSet\1.2\SparseBitSet-1.2.jar;C:\Users\Akanksha.Surve\.m2\repository\org\apache\poi\poi-ooxml-lite\5.2.3\poi-ooxml-lite-5.2.3.jar;C:\Users\Akanksha.Surve\.m2\repository\org\apache\xmlbeans\xmlbeans\5.1.1\xmlbeans-5.1.1.jar;C:\Users\Akanksha.Surve\.m2\repository\org\apache\commons\commons-compress\1.21\commons-compress-1.21.jar;C:\Users\Akanksha.Surve\.m2\repository\commons-io\commons-io\2.11.0\commons-io-2.11.0.jar;C:\Users\Akanksha.Surve\.m2\repository\com\github\virtuald\curvesapi\1.07\curvesapi-1.07.jar;C:\Users\Akanksha.Surve\.m2\repository\org\apache\logging\log4j\log4j-api\2.24.3\log4j-api-2.24.3.jar;C:\Users\Akanksha.Surve\.m2\repository\org\apache\commons\commons-collections4\4.4\commons-collections4-4.4.jar;C:\Users\Akanksha.Surve\.m2\repository\cn\apiclub\tool\simplecaptcha\1.2.2\simplecaptcha-1.2.2.jar;C:\Users\Akanksha.Surve\.m2\repository\org\mapstruct\mapstruct\1.5.2.Final\mapstruct-1.5.2.Final.jar;C:\Users\Akanksha.Surve\.m2\repository\org\mapstruct\mapstruct-processor\1.5.2.Final\mapstruct-processor-1.5.2.Final.jar
Launcher Type: SUN_STANDARD

[Global flags]
     intx CICompilerCount                          = 12                                        {product} {ergonomic}
     uint ConcGCThreads                            = 3                                         {product} {ergonomic}
     uint G1ConcRefinementThreads                  = 13                                        {product} {ergonomic}
   size_t G1HeapRegionSize                         = 4194304                                   {product} {ergonomic}
    uintx GCDrainStackTargetSize                   = 64                                        {product} {ergonomic}
   size_t InitialHeapSize                          = 532676608                                 {product} {ergonomic}
     bool ManagementServer                         = true                                      {product} {command line}
   size_t MarkStackSize                            = 4194304                                   {product} {ergonomic}
   size_t MaxHeapSize                              = 8510242816                                {product} {ergonomic}
   size_t MaxNewSize                               = 5104467968                                {product} {ergonomic}
   size_t MinHeapDeltaBytes                        = 4194304                                   {product} {ergonomic}
   size_t MinHeapSize                              = 8388608                                   {product} {ergonomic}
    uintx NonNMethodCodeHeapSize                   = 4096                                   {pd product} {ergonomic}
    uintx NonProfiledCodeHeapSize                  = 0                                      {pd product} {ergonomic}
     bool ProfileInterpreter                       = false                                  {pd product} {command line}
    uintx ProfiledCodeHeapSize                     = 0                                      {pd product} {ergonomic}
     bool ShowCodeDetailsInExceptionMessages       = true                                   {manageable} {command line}
   size_t SoftMaxHeapSize                          = 8510242816                             {manageable} {ergonomic}
     intx TieredStopAtLevel                        = 1                                         {product} {command line}
     bool UseCompressedOops                        = true                           {product lp64_product} {ergonomic}
     bool UseG1GC                                  = true                                      {product} {ergonomic}
     bool UseLargePagesIndividualAllocation        = false                                  {pd product} {ergonomic}

Logging:
Log output configuration:
 #0: stdout all=warning uptime,level,tags foldmultilines=false
 #1: stderr all=off uptime,level,tags foldmultilines=false

Environment Variables:
PATH=D:/sts-4.29.1.RELEASE//plugins/org.eclipse.justj.openjdk.hotspot.jre.full.win32.x86_64_21.0.6.v20250130-0529/jre/bin/server;D:/sts-4.29.1.RELEASE//plugins/org.eclipse.justj.openjdk.hotspot.jre.full.win32.x86_64_21.0.6.v20250130-0529/jre/bin;C:\Program Files\Common Files\Oracle\Java\javapath;C:\Program Files (x86)\Common Files\Oracle\Java\javapath;C:\WINDOWS\system32;C:\WINDOWS;C:\WINDOWS\System32\Wbem;C:\WINDOWS\System32\WindowsPowerShell\v1.0\;C:\WINDOWS\System32\OpenSSH\;C:\Program Files\PuTTY\;C:\Program Files\nodejs\;C:\Users\Akanksha.Surve\AppData\Local\Microsoft\WindowsApps;C:\Users\Akanksha.Surve\AppData\Roaming\npm;C:\Users\Akanksha.Surve\AppData\Local\Programs\Git\cmd;C:\Users\Akanksha.Surve\AppData\Local\Programs\Antigravity\bin;D:\sts-4.29.1.RELEASE;
USERNAME=Akanksha.Surve
OS=Windows_NT
PROCESSOR_IDENTIFIER=Intel64 Family 6 Model 191 Stepping 2, GenuineIntel
TMP=C:\Users\AKANKS~1.SUR\AppData\Local\Temp
TEMP=C:\Users\AKANKS~1.SUR\AppData\Local\Temp




Periodic native trim disabled

---------------  S Y S T E M  ---------------

OS:
 Windows 11 , 64 bit Build 26100 (10.0.26100.7019)
OS uptime: 0 days 14:25 hours
Hyper-V role detected

CPU: total 16 (initial active 16) (8 cores per cpu, 2 threads per core) family 6 model 191 stepping 2 microcode 0x3a, cx8, cmov, fxsr, ht, mmx, 3dnowpref, sse, sse2, sse3, ssse3, sse4.1, sse4.2, popcnt, lzcnt, tsc, tscinvbit, avx, avx2, aes, erms, clmul, bmi1, bmi2, adx, sha, fma, vzeroupper, clflush, clflushopt, clwb, hv, serialize, rdtscp, rdpid, fsrm, f16c, cet_ibt, cet_ss
Processor Information for the first 16 processors :
  Max Mhz: 2500, Current Mhz: 2500, Mhz Limit: 2500

Memory: 4k page, system-wide physical 32454M (15099M free)
TotalPageFile size 34502M (AvailPageFile size 11632M)
current process WorkingSet (physical memory assigned to process): 557M, peak: 574M
current process commit charge ("private bytes"): 602M, peak: 632M

vm_info: OpenJDK 64-Bit Server VM (21.0.6+7-LTS) for windows-amd64 JRE (21.0.6+7-LTS), built on 2025-01-21T00:00:00Z by "admin" with MS VC++ 17.7 (VS2022)

END.
