#
# A fatal error has been detected by the Java Runtime Environment:
#
#  EXCEPTION_ACCESS_VIOLATION (0xc0000005) at pc=0x00007ffd0265c561, pid=10740, tid=25492
#
# JRE version: OpenJDK Runtime Environment Temurin-21.0.6+7 (21.0.6+7) (build 21.0.6+7-LTS)
# Java VM: OpenJDK 64-Bit Server VM Temurin-21.0.6+7 (21.0.6+7-LTS, mixed mode, emulated-client, sharing, tiered, compressed oops, compressed class ptrs, g1 gc, windows-amd64)
# Problematic frame:
# V  [jvm.dll+0xc561]
#
# No core dump will be written. Minidumps are not enabled by default on client versions of Windows
#
# If you would like to submit a bug report, please visit:
#   https://github.com/adoptium/adoptium-support/issues
#

---------------  S U M M A R Y ------------

Command Line: -Dcom.sun.management.jmxremote -Dcom.sun.management.jmxremote.port=53638 -Dcom.sun.management.jmxremote.authenticate=false -Dcom.sun.management.jmxremote.ssl=false -Djava.rmi.server.hostname=localhost -Dspring.jmx.enabled=true -Dmanagement.endpoints.jmx.exposure.include=* -Dspring.application.admin.enabled=true -Dspring.output.ansi.enabled=always -XX:TieredStopAtLevel=1 -Dspring.boot.project.name=maharecruitment-web -Dfile.encoding=UTF-8 -Dstdout.encoding=UTF-8 -Dstderr.encoding=UTF-8 -XX:+ShowCodeDetailsInExceptionMessages com.maharecruitment.gov.in.web.MaharecruitmentParentApplication

Host: Intel(R) Core(TM) i5-14400, 16 cores, 31G,  Windows 11 , 64 bit Build 26100 (10.0.26100.7019)
Time: Wed May  6 13:04:53 2026 India Standard Time elapsed time: 1881.295289 seconds (0d 0h 31m 21s)

---------------  T H R E A D  ---------------

Current thread (0x00000288c487f0c0):  WorkerThread "G1 Conc#0"      [id=25492, stack(0x000000decbc00000,0x000000decbd00000) (1024K)]

Stack: [0x000000decbc00000,0x000000decbd00000],  sp=0x000000decbcff8a8,  free space=1022k
Native frames: (J=compiled Java code, j=interpreted, Vv=VM code, C=native code)
V  [jvm.dll+0xc561]


siginfo: EXCEPTION_ACCESS_VIOLATION (0xc0000005), reading address 0x0000000000000100


Registers:
RAX=0x0000000000000000, RBX=0x00000288c4888501, RCX=0x00000288c8000000, RDX=0x000000060ba54e10
RSP=0x000000decbcff8a8, RBP=0x0000000000000000, RSI=0x00000288b398b670, RDI=0x000000060ba54e10
R8 =0x00000288c8000000, R9 =0x0000000000000000, R10=0x00000288b38f3690, R11=0x0000000000000004
R12=0x0000000000000000, R13=0xaaaaaaaaaaaaaaab, R14=0x00000288c8040a00, R15=0x000000060ca7cbc0
RIP=0x00007ffd0265c561, EFLAGS=0x0000000000010246

XMM[0]=0x0000000000000000 0x0000000000000000
XMM[1]=0x0000000000000000 0x0000000000000000
XMM[2]=0x0000000000000000 0x0000000000000000
XMM[3]=0x0000000000000000 0x0000000000000000
XMM[4]=0x0000000000000000 0x0000000000000000
XMM[5]=0x0000000000000000 0x0000000000000000
XMM[6]=0x0000000000000000 0x3fff84ab37b91e20
XMM[7]=0x0000000000000000 0x408f400000000000
XMM[8]=0x0000000000000000 0x0000000000000000
XMM[9]=0x0000000000000000 0x0000000000000000
XMM[10]=0x0000000000000000 0x0000000000000000
XMM[11]=0x0000000000000000 0x0000000000000000
XMM[12]=0x0000000000000000 0x0000000000000000
XMM[13]=0x0000000000000000 0x0000000000000000
XMM[14]=0x0000000000000000 0x0000000000000000
XMM[15]=0x0000000000000000 0x0000000000000000
  MXCSR=0x00001fa0


Register to memory mapping:

RAX=0x0 is null
RBX=0x00000288c4888501 points into unknown readable memory: 00 00 00 00 00 00 00
RCX=0x00000288c8000000 is pointing into metadata
RDX=0x000000060ba54e10 is pointing into object: [Ljdk.internal.vm.FillerElement; 
{0x000000060ba53168} - klass: {type array int}
 - length: 2102
RSP=0x000000decbcff8a8 points into unknown readable memory: 0x00007ffd0296a0ea | ea a0 96 02 fd 7f 00 00
RBP=0x0 is null
RSI=0x00000288b398b670 points into unknown readable memory: 0x00000288c487e7b0 | b0 e7 87 c4 88 02 00 00
RDI=0x000000060ba54e10 is pointing into object: [Ljdk.internal.vm.FillerElement; 
{0x000000060ba53168} - klass: {type array int}
 - length: 2102
R8 =0x00000288c8000000 is pointing into metadata
R9 =0x0 is null
R10=0x00000288b38f3690 points into unknown readable memory: 0x00007ffd030748e0 | e0 48 07 03 fd 7f 00 00
R11=0x0000000000000004 is an unknown value
R12=0x0 is null
R13=0xaaaaaaaaaaaaaaab is an unknown value
R14={method} {0x00000288c8040a08} 'equals' '(Ljava/lang/Object;)Z' in 'java/lang/reflect/Method'
R15=0x000000060ca7cbc0 is an oop: java.lang.reflect.Method 
{0x000000060ca7cbc0} - klass: 'java/lang/reflect/Method'
 - ---- fields (total size 11 words):
 - 'override' 'Z' @12  false (0x00)
 - volatile 'accessCheckCache' 'Ljava/lang/Object;' @16  a 'java/lang/ref/WeakReference'{0x000000060ca7cc18} (0xc194f983)
 - private transient 'parameterData' 'Ljava/lang/reflect/Executable$ParameterData;' @20  null (0x00000000)
 - private volatile transient 'declaredAnnotations' 'Ljava/util/Map;' @24  null (0x00000000)
 - private 'callerSensitive' 'B' @13  -1 (0xff)
 - private final 'slot' 'I' @28  0 (0x00000000)
 - private final 'modifiers' 'I' @32  1025 (0x00000401)
 - private final 'clazz' 'Ljava/lang/Class;' @36  a 'java/lang/Class'{0x0000000605e4fe20} = 'org/springframework/aop/TargetClassAware' (0xc0bc9fc4)
 - private final 'name' 'Ljava/lang/String;' @40  "getTargetClass"{0x000000060b5cc3a0} (0xc16b9874)
 - private final 'returnType' 'Ljava/lang/Class;' @44  a 'java/lang/Class'{0x00000006058098f0} = 'java/lang/Class' (0xc0b0131e)
 - private final 'parameterTypes' '[Ljava/lang/Class;' @48  a 'java/lang/Class'[0] {0x000000060580b648} (0xc0b016c9)
 - private final 'exceptionTypes' '[Ljava/lang/Class;' @52  a 'java/lang/Class'[0] {0x000000060580b648} (0xc0b016c9)
 - private final transient 'signature' 'Ljava/lang/String;' @56  "()Ljava/lang/Class<*>;"{0x000000060bad4dd0} (0xc175a9ba)
 - private volatile transient 'genericInfo' 'Lsun/reflect/generics/repository/MethodRepository;' @60  null (0x00000000)
 - private final 'annotations' '[B' @64  
[error occurred during error reporting (printing register info), id 0xc0000005, EXCEPTION_ACCESS_VIOLATION (0xc0000005) at pc=0x00007ffd02d09136]

Top of Stack: (sp=0x000000decbcff8a8)
0x000000decbcff8a8:   00007ffd0296a0ea 00000288c487f470
0x000000decbcff8b8:   00000288c487f848 00000000000003d8
0x000000decbcff8c8:   00007ffd02969ebf 000000060ba54e10
0x000000decbcff8d8:   00007ffd02969ebf 00000288c4888550
0x000000decbcff8e8:   000000decbcffa80 00000288c80409f8
0x000000decbcff8f8:   0000000000000001 000000060ca7cc14
0x000000decbcff908:   00007ffd0296787d 000000060ca7cc00
0x000000decbcff918:   00007ffd029699c7 000000decbcffa80
0x000000decbcff928:   0000000000000001 000000decbcffa40
0x000000decbcff938:   0000000000000001 000000060ca7cbc0
0x000000decbcff948:   00007ffd029674c2 00000288c80405a8
0x000000decbcff958:   000000000000000b 000000decbcffa80
0x000000decbcff968:   0000000000000040 00000288c4888550
0x000000decbcff978:   00007ffd02986ee0 000000060ca7cbc0
0x000000decbcff988:   00000288b398b680 000000decbcffa40
0x000000decbcff998:   00000288b398b680 000000060ca7cbc0
0x000000decbcff9a8:   00007ffd02983791 0000000000fcf978
0x000000decbcff9b8:   0000000000000000 0000000608c45740
0x000000decbcff9c8:   00007ffd02984c4a 0000000001000000
0x000000decbcff9d8:   00007ffd029852cc 000000060ca7cb68
0x000000decbcff9e8:   0000000000fcf978 000000000061c06a
0x000000decbcff9f8:   00000000000e4e1c 00000288c487f470
0x000000decbcffa08:   0000000000000001 00000288c4888550
0x000000decbcffa18:   00007ffd0298405f 00000288c48885e8
0x000000decbcffa28:   0000000000000000 000000decbbffa01
0x000000decbcffa38:   0000000000000000 00000288b398b670
0x000000decbcffa48:   00000288c4888550 000000060c800000
0x000000decbcffa58:   0000000000080000 000000060c800000
0x000000decbcffa68:   0000000000080000 00000000000e4e1c
0x000000decbcffa78:   00000000005f5e10 00007ffd03076278
0x000000decbcffa88:   00000288c49339a0 0000000600000003
0x000000decbcffa98:   00000288b38f3690 00000288c4888550 

Instructions: (pc=0x00007ffd0265c561)
0x00007ffd0265c461:   41 f6 c1 01 75 53 41 c1 f9 03 49 63 c1 c3 79 49
0x00007ffd0265c471:   84 c0 41 b8 0c 00 00 00 8b 05 a9 dc c1 00 b9 10
0x00007ffd0265c481:   00 00 00 41 0f 45 c8 ff c8 4c 63 c0 41 8b c1 48
0x00007ffd0265c491:   c1 f8 10 0f b6 c0 48 63 14 11 41 8b c9 83 e1 3f
0x00007ffd0265c4a1:   48 d3 e2 49 8d 0c 10 49 f7 d0 48 03 c1 49 c1 e8
0x00007ffd0265c4b1:   03 48 c1 e8 03 49 23 c0 c3 49 8b 00 49 8b c8 48
0x00007ffd0265c4c1:   ff a0 00 01 00 00 cc cc cc cc cc cc cc cc cc 8b
0x00007ffd0265c4d1:   44 24 30 45 03 c9 44 2b 4c 24 28 83 c0 0b 44 03
0x00007ffd0265c4e1:   ca 45 03 c8 41 03 c1 c3 cc cc cc cc cc cc cc 4c
0x00007ffd0265c4f1:   8b c2 48 8b d1 45 8b 48 08 45 85 c9 7e 0e 41 f6
0x00007ffd0265c501:   c1 01 75 56 41 c1 f9 03 49 63 c1 c3 79 4c 80 3d
0x00007ffd0265c511:   04 e1 c1 00 00 b8 0c 00 00 00 b9 10 00 00 00 0f
0x00007ffd0265c521:   45 c8 8b 05 ff db c1 00 ff c8 4c 63 c0 41 8b c1
0x00007ffd0265c531:   48 c1 f8 10 48 63 14 11 41 8b c9 83 e1 3f 0f b6
0x00007ffd0265c541:   c0 48 d3 e2 49 8d 0c 10 49 f7 d0 48 03 c1 49 c1
0x00007ffd0265c551:   e8 03 48 c1 e8 03 49 23 c0 c3 49 8b 00 49 8b c8
0x00007ffd0265c561:   48 ff a0 00 01 00 00 cc cc cc cc cc cc cc cc 48
0x00007ffd0265c571:   8b 41 08 0f b7 48 2c 0f b7 40 2a 83 c0 48 03 c1
0x00007ffd0265c581:   c3 cc cc cc cc cc cc cc cc cc cc cc cc cc cc 48
0x00007ffd0265c591:   89 5c 24 08 57 48 83 ec 20 0f b6 05 1f de cc 00
0x00007ffd0265c5a1:   48 8b fa 48 8b d9 84 c0 74 4f 48 85 15 b6 d5 cc
0x00007ffd0265c5b1:   00 74 38 48 8b ca e8 94 d4 8c 00 48 8b d0 48 85
0x00007ffd0265c5c1:   db 74 25 48 85 c0 74 20 48 8b c7 f0 48 0f b1 13
0x00007ffd0265c5d1:   74 16 48 85 05 8e d5 cc 00 74 0d 48 8b c8 f0 48
0x00007ffd0265c5e1:   0f b1 13 48 3b c1 75 ea 48 8b fa 48 8b c7 48 8b
0x00007ffd0265c5f1:   5c 24 30 48 83 c4 20 5f c3 48 85 3d 6f d5 cc 00
0x00007ffd0265c601:   75 33 48 85 ff 75 0f 33 d2 8b c2 48 8b 5c 24 30
0x00007ffd0265c611:   48 83 c4 20 5f c3 48 8b 15 62 d5 cc 00 48 23 d7
0x00007ffd0265c621:   48 0b 15 38 d5 cc 00 48 8b c2 48 8b 5c 24 30 48
0x00007ffd0265c631:   83 c4 20 5f c3 48 8b cf e8 52 d3 8c 00 48 8b d0
0x00007ffd0265c641:   48 85 db 74 40 48 85 c0 74 3b 4c 8b 05 2e d5 cc
0x00007ffd0265c651:   00 4c 23 c0 4c 0b 05 5c d5 cc 00 74 28 48 8b c7 


Stack slot to memory mapping:

stack at sp + 0 slots: 0x00007ffd0296a0ea jvm.dll
stack at sp + 1 slots: 0x00000288c487f470 points into unknown readable memory: 0x6e692e6b646a4c5b | 5b 4c 6a 64 6b 2e 69 6e
stack at sp + 2 slots: 0x00000288c487f848 points into unknown readable memory: 0x10051aca46ba62f9 | f9 62 ba 46 ca 1a 05 10
stack at sp + 3 slots: 0x00000000000003d8 is an unknown value
stack at sp + 4 slots: 0x00007ffd02969ebf jvm.dll
stack at sp + 5 slots: 0x000000060ba54e10 is pointing into object: [Ljdk.internal.vm.FillerElement; 
{0x000000060ba53168} - klass: {type array int}
 - length: 2102
stack at sp + 6 slots: 0x00007ffd02969ebf jvm.dll
stack at sp + 7 slots: 0x00000288c4888550 points into unknown readable memory: 0x00007ffd03076258 | 58 62 07 03 fd 7f 00 00


---------------  P R O C E S S  ---------------

Threads class SMR info:
_java_thread_list=0x000002890f438050, length=42, elements={
0x00000288c4a0d270, 0x00000288c4a102e0, 0x00000288c4a139f0, 0x00000288c4a14c60,
0x00000288c4a168d0, 0x00000288c4a24890, 0x00000288c4a2d890, 0x00000288c4a24f20,
0x00000288c4a26960, 0x00000288c4a255b0, 0x00000288c4a26ff0, 0x00000288c4a25c40,
0x00000288c4a27680, 0x000002890d7ce970, 0x000002890d7cd5c0, 0x000002890d7d10d0,
0x000002891528fef0, 0x000002891528bd50, 0x000002891528ca70, 0x000002891528de20,
0x000002891528a9a0, 0x000002891528d790, 0x000002891528b030, 0x000002891528b6c0,
0x000002891528eb40, 0x0000028915291930, 0x000002891528e4b0, 0x000002891528f1d0,
0x000002890d7cc8a0, 0x000002890d7cf690, 0x000002890d7ccf30, 0x000002890d7cf000,
0x000002890d7cdc50, 0x000002890d7cc210, 0x000002890d7cfd20, 0x000002890d7d03b0,
0x000002890d7d0a40, 0x000002890d7d1760, 0x000002890d7ce2e0, 0x000002890d7d1df0,
0x000002890d7d2480, 0x000002890d7d3830
}

Java Threads: ( => current thread )
  0x00000288c4a0d270 JavaThread "Reference Handler"          daemon [_thread_blocked, id=24020, stack(0x000000decc100000,0x000000decc200000) (1024K)]
  0x00000288c4a102e0 JavaThread "Finalizer"                  daemon [_thread_blocked, id=25908, stack(0x000000decc200000,0x000000decc300000) (1024K)]
  0x00000288c4a139f0 JavaThread "Signal Dispatcher"          daemon [_thread_blocked, id=18048, stack(0x000000decc300000,0x000000decc400000) (1024K)]
  0x00000288c4a14c60 JavaThread "Attach Listener"            daemon [_thread_blocked, id=26248, stack(0x000000decc400000,0x000000decc500000) (1024K)]
  0x00000288c4a168d0 JavaThread "Service Thread"             daemon [_thread_blocked, id=4164, stack(0x000000decc500000,0x000000decc600000) (1024K)]
  0x00000288c4a24890 JavaThread "Monitor Deflation Thread"   daemon [_thread_blocked, id=3200, stack(0x000000decc600000,0x000000decc700000) (1024K)]
  0x00000288c4a2d890 JavaThread "C1 CompilerThread0"         daemon [_thread_blocked, id=9748, stack(0x000000decc700000,0x000000decc800000) (1024K)]
  0x00000288c4a24f20 JavaThread "Common-Cleaner"             daemon [_thread_blocked, id=21240, stack(0x000000decc800000,0x000000decc900000) (1024K)]
  0x00000288c4a26960 JavaThread "Notification Thread"        daemon [_thread_blocked, id=22548, stack(0x000000deccb00000,0x000000deccc00000) (1024K)]
  0x00000288c4a255b0 JavaThread "RMI TCP Accept-0"           daemon [_thread_in_native, id=15900, stack(0x000000deccd00000,0x000000decce00000) (1024K)]
  0x00000288c4a26ff0 JavaThread "RMI TCP Accept-53638"       daemon [_thread_in_native, id=25132, stack(0x000000decce00000,0x000000deccf00000) (1024K)]
  0x00000288c4a25c40 JavaThread "RMI TCP Accept-0"           daemon [_thread_in_native, id=25736, stack(0x000000deccf00000,0x000000decd000000) (1024K)]
  0x00000288c4a27680 JavaThread "RMI Scheduler(0)"           daemon [_thread_blocked, id=22272, stack(0x000000decdc00000,0x000000decdd00000) (1024K)]
  0x000002890d7ce970 JavaThread "JMX server connection timeout 47" daemon [_thread_blocked, id=25036, stack(0x000000decde00000,0x000000decdf00000) (1024K)]
  0x000002890d7cd5c0 JavaThread "PostgreSQL-JDBC-Cleaner"    daemon [_thread_blocked, id=23308, stack(0x000000deceb00000,0x000000decec00000) (1024K)]
  0x000002890d7d10d0 JavaThread "Live Reload Server"         daemon [_thread_in_native, id=12736, stack(0x000000decf400000,0x000000decf500000) (1024K)]
  0x000002891528fef0 JavaThread "RMI TCP Connection(idle)"   daemon [_thread_blocked, id=12168, stack(0x000000ded0800000,0x000000ded0900000) (1024K)]
  0x000002891528bd50 JavaThread "DestroyJavaVM"                     [_thread_blocked, id=23132, stack(0x000000decb900000,0x000000decba00000) (1024K)]
  0x000002891528ca70 JavaThread "logback-5"                  daemon [_thread_blocked, id=20860, stack(0x000000decb600000,0x000000decb700000) (1024K)]
  0x000002891528de20 JavaThread "AsyncAppender-Worker-ASYNC_FILE" daemon [_thread_blocked, id=6760, stack(0x000000decc900000,0x000000decca00000) (1024K)]
  0x000002891528a9a0 JavaThread "Catalina-utility-1"                [_thread_blocked, id=26608, stack(0x000000decdb00000,0x000000decdc00000) (1024K)]
  0x000002891528d790 JavaThread "Catalina-utility-2"                [_thread_blocked, id=10356, stack(0x000000decdd00000,0x000000decde00000) (1024K)]
  0x000002891528b030 JavaThread "container-0"                       [_thread_blocked, id=13964, stack(0x000000dece100000,0x000000dece200000) (1024K)]
  0x000002891528b6c0 JavaThread "HikariPool-2:housekeeper"   daemon [_thread_blocked, id=25256, stack(0x000000dece300000,0x000000dece400000) (1024K)]
  0x000002891528eb40 JavaThread "HttpClient-2-SelectorManager" daemon [_thread_in_native, id=3532, stack(0x000000decee00000,0x000000decef00000) (1024K)]
  0x0000028915291930 JavaThread "File Watcher"               daemon [_thread_in_native, id=24368, stack(0x000000dece800000,0x000000dece900000) (1024K)]
  0x000002891528e4b0 JavaThread "http-nio-8777-exec-1"       daemon [_thread_blocked, id=16472, stack(0x000000decf200000,0x000000decf300000) (1024K)]
  0x000002891528f1d0 JavaThread "http-nio-8777-exec-2"       daemon [_thread_blocked, id=25512, stack(0x000000decf300000,0x000000decf400000) (1024K)]
  0x000002890d7cc8a0 JavaThread "http-nio-8777-exec-3"       daemon [_thread_blocked, id=21344, stack(0x000000decf500000,0x000000decf600000) (1024K)]
  0x000002890d7cf690 JavaThread "http-nio-8777-exec-4"       daemon [_thread_blocked, id=23400, stack(0x000000decf600000,0x000000decf700000) (1024K)]
  0x000002890d7ccf30 JavaThread "http-nio-8777-exec-5"       daemon [_thread_blocked, id=25388, stack(0x000000decf700000,0x000000decf800000) (1024K)]
  0x000002890d7cf000 JavaThread "http-nio-8777-exec-6"       daemon [_thread_blocked, id=12248, stack(0x000000decf800000,0x000000decf900000) (1024K)]
  0x000002890d7cdc50 JavaThread "http-nio-8777-exec-7"       daemon [_thread_blocked, id=5208, stack(0x000000decf900000,0x000000decfa00000) (1024K)]
  0x000002890d7cc210 JavaThread "http-nio-8777-exec-8"       daemon [_thread_blocked, id=18168, stack(0x000000decfa00000,0x000000decfb00000) (1024K)]
  0x000002890d7cfd20 JavaThread "http-nio-8777-exec-9"       daemon [_thread_blocked, id=11768, stack(0x000000decfb00000,0x000000decfc00000) (1024K)]
  0x000002890d7d03b0 JavaThread "http-nio-8777-exec-10"      daemon [_thread_blocked, id=17004, stack(0x000000decfc00000,0x000000decfd00000) (1024K)]
  0x000002890d7d0a40 JavaThread "http-nio-8777-Poller"       daemon [_thread_in_native, id=10924, stack(0x000000decfd00000,0x000000decfe00000) (1024K)]
  0x000002890d7d1760 JavaThread "http-nio-8777-Acceptor"     daemon [_thread_in_native, id=15984, stack(0x000000decfe00000,0x000000decff00000) (1024K)]
  0x000002890d7ce2e0 JavaThread "scheduling-1"                      [_thread_blocked, id=16228, stack(0x000000decff00000,0x000000ded0000000) (1024K)]
  0x000002890d7d1df0 JavaThread "logback-6"                  daemon [_thread_blocked, id=9140, stack(0x000000decca00000,0x000000deccb00000) (1024K)]
  0x000002890d7d2480 JavaThread "logback-7"                  daemon [_thread_blocked, id=2920, stack(0x000000deccc00000,0x000000deccd00000) (1024K)]
  0x000002890d7d3830 JavaThread "logback-8"                  daemon [_thread_blocked, id=15964, stack(0x000000dece900000,0x000000decea00000) (1024K)]
Total: 42

Other Threads:
  0x00000288c49f6650 VMThread "VM Thread"                           [id=12008, stack(0x000000decc000000,0x000000decc100000) (1024K)]
  0x00000288c78819e0 WatcherThread "VM Periodic Task Thread"        [id=21332, stack(0x000000decbf00000,0x000000decc000000) (1024K)]
  0x00000288b398b170 WorkerThread "GC Thread#0"                     [id=22996, stack(0x000000decba00000,0x000000decbb00000) (1024K)]
  0x000002890d744380 WorkerThread "GC Thread#1"                     [id=22652, stack(0x000000decd000000,0x000000decd100000) (1024K)]
  0x000002890d709000 WorkerThread "GC Thread#2"                     [id=26292, stack(0x000000decd100000,0x000000decd200000) (1024K)]
  0x000002890d709bb0 WorkerThread "GC Thread#3"                     [id=23520, stack(0x000000decd200000,0x000000decd300000) (1024K)]
  0x000002890d70a770 WorkerThread "GC Thread#4"                     [id=18416, stack(0x000000decd300000,0x000000decd400000) (1024K)]
  0x000002890d755180 WorkerThread "GC Thread#5"                     [id=25632, stack(0x000000decd400000,0x000000decd500000) (1024K)]
  0x000002890d755520 WorkerThread "GC Thread#6"                     [id=20036, stack(0x000000decd500000,0x000000decd600000) (1024K)]
  0x000002890d75bce0 WorkerThread "GC Thread#7"                     [id=13652, stack(0x000000decd600000,0x000000decd700000) (1024K)]
  0x000002890d764090 WorkerThread "GC Thread#8"                     [id=24664, stack(0x000000decd700000,0x000000decd800000) (1024K)]
  0x000002890d764430 WorkerThread "GC Thread#9"                     [id=24388, stack(0x000000decd800000,0x000000decd900000) (1024K)]
  0x000002890d7667e0 WorkerThread "GC Thread#10"                    [id=25928, stack(0x000000decd900000,0x000000decda00000) (1024K)]
  0x000002890d766b80 WorkerThread "GC Thread#11"                    [id=25952, stack(0x000000decda00000,0x000000decdb00000) (1024K)]
  0x000002890d9e62f0 WorkerThread "GC Thread#12"                    [id=1092, stack(0x000000dece500000,0x000000dece600000) (1024K)]
  0x00000288c487e7b0 ConcurrentGCThread "G1 Main Marker"            [id=9816, stack(0x000000decbb00000,0x000000decbc00000) (1024K)]
=>0x00000288c487f0c0 WorkerThread "G1 Conc#0"                       [id=25492, stack(0x000000decbc00000,0x000000decbd00000) (1024K)]
  0x000002890d9e6690 WorkerThread "G1 Conc#1"                       [id=12020, stack(0x000000dece600000,0x000000dece700000) (1024K)]
  0x000002890d9e6a30 WorkerThread "G1 Conc#2"                       [id=25976, stack(0x000000dece700000,0x000000dece800000) (1024K)]
  0x00000288c4934840 ConcurrentGCThread "G1 Refine#0"               [id=12404, stack(0x000000decbd00000,0x000000decbe00000) (1024K)]
  0x00000288c4936070 ConcurrentGCThread "G1 Service"                [id=13988, stack(0x000000decbe00000,0x000000decbf00000) (1024K)]
Total: 21

Threads with active compile tasks:
Total: 0

VM state: not at safepoint (normal execution)

VM Mutex/Monitor currently owned by a thread: None

Heap address: 0x0000000604c00000, size: 8116 MB, Compressed Oops mode: Zero based, Oop shift amount: 3

CDS archive(s) mapped at: [0x00000288c8000000-0x00000288c8c80000-0x00000288c8c80000), size 13107200, SharedBaseAddress: 0x00000288c8000000, ArchiveRelocationMode: 1.
Compressed class space mapped at: 0x00000288c9000000-0x0000028909000000, reserved size: 1073741824
Narrow klass base: 0x00000288c8000000, Narrow klass shift: 0, Narrow klass range: 0x100000000

GC Precious Log:
 CardTable entry size: 512
 Card Set container configuration: InlinePtr #cards 4 size 8 Array Of Cards #cards 32 size 80 Howl #buckets 8 coarsen threshold 7372 Howl Bitmap #cards 1024 size 144 coarsen threshold 921 Card regions per heap region 1 cards per card region 8192
 CPUs: 16 total, 16 available
 Memory: 32454M
 Large Page Support: Disabled
 NUMA Support: Disabled
 Compressed Oops: Enabled (Zero based)
 Heap Region Size: 4M
 Heap Min Capacity: 8M
 Heap Initial Capacity: 508M
 Heap Max Capacity: 8116M
 Pre-touch: Disabled
 Parallel Workers: 13
 Concurrent Workers: 3
 Concurrent Refinement Workers: 13
 Periodic GC: Disabled

Heap:
 garbage-first heap   total 397312K, used 110771K [0x0000000604c00000, 0x0000000800000000)
  region size 4096K, 3 young (12288K), 2 survivors (8192K)
 Metaspace       used 117828K, committed 119104K, reserved 1179648K
  class space    used 15938K, committed 16576K, reserved 1048576K

Heap Regions: E=young(eden), S=young(survivor), O=old, HS=humongous(starts), HC=humongous(continues), CS=collection set, F=free, TAMS=top-at-mark-start, PB=parsable bottom
|   0|0x0000000604c00000, 0x0000000605000000, 0x0000000605000000|100%| O|  |TAMS 0x0000000605000000| PB 0x0000000604c00000| Untracked 
|   1|0x0000000605000000, 0x00000006053ffff8, 0x0000000605400000| 99%| O|  |TAMS 0x00000006053ffff8| PB 0x0000000605000000| Untracked 
|   2|0x0000000605400000, 0x00000006057fffb8, 0x0000000605800000| 99%| O|  |TAMS 0x00000006057fffb8| PB 0x0000000605400000| Untracked 
|   3|0x0000000605800000, 0x0000000605bffff8, 0x0000000605c00000| 99%| O|  |TAMS 0x0000000605bffff8| PB 0x0000000605800000| Untracked 
|   4|0x0000000605c00000, 0x0000000605fffff0, 0x0000000606000000| 99%| O|  |TAMS 0x0000000605fffff0| PB 0x0000000605c00000| Untracked 
|   5|0x0000000606000000, 0x00000006063ffff8, 0x0000000606400000| 99%| O|  |TAMS 0x00000006063ffff8| PB 0x0000000606000000| Untracked 
|   6|0x0000000606400000, 0x00000006064bb1c0, 0x0000000606800000| 18%| O|  |TAMS 0x00000006064bb1c0| PB 0x0000000606400000| Untracked 
|   7|0x0000000606800000, 0x0000000606800000, 0x0000000606c00000|  0%| F|  |TAMS 0x0000000606800000| PB 0x0000000606800000| Untracked 
|   8|0x0000000606c00000, 0x0000000606ffffe8, 0x0000000607000000| 99%| O|  |TAMS 0x0000000606ffffe8| PB 0x0000000606c00000| Untracked 
|   9|0x0000000607000000, 0x00000006073ffff0, 0x0000000607400000| 99%| O|  |TAMS 0x00000006073ffff0| PB 0x0000000607000000| Untracked 
|  10|0x0000000607400000, 0x0000000607400000, 0x0000000607800000|  0%| F|  |TAMS 0x0000000607400000| PB 0x0000000607400000| Untracked 
|  11|0x0000000607800000, 0x0000000607800000, 0x0000000607c00000|  0%| F|  |TAMS 0x0000000607800000| PB 0x0000000607800000| Untracked 
|  12|0x0000000607c00000, 0x0000000607c00000, 0x0000000608000000|  0%| F|  |TAMS 0x0000000607c00000| PB 0x0000000607c00000| Untracked 
|  13|0x0000000608000000, 0x0000000608000000, 0x0000000608400000|  0%| F|  |TAMS 0x0000000608000000| PB 0x0000000608000000| Untracked 
|  14|0x0000000608400000, 0x00000006087ffff0, 0x0000000608800000| 99%| O|  |TAMS 0x00000006087ffff0| PB 0x0000000608400000| Untracked 
|  15|0x0000000608800000, 0x0000000608c00000, 0x0000000608c00000|100%| O|  |TAMS 0x0000000608c00000| PB 0x0000000608800000| Untracked 
|  16|0x0000000608c00000, 0x0000000609000000, 0x0000000609000000|100%| O|  |TAMS 0x0000000609000000| PB 0x0000000608c00000| Untracked 
|  17|0x0000000609000000, 0x0000000609400000, 0x0000000609400000|100%| O|  |TAMS 0x0000000609400000| PB 0x0000000609000000| Untracked 
|  18|0x0000000609400000, 0x00000006097ffff0, 0x0000000609800000| 99%| O|  |TAMS 0x00000006097ffff0| PB 0x0000000609400000| Untracked 
|  19|0x0000000609800000, 0x0000000609800000, 0x0000000609c00000|  0%| F|  |TAMS 0x0000000609800000| PB 0x0000000609800000| Untracked 
|  20|0x0000000609c00000, 0x0000000609c00000, 0x000000060a000000|  0%| F|  |TAMS 0x0000000609c00000| PB 0x0000000609c00000| Untracked 
|  21|0x000000060a000000, 0x000000060a000000, 0x000000060a400000|  0%| F|  |TAMS 0x000000060a000000| PB 0x000000060a000000| Untracked 
|  22|0x000000060a400000, 0x000000060a400000, 0x000000060a800000|  0%| F|  |TAMS 0x000000060a400000| PB 0x000000060a400000| Untracked 
|  23|0x000000060a800000, 0x000000060a800000, 0x000000060ac00000|  0%| F|  |TAMS 0x000000060a800000| PB 0x000000060a800000| Untracked 
|  24|0x000000060ac00000, 0x000000060b000000, 0x000000060b000000|100%| O|  |TAMS 0x000000060b000000| PB 0x000000060ac00000| Untracked 
|  25|0x000000060b000000, 0x000000060b400000, 0x000000060b400000|100%| O|  |TAMS 0x000000060b400000| PB 0x000000060b000000| Untracked 
|  26|0x000000060b400000, 0x000000060b798100, 0x000000060b800000| 89%| O|  |TAMS 0x000000060b798100| PB 0x000000060b400000| Untracked 
|  27|0x000000060b800000, 0x000000060bc00000, 0x000000060bc00000|100%| O|  |TAMS 0x000000060bc00000| PB 0x000000060b800000| Untracked 
|  28|0x000000060bc00000, 0x000000060bc00000, 0x000000060c000000|  0%| F|  |TAMS 0x000000060bc00000| PB 0x000000060bc00000| Untracked 
|  29|0x000000060c000000, 0x000000060c400000, 0x000000060c400000|100%| O|  |TAMS 0x000000060c400000| PB 0x000000060c000000| Untracked 
|  30|0x000000060c400000, 0x000000060c800000, 0x000000060c800000|100%| O|  |TAMS 0x000000060c800000| PB 0x000000060c400000| Untracked 
|  31|0x000000060c800000, 0x000000060cc00000, 0x000000060cc00000|100%| O|  |TAMS 0x000000060cc00000| PB 0x000000060c800000| Untracked 
|  32|0x000000060cc00000, 0x000000060d000000, 0x000000060d000000|100%| O|  |TAMS 0x000000060d000000| PB 0x000000060cc00000| Untracked 
|  33|0x000000060d000000, 0x000000060d400000, 0x000000060d400000|100%| O|  |TAMS 0x000000060d400000| PB 0x000000060d000000| Untracked 
|  34|0x000000060d400000, 0x000000060d800000, 0x000000060d800000|100%| O|  |TAMS 0x000000060d800000| PB 0x000000060d400000| Untracked 
|  35|0x000000060d800000, 0x000000060dc00000, 0x000000060dc00000|100%| O|  |TAMS 0x000000060dc00000| PB 0x000000060d800000| Untracked 
|  36|0x000000060dc00000, 0x000000060e000000, 0x000000060e000000|100%| O|  |TAMS 0x000000060e000000| PB 0x000000060dc00000| Untracked 
|  37|0x000000060e000000, 0x000000060e000000, 0x000000060e400000|  0%| F|  |TAMS 0x000000060e000000| PB 0x000000060e000000| Untracked 
|  38|0x000000060e400000, 0x000000060e400000, 0x000000060e800000|  0%| F|  |TAMS 0x000000060e400000| PB 0x000000060e400000| Untracked 
|  39|0x000000060e800000, 0x000000060ebd9aa0, 0x000000060ec00000| 96%| S|CS|TAMS 0x000000060e800000| PB 0x000000060e800000| Complete 
|  40|0x000000060ec00000, 0x000000060f000000, 0x000000060f000000|100%| S|CS|TAMS 0x000000060ec00000| PB 0x000000060ec00000| Complete 
|  41|0x000000060f000000, 0x000000060f000000, 0x000000060f400000|  0%| F|  |TAMS 0x000000060f000000| PB 0x000000060f000000| Untracked 
|  42|0x000000060f400000, 0x000000060f400000, 0x000000060f800000|  0%| F|  |TAMS 0x000000060f400000| PB 0x000000060f400000| Untracked 
|  43|0x000000060f800000, 0x000000060f800000, 0x000000060fc00000|  0%| F|  |TAMS 0x000000060f800000| PB 0x000000060f800000| Untracked 
|  44|0x000000060fc00000, 0x000000060fc00000, 0x0000000610000000|  0%| F|  |TAMS 0x000000060fc00000| PB 0x000000060fc00000| Untracked 
|  45|0x0000000610000000, 0x0000000610000000, 0x0000000610400000|  0%| F|  |TAMS 0x0000000610000000| PB 0x0000000610000000| Untracked 
|  46|0x0000000610400000, 0x0000000610400000, 0x0000000610800000|  0%| F|  |TAMS 0x0000000610400000| PB 0x0000000610400000| Untracked 
|  47|0x0000000610800000, 0x0000000610800000, 0x0000000610c00000|  0%| F|  |TAMS 0x0000000610800000| PB 0x0000000610800000| Untracked 
|  48|0x0000000610c00000, 0x0000000610c00000, 0x0000000611000000|  0%| F|  |TAMS 0x0000000610c00000| PB 0x0000000610c00000| Untracked 
|  49|0x0000000611000000, 0x0000000611000000, 0x0000000611400000|  0%| F|  |TAMS 0x0000000611000000| PB 0x0000000611000000| Untracked 
|  50|0x0000000611400000, 0x0000000611400000, 0x0000000611800000|  0%| F|  |TAMS 0x0000000611400000| PB 0x0000000611400000| Untracked 
|  51|0x0000000611800000, 0x0000000611800000, 0x0000000611c00000|  0%| F|  |TAMS 0x0000000611800000| PB 0x0000000611800000| Untracked 
|  52|0x0000000611c00000, 0x0000000611c00000, 0x0000000612000000|  0%| F|  |TAMS 0x0000000611c00000| PB 0x0000000611c00000| Untracked 
|  53|0x0000000612000000, 0x0000000612000000, 0x0000000612400000|  0%| F|  |TAMS 0x0000000612000000| PB 0x0000000612000000| Untracked 
|  54|0x0000000612400000, 0x0000000612400000, 0x0000000612800000|  0%| F|  |TAMS 0x0000000612400000| PB 0x0000000612400000| Untracked 
|  55|0x0000000612800000, 0x0000000612800000, 0x0000000612c00000|  0%| F|  |TAMS 0x0000000612800000| PB 0x0000000612800000| Untracked 
|  56|0x0000000612c00000, 0x0000000612c00000, 0x0000000613000000|  0%| F|  |TAMS 0x0000000612c00000| PB 0x0000000612c00000| Untracked 
|  57|0x0000000613000000, 0x0000000613000000, 0x0000000613400000|  0%| F|  |TAMS 0x0000000613000000| PB 0x0000000613000000| Untracked 
|  58|0x0000000613400000, 0x0000000613400000, 0x0000000613800000|  0%| F|  |TAMS 0x0000000613400000| PB 0x0000000613400000| Untracked 
|  59|0x0000000613800000, 0x0000000613800000, 0x0000000613c00000|  0%| F|  |TAMS 0x0000000613800000| PB 0x0000000613800000| Untracked 
|  60|0x0000000613c00000, 0x0000000613c00000, 0x0000000614000000|  0%| F|  |TAMS 0x0000000613c00000| PB 0x0000000613c00000| Untracked 
|  61|0x0000000614000000, 0x0000000614000000, 0x0000000614400000|  0%| F|  |TAMS 0x0000000614000000| PB 0x0000000614000000| Untracked 
|  62|0x0000000614400000, 0x0000000614400000, 0x0000000614800000|  0%| F|  |TAMS 0x0000000614400000| PB 0x0000000614400000| Untracked 
|  63|0x0000000614800000, 0x0000000614800000, 0x0000000614c00000|  0%| F|  |TAMS 0x0000000614800000| PB 0x0000000614800000| Untracked 
|  64|0x0000000614c00000, 0x0000000614c00000, 0x0000000615000000|  0%| F|  |TAMS 0x0000000614c00000| PB 0x0000000614c00000| Untracked 
|  65|0x0000000615000000, 0x0000000615000000, 0x0000000615400000|  0%| F|  |TAMS 0x0000000615000000| PB 0x0000000615000000| Untracked 
|  66|0x0000000615400000, 0x0000000615400000, 0x0000000615800000|  0%| F|  |TAMS 0x0000000615400000| PB 0x0000000615400000| Untracked 
|  67|0x0000000615800000, 0x0000000615800000, 0x0000000615c00000|  0%| F|  |TAMS 0x0000000615800000| PB 0x0000000615800000| Untracked 
|  68|0x0000000615c00000, 0x0000000615c00000, 0x0000000616000000|  0%| F|  |TAMS 0x0000000615c00000| PB 0x0000000615c00000| Untracked 
|  69|0x0000000616000000, 0x0000000616000000, 0x0000000616400000|  0%| F|  |TAMS 0x0000000616000000| PB 0x0000000616000000| Untracked 
|  70|0x0000000616400000, 0x0000000616400000, 0x0000000616800000|  0%| F|  |TAMS 0x0000000616400000| PB 0x0000000616400000| Untracked 
|  71|0x0000000616800000, 0x0000000616800000, 0x0000000616c00000|  0%| F|  |TAMS 0x0000000616800000| PB 0x0000000616800000| Untracked 
|  72|0x0000000616c00000, 0x0000000616c00000, 0x0000000617000000|  0%| F|  |TAMS 0x0000000616c00000| PB 0x0000000616c00000| Untracked 
|  73|0x0000000617000000, 0x0000000617000000, 0x0000000617400000|  0%| F|  |TAMS 0x0000000617000000| PB 0x0000000617000000| Untracked 
|  74|0x0000000617400000, 0x0000000617400000, 0x0000000617800000|  0%| F|  |TAMS 0x0000000617400000| PB 0x0000000617400000| Untracked 
|  75|0x0000000617800000, 0x0000000617800000, 0x0000000617c00000|  0%| F|  |TAMS 0x0000000617800000| PB 0x0000000617800000| Untracked 
|  76|0x0000000617c00000, 0x0000000617c00000, 0x0000000618000000|  0%| F|  |TAMS 0x0000000617c00000| PB 0x0000000617c00000| Untracked 
|  77|0x0000000618000000, 0x0000000618000000, 0x0000000618400000|  0%| F|  |TAMS 0x0000000618000000| PB 0x0000000618000000| Untracked 
|  78|0x0000000618400000, 0x0000000618400000, 0x0000000618800000|  0%| F|  |TAMS 0x0000000618400000| PB 0x0000000618400000| Untracked 
|  79|0x0000000618800000, 0x0000000618800000, 0x0000000618c00000|  0%| F|  |TAMS 0x0000000618800000| PB 0x0000000618800000| Untracked 
|  80|0x0000000618c00000, 0x0000000618c00000, 0x0000000619000000|  0%| F|  |TAMS 0x0000000618c00000| PB 0x0000000618c00000| Untracked 
|  81|0x0000000619000000, 0x0000000619000000, 0x0000000619400000|  0%| F|  |TAMS 0x0000000619000000| PB 0x0000000619000000| Untracked 
|  82|0x0000000619400000, 0x0000000619400000, 0x0000000619800000|  0%| F|  |TAMS 0x0000000619400000| PB 0x0000000619400000| Untracked 
|  83|0x0000000619800000, 0x0000000619800000, 0x0000000619c00000|  0%| F|  |TAMS 0x0000000619800000| PB 0x0000000619800000| Untracked 
|  84|0x0000000619c00000, 0x0000000619c00000, 0x000000061a000000|  0%| F|  |TAMS 0x0000000619c00000| PB 0x0000000619c00000| Untracked 
|  85|0x000000061a000000, 0x000000061a000000, 0x000000061a400000|  0%| F|  |TAMS 0x000000061a000000| PB 0x000000061a000000| Untracked 
|  86|0x000000061a400000, 0x000000061a400000, 0x000000061a800000|  0%| F|  |TAMS 0x000000061a400000| PB 0x000000061a400000| Untracked 
|  87|0x000000061a800000, 0x000000061a800000, 0x000000061ac00000|  0%| F|  |TAMS 0x000000061a800000| PB 0x000000061a800000| Untracked 
|  88|0x000000061ac00000, 0x000000061ac00000, 0x000000061b000000|  0%| F|  |TAMS 0x000000061ac00000| PB 0x000000061ac00000| Untracked 
|  89|0x000000061b000000, 0x000000061b000000, 0x000000061b400000|  0%| F|  |TAMS 0x000000061b000000| PB 0x000000061b000000| Untracked 
|  90|0x000000061b400000, 0x000000061b400000, 0x000000061b800000|  0%| F|  |TAMS 0x000000061b400000| PB 0x000000061b400000| Untracked 
|  91|0x000000061b800000, 0x000000061b800000, 0x000000061bc00000|  0%| F|  |TAMS 0x000000061b800000| PB 0x000000061b800000| Untracked 
|  92|0x000000061bc00000, 0x000000061bc00000, 0x000000061c000000|  0%| F|  |TAMS 0x000000061bc00000| PB 0x000000061bc00000| Untracked 
|  93|0x000000061c000000, 0x000000061c000000, 0x000000061c400000|  0%| F|  |TAMS 0x000000061c000000| PB 0x000000061c000000| Untracked 
|  94|0x000000061c400000, 0x000000061c400000, 0x000000061c800000|  0%| F|  |TAMS 0x000000061c400000| PB 0x000000061c400000| Untracked 
|  95|0x000000061c800000, 0x000000061c800000, 0x000000061cc00000|  0%| F|  |TAMS 0x000000061c800000| PB 0x000000061c800000| Untracked 
|  96|0x000000061cc00000, 0x000000061ce00000, 0x000000061d000000| 50%| E|  |TAMS 0x000000061cc00000| PB 0x000000061cc00000| Complete 

Card table byte_map: [0x00000288bb8b0000,0x00000288bc890000] _byte_map_base: 0x00000288b888a000

Marking Bits: (CMBitMap*) 0x00000288b398b680
 Bits: [0x00000288bc890000, 0x00000288c4760000)

Polling page: 0x00000288b16c0000

Metaspace:

Usage:
  Non-class:     99.50 MB used.
      Class:     15.57 MB used.
       Both:    115.07 MB used.

Virtual space:
  Non-class space:      128.00 MB reserved,     100.12 MB ( 78%) committed,  2 nodes.
      Class space:        1.00 GB reserved,      16.19 MB (  2%) committed,  1 nodes.
             Both:        1.12 GB reserved,     116.31 MB ( 10%) committed. 

Chunk freelists:
   Non-Class:  11.83 MB
       Class:  15.70 MB
        Both:  27.54 MB

MaxMetaspaceSize: unlimited
CompressedClassSpaceSize: 1.00 GB
Initial GC threshold: 21.00 MB
Current GC threshold: 193.75 MB
CDS: on
 - commit_granule_bytes: 65536.
 - commit_granule_words: 8192.
 - virtual_space_node_default_size: 8388608.
 - enlarge_chunks_in_place: 1.
 - use_allocation_guard: 0.


Internal statistics:

num_allocs_failed_limit: 6.
num_arena_births: 3474.
num_arena_deaths: 1434.
num_vsnodes_births: 3.
num_vsnodes_deaths: 0.
num_space_committed: 1861.
num_space_uncommitted: 0.
num_chunks_returned_to_freelist: 1753.
num_chunks_taken_from_freelist: 9036.
num_chunk_merges: 497.
num_chunk_splits: 5444.
num_chunks_enlarged: 3593.
num_inconsistent_stats: 0.

CodeCache: size=49152Kb used=28125Kb max_used=32689Kb free=21026Kb
 bounds [0x00000288b7260000, 0x00000288b9280000, 0x00000288ba260000]
 total_blobs=15700 nmethods=14876 adapters=744
 compilation: enabled
              stopped_count=0, restarted_count=0
 full_count=0

Compilation events (20 events):
Event: 1833.299 Thread 0x00000288c4a2d890 32792       1       java.time.ZoneRegion::getRules (23 bytes)
Event: 1833.299 Thread 0x00000288c4a2d890 nmethod 32792 0x00000288b89d9810 code [0x00000288b89d99e0, 0x00000288b89d9bf0]
Event: 1833.311 Thread 0x0000028910883140 32793       1       org.springframework.data.jpa.repository.query.AbstractJpaQuery::createQuery (30 bytes)
Event: 1833.311 Thread 0x00000288c4a2d890 32794       1       org.springframework.data.jpa.repository.query.AbstractJpaQuery::applyLockMode (21 bytes)
Event: 1833.312 Thread 0x0000028910883140 nmethod 32793 0x00000288b89d9210 code [0x00000288b89d9400, 0x00000288b89d9628]
Event: 1833.312 Thread 0x0000028910883140 32795       1       org.springframework.data.jpa.repository.query.JpaQueryMethod::getLockModeType (11 bytes)
Event: 1833.312 Thread 0x00000288c4a2d890 nmethod 32794 0x00000288b89d8d90 code [0x00000288b89d8f40, 0x00000288b89d90c8]
Event: 1833.312 Thread 0x0000028910883140 nmethod 32795 0x00000288b89d8910 code [0x00000288b89d8ac0, 0x00000288b89d8c98]
Event: 1833.329 Thread 0x0000028910885350 32796       1       org.hibernate.query.Query::getResultList (7 bytes)
Event: 1833.329 Thread 0x0000028910885350 nmethod 32796 0x00000288b89d8590 code [0x00000288b89d8740, 0x00000288b89d8830]
Event: 1833.390 Thread 0x00000289108823a0 32797       1       org.hibernate.sql.ast.tree.from.LazyTableGroup::canUseInnerJoins (5 bytes)
Event: 1833.390 Thread 0x00000289108823a0 nmethod 32797 0x00000288b89d8290 code [0x00000288b89d8420, 0x00000288b89d84f0]
Event: 1833.468 Thread 0x0000028910885350 32798       1       org.hibernate.proxy.AbstractLazyInitializer::prepareForPossibleLoadingOutsideTransaction (71 bytes)
Event: 1833.468 Thread 0x00000288c4a2d890 32799       1       org.hibernate.proxy.AbstractLazyInitializer::getSessionFactoryOptions (15 bytes)
Event: 1833.468 Thread 0x00000288c4a2d890 nmethod 32799 0x00000288b89d7e90 code [0x00000288b89d8040, 0x00000288b89d8180]
Event: 1833.468 Thread 0x0000028910885350 nmethod 32798 0x00000288b89d7710 code [0x00000288b89d7900, 0x00000288b89d7c80]
Event: 1859.699 Thread 0x00000288c4a2d890 32800       1       org.postgresql.jdbc.PgStatement$StatementResultHandler::handleCommandStatus (15 bytes)
Event: 1859.700 Thread 0x00000288c4a2d890 nmethod 32800 0x00000288b89d7110 code [0x00000288b89d72c0, 0x00000288b89d75a0]
Event: 1859.700 Thread 0x00000288c4a2d890 32801       1       org.postgresql.jdbc.ResultWrapper::<init> (20 bytes)
Event: 1859.700 Thread 0x00000288c4a2d890 nmethod 32801 0x00000288b89d6e10 code [0x00000288b89d6fa0, 0x00000288b89d7098]

GC Heap History (20 events):
Event: 1196.442 GC heap before
{Heap before GC invocations=64 (full 1):
 garbage-first heap   total 315392K, used 193222K [0x0000000604c00000, 0x0000000800000000)
  region size 4096K, 27 young (110592K), 2 survivors (8192K)
 Metaspace       used 110667K, committed 111680K, reserved 1179648K
  class space    used 15280K, committed 15744K, reserved 1048576K
}
Event: 1196.444 GC heap after
{Heap after GC invocations=65 (full 1):
 garbage-first heap   total 315392K, used 97908K [0x0000000604c00000, 0x0000000800000000)
  region size 4096K, 3 young (12288K), 3 survivors (12288K)
 Metaspace       used 110667K, committed 111680K, reserved 1179648K
  class space    used 15280K, committed 15744K, reserved 1048576K
}
Event: 1200.911 GC heap before
{Heap before GC invocations=66 (full 1):
 garbage-first heap   total 315392K, used 257652K [0x0000000604c00000, 0x0000000800000000)
  region size 4096K, 42 young (172032K), 3 survivors (12288K)
 Metaspace       used 111979K, committed 113024K, reserved 1179648K
  class space    used 15392K, committed 15872K, reserved 1048576K
}
Event: 1200.916 GC heap after
{Heap after GC invocations=67 (full 1):
 garbage-first heap   total 315392K, used 105972K [0x0000000604c00000, 0x0000000800000000)
  region size 4096K, 5 young (20480K), 5 survivors (20480K)
 Metaspace       used 111979K, committed 113024K, reserved 1179648K
  class space    used 15392K, committed 15872K, reserved 1048576K
}
Event: 1200.925 GC heap before
{Heap before GC invocations=67 (full 1):
 garbage-first heap   total 315392K, used 105972K [0x0000000604c00000, 0x0000000800000000)
  region size 4096K, 6 young (24576K), 5 survivors (20480K)
 Metaspace       used 111985K, committed 113024K, reserved 1179648K
  class space    used 15394K, committed 15872K, reserved 1048576K
}
Event: 1200.929 GC heap after
{Heap after GC invocations=68 (full 1):
 garbage-first heap   total 315392K, used 106398K [0x0000000604c00000, 0x0000000800000000)
  region size 4096K, 3 young (12288K), 3 survivors (12288K)
 Metaspace       used 111985K, committed 113024K, reserved 1179648K
  class space    used 15394K, committed 15872K, reserved 1048576K
}
Event: 1201.821 GC heap before
{Heap before GC invocations=69 (full 1):
 garbage-first heap   total 315392K, used 257950K [0x0000000604c00000, 0x0000000800000000)
  region size 4096K, 40 young (163840K), 3 survivors (12288K)
 Metaspace       used 116854K, committed 118144K, reserved 1179648K
  class space    used 15832K, committed 16448K, reserved 1048576K
}
Event: 1201.826 GC heap after
{Heap after GC invocations=70 (full 1):
 garbage-first heap   total 397312K, used 118141K [0x0000000604c00000, 0x0000000800000000)
  region size 4096K, 5 young (20480K), 5 survivors (20480K)
 Metaspace       used 116854K, committed 118144K, reserved 1179648K
  class space    used 15832K, committed 16448K, reserved 1048576K
}
Event: 1202.194 GC heap before
{Heap before GC invocations=70 (full 1):
 garbage-first heap   total 397312K, used 183677K [0x0000000604c00000, 0x0000000800000000)
  region size 4096K, 22 young (90112K), 5 survivors (20480K)
 Metaspace       used 117699K, committed 119040K, reserved 1179648K
  class space    used 15934K, committed 16576K, reserved 1048576K
}
Event: 1202.200 GC heap after
{Heap after GC invocations=71 (full 1):
 garbage-first heap   total 397312K, used 123647K [0x0000000604c00000, 0x0000000800000000)
  region size 4096K, 5 young (20480K), 5 survivors (20480K)
 Metaspace       used 117699K, committed 119040K, reserved 1179648K
  class space    used 15934K, committed 16576K, reserved 1048576K
}
Event: 1286.442 GC heap before
{Heap before GC invocations=72 (full 1):
 garbage-first heap   total 397312K, used 287487K [0x0000000604c00000, 0x0000000800000000)
  region size 4096K, 46 young (188416K), 5 survivors (20480K)
 Metaspace       used 117738K, committed 119104K, reserved 1179648K
  class space    used 15912K, committed 16576K, reserved 1048576K
}
Event: 1286.453 GC heap after
{Heap after GC invocations=73 (full 1):
 garbage-first heap   total 397312K, used 127512K [0x0000000604c00000, 0x0000000800000000)
  region size 4096K, 3 young (12288K), 3 survivors (12288K)
 Metaspace       used 117738K, committed 119104K, reserved 1179648K
  class space    used 15912K, committed 16576K, reserved 1048576K
}
Event: 1418.398 GC heap before
{Heap before GC invocations=74 (full 1):
 garbage-first heap   total 397312K, used 336408K [0x0000000604c00000, 0x0000000800000000)
  region size 4096K, 54 young (221184K), 3 survivors (12288K)
 Metaspace       used 117775K, committed 119104K, reserved 1179648K
  class space    used 15924K, committed 16576K, reserved 1048576K
}
Event: 1418.403 GC heap after
{Heap after GC invocations=75 (full 1):
 garbage-first heap   total 397312K, used 127413K [0x0000000604c00000, 0x0000000800000000)
  region size 4096K, 3 young (12288K), 3 survivors (12288K)
 Metaspace       used 117775K, committed 119104K, reserved 1179648K
  class space    used 15924K, committed 16576K, reserved 1048576K
}
Event: 1560.864 GC heap before
{Heap before GC invocations=75 (full 1):
 garbage-first heap   total 397312K, used 336309K [0x0000000604c00000, 0x0000000800000000)
  region size 4096K, 54 young (221184K), 3 survivors (12288K)
 Metaspace       used 117826K, committed 119104K, reserved 1179648K
  class space    used 15938K, committed 16576K, reserved 1048576K
}
Event: 1560.879 GC heap after
{Heap after GC invocations=76 (full 1):
 garbage-first heap   total 397312K, used 114985K [0x0000000604c00000, 0x0000000800000000)
  region size 4096K, 3 young (12288K), 3 survivors (12288K)
 Metaspace       used 117826K, committed 119104K, reserved 1179648K
  class space    used 15938K, committed 16576K, reserved 1048576K
}
Event: 1720.185 GC heap before
{Heap before GC invocations=76 (full 1):
 garbage-first heap   total 397312K, used 340265K [0x0000000604c00000, 0x0000000800000000)
  region size 4096K, 58 young (237568K), 3 survivors (12288K)
 Metaspace       used 117828K, committed 119104K, reserved 1179648K
  class space    used 15938K, committed 16576K, reserved 1048576K
}
Event: 1720.194 GC heap after
{Heap after GC invocations=77 (full 1):
 garbage-first heap   total 397312K, used 110865K [0x0000000604c00000, 0x0000000800000000)
  region size 4096K, 2 young (8192K), 2 survivors (8192K)
 Metaspace       used 117828K, committed 119104K, reserved 1179648K
  class space    used 15938K, committed 16576K, reserved 1048576K
}
Event: 1881.244 GC heap before
{Heap before GC invocations=77 (full 1):
 garbage-first heap   total 397312K, used 340241K [0x0000000604c00000, 0x0000000800000000)
  region size 4096K, 58 young (237568K), 2 survivors (8192K)
 Metaspace       used 117828K, committed 119104K, reserved 1179648K
  class space    used 15938K, committed 16576K, reserved 1048576K
}
Event: 1881.249 GC heap after
{Heap after GC invocations=78 (full 1):
 garbage-first heap   total 397312K, used 110771K [0x0000000604c00000, 0x0000000800000000)
  region size 4096K, 2 young (8192K), 2 survivors (8192K)
 Metaspace       used 117828K, committed 119104K, reserved 1179648K
  class space    used 15938K, committed 16576K, reserved 1048576K
}

Dll operation events (11 events):
Event: 0.006 Loaded shared library D:\sts-4.29.1.RELEASE\plugins\org.eclipse.justj.openjdk.hotspot.jre.full.win32.x86_64_21.0.6.v20250130-0529\jre\bin\java.dll
Event: 0.025 Loaded shared library D:\sts-4.29.1.RELEASE\plugins\org.eclipse.justj.openjdk.hotspot.jre.full.win32.x86_64_21.0.6.v20250130-0529\jre\bin\zip.dll
Event: 0.116 Loaded shared library D:\sts-4.29.1.RELEASE\plugins\org.eclipse.justj.openjdk.hotspot.jre.full.win32.x86_64_21.0.6.v20250130-0529\jre\bin\jimage.dll
Event: 0.120 Loaded shared library D:\sts-4.29.1.RELEASE\plugins\org.eclipse.justj.openjdk.hotspot.jre.full.win32.x86_64_21.0.6.v20250130-0529\jre\bin\net.dll
Event: 0.122 Loaded shared library D:\sts-4.29.1.RELEASE\plugins\org.eclipse.justj.openjdk.hotspot.jre.full.win32.x86_64_21.0.6.v20250130-0529\jre\bin\nio.dll
Event: 0.123 Loaded shared library D:\sts-4.29.1.RELEASE\plugins\org.eclipse.justj.openjdk.hotspot.jre.full.win32.x86_64_21.0.6.v20250130-0529\jre\bin\zip.dll
Event: 0.196 Loaded shared library D:\sts-4.29.1.RELEASE\plugins\org.eclipse.justj.openjdk.hotspot.jre.full.win32.x86_64_21.0.6.v20250130-0529\jre\bin\management.dll
Event: 0.204 Loaded shared library D:\sts-4.29.1.RELEASE\plugins\org.eclipse.justj.openjdk.hotspot.jre.full.win32.x86_64_21.0.6.v20250130-0529\jre\bin\management_ext.dll
Event: 0.347 Loaded shared library D:\sts-4.29.1.RELEASE\plugins\org.eclipse.justj.openjdk.hotspot.jre.full.win32.x86_64_21.0.6.v20250130-0529\jre\bin\extnet.dll
Event: 1.305 Loaded shared library D:\sts-4.29.1.RELEASE\plugins\org.eclipse.justj.openjdk.hotspot.jre.full.win32.x86_64_21.0.6.v20250130-0529\jre\bin\sunmscapi.dll
Event: 3.676 Loaded shared library D:\sts-4.29.1.RELEASE\plugins\org.eclipse.justj.openjdk.hotspot.jre.full.win32.x86_64_21.0.6.v20250130-0529\jre\bin\verify.dll

Deoptimization events (10 events):
Event: 1.619 Thread 0x000002890d7ce2e0 DEOPT PACKING pc=0x00000288b7b5200c sp=0x000000dece0fe520
Event: 1.619 Thread 0x000002890d7ce2e0 DEOPT UNPACKING pc=0x00000288b72b4e42 sp=0x000000dece0fda98 mode 0
Event: 1.910 Thread 0x000002890d7ce2e0 DEOPT PACKING pc=0x00000288b7ad2dac sp=0x000000dece0fe210
Event: 1.910 Thread 0x000002890d7ce2e0 DEOPT UNPACKING pc=0x00000288b72b4e42 sp=0x000000dece0fd6c0 mode 0
Event: 4.438 Thread 0x000002890d7ce2e0 DEOPT PACKING pc=0x00000288b81f568c sp=0x000000dece0fdc30
Event: 4.438 Thread 0x000002890d7ce2e0 DEOPT UNPACKING pc=0x00000288b72b4e42 sp=0x000000dece0fd1a0 mode 0
Event: 11.577 Thread 0x00000288c4a27d10 DEOPT PACKING pc=0x00000288b850adbc sp=0x000000decddfeda0
Event: 11.577 Thread 0x00000288c4a27d10 DEOPT UNPACKING pc=0x00000288b72b4e42 sp=0x000000decddfe238 mode 0
Event: 233.848 Thread 0x000002890d7d1df0 DEOPT PACKING pc=0x00000288b83a5952 sp=0x000000decf3f9cf0
Event: 233.848 Thread 0x000002890d7d1df0 DEOPT UNPACKING pc=0x00000288b72b4e42 sp=0x000000decf3f9158 mode 0

Classes loaded (20 events):
Event: 461.853 Loading class java/math/MathContext
Event: 461.853 Loading class java/math/MathContext done
Event: 1136.081 Loading class java/lang/LongEditor
Event: 1136.081 Loading class java/lang/LongEditor done
Event: 1136.082 Loading class java/lang/StringEditor
Event: 1136.082 Loading class java/lang/StringEditor done
Event: 1136.090 Loading class java/math/BigDecimalEditor
Event: 1136.090 Loading class java/math/BigDecimalEditor done
Event: 1192.866 Loading class java/util/concurrent/locks/AbstractQueuedSynchronizer$SharedNode
Event: 1192.867 Loading class java/util/concurrent/locks/AbstractQueuedSynchronizer$SharedNode done
Event: 1192.913 Loading class java/io/FileOutputStream$1
Event: 1192.913 Loading class java/io/FileOutputStream$1 done
Event: 1192.970 Loading class java/lang/ref/Finalizer$2
Event: 1192.970 Loading class java/lang/ref/Finalizer$2 done
Event: 1192.970 Loading class java/lang/ref/Finalizer$1
Event: 1192.970 Loading class java/lang/ref/Finalizer$1 done
Event: 1193.061 Loading class java/util/concurrent/ArrayBlockingQueue$Itr
Event: 1193.061 Loading class java/util/concurrent/ArrayBlockingQueue$Itr done
Event: 1201.892 Loading class java/time/DurationEditor
Event: 1201.892 Loading class java/time/DurationEditor done

Classes unloaded (20 events):
Event: 1202.225 Thread 0x00000288c49f6650 Unloading class 0x00000288c955dc00 'java/lang/invoke/LambdaForm$MH+0x00000288c955dc00'
Event: 1202.225 Thread 0x00000288c49f6650 Unloading class 0x00000288c955d800 'java/lang/invoke/LambdaForm$MH+0x00000288c955d800'
Event: 1202.225 Thread 0x00000288c49f6650 Unloading class 0x00000288c9555000 'java/lang/invoke/LambdaForm$MH+0x00000288c9555000'
Event: 1202.225 Thread 0x00000288c49f6650 Unloading class 0x00000288c954e400 'java/lang/invoke/LambdaForm$MH+0x00000288c954e400'
Event: 1202.225 Thread 0x00000288c49f6650 Unloading class 0x00000288c9508400 'java/lang/invoke/LambdaForm$MH+0x00000288c9508400'
Event: 1202.225 Thread 0x00000288c49f6650 Unloading class 0x00000288c94e5000 'java/lang/invoke/LambdaForm$MH+0x00000288c94e5000'
Event: 1202.225 Thread 0x00000288c49f6650 Unloading class 0x00000288c94e4800 'java/lang/invoke/LambdaForm$MH+0x00000288c94e4800'
Event: 1202.225 Thread 0x00000288c49f6650 Unloading class 0x00000288c94d4800 'java/lang/invoke/LambdaForm$MH+0x00000288c94d4800'
Event: 1202.225 Thread 0x00000288c49f6650 Unloading class 0x00000288c94b8800 'java/lang/invoke/LambdaForm$MH+0x00000288c94b8800'
Event: 1202.225 Thread 0x00000288c49f6650 Unloading class 0x00000288c94ac800 'java/lang/invoke/LambdaForm$MH+0x00000288c94ac800'
Event: 1202.225 Thread 0x00000288c49f6650 Unloading class 0x00000288c921c400 'java/lang/invoke/LambdaForm$MH+0x00000288c921c400'
Event: 1202.225 Thread 0x00000288c49f6650 Unloading class 0x00000288c9195800 'java/lang/invoke/LambdaForm$MH+0x00000288c9195800'
Event: 1202.225 Thread 0x00000288c49f6650 Unloading class 0x00000288c9111000 'java/lang/invoke/LambdaForm$MH+0x00000288c9111000'
Event: 1202.225 Thread 0x00000288c49f6650 Unloading class 0x00000288c90c2000 'java/lang/invoke/LambdaForm$MH+0x00000288c90c2000'
Event: 1202.225 Thread 0x00000288c49f6650 Unloading class 0x00000288c9000400 'java/lang/invoke/LambdaForm$MH+0x00000288c9000400'
Event: 1286.501 Thread 0x00000288c49f6650 Unloading class 0x00000288c9fa2000 'jdk/internal/reflect/GeneratedSerializationConstructorAccessor122'
Event: 1286.501 Thread 0x00000288c49f6650 Unloading class 0x00000288c9fa0400 'jdk/internal/reflect/GeneratedSerializationConstructorAccessor121'
Event: 1286.501 Thread 0x00000288c49f6650 Unloading class 0x00000288c9f9bc00 'jdk/internal/reflect/GeneratedSerializationConstructorAccessor120'
Event: 1286.501 Thread 0x00000288c49f6650 Unloading class 0x00000288c9f9b800 'jdk/internal/reflect/GeneratedSerializationConstructorAccessor119'
Event: 1286.501 Thread 0x00000288c49f6650 Unloading class 0x00000288c9f9b400 'jdk/internal/reflect/GeneratedSerializationConstructorAccessor118'

Classes redefined (0 events):
No events

Internal exceptions (20 events):
Event: 1201.281 Thread 0x000002891528a310 Exception <a 'java/lang/NoSuchMethodError'{0x0000000613cbaec0}: 'java.lang.Object java.lang.invoke.DelegatingMethodHandle$Holder.reinvoke_L(java.lang.Object, java.lang.Object, java.lang.Object, java.lang.Object, java.lang.Object, java.lang.Object, int, int, int)'> (0x0000000613cbaec0) 
thrown [s\src\hotspot\share\interpreter\linkResolver.cpp, line 773]
Event: 1201.312 Thread 0x000002891528a310 Exception <a 'java/lang/NoSuchMethodError'{0x00000006139e1b38}: 'java.lang.Object java.lang.invoke.DelegatingMethodHandle$Holder.reinvoke_L(java.lang.Object, java.lang.Object, java.lang.Object, java.lang.Object, java.lang.Object, java.lang.Object, java.lang.Object, java.lang.Object, java.lang.Object, java.lang.Object, java.lang.Object, java.lang.Object, java.lang.Object)'> (0x00000006139e1b38) 
thrown [s\src\hotspot\share\interpreter\linkResolver.cpp, line 773]
Event: 1201.490 Thread 0x000002891528a310 Exception <a 'java/lang/NoSuchMethodError'{0x0000000611922b10}: 'java.lang.Object java.lang.invoke.DelegatingMethodHandle$Holder.reinvoke_L(java.lang.Object, java.lang.Object, int, int, int)'> (0x0000000611922b10) 
thrown [s\src\hotspot\share\interpreter\linkResolver.cpp, line 773]
Event: 1201.682 Thread 0x000002891528a310 Exception <a 'java/lang/NoSuchMethodError'{0x000000060fb2e390}: 'java.lang.Object java.lang.invoke.DelegatingMethodHandle$Holder.reinvoke_L(java.lang.Object, java.lang.Object, long, java.lang.Object)'> (0x000000060fb2e390) 
thrown [s\src\hotspot\share\interpreter\linkResolver.cpp, line 773]
Event: 1201.698 Thread 0x000002891528a310 Exception <a 'java/lang/NoSuchMethodError'{0x000000060f60ea18}: 'java.lang.Object java.lang.invoke.DelegatingMethodHandle$Holder.reinvoke_L(java.lang.Object, java.lang.Object, java.lang.Object, java.lang.Object, java.lang.Object, java.lang.Object, java.lang.Object, java.lang.Object, java.lang.Object, java.lang.Object, java.lang.Object, java.lang.Object, java.lang.Object, java.lang.Object, java.lang.Object, java.lang.Object)'> (0x000000060f60ea18) 
thrown [s\src\hotspot\share\interpreter\linkResolver.cpp, l
Event: 1201.993 Thread 0x000002891528a310 Exception <a 'sun/nio/fs/WindowsException'{0x000000061b2d16e0}> (0x000000061b2d16e0) 
thrown [s\src\hotspot\share\prims\jni.cpp, line 520]
Event: 1201.994 Thread 0x000002891528a310 Exception <a 'sun/nio/fs/WindowsException'{0x000000061b2d4608}> (0x000000061b2d4608) 
thrown [s\src\hotspot\share\prims\jni.cpp, line 520]
Event: 1201.994 Thread 0x000002891528a310 Exception <a 'sun/nio/fs/WindowsException'{0x000000061b2d7520}> (0x000000061b2d7520) 
thrown [s\src\hotspot\share\prims\jni.cpp, line 520]
Event: 1201.994 Thread 0x000002891528a310 Exception <a 'sun/nio/fs/WindowsException'{0x000000061b2da430}> (0x000000061b2da430) 
thrown [s\src\hotspot\share\prims\jni.cpp, line 520]
Event: 1201.994 Thread 0x000002891528a310 Exception <a 'sun/nio/fs/WindowsException'{0x000000061b2dd308}> (0x000000061b2dd308) 
thrown [s\src\hotspot\share\prims\jni.cpp, line 520]
Event: 1201.994 Thread 0x000002891528a310 Exception <a 'sun/nio/fs/WindowsException'{0x000000061b2e0208}> (0x000000061b2e0208) 
thrown [s\src\hotspot\share\prims\jni.cpp, line 520]
Event: 1201.994 Thread 0x000002891528a310 Exception <a 'sun/nio/fs/WindowsException'{0x000000061b2e3130}> (0x000000061b2e3130) 
thrown [s\src\hotspot\share\prims\jni.cpp, line 520]
Event: 1201.994 Thread 0x000002891528a310 Exception <a 'sun/nio/fs/WindowsException'{0x000000061b2e6038}> (0x000000061b2e6038) 
thrown [s\src\hotspot\share\prims\jni.cpp, line 520]
Event: 1201.994 Thread 0x000002891528a310 Exception <a 'sun/nio/fs/WindowsException'{0x000000061b2e8fa0}> (0x000000061b2e8fa0) 
thrown [s\src\hotspot\share\prims\jni.cpp, line 520]
Event: 1201.994 Thread 0x000002891528a310 Exception <a 'sun/nio/fs/WindowsException'{0x000000061b2ebeb8}> (0x000000061b2ebeb8) 
thrown [s\src\hotspot\share\prims\jni.cpp, line 520]
Event: 1201.995 Thread 0x000002891528a310 Exception <a 'sun/nio/fs/WindowsException'{0x000000061b2eed90}> (0x000000061b2eed90) 
thrown [s\src\hotspot\share\prims\jni.cpp, line 520]
Event: 1214.230 Thread 0x000002891528fef0 Exception <a 'java/lang/NoSuchMethodError'{0x000000061bb1ee58}: static [B.<clinit>()V> (0x000000061bb1ee58) 
thrown [s\src\hotspot\share\prims\jni.cpp, line 1111]
Event: 1283.187 Thread 0x000002890d7cc210 Exception <a 'java/lang/IncompatibleClassChangeError'{0x000000061272fe70}: Found class java.lang.Object, but interface was expected> (0x000000061272fe70) 
thrown [s\src\hotspot\share\interpreter\linkResolver.cpp, line 840]
Event: 1434.639 Thread 0x000002890d7cc210 Exception <a 'java/lang/NoSuchMethodError'{0x000000061b2761f8}: 'java.lang.Object java.lang.invoke.DirectMethodHandle$Holder.invokeVirtual(java.lang.Object, java.lang.Object, java.lang.Object, int)'> (0x000000061b2761f8) 
thrown [s\src\hotspot\share\interpreter\linkResolver.cpp, line 773]
Event: 1440.653 Thread 0x000002890d7cfd20 Exception <a 'java/lang/NoSuchMethodError'{0x000000061aa33f20}: 'java.lang.Object java.lang.invoke.DirectMethodHandle$Holder.invokeVirtual(java.lang.Object, java.lang.Object, java.lang.Object, int, java.lang.Object)'> (0x000000061aa33f20) 
thrown [s\src\hotspot\share\interpreter\linkResolver.cpp, line 773]

ZGC Phase Switch (0 events):
No events

VM Operations (20 events):
Event: 1620.437 Executing VM operation: Cleanup
Event: 1620.437 Executing VM operation: Cleanup done
Event: 1621.451 Executing VM operation: Cleanup
Event: 1621.451 Executing VM operation: Cleanup done
Event: 1623.894 Executing VM operation: HandshakeAllThreads (HandshakeForDeflation)
Event: 1623.894 Executing VM operation: HandshakeAllThreads (HandshakeForDeflation) done
Event: 1623.894 Executing VM operation: RendezvousGCThreads
Event: 1623.894 Executing VM operation: RendezvousGCThreads done
Event: 1681.556 Executing VM operation: Cleanup
Event: 1681.556 Executing VM operation: Cleanup done
Event: 1720.185 Executing VM operation: G1CollectForAllocation (G1 Evacuation Pause)
Event: 1720.194 Executing VM operation: G1CollectForAllocation (G1 Evacuation Pause) done
Event: 1833.294 Executing VM operation: Cleanup
Event: 1833.294 Executing VM operation: Cleanup done
Event: 1834.304 Executing VM operation: Cleanup
Event: 1834.304 Executing VM operation: Cleanup done
Event: 1880.741 Executing VM operation: Cleanup
Event: 1880.741 Executing VM operation: Cleanup done
Event: 1881.244 Executing VM operation: G1CollectForAllocation (G1 Evacuation Pause)
Event: 1881.249 Executing VM operation: G1CollectForAllocation (G1 Evacuation Pause) done

Memory protections (0 events):
No events

Nmethod flushes (20 events):
Event: 1286.518 Thread 0x00000288c49f6650 flushing  nmethod 0x00000288b8464610
Event: 1286.518 Thread 0x00000288c49f6650 flushing  nmethod 0x00000288b8473b90
Event: 1286.518 Thread 0x00000288c49f6650 flushing  nmethod 0x00000288b8475710
Event: 1286.518 Thread 0x00000288c49f6650 flushing  nmethod 0x00000288b8475c10
Event: 1286.518 Thread 0x00000288c49f6650 flushing  nmethod 0x00000288b8527310
Event: 1286.518 Thread 0x00000288c49f6650 flushing  nmethod 0x00000288b8527690
Event: 1286.518 Thread 0x00000288c49f6650 flushing  nmethod 0x00000288b8528690
Event: 1286.518 Thread 0x00000288c49f6650 flushing  nmethod 0x00000288b852bb10
Event: 1286.518 Thread 0x00000288c49f6650 flushing  nmethod 0x00000288b852d890
Event: 1286.518 Thread 0x00000288c49f6650 flushing  nmethod 0x00000288b85b7a90
Event: 1286.518 Thread 0x00000288c49f6650 flushing  nmethod 0x00000288b85bc690
Event: 1286.518 Thread 0x00000288c49f6650 flushing  nmethod 0x00000288b85bee90
Event: 1286.518 Thread 0x00000288c49f6650 flushing  nmethod 0x00000288b85bf290
Event: 1286.518 Thread 0x00000288c49f6650 flushing  nmethod 0x00000288b85bf610
Event: 1286.518 Thread 0x00000288c49f6650 flushing  nmethod 0x00000288b85bf910
Event: 1286.518 Thread 0x00000288c49f6650 flushing  nmethod 0x00000288b85bfc10
Event: 1286.518 Thread 0x00000288c49f6650 flushing  nmethod 0x00000288b8689290
Event: 1286.518 Thread 0x00000288c49f6650 flushing  nmethod 0x00000288b868ac10
Event: 1286.518 Thread 0x00000288c49f6650 flushing  nmethod 0x00000288b868ba10
Event: 1286.518 Thread 0x00000288c49f6650 flushing  nmethod 0x00000288b868bd10

Events (20 events):
Event: 1589.878 Thread 0x000002891528a310 Thread added: 0x0000028915da6e70
Event: 1589.879 Thread 0x0000028915da6e70 Thread exited: 0x0000028915da6e70
Event: 1595.058 Thread 0x0000028910881cd0 Thread exited: 0x0000028910881cd0
Event: 1600.063 Thread 0x0000028910883140 Thread exited: 0x0000028910883140
Event: 1600.063 Thread 0x0000028910883ee0 Thread exited: 0x0000028910883ee0
Event: 1600.063 Thread 0x0000028910882a70 Thread exited: 0x0000028910882a70
Event: 1605.064 Thread 0x00000289108823a0 Thread exited: 0x00000289108823a0
Event: 1649.025 Thread 0x000002891528f860 Thread exited: 0x000002891528f860
Event: 1650.034 Thread 0x0000028915da4da0 Thread exited: 0x0000028915da4da0
Event: 1650.034 Thread 0x000002891528a310 Thread exited: 0x000002891528a310
Event: 1800.931 Thread 0x00000288c4a2d890 Thread added: 0x0000028910885350
Event: 1805.946 Thread 0x0000028910885350 Thread exited: 0x0000028910885350
Event: 1833.105 Thread 0x00000288c4a2d890 Thread added: 0x0000028910884c80
Event: 1833.106 Thread 0x00000288c4a2d890 Thread added: 0x00000289108823a0
Event: 1833.106 Thread 0x00000288c4a2d890 Thread added: 0x0000028910885350
Event: 1833.107 Thread 0x00000288c4a2d890 Thread added: 0x0000028910883140
Event: 1838.483 Thread 0x0000028910883140 Thread exited: 0x0000028910883140
Event: 1838.483 Thread 0x0000028910885350 Thread exited: 0x0000028910885350
Event: 1843.498 Thread 0x00000289108823a0 Thread exited: 0x00000289108823a0
Event: 1848.505 Thread 0x0000028910884c80 Thread exited: 0x0000028910884c80


Dynamic libraries:
0x00007ff7850b0000 - 0x00007ff7850be000 	D:\sts-4.29.1.RELEASE\plugins\org.eclipse.justj.openjdk.hotspot.jre.full.win32.x86_64_21.0.6.v20250130-0529\jre\bin\javaw.exe
0x00007ffd65f00000 - 0x00007ffd66168000 	C:\WINDOWS\SYSTEM32\ntdll.dll
0x00007ffd643f0000 - 0x00007ffd644b9000 	C:\WINDOWS\System32\KERNEL32.DLL
0x00007ffd63310000 - 0x00007ffd63708000 	C:\WINDOWS\System32\KERNELBASE.dll
0x00007ffd63050000 - 0x00007ffd6319b000 	C:\WINDOWS\System32\ucrtbase.dll
0x00007ffd431a0000 - 0x00007ffd431b8000 	D:\sts-4.29.1.RELEASE\plugins\org.eclipse.justj.openjdk.hotspot.jre.full.win32.x86_64_21.0.6.v20250130-0529\jre\bin\jli.dll
0x00007ffd46400000 - 0x00007ffd4641e000 	D:\sts-4.29.1.RELEASE\plugins\org.eclipse.justj.openjdk.hotspot.jre.full.win32.x86_64_21.0.6.v20250130-0529\jre\bin\VCRUNTIME140.dll
0x00007ffd65c40000 - 0x00007ffd65e07000 	C:\WINDOWS\System32\USER32.dll
0x00007ffd63230000 - 0x00007ffd63257000 	C:\WINDOWS\System32\win32u.dll
0x00007ffd644c0000 - 0x00007ffd644eb000 	C:\WINDOWS\System32\GDI32.dll
0x00007ffd622a0000 - 0x00007ffd62534000 	C:\WINDOWS\WinSxS\amd64_microsoft.windows.common-controls_6595b64144ccf1df_6.0.26100.7019_none_3e06ffa0e335b8a8\COMCTL32.dll
0x00007ffd637c0000 - 0x00007ffd638ec000 	C:\WINDOWS\System32\gdi32full.dll
0x00007ffd64230000 - 0x00007ffd642d9000 	C:\WINDOWS\System32\msvcrt.dll
0x00007ffd63260000 - 0x00007ffd63303000 	C:\WINDOWS\System32\msvcp_win.dll
0x00007ffd642f0000 - 0x00007ffd64321000 	C:\WINDOWS\System32\IMM32.DLL
0x00007ffd479a0000 - 0x00007ffd479ac000 	D:\sts-4.29.1.RELEASE\plugins\org.eclipse.justj.openjdk.hotspot.jre.full.win32.x86_64_21.0.6.v20250130-0529\jre\bin\vcruntime140_1.dll
0x00007ffd36490000 - 0x00007ffd3651d000 	D:\sts-4.29.1.RELEASE\plugins\org.eclipse.justj.openjdk.hotspot.jre.full.win32.x86_64_21.0.6.v20250130-0529\jre\bin\msvcp140.dll
0x00007ffd02650000 - 0x00007ffd033e0000 	D:\sts-4.29.1.RELEASE\plugins\org.eclipse.justj.openjdk.hotspot.jre.full.win32.x86_64_21.0.6.v20250130-0529\jre\bin\server\jvm.dll
0x00007ffd64330000 - 0x00007ffd643e4000 	C:\WINDOWS\System32\ADVAPI32.dll
0x00007ffd65e10000 - 0x00007ffd65eb6000 	C:\WINDOWS\System32\sechost.dll
0x00007ffd652e0000 - 0x00007ffd653f8000 	C:\WINDOWS\System32\RPCRT4.dll
0x00007ffd641b0000 - 0x00007ffd64224000 	C:\WINDOWS\System32\WS2_32.dll
0x00007ffd5c800000 - 0x00007ffd5c835000 	C:\WINDOWS\SYSTEM32\WINMM.dll
0x00007ffd62eb0000 - 0x00007ffd62f0e000 	C:\WINDOWS\SYSTEM32\POWRPROF.dll
0x00007ffd52fb0000 - 0x00007ffd52fbb000 	C:\WINDOWS\SYSTEM32\VERSION.dll
0x00007ffd62e90000 - 0x00007ffd62ea4000 	C:\WINDOWS\SYSTEM32\UMPDC.dll
0x00007ffd61440000 - 0x00007ffd6145b000 	C:\WINDOWS\SYSTEM32\kernel.appcore.dll
0x00007ffd43d50000 - 0x00007ffd43d5a000 	D:\sts-4.29.1.RELEASE\plugins\org.eclipse.justj.openjdk.hotspot.jre.full.win32.x86_64_21.0.6.v20250130-0529\jre\bin\jimage.dll
0x00007ffd62830000 - 0x00007ffd62a72000 	C:\WINDOWS\SYSTEM32\DBGHELP.DLL
0x00007ffd658b0000 - 0x00007ffd65c3b000 	C:\WINDOWS\System32\combase.dll
0x00007ffd654d0000 - 0x00007ffd655a7000 	C:\WINDOWS\System32\OLEAUT32.dll
0x00007ffd62700000 - 0x00007ffd6273c000 	C:\WINDOWS\SYSTEM32\dbgcore.DLL
0x00007ffd63710000 - 0x00007ffd637b5000 	C:\WINDOWS\System32\bcryptPrimitives.dll
0x00007ffd43230000 - 0x00007ffd4324f000 	D:\sts-4.29.1.RELEASE\plugins\org.eclipse.justj.openjdk.hotspot.jre.full.win32.x86_64_21.0.6.v20250130-0529\jre\bin\java.dll
0x00007ffd64b80000 - 0x00007ffd652cf000 	C:\WINDOWS\System32\SHELL32.dll
0x00007ffd638f0000 - 0x00007ffd63a5b000 	C:\WINDOWS\System32\wintypes.dll
0x00007ffd5ffa0000 - 0x00007ffd607fd000 	C:\WINDOWS\SYSTEM32\windows.storage.dll
0x00007ffd656f0000 - 0x00007ffd657e2000 	C:\WINDOWS\System32\SHCORE.dll
0x00007ffd63cb0000 - 0x00007ffd63d17000 	C:\WINDOWS\System32\shlwapi.dll
0x00007ffd62f70000 - 0x00007ffd62f99000 	C:\WINDOWS\SYSTEM32\profapi.dll
0x00007ffd43180000 - 0x00007ffd43198000 	D:\sts-4.29.1.RELEASE\plugins\org.eclipse.justj.openjdk.hotspot.jre.full.win32.x86_64_21.0.6.v20250130-0529\jre\bin\zip.dll
0x00007ffd432f0000 - 0x00007ffd43300000 	D:\sts-4.29.1.RELEASE\plugins\org.eclipse.justj.openjdk.hotspot.jre.full.win32.x86_64_21.0.6.v20250130-0529\jre\bin\net.dll
0x00007ffd5c010000 - 0x00007ffd5c138000 	C:\WINDOWS\SYSTEM32\WINHTTP.dll
0x00007ffd619b0000 - 0x00007ffd61a1b000 	C:\WINDOWS\system32\mswsock.dll
0x00007ffd43160000 - 0x00007ffd43176000 	D:\sts-4.29.1.RELEASE\plugins\org.eclipse.justj.openjdk.hotspot.jre.full.win32.x86_64_21.0.6.v20250130-0529\jre\bin\nio.dll
0x00007ffd5d5d0000 - 0x00007ffd5d5da000 	D:\sts-4.29.1.RELEASE\plugins\org.eclipse.justj.openjdk.hotspot.jre.full.win32.x86_64_21.0.6.v20250130-0529\jre\bin\management.dll
0x00007ffd45450000 - 0x00007ffd4545b000 	D:\sts-4.29.1.RELEASE\plugins\org.eclipse.justj.openjdk.hotspot.jre.full.win32.x86_64_21.0.6.v20250130-0529\jre\bin\management_ext.dll
0x00007ffd656e0000 - 0x00007ffd656e8000 	C:\WINDOWS\System32\PSAPI.DLL
0x00007ffd43210000 - 0x00007ffd43228000 	C:\WINDOWS\system32\napinsp.dll
0x00007ffd60d20000 - 0x00007ffd60e4c000 	C:\WINDOWS\SYSTEM32\DNSAPI.dll
0x00007ffd60c90000 - 0x00007ffd60cc4000 	C:\WINDOWS\SYSTEM32\IPHLPAPI.DLL
0x00007ffd642e0000 - 0x00007ffd642ea000 	C:\WINDOWS\System32\NSI.dll
0x00007ffd41950000 - 0x00007ffd41962000 	C:\WINDOWS\System32\winrnr.dll
0x00007ffd41920000 - 0x00007ffd41942000 	C:\WINDOWS\system32\nlansp_c.dll
0x00007ffd41900000 - 0x00007ffd41916000 	C:\WINDOWS\system32\wshbth.dll
0x00007ffd58fd0000 - 0x00007ffd58fdb000 	C:\Windows\System32\rasadhlp.dll
0x00007ffd5c5d0000 - 0x00007ffd5c656000 	C:\WINDOWS\System32\fwpuclnt.dll
0x00007ffd62b80000 - 0x00007ffd62b9b000 	C:\WINDOWS\SYSTEM32\CRYPTSP.dll
0x00007ffd61e60000 - 0x00007ffd61e9a000 	C:\WINDOWS\system32\rsaenh.dll
0x00007ffd61a20000 - 0x00007ffd61a4b000 	C:\WINDOWS\SYSTEM32\USERENV.dll
0x00007ffd62f40000 - 0x00007ffd62f6a000 	C:\WINDOWS\SYSTEM32\bcrypt.dll
0x00007ffd61e50000 - 0x00007ffd61e5c000 	C:\WINDOWS\SYSTEM32\CRYPTBASE.dll
0x00007ffd50060000 - 0x00007ffd50069000 	D:\sts-4.29.1.RELEASE\plugins\org.eclipse.justj.openjdk.hotspot.jre.full.win32.x86_64_21.0.6.v20250130-0529\jre\bin\extnet.dll
0x00007ffd5d540000 - 0x00007ffd5d54e000 	D:\sts-4.29.1.RELEASE\plugins\org.eclipse.justj.openjdk.hotspot.jre.full.win32.x86_64_21.0.6.v20250130-0529\jre\bin\sunmscapi.dll
0x00007ffd63b20000 - 0x00007ffd63c97000 	C:\WINDOWS\System32\CRYPT32.dll
0x00007ffd62120000 - 0x00007ffd62150000 	C:\WINDOWS\SYSTEM32\ncrypt.dll
0x00007ffd62090000 - 0x00007ffd620cf000 	C:\WINDOWS\SYSTEM32\NTASN1.dll
0x00007ffd43150000 - 0x00007ffd43160000 	D:\sts-4.29.1.RELEASE\plugins\org.eclipse.justj.openjdk.hotspot.jre.full.win32.x86_64_21.0.6.v20250130-0529\jre\bin\verify.dll
0x00007ffd32d40000 - 0x00007ffd32d48000 	C:\WINDOWS\system32\wshunix.dll

dbghelp: loaded successfully - version: 4.0.5 - missing functions: none
symbol engine: initialized successfully - sym options: 0x614 - pdb path: .;D:\sts-4.29.1.RELEASE\plugins\org.eclipse.justj.openjdk.hotspot.jre.full.win32.x86_64_21.0.6.v20250130-0529\jre\bin;C:\WINDOWS\SYSTEM32;C:\WINDOWS\WinSxS\amd64_microsoft.windows.common-controls_6595b64144ccf1df_6.0.26100.7019_none_3e06ffa0e335b8a8;D:\sts-4.29.1.RELEASE\plugins\org.eclipse.justj.openjdk.hotspot.jre.full.win32.x86_64_21.0.6.v20250130-0529\jre\bin\server

VM Arguments:
jvm_args: -Dcom.sun.management.jmxremote -Dcom.sun.management.jmxremote.port=53638 -Dcom.sun.management.jmxremote.authenticate=false -Dcom.sun.management.jmxremote.ssl=false -Djava.rmi.server.hostname=localhost -Dspring.jmx.enabled=true -Dmanagement.endpoints.jmx.exposure.include=* -Dspring.application.admin.enabled=true -Dspring.output.ansi.enabled=always -XX:TieredStopAtLevel=1 -Dspring.boot.project.name=maharecruitment-web -Dfile.encoding=UTF-8 -Dstdout.encoding=UTF-8 -Dstderr.encoding=UTF-8 -XX:+ShowCodeDetailsInExceptionMessages 
java_command: com.maharecruitment.gov.in.web.MaharecruitmentParentApplication
java_class_path (initial): C:\Users\Akanksha.Surve\git\NewMaharecuitrment\maharecruitment-web\target\classes;C:\Users\Akanksha.Surve\.m2\repository\org\springframework\boot\spring-boot-starter-web\3.5.3\spring-boot-starter-web-3.5.3.jar;C:\Users\Akanksha.Surve\.m2\repository\org\springframework\boot\spring-boot-starter\3.5.3\spring-boot-starter-3.5.3.jar;C:\Users\Akanksha.Surve\.m2\repository\org\yaml\snakeyaml\2.4\snakeyaml-2.4.jar;C:\Users\Akanksha.Surve\.m2\repository\org\springframework\boot\spring-boot-starter-json\3.5.3\spring-boot-starter-json-3.5.3.jar;C:\Users\Akanksha.Surve\.m2\repository\com\fasterxml\jackson\core\jackson-databind\2.19.1\jackson-databind-2.19.1.jar;C:\Users\Akanksha.Surve\.m2\repository\com\fasterxml\jackson\datatype\jackson-datatype-jdk8\2.19.1\jackson-datatype-jdk8-2.19.1.jar;C:\Users\Akanksha.Surve\.m2\repository\com\fasterxml\jackson\module\jackson-module-parameter-names\2.19.1\jackson-module-parameter-names-2.19.1.jar;C:\Users\Akanksha.Surve\.m2\repository\org\springframework\spring-web\6.2.8\spring-web-6.2.8.jar;C:\Users\Akanksha.Surve\.m2\repository\org\springframework\spring-beans\6.2.8\spring-beans-6.2.8.jar;C:\Users\Akanksha.Surve\.m2\repository\io\micrometer\micrometer-observation\1.15.1\micrometer-observation-1.15.1.jar;C:\Users\Akanksha.Surve\.m2\repository\io\micrometer\micrometer-commons\1.15.1\micrometer-commons-1.15.1.jar;C:\Users\Akanksha.Surve\.m2\repository\org\springframework\spring-webmvc\6.2.8\spring-webmvc-6.2.8.jar;C:\Users\Akanksha.Surve\.m2\repository\org\springframework\spring-context\6.2.8\spring-context-6.2.8.jar;C:\Users\Akanksha.Surve\.m2\repository\org\springframework\spring-expression\6.2.8\spring-expression-6.2.8.jar;C:\Users\Akanksha.Surve\.m2\repository\org\springframework\boot\spring-boot-starter-security\3.5.3\spring-boot-starter-security-3.5.3.jar;C:\Users\Akanksha.Surve\.m2\repository\org\springframework\spring-aop\6.2.8\spring-aop-6.2.8.jar;C:\Users\Akanksha.Surve\.m2\repository\org\springframework\security\spring-security-config\6.5.1\spring-security-config-6.5.1.jar;C:\Users\Akanksha.Surve\.m2\repository\org\springframework\security\spring-security-web\6.5.1\spring-security-web-6.5.1.jar;C:\Users\Akanksha.Surve\.m2\repository\org\springframework\boot\spring-boot-starter-thymeleaf\3.5.3\spring-boot-starter-thymeleaf-3.5.3.jar;C:\Users\Akanksha.Surve\.m2\repository\org\thymeleaf\thymeleaf-spring6\3.1.3.RELEASE\thymeleaf-spring6-3.1.3.RELEASE.jar;C:\Users\Akanksha.Surve\.m2\repository\org\thymeleaf\thymeleaf\3.1.3.RELEASE\thymeleaf-3.1.3.RELEASE.jar;C:\Users\Akanksha.Surve\.m2\repository\org\attoparser\attoparser\2.0.7.RELEASE\attoparser-2.0.7.RELEASE.jar;C:\Users\Akanksha.Surve\.m2\repository\org\unbescape\unbescape\1.1.6.RELEASE\unbescape-1.1.6.RELEASE.jar;C:\Users\Akanksha.Surve\.m2\repository\org\springframework\boot\spring-boot-starter-data-jpa\3.5.3\spring-boot-starter-data-jpa-3.5.3.jar;C:\Users\Akanksha.Surve\.m2\repository\org\springframework\boot\spring-boot-starter-jdbc\3.5.3\spring-boot-starter-jdbc-3.5.3.jar;C:\Users\Akanksha.Surve\.m2\repository\com\zaxxer\HikariCP\6.3.0\HikariCP-6.3.0.jar;C:\Users\Akanksha.Surve\.m2\repository\org\springframework\spring-jdbc\6.2.8\spring-jdbc-6.2.8.jar;C:\Users\Akanksha.Surve\.m2\repository\org\hibernate\orm\hibernate-core\6.6.18.Final\hibernate-core-6.6.18.Final.jar;C:\Users\Akanksha.Surve\.m2\repository\jakarta\persistence\jakarta.persistence-api\3.1.0\jakarta.persistence-api-3.1.0.jar;C:\Users\Akanksha.Surve\.m2\repository\jakarta\transaction\jakarta.transaction-api\2.0.1\jakarta.transaction-api-2.0.1.jar;C:\Users\Akanksha.Surve\.m2\repository\org\jboss\logging\jboss-logging\3.6.1.Final\jboss-logging-3.6.1.Final.jar;C:\Users\Akanksha.Surve\.m2\repository\org\hibernate\common\hibernate-commons-annotations\7.0.3.Final\hibernate-commons-annotations-7.0.3.Final.jar;C:\Users\Akanksha.Surve\.m2\repository\io\smallrye\jandex\3.2.0\jandex-3.2.0.jar;C:\Users\Akanksha.Surve\.m2\repository\com\fasterxml\classmate\1.7.0\classmate-1.7.0.jar;C:\Users\Akanksha.Surve\.m2\repository\net\bytebuddy\byte-buddy\1.17.6\byte-buddy-1.17.6.jar;C:\Users\Akanksha.Surve\.m2\repository\org\glassfish\jaxb\jaxb-runtime\4.0.5\jaxb-runtime-4.0.5.jar;C:\Users\Akanksha.Surve\.m2\repository\org\glassfish\jaxb\jaxb-core\4.0.5\jaxb-core-4.0.5.jar;C:\Users\Akanksha.Surve\.m2\repository\org\glassfish\jaxb\txw2\4.0.5\txw2-4.0.5.jar;C:\Users\Akanksha.Surve\.m2\repository\com\sun\istack\istack-commons-runtime\4.1.2\istack-commons-runtime-4.1.2.jar;C:\Users\Akanksha.Surve\.m2\repository\jakarta\inject\jakarta.inject-api\2.0.1\jakarta.inject-api-2.0.1.jar;C:\Users\Akanksha.Surve\.m2\repository\org\antlr\antlr4-runtime\4.13.0\antlr4-runtime-4.13.0.jar;C:\Users\Akanksha.Surve\.m2\repository\org\springframework\data\spring-data-jpa\3.5.1\spring-data-jpa-3.5.1.jar;C:\Users\Akanksha.Surve\.m2\repository\org\springframework\data\spring-data-commons\3.5.1\spring-data-commons-3.5.1.jar;C:\Users\Akanksha.Surve\.m2\repository\org\springframework\spring-orm\6.2.8\spring-orm-6.2.8.jar;C:\Users\Akanksha.Surve\.m2\repository\org\springframework\spring-tx\6.2.8\spring-tx-6.2.8.jar;C:\Users\Akanksha.Surve\.m2\repository\org\springframework\spring-aspects\6.2.8\spring-aspects-6.2.8.jar;C:\Users\Akanksha.Surve\.m2\repository\org\aspectj\aspectjweaver\1.9.24\aspectjweaver-1.9.24.jar;C:\Users\Akanksha.Surve\.m2\repository\org\springframework\boot\spring-boot-starter-logging\3.5.3\spring-boot-starter-logging-3.5.3.jar;C:\Users\Akanksha.Surve\.m2\repository\ch\qos\logback\logback-classic\1.5.18\logback-classic-1.5.18.jar;C:\Users\Akanksha.Surve\.m2\repository\ch\qos\logback\logback-core\1.5.18\logback-core-1.5.18.jar;C:\Users\Akanksha.Surve\.m2\repository\org\apache\logging\log4j\log4j-to-slf4j\2.24.3\log4j-to-slf4j-2.24.3.jar;C:\Users\Akanksha.Surve\.m2\repository\org\slf4j\jul-to-slf4j\2.0.17\jul-to-slf4j-2.0.17.jar;C:\Users\Akanksha.Surve\.m2\repository\org\springframework\boot\spring-boot-starter-validation\3.5.3\spring-boot-starter-validation-3.5.3.jar;C:\Users\Akanksha.Surve\.m2\repository\org\apache\tomcat\embed\tomcat-embed-el\10.1.42\tomcat-embed-el-10.1.42.jar;C:\Users\Akanksha.Surve\.m2\repository\org\hibernate\validator\hibernate-validator\8.0.2.Final\hibernate-validator-8.0.2.Final.jar;C:\Users\Akanksha.Surve\.m2\repository\jakarta\validation\jakarta.validation-api\3.0.2\jakarta.validation-api-3.0.2.jar;C:\Users\Akanksha.Surve\.m2\repository\org\flywaydb\flyway-core\11.7.2\flyway-core-11.7.2.jar;C:\Users\Akanksha.Surve\.m2\repository\com\fasterxml\jackson\dataformat\jackson-dataformat-toml\2.19.1\jackson-dataformat-toml-2.19.1.jar;C:\Users\Akanksha.Surve\.m2\repository\com\fasterxml\jackson\core\jackson-core\2.19.1\jackson-core-2.19.1.jar;C:\Users\Akanksha.Surve\.m2\repository\com\fasterxml\jackson\datatype\jackson-datatype-jsr310\2.19.1\jackson-datatype-jsr310-2.19.1.jar;C:\Users\Akanksha.Surve\.m2\repository\com\fasterxml\jackson\core\jackson-annotations\2.19.1\jackson-annotations-2.19.1.jar;C:\Users\Akanksha.Surve\.m2\repository\org\flywaydb\flyway-database-postgresql\11.7.2\flyway-database-postgresql-11.7.2.jar;C:\Users\Akanksha.Surve\.m2\repository\org\springframework\boot\spring-boot-starter-tomcat\3.5.3\spring-boot-starter-tomcat-3.5.3.jar;C:\Users\Akanksha.Surve\.m2\repository\jakarta\annotation\jakarta.annotation-api\2.1.1\jakarta.annotation-api-2.1.1.jar;C:\Users\Akanksha.Surve\.m2\repository\org\apache\tomcat\embed\tomcat-embed-core\10.1.42\tomcat-embed-core-10.1.42.jar;C:\Users\Akanksha.Surve\.m2\repository\org\apache\tomcat\embed\tomcat-embed-websocket\10.1.42\tomcat-embed-websocket-10.1.42.jar;C:\Users\Akanksha.Surve\git\NewMaharecuitrment\maharecruitment-common\target\classes;C:\Users\Akanksha.Surve\git\NewMaharecuitrment\maharecruitment-attendance\target\classes;C:\Users\Akanksha.Surve\git\NewMaharecuitrment\maharecruitment-scheduler\target\classes;C:\Users\Akanksha.Surve\git\NewMaharecuitrment\maharecruitment-security\target\classes;C:\Users\Akanksha.Surve\git\NewMaharecuitrment\maharecruitment-auth\target\classes;C:\Users\Akanksha.Surve\git\NewMaharecuitrment\maharecruitment-agency\target\classes;C:\Users\Akanksha.Surve\git\NewMaharecuitrment\maharecruitment-master\target\classes;C:\Users\Akanksha.Surve\git\NewMaharecuitrment\maharecruitment-department\target\classes;C:\Users\Akanksha.Surve\git\NewMaharecuitrment\maharecruitment-invoice\target\classes;C:\Users\Akanksha.Surve\git\NewMaharecuitrment\maharecruitment-recruitment\target\classes;C:\Users\Akanksha.Surve\git\NewMaharecuitrment\maharecruitment-notification\target\classes;C:\Users\Akanksha.Surve\git\NewMaharecuitrment\maharecruitment-workorder\target\classes;C:\Users\Akanksha.Surve\git\NewMaharecuitrment\maharecruitment-audit\target\classes;C:\Users\Akanksha.Surve\.m2\repository\com\google\zxing\core\3.5.4\core-3.5.4.jar;C:\Users\Akanksha.Surve\.m2\repository\com\google\zxing\javase\3.5.4\javase-3.5.4.jar;C:\Users\Akanksha.Surve\.m2\repository\org\jcommander\jcommander\1.85\jcommander-1.85.jar;C:\Users\Akanksha.Surve\.m2\repository\com\github\jai-imageio\jai-imageio-core\1.4.0\jai-imageio-core-1.4.0.jar;C:\Users\Akanksha.Surve\.m2\repository\org\thymeleaf\extras\thymeleaf-extras-springsecurity6\3.1.3.RELEASE\thymeleaf-extras-springsecurity6-3.1.3.RELEASE.jar;C:\Users\Akanksha.Surve\.m2\repository\org\slf4j\slf4j-api\2.0.17\slf4j-api-2.0.17.jar;C:\Users\Akanksha.Surve\.m2\repository\org\springframework\boot\spring-boot-devtools\3.5.3\spring-boot-devtools-3.5.3.jar;C:\Users\Akanksha.Surve\.m2\repository\org\springframework\boot\spring-boot\3.5.3\spring-boot-3.5.3.jar;C:\Users\Akanksha.Surve\.m2\repository\org\springframework\boot\spring-boot-autoconfigure\3.5.3\spring-boot-autoconfigure-3.5.3.jar;C:\Users\Akanksha.Surve\.m2\repository\org\postgresql\postgresql\42.7.7\postgresql-42.7.7.jar;C:\Users\Akanksha.Surve\.m2\repository\org\checkerframework\checker-qual\3.49.3\checker-qual-3.49.3.jar;C:\Users\Akanksha.Surve\.m2\repository\org\projectlombok\lombok\1.18.38\lombok-1.18.38.jar;C:\Users\Akanksha.Surve\.m2\repository\jakarta\xml\bind\jakarta.xml.bind-api\4.0.2\jakarta.xml.bind-api-4.0.2.jar;C:\Users\Akanksha.Surve\.m2\repository\jakarta\activation\jakarta.activation-api\2.1.3\jakarta.activation-api-2.1.3.jar;C:\Users\Akanksha.Surve\.m2\repository\org\springframework\spring-core\6.2.8\spring-core-6.2.8.jar;C:\Users\Akanksha.Surve\.m2\repository\org\springframework\spring-jcl\6.2.8\spring-jcl-6.2.8.jar;C:\Users\Akanksha.Surve\.m2\repository\org\springframework\security\spring-security-core\6.5.1\spring-security-core-6.5.1.jar;C:\Users\Akanksha.Surve\.m2\repository\org\springframework\security\spring-security-crypto\6.5.1\spring-security-crypto-6.5.1.jar;C:\Users\Akanksha.Surve\.m2\repository\org\springframework\boot\spring-boot-starter-mail\3.5.3\spring-boot-starter-mail-3.5.3.jar;C:\Users\Akanksha.Surve\.m2\repository\org\springframework\spring-context-support\6.2.8\spring-context-support-6.2.8.jar;C:\Users\Akanksha.Surve\.m2\repository\org\eclipse\angus\jakarta.mail\2.0.3\jakarta.mail-2.0.3.jar;C:\Users\Akanksha.Surve\.m2\repository\org\eclipse\angus\angus-activation\2.0.2\angus-activation-2.0.2.jar;C:\Users\Akanksha.Surve\.m2\repository\org\apache\poi\poi-ooxml\5.2.3\poi-ooxml-5.2.3.jar;C:\Users\Akanksha.Surve\.m2\repository\org\apache\poi\poi\5.2.3\poi-5.2.3.jar;C:\Users\Akanksha.Surve\.m2\repository\commons-codec\commons-codec\1.18.0\commons-codec-1.18.0.jar;C:\Users\Akanksha.Surve\.m2\repository\org\apache\commons\commons-math3\3.6.1\commons-math3-3.6.1.jar;C:\Users\Akanksha.Surve\.m2\repository\com\zaxxer\SparseBitSet\1.2\SparseBitSet-1.2.jar;C:\Users\Akanksha.Surve\.m2\repository\org\apache\poi\poi-ooxml-lite\5.2.3\poi-ooxml-lite-5.2.3.jar;C:\Users\Akanksha.Surve\.m2\repository\org\apache\xmlbeans\xmlbeans\5.1.1\xmlbeans-5.1.1.jar;C:\Users\Akanksha.Surve\.m2\repository\org\apache\commons\commons-compress\1.21\commons-compress-1.21.jar;C:\Users\Akanksha.Surve\.m2\repository\commons-io\commons-io\2.11.0\commons-io-2.11.0.jar;C:\Users\Akanksha.Surve\.m2\repository\com\github\virtuald\curvesapi\1.07\curvesapi-1.07.jar;C:\Users\Akanksha.Surve\.m2\repository\org\apache\logging\log4j\log4j-api\2.24.3\log4j-api-2.24.3.jar;C:\Users\Akanksha.Surve\.m2\repository\org\apache\commons\commons-collections4\4.4\commons-collections4-4.4.jar;C:\Users\Akanksha.Surve\.m2\repository\cn\apiclub\tool\simplecaptcha\1.2.2\simplecaptcha-1.2.2.jar;C:\Users\Akanksha.Surve\.m2\repository\org\mapstruct\mapstruct\1.5.2.Final\mapstruct-1.5.2.Final.jar;C:\Users\Akanksha.Surve\.m2\repository\org\mapstruct\mapstruct-processor\1.5.2.Final\mapstruct-processor-1.5.2.Final.jar
Launcher Type: SUN_STANDARD

[Global flags]
     intx CICompilerCount                          = 12                                        {product} {ergonomic}
     uint ConcGCThreads                            = 3                                         {product} {ergonomic}
     uint G1ConcRefinementThreads                  = 13                                        {product} {ergonomic}
   size_t G1HeapRegionSize                         = 4194304                                   {product} {ergonomic}
    uintx GCDrainStackTargetSize                   = 64                                        {product} {ergonomic}
   size_t InitialHeapSize                          = 532676608                                 {product} {ergonomic}
     bool ManagementServer                         = true                                      {product} {command line}
   size_t MarkStackSize                            = 4194304                                   {product} {ergonomic}
   size_t MaxHeapSize                              = 8510242816                                {product} {ergonomic}
   size_t MaxNewSize                               = 5104467968                                {product} {ergonomic}
   size_t MinHeapDeltaBytes                        = 4194304                                   {product} {ergonomic}
   size_t MinHeapSize                              = 8388608                                   {product} {ergonomic}
    uintx NonNMethodCodeHeapSize                   = 4096                                   {pd product} {ergonomic}
    uintx NonProfiledCodeHeapSize                  = 0                                      {pd product} {ergonomic}
     bool ProfileInterpreter                       = false                                  {pd product} {command line}
    uintx ProfiledCodeHeapSize                     = 0                                      {pd product} {ergonomic}
     bool ShowCodeDetailsInExceptionMessages       = true                                   {manageable} {command line}
   size_t SoftMaxHeapSize                          = 8510242816                             {manageable} {ergonomic}
     intx TieredStopAtLevel                        = 1                                         {product} {command line}
     bool UseCompressedOops                        = true                           {product lp64_product} {ergonomic}
     bool UseG1GC                                  = true                                      {product} {ergonomic}
     bool UseLargePagesIndividualAllocation        = false                                  {pd product} {ergonomic}

Logging:
Log output configuration:
 #0: stdout all=warning uptime,level,tags foldmultilines=false
 #1: stderr all=off uptime,level,tags foldmultilines=false

Environment Variables:
PATH=D:/sts-4.29.1.RELEASE//plugins/org.eclipse.justj.openjdk.hotspot.jre.full.win32.x86_64_21.0.6.v20250130-0529/jre/bin/server;D:/sts-4.29.1.RELEASE//plugins/org.eclipse.justj.openjdk.hotspot.jre.full.win32.x86_64_21.0.6.v20250130-0529/jre/bin;C:\Program Files\Common Files\Oracle\Java\javapath;C:\Program Files (x86)\Common Files\Oracle\Java\javapath;C:\WINDOWS\system32;C:\WINDOWS;C:\WINDOWS\System32\Wbem;C:\WINDOWS\System32\WindowsPowerShell\v1.0\;C:\WINDOWS\System32\OpenSSH\;C:\Program Files\PuTTY\;C:\Program Files\nodejs\;C:\Users\Akanksha.Surve\AppData\Local\Microsoft\WindowsApps;C:\Users\Akanksha.Surve\AppData\Roaming\npm;C:\Users\Akanksha.Surve\AppData\Local\Programs\Git\cmd;C:\Users\Akanksha.Surve\AppData\Local\Programs\Antigravity\bin;D:\sts-4.29.1.RELEASE;
USERNAME=Akanksha.Surve
OS=Windows_NT
PROCESSOR_IDENTIFIER=Intel64 Family 6 Model 191 Stepping 2, GenuineIntel
TMP=C:\Users\AKANKS~1.SUR\AppData\Local\Temp
TEMP=C:\Users\AKANKS~1.SUR\AppData\Local\Temp




Periodic native trim disabled

---------------  S Y S T E M  ---------------

OS:
 Windows 11 , 64 bit Build 26100 (10.0.26100.7019)
OS uptime: 0 days 18:29 hours
Hyper-V role detected

CPU: total 16 (initial active 16) (8 cores per cpu, 2 threads per core) family 6 model 191 stepping 2 microcode 0x3a, cx8, cmov, fxsr, ht, mmx, 3dnowpref, sse, sse2, sse3, ssse3, sse4.1, sse4.2, popcnt, lzcnt, tsc, tscinvbit, avx, avx2, aes, erms, clmul, bmi1, bmi2, adx, sha, fma, vzeroupper, clflush, clflushopt, clwb, hv, serialize, rdtscp, rdpid, fsrm, f16c, cet_ibt, cet_ss
Processor Information for the first 16 processors :
  Max Mhz: 2500, Current Mhz: 2500, Mhz Limit: 2500

Memory: 4k page, system-wide physical 32454M (15036M free)
TotalPageFile size 34502M (AvailPageFile size 12485M)
current process WorkingSet (physical memory assigned to process): 653M, peak: 658M
current process commit charge ("private bytes"): 702M, peak: 703M

vm_info: OpenJDK 64-Bit Server VM (21.0.6+7-LTS) for windows-amd64 JRE (21.0.6+7-LTS), built on 2025-01-21T00:00:00Z by "admin" with MS VC++ 17.7 (VS2022)

END.
