#
# A fatal error has been detected by the Java Runtime Environment:
#
#  EXCEPTION_ACCESS_VIOLATION (0xc0000005) at pc=0x00007ffd02cd2f77, pid=23048, tid=2552
#
# JRE version: OpenJDK Runtime Environment Temurin-21.0.6+7 (21.0.6+7) (build 21.0.6+7-LTS)
# Java VM: OpenJDK 64-Bit Server VM Temurin-21.0.6+7 (21.0.6+7-LTS, mixed mode, emulated-client, sharing, tiered, compressed oops, compressed class ptrs, g1 gc, windows-amd64)
# Problematic frame:
# V  [jvm.dll+0x682f77]
#
# No core dump will be written. Minidumps are not enabled by default on client versions of Windows
#
# If you would like to submit a bug report, please visit:
#   https://github.com/adoptium/adoptium-support/issues
#

---------------  S U M M A R Y ------------

Command Line: -Dcom.sun.management.jmxremote -Dcom.sun.management.jmxremote.port=49489 -Dcom.sun.management.jmxremote.authenticate=false -Dcom.sun.management.jmxremote.ssl=false -Djava.rmi.server.hostname=localhost -Dspring.jmx.enabled=true -Dmanagement.endpoints.jmx.exposure.include=* -Dspring.application.admin.enabled=true -Dspring.output.ansi.enabled=always -XX:TieredStopAtLevel=1 -Dspring.boot.project.name=maharecruitment-web -Dfile.encoding=UTF-8 -Dstdout.encoding=UTF-8 -Dstderr.encoding=UTF-8 -XX:+ShowCodeDetailsInExceptionMessages com.maharecruitment.gov.in.web.MaharecruitmentParentApplication

Host: Intel(R) Core(TM) i5-14400, 16 cores, 31G,  Windows 11 , 64 bit Build 26100 (10.0.26100.7019)
Time: Wed May  6 14:52:11 2026 India Standard Time elapsed time: 2319.600158 seconds (0d 0h 38m 39s)

---------------  T H R E A D  ---------------

Current thread (0x00000210996ace20):  WorkerThread "GC Thread#6"    [id=2552, stack(0x0000009dae000000,0x0000009dae100000) (1024K)]

Stack: [0x0000009dae000000,0x0000009dae100000],  sp=0x0000009dae0ff620,  free space=1021k
Native frames: (J=compiled Java code, j=interpreted, Vv=VM code, C=native code)
V  [jvm.dll+0x682f77]
V  [jvm.dll+0x3bf97d]
V  [jvm.dll+0x6db0c2]
V  [jvm.dll+0x359262]
V  [jvm.dll+0x8d62a7]
V  [jvm.dll+0x851f8b]
V  [jvm.dll+0x6cc5ed]
C  [ucrtbase.dll+0x37b0]
C  [KERNEL32.DLL+0x2e8d7]
C  [ntdll.dll+0x8c53c]


siginfo: EXCEPTION_ACCESS_VIOLATION (0xc0000005), reading address 0xffffffffffffffff


Registers:
RAX=0x0000000000000070, RBX=0x00000210996b90c0, RCX=0x0002000000000000, RDX=0x0000000000000000
RSP=0x0000009dae0ff620, RBP=0x0000000000000015, RSI=0x0002000000000000, RDI=0x0002000000000000
R8 =0x0000000000000004, R9 =0x0000021044a50740, R10=0x0000021044a50718, R11=0x0000009dae0ff6e0
R12=0x0000000000000030, R13=0x0000000000000000, R14=0x0000000000000000, R15=0x00000000000003d8
RIP=0x00007ffd02cd2f77, EFLAGS=0x0000000000010202

XMM[0]=0x00000210996ace00 0x0000000000000001
XMM[1]=0x000002103d5af310 0x0000000000000000
XMM[2]=0x0000000000000000 0x0000000000000000
XMM[3]=0x0000000000000000 0x0000000000000000
XMM[4]=0x0000000000000000 0x0000000000000000
XMM[5]=0x0000000000000000 0x0000000000000000
XMM[6]=0x0000000000000000 0x0000000000000000
XMM[7]=0x0000000000000000 0x0000000000000000
XMM[8]=0x0000000000000000 0x0000000000000000
XMM[9]=0x0000000000000000 0x0000000000000000
XMM[10]=0x0000000000000000 0x0000000000000000
XMM[11]=0x0000000000000000 0x0000000000000000
XMM[12]=0x0000000000000000 0x0000000000000000
XMM[13]=0x0000000000000000 0x0000000000000000
XMM[14]=0x0000000000000000 0x0000000000000000
XMM[15]=0x0000000000000000 0x0000000000000000
  MXCSR=0x00001fa0


Register to memory mapping:

RAX=0x0000000000000070 is an unknown value
RBX=0x00000210996b90c0 points into unknown readable memory: 0x0000000000000000 | 00 00 00 00 00 00 00 00
RCX=0x0002000000000000 is an unknown value
RDX=0x0 is null
RSP=0x0000009dae0ff620 points into unknown readable memory: 0x000002103d5af310 | 10 f3 5a 3d 10 02 00 00
RBP=0x0000000000000015 is an unknown value
RSI=0x0002000000000000 is an unknown value
RDI=0x0002000000000000 is an unknown value
R8 =0x0000000000000004 is an unknown value
R9 =0x0000021044a50740 is at entry_point+32 in (nmethod*)0x0000021044a50590
Compiled method (c1) 2319631 17317       1       org.hibernate.engine.internal.AbstractEntityEntry::setLockMode (9 bytes)
 total in heap  [0x0000021044a50590,0x0000021044a50928] = 920
 relocation     [0x0000021044a506f0,0x0000021044a50720] = 48
 main code      [0x0000021044a50720,0x0000021044a50810] = 240
 stub code      [0x0000021044a50810,0x0000021044a50848] = 56
 oops           [0x0000021044a50848,0x0000021044a50858] = 16
 metadata       [0x0000021044a50858,0x0000021044a50880] = 40
 scopes data    [0x0000021044a50880,0x0000021044a508c8] = 72
 scopes pcs     [0x0000021044a508c8,0x0000021044a50908] = 64
 dependencies   [0x0000021044a50908,0x0000021044a50910] = 8
 nul chk table  [0x0000021044a50910,0x0000021044a50928] = 24
R10=0x0000021044a50718 is at entry_point+-8 in (nmethod*)0x0000021044a50590
Compiled method (c1) 2319631 17317       1       org.hibernate.engine.internal.AbstractEntityEntry::setLockMode (9 bytes)
 total in heap  [0x0000021044a50590,0x0000021044a50928] = 920
 relocation     [0x0000021044a506f0,0x0000021044a50720] = 48
 main code      [0x0000021044a50720,0x0000021044a50810] = 240
 stub code      [0x0000021044a50810,0x0000021044a50848] = 56
 oops           [0x0000021044a50848,0x0000021044a50858] = 16
 metadata       [0x0000021044a50858,0x0000021044a50880] = 40
 scopes data    [0x0000021044a50880,0x0000021044a508c8] = 72
 scopes pcs     [0x0000021044a508c8,0x0000021044a50908] = 64
 dependencies   [0x0000021044a50908,0x0000021044a50910] = 8
 nul chk table  [0x0000021044a50910,0x0000021044a50928] = 24
R11=0x0000009dae0ff6e0 points into unknown readable memory: 0x0000009dacbfec00 | 00 ec bf ac 9d 00 00 00
R12=0x0000000000000030 is an unknown value
R13=0x0 is null
R14=0x0 is null
R15=0x00000000000003d8 is an unknown value

Top of Stack: (sp=0x0000009dae0ff620)
0x0000009dae0ff620:   000002103d5af310 0000000000000001
0x0000009dae0ff630:   00000210996ace00 0000009dacbfebe0
0x0000009dae0ff640:   0000000000000001 00007ffd02871663
0x0000009dae0ff650:   00000000000003d8 00000000000000a8
0x0000009dae0ff660:   0000000000000000 0000000000000030
0x0000009dae0ff670:   0002000000000000 00007ffd02a0f97d
0x0000009dae0ff680:   0000021044a44e90 0000000000000000
0x0000009dae0ff690:   0000000000000015 0000021055238638
0x0000009dae0ff6a0:   0000021053bdcf28 0000000000000000
0x0000009dae0ff6b0:   00000210996ec0a0 0000021053bdcb40
0x0000009dae0ff6c0:   0000021053bdcb50 00007ffd02d2b0c2
0x0000009dae0ff6d0:   00004da5242b1a93 0000000000000001
0x0000009dae0ff6e0:   0000009dacbfec00 00000210994a0fd0
0x0000009dae0ff6f0:   0000000000000070 00000210994a0fd0
0x0000009dae0ff700:   0000000000000004 00007ffd029a9262
0x0000009dae0ff710:   0000009dacbfebc0 00000210996ace20
0x0000009dae0ff720:   0000000000000004 0000000000000004
0x0000009dae0ff730:   00000210996b90c0 00007ffd02f262a7
0x0000009dae0ff740:   000002103faf86c8 00000210996ace20
0x0000009dae0ff750:   0000000000000004 00000210996b90c0
0x0000009dae0ff760:   0000000000000000 00000210996ace20
0x0000009dae0ff770:   0000000000000000 0000000000100000
0x0000009dae0ff780:   0000000000000000 00007ffd02ea1f8b
0x0000009dae0ff790:   0000009dae000000 00000000ffffffff
0x0000009dae0ff7a0:   0000000000000000 0000000000000000
0x0000009dae0ff7b0:   0000000000000004 0000000000001000
0x0000009dae0ff7c0:   0000000400001000 0000000000020000
0x0000009dae0ff7d0:   0000000000000000 00007ffd633cc91b
0x0000009dae0ff7e0:   00000210996ace20 0000000000000000
0x0000009dae0ff7f0:   0000000000000000 00007ffd630674bf
0x0000009dae0ff800:   0000000000000000 00007ffd02d1c5ed
0x0000009dae0ff810:   0000000000000000 00000210996ace20 

Instructions: (pc=0x00007ffd02cd2f77)
0x00007ffd02cd2e77:   52 2c 00 48 8b 7c 24 50 4c 8b 64 24 58 48 8b 5c
0x00007ffd02cd2e87:   24 60 48 8b 6c 24 68 48 83 c4 30 41 5f 41 5e 5e
0x00007ffd02cd2e97:   c3 48 8b cb e8 b0 58 ac ff 0f b6 c0 4c 8d 0d 6e
0x00007ffd02cd2ea7:   56 3f 00 41 b8 73 05 00 00 89 44 24 20 48 8d 15
0x00007ffd02cd2eb7:   75 56 3f 00 b9 00 00 00 e0 e8 bb c5 bf ff cc 48
0x00007ffd02cd2ec7:   8b cb e8 82 58 ac ff 0f b6 c0 4c 8d 0d 40 56 3f
0x00007ffd02cd2ed7:   00 41 b8 f1 06 00 00 89 44 24 20 48 8d 15 47 56
0x00007ffd02cd2ee7:   3f 00 b9 00 00 00 e0 e8 8d c5 bf ff cc 48 8b cb
0x00007ffd02cd2ef7:   e8 54 58 ac ff 0f b6 c0 4c 8d 0d 12 56 3f 00 41
0x00007ffd02cd2f07:   b8 73 05 00 00 89 44 24 20 48 8d 15 19 56 3f 00
0x00007ffd02cd2f17:   b9 00 00 00 e0 e8 5f c5 bf ff cc cc cc cc cc cc
0x00007ffd02cd2f27:   cc cc cc cc cc cc cc cc cc 48 89 5c 24 10 48 89
0x00007ffd02cd2f37:   6c 24 18 48 89 74 24 20 57 41 54 41 55 41 56 41
0x00007ffd02cd2f47:   57 48 83 ec 30 65 48 8b 04 25 58 00 00 00 44 0f
0x00007ffd02cd2f57:   b6 f2 44 8b 05 88 b2 65 00 48 8b f1 4a 8b 1c c0
0x00007ffd02cd2f67:   b8 70 00 00 00 80 3c 18 00 75 05 e8 39 40 2c 00
0x00007ffd02cd2f77:   83 be 00 01 00 00 00 b8 20 00 00 00 48 8b 04 18
0x00007ffd02cd2f87:   48 8b a8 18 03 00 00 48 8b 7d 28 4c 8b 7d 10 4c
0x00007ffd02cd2f97:   8b 65 18 4c 8b 6d 20 48 89 7c 24 60 7e 65 48 8d
0x00007ffd02cd2fa7:   8e 08 01 00 00 e8 7f 0d 00 00 48 8b f8 48 85 c0
0x00007ffd02cd2fb7:   74 4c 0f 1f 80 00 00 00 00 48 8b 07 41 0f b6 d6
0x00007ffd02cd2fc7:   48 8b cf ff 90 80 00 00 00 8b 5f 08 48 8b cf 48
0x00007ffd02cd2fd7:   8b 07 2b de ff 10 8d 48 e0 8d 0c cb 3b 8e 00 01
0x00007ffd02cd2fe7:   00 00 7d 1a 48 63 c9 48 81 c1 08 01 00 00 48 03
0x00007ffd02cd2ff7:   ce e8 33 0d 00 00 48 8b f8 48 85 c0 75 bb 48 8b
0x00007ffd02cd3007:   7c 24 60 48 63 86 04 01 00 00 83 f8 fe 74 35 48
0x00007ffd02cd3017:   8d 88 08 01 00 00 48 03 ce e8 0b 0d 00 00 48 8b
0x00007ffd02cd3027:   c8 48 8b d8 48 8b 10 ff 52 68 33 c9 84 c0 48 0f
0x00007ffd02cd3037:   45 cb 48 85 c9 74 0d 48 8b 01 41 0f b6 d6 ff 90
0x00007ffd02cd3047:   80 00 00 00 48 8d 05 ee 58 3f 00 44 88 74 24 28
0x00007ffd02cd3057:   48 8d 54 24 20 48 89 44 24 20 48 8b ce e8 87 fc
0x00007ffd02cd3067:   ff ff 49 83 3f 00 74 13 48 8b d7 48 8b cd e8 c6 


Stack slot to memory mapping:

stack at sp + 0 slots: 0x000002103d5af310 points into unknown readable memory: 0x0000000300000001 | 01 00 00 00 03 00 00 00
stack at sp + 1 slots: 0x0000000000000001 is an unknown value
stack at sp + 2 slots: 0x00000210996ace00 points into unknown readable memory: 0x0000000000000000 | 00 00 00 00 00 00 00 00
stack at sp + 3 slots: 0x0000009dacbfebe0 points into unknown readable memory: 0x0000000a00000301 | 01 03 00 00 0a 00 00 00
stack at sp + 4 slots: 0x0000000000000001 is an unknown value
stack at sp + 5 slots: 0x00007ffd02871663 jvm.dll
stack at sp + 6 slots: 0x00000000000003d8 is an unknown value
stack at sp + 7 slots: 0x00000000000000a8 is an unknown value


---------------  P R O C E S S  ---------------

Threads class SMR info:
_java_thread_list=0x00000210a14c2510, length=42, elements={
0x0000021053a0bfd0, 0x0000021053a16cf0, 0x0000021053a1b090, 0x0000021053a1dea0,
0x0000021053a289b0, 0x0000021053a2eb50, 0x0000021053a30f60, 0x0000021053a2ca80,
0x0000021053a2d110, 0x0000021053a2d7a0, 0x0000021053a2ff00, 0x0000021053a2f870,
0x0000021053a2f1e0, 0x0000021099b7a140, 0x0000021099b7ae60, 0x0000021099b7b4f0,
0x0000021099b78700, 0x0000021099b79420, 0x0000021099b78d90, 0x0000021099b79ab0,
0x000002109b7c0450, 0x000002109b7c2520, 0x000002109b7c1170, 0x000002109b7bfdc0,
0x000002109b7c0ae0, 0x000002109b7c1800, 0x000002109b7bf730, 0x000002109b7c1e90,
0x000002109b7bf0a0, 0x000002109b7c2bb0, 0x000002109b7c4c80, 0x000002109b7c59a0,
0x000002109b7c6030, 0x000002109b7c3240, 0x000002109b7c3f60, 0x000002109b7c45f0,
0x000002109b7c38d0, 0x000002109b7c5310, 0x0000021099384ad0, 0x0000021099385160,
0x0000021099386510, 0x00000210993857f0
}

Java Threads: ( => current thread )
  0x0000021053a0bfd0 JavaThread "Reference Handler"          daemon [_thread_blocked, id=26196, stack(0x0000009dacc00000,0x0000009dacd00000) (1024K)]
  0x0000021053a16cf0 JavaThread "Finalizer"                  daemon [_thread_blocked, id=9832, stack(0x0000009dacd00000,0x0000009dace00000) (1024K)]
  0x0000021053a1b090 JavaThread "Signal Dispatcher"          daemon [_thread_blocked, id=23204, stack(0x0000009dace00000,0x0000009dacf00000) (1024K)]
  0x0000021053a1dea0 JavaThread "Attach Listener"            daemon [_thread_blocked, id=26172, stack(0x0000009dacf00000,0x0000009dad000000) (1024K)]
  0x0000021053a289b0 JavaThread "Service Thread"             daemon [_thread_blocked, id=25420, stack(0x0000009dad000000,0x0000009dad100000) (1024K)]
  0x0000021053a2eb50 JavaThread "Monitor Deflation Thread"   daemon [_thread_blocked, id=12020, stack(0x0000009dad100000,0x0000009dad200000) (1024K)]
  0x0000021053a30f60 JavaThread "C1 CompilerThread0"         daemon [_thread_blocked, id=2652, stack(0x0000009dad200000,0x0000009dad300000) (1024K)]
  0x0000021053a2ca80 JavaThread "Common-Cleaner"             daemon [_thread_blocked, id=25440, stack(0x0000009dad400000,0x0000009dad500000) (1024K)]
  0x0000021053a2d110 JavaThread "Notification Thread"        daemon [_thread_blocked, id=17852, stack(0x0000009dad700000,0x0000009dad800000) (1024K)]
  0x0000021053a2d7a0 JavaThread "RMI TCP Accept-0"           daemon [_thread_in_native, id=26296, stack(0x0000009dad800000,0x0000009dad900000) (1024K)]
  0x0000021053a2ff00 JavaThread "RMI TCP Accept-49489"       daemon [_thread_in_native, id=23440, stack(0x0000009dad900000,0x0000009dada00000) (1024K)]
  0x0000021053a2f870 JavaThread "RMI TCP Accept-0"           daemon [_thread_in_native, id=19304, stack(0x0000009dada00000,0x0000009dadb00000) (1024K)]
  0x0000021053a2f1e0 JavaThread "RMI Scheduler(0)"           daemon [_thread_blocked, id=21684, stack(0x0000009dae700000,0x0000009dae800000) (1024K)]
  0x0000021099b7a140 JavaThread "JMX server connection timeout 47" daemon [_thread_blocked, id=20068, stack(0x0000009dae900000,0x0000009daea00000) (1024K)]
  0x0000021099b7ae60 JavaThread "logback-1"                  daemon [_thread_blocked, id=5312, stack(0x0000009daec00000,0x0000009daed00000) (1024K)]
  0x0000021099b7b4f0 JavaThread "AsyncAppender-Worker-ASYNC_FILE" daemon [_thread_blocked, id=22052, stack(0x0000009daf300000,0x0000009daf400000) (1024K)]
  0x0000021099b78700 JavaThread "Catalina-utility-1"                [_thread_blocked, id=23988, stack(0x0000009daf400000,0x0000009daf500000) (1024K)]
  0x0000021099b79420 JavaThread "Catalina-utility-2"                [_thread_blocked, id=25508, stack(0x0000009daf500000,0x0000009daf600000) (1024K)]
  0x0000021099b78d90 JavaThread "container-0"                       [_thread_blocked, id=25496, stack(0x0000009daf600000,0x0000009daf700000) (1024K)]
  0x0000021099b79ab0 JavaThread "PostgreSQL-JDBC-Cleaner"    daemon [_thread_blocked, id=5012, stack(0x0000009daf800000,0x0000009daf900000) (1024K)]
  0x000002109b7c0450 JavaThread "HikariPool-1:housekeeper"   daemon [_thread_blocked, id=20956, stack(0x0000009daf900000,0x0000009dafa00000) (1024K)]
  0x000002109b7c2520 JavaThread "HttpClient-1-SelectorManager" daemon [_thread_in_native, id=19472, stack(0x0000009dafa00000,0x0000009dafb00000) (1024K)]
  0x000002109b7c1170 JavaThread "File Watcher"               daemon [_thread_blocked, id=3500, stack(0x0000009dafe00000,0x0000009daff00000) (1024K)]
  0x000002109b7bfdc0 JavaThread "Live Reload Server"         daemon [_thread_in_native, id=9816, stack(0x0000009db0000000,0x0000009db0100000) (1024K)]
  0x000002109b7c0ae0 JavaThread "http-nio-8777-exec-1"       daemon [_thread_blocked, id=11144, stack(0x0000009daff00000,0x0000009db0000000) (1024K)]
  0x000002109b7c1800 JavaThread "http-nio-8777-exec-2"       daemon [_thread_blocked, id=26092, stack(0x0000009db0100000,0x0000009db0200000) (1024K)]
  0x000002109b7bf730 JavaThread "http-nio-8777-exec-3"       daemon [_thread_blocked, id=25692, stack(0x0000009db0200000,0x0000009db0300000) (1024K)]
  0x000002109b7c1e90 JavaThread "http-nio-8777-exec-4"       daemon [_thread_blocked, id=25144, stack(0x0000009db0300000,0x0000009db0400000) (1024K)]
  0x000002109b7bf0a0 JavaThread "http-nio-8777-exec-5"       daemon [_thread_blocked, id=16396, stack(0x0000009db0400000,0x0000009db0500000) (1024K)]
  0x000002109b7c2bb0 JavaThread "http-nio-8777-exec-6"       daemon [_thread_blocked, id=18112, stack(0x0000009db0500000,0x0000009db0600000) (1024K)]
  0x000002109b7c4c80 JavaThread "http-nio-8777-exec-7"       daemon [_thread_blocked, id=18088, stack(0x0000009db0600000,0x0000009db0700000) (1024K)]
  0x000002109b7c59a0 JavaThread "http-nio-8777-exec-8"       daemon [_thread_blocked, id=23896, stack(0x0000009db0700000,0x0000009db0800000) (1024K)]
  0x000002109b7c6030 JavaThread "http-nio-8777-exec-9"       daemon [_thread_blocked, id=23096, stack(0x0000009db0800000,0x0000009db0900000) (1024K)]
  0x000002109b7c3240 JavaThread "http-nio-8777-exec-10"      daemon [_thread_blocked, id=21268, stack(0x0000009db0900000,0x0000009db0a00000) (1024K)]
  0x000002109b7c3f60 JavaThread "http-nio-8777-Poller"       daemon [_thread_in_native, id=12008, stack(0x0000009db0a00000,0x0000009db0b00000) (1024K)]
  0x000002109b7c45f0 JavaThread "http-nio-8777-Acceptor"     daemon [_thread_in_native, id=5844, stack(0x0000009db0b00000,0x0000009db0c00000) (1024K)]
  0x000002109b7c38d0 JavaThread "scheduling-1"                      [_thread_blocked, id=17584, stack(0x0000009db0c00000,0x0000009db0d00000) (1024K)]
  0x000002109b7c5310 JavaThread "DestroyJavaVM"                     [_thread_blocked, id=24760, stack(0x0000009dac400000,0x0000009dac500000) (1024K)]
  0x0000021099384ad0 JavaThread "RMI TCP Connection(idle)"   daemon [_thread_blocked, id=5988, stack(0x0000009db1300000,0x0000009db1400000) (1024K)]
  0x0000021099385160 JavaThread "logback-2"                  daemon [_thread_blocked, id=21944, stack(0x0000009daed00000,0x0000009daee00000) (1024K)]
  0x0000021099386510 JavaThread "logback-3"                  daemon [_thread_blocked, id=24032, stack(0x0000009dac100000,0x0000009dac200000) (1024K)]
  0x00000210993857f0 JavaThread "logback-4"                  daemon [_thread_blocked, id=23064, stack(0x0000009dae600000,0x0000009dae700000) (1024K)]
Total: 42

Other Threads:
  0x00000210539f6c50 VMThread "VM Thread"                           [id=24836, stack(0x0000009dacb00000,0x0000009dacc00000) (1024K)]
  0x0000021050c0d5e0 WatcherThread "VM Periodic Task Thread"        [id=25248, stack(0x0000009daca00000,0x0000009dacb00000) (1024K)]
  0x000002103fb87490 WorkerThread "GC Thread#0"                     [id=16228, stack(0x0000009dac500000,0x0000009dac600000) (1024K)]
  0x00000210996e75f0 WorkerThread "GC Thread#1"                     [id=25084, stack(0x0000009dadb00000,0x0000009dadc00000) (1024K)]
  0x00000210996abfa0 WorkerThread "GC Thread#2"                     [id=22876, stack(0x0000009dadc00000,0x0000009dadd00000) (1024K)]
  0x00000210996ac340 WorkerThread "GC Thread#3"                     [id=18380, stack(0x0000009dadd00000,0x0000009dade00000) (1024K)]
  0x00000210996ac6e0 WorkerThread "GC Thread#4"                     [id=15988, stack(0x0000009dade00000,0x0000009dadf00000) (1024K)]
  0x00000210996aca80 WorkerThread "GC Thread#5"                     [id=18008, stack(0x0000009dadf00000,0x0000009dae000000) (1024K)]
=>0x00000210996ace20 WorkerThread "GC Thread#6"                     [id=2552, stack(0x0000009dae000000,0x0000009dae100000) (1024K)]
  0x00000210996ad1c0 WorkerThread "GC Thread#7"                     [id=25180, stack(0x0000009dae100000,0x0000009dae200000) (1024K)]
  0x00000210996ad560 WorkerThread "GC Thread#8"                     [id=23720, stack(0x0000009dae200000,0x0000009dae300000) (1024K)]
  0x00000210996ffc90 WorkerThread "GC Thread#9"                     [id=25036, stack(0x0000009dae300000,0x0000009dae400000) (1024K)]
  0x0000021099700030 WorkerThread "GC Thread#10"                    [id=5252, stack(0x0000009dae400000,0x0000009dae500000) (1024K)]
  0x00000210997043f0 WorkerThread "GC Thread#11"                    [id=8388, stack(0x0000009dae500000,0x0000009dae600000) (1024K)]
  0x0000021099ca4930 WorkerThread "GC Thread#12"                    [id=23040, stack(0x0000009daf000000,0x0000009daf100000) (1024K)]
  0x000002103fb8c6c0 ConcurrentGCThread "G1 Main Marker"            [id=25000, stack(0x0000009dac600000,0x0000009dac700000) (1024K)]
  0x000002103fb8e6f0 WorkerThread "G1 Conc#0"                       [id=26052, stack(0x0000009dac700000,0x0000009dac800000) (1024K)]
  0x0000021099e68570 WorkerThread "G1 Conc#1"                       [id=21080, stack(0x0000009daf100000,0x0000009daf200000) (1024K)]
  0x0000021099e67e30 WorkerThread "G1 Conc#2"                       [id=23924, stack(0x0000009daf200000,0x0000009daf300000) (1024K)]
  0x0000021050adefc0 ConcurrentGCThread "G1 Refine#0"               [id=22996, stack(0x0000009dac800000,0x0000009dac900000) (1024K)]
  0x0000021050adfa40 ConcurrentGCThread "G1 Service"                [id=8612, stack(0x0000009dac900000,0x0000009daca00000) (1024K)]
Total: 21

Threads with active compile tasks:
Total: 0

VM state: at safepoint (normal execution)

VM Mutex/Monitor currently owned by a thread:  ([mutex/lock_event])
[0x00007ffd032fe380] Threads_lock - owner thread: 0x00000210539f6c50
[0x00007ffd032fe480] Heap_lock - owner thread: 0x000002103fb8c6c0

Heap address: 0x0000000604c00000, size: 8116 MB, Compressed Oops mode: Zero based, Oop shift amount: 3

CDS archive(s) mapped at: [0x0000021054000000-0x0000021054c80000-0x0000021054c80000), size 13107200, SharedBaseAddress: 0x0000021054000000, ArchiveRelocationMode: 1.
Compressed class space mapped at: 0x0000021055000000-0x0000021095000000, reserved size: 1073741824
Narrow klass base: 0x0000021054000000, Narrow klass shift: 0, Narrow klass range: 0x100000000

GC Precious Log:
 CardTable entry size: 512
 Card Set container configuration: InlinePtr #cards 4 size 8 Array Of Cards #cards 32 size 80 Howl #buckets 8 coarsen threshold 7372 Howl Bitmap #cards 1024 size 144 coarsen threshold 921 Card regions per heap region 1 cards per card region 8192
 CPUs: 16 total, 16 available
 Memory: 32454M
 Large Page Support: Disabled
 NUMA Support: Disabled
 Compressed Oops: Enabled (Zero based)
 Heap Region Size: 4M
 Heap Min Capacity: 8M
 Heap Initial Capacity: 508M
 Heap Max Capacity: 8116M
 Pre-touch: Disabled
 Parallel Workers: 13
 Concurrent Workers: 3
 Concurrent Refinement Workers: 13
 Periodic GC: Disabled

Heap:
 garbage-first heap   total 327680K, used 91905K [0x0000000604c00000, 0x0000000800000000)
  region size 4096K, 2 young (8192K), 1 survivors (4096K)
 Metaspace       used 106160K, committed 107776K, reserved 1179648K
  class space    used 14812K, committed 15552K, reserved 1048576K

Heap Regions: E=young(eden), S=young(survivor), O=old, HS=humongous(starts), HC=humongous(continues), CS=collection set, F=free, TAMS=top-at-mark-start, PB=parsable bottom
|   0|0x0000000604c00000, 0x0000000605000000, 0x0000000605000000|100%| O|  |TAMS 0x0000000605000000| PB 0x0000000604c00000| Untracked 
|   1|0x0000000605000000, 0x0000000605400000, 0x0000000605400000|100%| O|  |TAMS 0x0000000605400000| PB 0x0000000605000000| Untracked 
|   2|0x0000000605400000, 0x0000000605800000, 0x0000000605800000|100%| O|  |TAMS 0x0000000605800000| PB 0x0000000605400000| Untracked 
|   3|0x0000000605800000, 0x0000000605b37d00, 0x0000000605c00000| 80%| O|  |TAMS 0x0000000605b37d00| PB 0x0000000605800000| Untracked 
|   4|0x0000000605c00000, 0x0000000606000000, 0x0000000606000000|100%| O|  |TAMS 0x0000000606000000| PB 0x0000000605c00000| Untracked 
|   5|0x0000000606000000, 0x0000000606400000, 0x0000000606400000|100%| O|  |TAMS 0x0000000606400000| PB 0x0000000606000000| Untracked 
|   6|0x0000000606400000, 0x0000000606400000, 0x0000000606800000|  0%| F|  |TAMS 0x0000000606400000| PB 0x0000000606400000| Untracked 
|   7|0x0000000606800000, 0x0000000606c00000, 0x0000000606c00000|100%| O|  |TAMS 0x0000000606c00000| PB 0x0000000606800000| Untracked 
|   8|0x0000000606c00000, 0x0000000607000000, 0x0000000607000000|100%| O|  |TAMS 0x0000000607000000| PB 0x0000000606c00000| Untracked 
|   9|0x0000000607000000, 0x0000000607400000, 0x0000000607400000|100%| O|  |TAMS 0x0000000607400000| PB 0x0000000607000000| Untracked 
|  10|0x0000000607400000, 0x0000000607800000, 0x0000000607800000|100%| O|  |TAMS 0x0000000607800000| PB 0x0000000607400000| Untracked 
|  11|0x0000000607800000, 0x0000000607c00000, 0x0000000607c00000|100%| O|  |TAMS 0x0000000607c00000| PB 0x0000000607800000| Untracked 
|  12|0x0000000607c00000, 0x0000000608000000, 0x0000000608000000|100%| O|  |TAMS 0x0000000608000000| PB 0x0000000607c00000| Untracked 
|  13|0x0000000608000000, 0x0000000608400000, 0x0000000608400000|100%| O|  |TAMS 0x0000000608400000| PB 0x0000000608000000| Untracked 
|  14|0x0000000608400000, 0x0000000608800000, 0x0000000608800000|100%| O|  |TAMS 0x0000000608800000| PB 0x0000000608400000| Untracked 
|  15|0x0000000608800000, 0x0000000608c00000, 0x0000000608c00000|100%| O|  |TAMS 0x0000000608c00000| PB 0x0000000608800000| Untracked 
|  16|0x0000000608c00000, 0x0000000609000000, 0x0000000609000000|100%| O|  |TAMS 0x0000000609000000| PB 0x0000000608c00000| Untracked 
|  17|0x0000000609000000, 0x0000000609400000, 0x0000000609400000|100%| O|  |TAMS 0x0000000609400000| PB 0x0000000609000000| Untracked 
|  18|0x0000000609400000, 0x00000006094e45f8, 0x0000000609800000| 22%| O|  |TAMS 0x00000006094b5658| PB 0x0000000609400000| Untracked 
|  19|0x0000000609800000, 0x0000000609c00000, 0x0000000609c00000|100%| O|  |TAMS 0x0000000609c00000| PB 0x0000000609800000| Untracked 
|  20|0x0000000609c00000, 0x0000000609c00000, 0x000000060a000000|  0%| F|  |TAMS 0x0000000609c00000| PB 0x0000000609c00000| Untracked 
|  21|0x000000060a000000, 0x000000060a000000, 0x000000060a400000|  0%| F|  |TAMS 0x000000060a000000| PB 0x000000060a000000| Untracked 
|  22|0x000000060a400000, 0x000000060a800000, 0x000000060a800000|100%| O|  |TAMS 0x000000060a800000| PB 0x000000060a400000| Untracked 
|  23|0x000000060a800000, 0x000000060ac00000, 0x000000060ac00000|100%| O|  |TAMS 0x000000060ac00000| PB 0x000000060a800000| Untracked 
|  24|0x000000060ac00000, 0x000000060ac00000, 0x000000060b000000|  0%| F|  |TAMS 0x000000060ac00000| PB 0x000000060ac00000| Untracked 
|  25|0x000000060b000000, 0x000000060b400000, 0x000000060b400000|100%| O|  |TAMS 0x000000060b400000| PB 0x000000060b000000| Untracked 
|  26|0x000000060b400000, 0x000000060b400000, 0x000000060b800000|  0%| F|  |TAMS 0x000000060b400000| PB 0x000000060b400000| Untracked 
|  27|0x000000060b800000, 0x000000060bc00000, 0x000000060bc00000|100%| O|  |TAMS 0x000000060bc00000| PB 0x000000060b800000| Untracked 
|  28|0x000000060bc00000, 0x000000060bc00000, 0x000000060c000000|  0%| F|  |TAMS 0x000000060bc00000| PB 0x000000060bc00000| Untracked 
|  29|0x000000060c000000, 0x000000060c000000, 0x000000060c400000|  0%| F|  |TAMS 0x000000060c000000| PB 0x000000060c000000| Untracked 
|  30|0x000000060c400000, 0x000000060c400000, 0x000000060c800000|  0%| F|  |TAMS 0x000000060c400000| PB 0x000000060c400000| Untracked 
|  31|0x000000060c800000, 0x000000060c800000, 0x000000060cc00000|  0%| F|  |TAMS 0x000000060c800000| PB 0x000000060c800000| Untracked 
|  32|0x000000060cc00000, 0x000000060cda4168, 0x000000060d000000| 41%| S|CS|TAMS 0x000000060cc00000| PB 0x000000060cc00000| Complete 
|  33|0x000000060d000000, 0x000000060d000000, 0x000000060d400000|  0%| F|  |TAMS 0x000000060d000000| PB 0x000000060d000000| Untracked 
|  34|0x000000060d400000, 0x000000060d400000, 0x000000060d800000|  0%| F|  |TAMS 0x000000060d400000| PB 0x000000060d400000| Untracked 
|  35|0x000000060d800000, 0x000000060d800000, 0x000000060dc00000|  0%| F|  |TAMS 0x000000060d800000| PB 0x000000060d800000| Untracked 
|  36|0x000000060dc00000, 0x000000060dc00000, 0x000000060e000000|  0%| F|  |TAMS 0x000000060dc00000| PB 0x000000060dc00000| Untracked 
|  37|0x000000060e000000, 0x000000060e000000, 0x000000060e400000|  0%| F|  |TAMS 0x000000060e000000| PB 0x000000060e000000| Untracked 
|  38|0x000000060e400000, 0x000000060e400000, 0x000000060e800000|  0%| F|  |TAMS 0x000000060e400000| PB 0x000000060e400000| Untracked 
|  39|0x000000060e800000, 0x000000060e800000, 0x000000060ec00000|  0%| F|  |TAMS 0x000000060e800000| PB 0x000000060e800000| Untracked 
|  40|0x000000060ec00000, 0x000000060ec00000, 0x000000060f000000|  0%| F|  |TAMS 0x000000060ec00000| PB 0x000000060ec00000| Untracked 
|  41|0x000000060f000000, 0x000000060f000000, 0x000000060f400000|  0%| F|  |TAMS 0x000000060f000000| PB 0x000000060f000000| Untracked 
|  42|0x000000060f400000, 0x000000060f400000, 0x000000060f800000|  0%| F|  |TAMS 0x000000060f400000| PB 0x000000060f400000| Untracked 
|  43|0x000000060f800000, 0x000000060f800000, 0x000000060fc00000|  0%| F|  |TAMS 0x000000060f800000| PB 0x000000060f800000| Untracked 
|  44|0x000000060fc00000, 0x000000060fc00000, 0x0000000610000000|  0%| F|  |TAMS 0x000000060fc00000| PB 0x000000060fc00000| Untracked 
|  45|0x0000000610000000, 0x0000000610000000, 0x0000000610400000|  0%| F|  |TAMS 0x0000000610000000| PB 0x0000000610000000| Untracked 
|  46|0x0000000610400000, 0x0000000610400000, 0x0000000610800000|  0%| F|  |TAMS 0x0000000610400000| PB 0x0000000610400000| Untracked 
|  47|0x0000000610800000, 0x0000000610800000, 0x0000000610c00000|  0%| F|  |TAMS 0x0000000610800000| PB 0x0000000610800000| Untracked 
|  48|0x0000000610c00000, 0x0000000610c00000, 0x0000000611000000|  0%| F|  |TAMS 0x0000000610c00000| PB 0x0000000610c00000| Untracked 
|  49|0x0000000611000000, 0x0000000611000000, 0x0000000611400000|  0%| F|  |TAMS 0x0000000611000000| PB 0x0000000611000000| Untracked 
|  50|0x0000000611400000, 0x0000000611400000, 0x0000000611800000|  0%| F|  |TAMS 0x0000000611400000| PB 0x0000000611400000| Untracked 
|  51|0x0000000611800000, 0x0000000611800000, 0x0000000611c00000|  0%| F|  |TAMS 0x0000000611800000| PB 0x0000000611800000| Untracked 
|  52|0x0000000611c00000, 0x0000000611c00000, 0x0000000612000000|  0%| F|  |TAMS 0x0000000611c00000| PB 0x0000000611c00000| Untracked 
|  53|0x0000000612000000, 0x0000000612000000, 0x0000000612400000|  0%| F|  |TAMS 0x0000000612000000| PB 0x0000000612000000| Untracked 
|  54|0x0000000612400000, 0x0000000612400000, 0x0000000612800000|  0%| F|  |TAMS 0x0000000612400000| PB 0x0000000612400000| Untracked 
|  55|0x0000000612800000, 0x0000000612800000, 0x0000000612c00000|  0%| F|  |TAMS 0x0000000612800000| PB 0x0000000612800000| Untracked 
|  56|0x0000000612c00000, 0x0000000612c00000, 0x0000000613000000|  0%| F|  |TAMS 0x0000000612c00000| PB 0x0000000612c00000| Untracked 
|  57|0x0000000613000000, 0x0000000613000000, 0x0000000613400000|  0%| F|  |TAMS 0x0000000613000000| PB 0x0000000613000000| Untracked 
|  58|0x0000000613400000, 0x0000000613400000, 0x0000000613800000|  0%| F|  |TAMS 0x0000000613400000| PB 0x0000000613400000| Untracked 
|  59|0x0000000613800000, 0x0000000613800000, 0x0000000613c00000|  0%| F|  |TAMS 0x0000000613800000| PB 0x0000000613800000| Untracked 
|  60|0x0000000613c00000, 0x0000000613c00000, 0x0000000614000000|  0%| F|  |TAMS 0x0000000613c00000| PB 0x0000000613c00000| Untracked 
|  61|0x0000000614000000, 0x0000000614000000, 0x0000000614400000|  0%| F|  |TAMS 0x0000000614000000| PB 0x0000000614000000| Untracked 
|  62|0x0000000614400000, 0x0000000614400000, 0x0000000614800000|  0%| F|  |TAMS 0x0000000614400000| PB 0x0000000614400000| Untracked 
|  63|0x0000000614800000, 0x0000000614800000, 0x0000000614c00000|  0%| F|  |TAMS 0x0000000614800000| PB 0x0000000614800000| Untracked 
|  64|0x0000000614c00000, 0x0000000614c00000, 0x0000000615000000|  0%| F|  |TAMS 0x0000000614c00000| PB 0x0000000614c00000| Untracked 
|  65|0x0000000615000000, 0x0000000615000000, 0x0000000615400000|  0%| F|  |TAMS 0x0000000615000000| PB 0x0000000615000000| Untracked 
|  66|0x0000000615400000, 0x0000000615400000, 0x0000000615800000|  0%| F|  |TAMS 0x0000000615400000| PB 0x0000000615400000| Untracked 
|  67|0x0000000615800000, 0x0000000615800000, 0x0000000615c00000|  0%| F|  |TAMS 0x0000000615800000| PB 0x0000000615800000| Untracked 
|  68|0x0000000615c00000, 0x0000000615c00000, 0x0000000616000000|  0%| F|  |TAMS 0x0000000615c00000| PB 0x0000000615c00000| Untracked 
|  69|0x0000000616000000, 0x0000000616000000, 0x0000000616400000|  0%| F|  |TAMS 0x0000000616000000| PB 0x0000000616000000| Untracked 
|  70|0x0000000616400000, 0x0000000616400000, 0x0000000616800000|  0%| F|  |TAMS 0x0000000616400000| PB 0x0000000616400000| Untracked 
|  71|0x0000000616800000, 0x0000000616800000, 0x0000000616c00000|  0%| F|  |TAMS 0x0000000616800000| PB 0x0000000616800000| Untracked 
|  72|0x0000000616c00000, 0x0000000616c00000, 0x0000000617000000|  0%| F|  |TAMS 0x0000000616c00000| PB 0x0000000616c00000| Untracked 
|  73|0x0000000617000000, 0x0000000617000000, 0x0000000617400000|  0%| F|  |TAMS 0x0000000617000000| PB 0x0000000617000000| Untracked 
|  74|0x0000000617400000, 0x0000000617400000, 0x0000000617800000|  0%| F|  |TAMS 0x0000000617400000| PB 0x0000000617400000| Untracked 
|  75|0x0000000617800000, 0x0000000617800000, 0x0000000617c00000|  0%| F|  |TAMS 0x0000000617800000| PB 0x0000000617800000| Untracked 
|  76|0x0000000617c00000, 0x0000000617c00000, 0x0000000618000000|  0%| F|  |TAMS 0x0000000617c00000| PB 0x0000000617c00000| Untracked 
|  77|0x0000000618000000, 0x0000000618000000, 0x0000000618400000|  0%| F|  |TAMS 0x0000000618000000| PB 0x0000000618000000| Untracked 
|  78|0x0000000618400000, 0x0000000618400000, 0x0000000618800000|  0%| F|  |TAMS 0x0000000618400000| PB 0x0000000618400000| Untracked 
|2028|0x00000007ffc00000, 0x00000007ffc01078, 0x0000000800000000|  0%| E|  |TAMS 0x00000007ffc00000| PB 0x00000007ffc00000| Complete 

Card table byte_map: [0x0000021047aa0000,0x0000021048a80000] _byte_map_base: 0x0000021044a7a000

Marking Bits: (CMBitMap*) 0x000002103fb87aa0
 Bits: [0x0000021048a80000, 0x0000021050950000)

Polling page: 0x000002103f080000

Metaspace:

Usage:
  Non-class:     89.21 MB used.
      Class:     14.47 MB used.
       Both:    103.67 MB used.

Virtual space:
  Non-class space:      128.00 MB reserved,      90.06 MB ( 70%) committed,  2 nodes.
      Class space:        1.00 GB reserved,      15.19 MB (  1%) committed,  1 nodes.
             Both:        1.12 GB reserved,     105.25 MB (  9%) committed. 

Chunk freelists:
   Non-Class:  6.38 MB
       Class:  1004.00 KB
        Both:  7.36 MB

MaxMetaspaceSize: unlimited
CompressedClassSpaceSize: 1.00 GB
Initial GC threshold: 21.00 MB
Current GC threshold: 175.44 MB
CDS: on
 - commit_granule_bytes: 65536.
 - commit_granule_words: 8192.
 - virtual_space_node_default_size: 8388608.
 - enlarge_chunks_in_place: 1.
 - use_allocation_guard: 0.


Internal statistics:

num_allocs_failed_limit: 9.
num_arena_births: 2286.
num_arena_deaths: 996.
num_vsnodes_births: 3.
num_vsnodes_deaths: 0.
num_space_committed: 1684.
num_space_uncommitted: 0.
num_chunks_returned_to_freelist: 1238.
num_chunks_taken_from_freelist: 6595.
num_chunk_merges: 394.
num_chunk_splits: 4377.
num_chunks_enlarged: 3076.
num_inconsistent_stats: 0.

CodeCache: size=49152Kb used=17165Kb max_used=23960Kb free=31986Kb
 bounds [0x0000021043460000, 0x0000021044c90000, 0x0000021046460000]
 total_blobs=9623 nmethods=8804 adapters=741
 compilation: enabled
              stopped_count=0, restarted_count=0
 full_count=0

Compilation events (20 events):
Event: 2190.040 Thread 0x00000210a17c5d10 nmethod 18452 0x0000021043aae310 code [0x0000021043aae4e0, 0x0000021043aae798]
Event: 2190.040 Thread 0x0000021053a30f60 nmethod 18453 0x00000210444fcc90 code [0x00000210444fce40, 0x00000210444fcf98]
Event: 2190.040 Thread 0x000002109ab44bb0 nmethod 18454 0x0000021043a48210 code [0x0000021043a483e0, 0x0000021043a48668]
Event: 2190.041 Thread 0x0000021099dc8040 nmethod 18455 0x0000021044556910 code [0x0000021044556ae0, 0x0000021044556d08]
Event: 2192.155 Thread 0x00000210a17c5d10 18456       1       org.postgresql.jdbc.PgStatement$StatementResultHandler::handleCommandStatus (15 bytes)
Event: 2192.155 Thread 0x0000021099dc8040 18457       1       org.postgresql.jdbc.ResultWrapper::<init> (20 bytes)
Event: 2192.155 Thread 0x0000021099dc8040 nmethod 18457 0x000002104426c410 code [0x000002104426c5a0, 0x000002104426c698]
Event: 2192.155 Thread 0x00000210a17c5d10 nmethod 18456 0x0000021043a7d410 code [0x0000021043a7d5c0, 0x0000021043a7d8a0]
Event: 2215.428 Thread 0x0000021053a30f60 18458       1       ch.qos.logback.classic.Logger::filterAndLog_2 (75 bytes)
Event: 2215.429 Thread 0x0000021053a30f60 nmethod 18458 0x0000021043d4bc10 code [0x0000021043d4be20, 0x0000021043d4c3d0]
Event: 2215.429 Thread 0x0000021053a30f60 18459       1       ch.qos.logback.classic.LoggerContext::getTurboFilterChainDecision_2 (43 bytes)
Event: 2215.429 Thread 0x0000021053a30f60 nmethod 18459 0x0000021044008b90 code [0x0000021044008d60, 0x0000021044009130]
Event: 2233.894 Thread 0x0000021053a30f60 18460       1       org.postgresql.core.PGStream::getNetworkTimeout (8 bytes)
Event: 2233.894 Thread 0x0000021053a30f60 nmethod 18460 0x0000021043fc2a10 code [0x0000021043fc2bc0, 0x0000021043fc2cb8]
Event: 2233.894 Thread 0x0000021053a30f60 18461       1       java.net.Socket::getSoTimeout (47 bytes)
Event: 2233.895 Thread 0x0000021053a30f60 nmethod 18461 0x0000021043a82810 code [0x0000021043a82a00, 0x0000021043a82cc0]
Event: 2233.899 Thread 0x0000021053a30f60 18462       1       ch.qos.logback.classic.Logger::debug (16 bytes)
Event: 2233.899 Thread 0x0000021053a30f60 nmethod 18462 0x0000021043fe3510 code [0x0000021043fe36c0, 0x0000021043fe37d0]
Event: 2314.738 Thread 0x0000021053a30f60 18463       1       ch.qos.logback.classic.Logger::isDebugEnabled (6 bytes)
Event: 2314.738 Thread 0x0000021053a30f60 nmethod 18463 0x000002104426cc10 code [0x000002104426cdc0, 0x000002104426cea8]

GC Heap History (20 events):
Event: 1245.794 GC heap before
{Heap before GC invocations=52 (full 0):
 garbage-first heap   total 344064K, used 248634K [0x0000000604c00000, 0x0000000800000000)
  region size 4096K, 40 young (163840K), 2 survivors (8192K)
 Metaspace       used 106119K, committed 107776K, reserved 1179648K
  class space    used 14802K, committed 15552K, reserved 1048576K
}
Event: 1245.798 GC heap after
{Heap after GC invocations=53 (full 0):
 garbage-first heap   total 344064K, used 97053K [0x0000000604c00000, 0x0000000800000000)
  region size 4096K, 2 young (8192K), 2 survivors (8192K)
 Metaspace       used 106119K, committed 107776K, reserved 1179648K
  class space    used 14802K, committed 15552K, reserved 1048576K
}
Event: 1362.090 GC heap before
{Heap before GC invocations=54 (full 0):
 garbage-first heap   total 344064K, used 293661K [0x0000000604c00000, 0x0000000800000000)
  region size 4096K, 50 young (204800K), 2 survivors (8192K)
 Metaspace       used 106125K, committed 107776K, reserved 1179648K
  class space    used 14803K, committed 15552K, reserved 1048576K
}
Event: 1362.093 GC heap after
{Heap after GC invocations=55 (full 0):
 garbage-first heap   total 344064K, used 96983K [0x0000000604c00000, 0x0000000800000000)
  region size 4096K, 2 young (8192K), 2 survivors (8192K)
 Metaspace       used 106125K, committed 107776K, reserved 1179648K
  class space    used 14803K, committed 15552K, reserved 1048576K
}
Event: 1480.964 GC heap before
{Heap before GC invocations=55 (full 0):
 garbage-first heap   total 344064K, used 293591K [0x0000000604c00000, 0x0000000800000000)
  region size 4096K, 50 young (204800K), 2 survivors (8192K)
 Metaspace       used 106130K, committed 107776K, reserved 1179648K
  class space    used 14804K, committed 15552K, reserved 1048576K
}
Event: 1480.967 GC heap after
{Heap after GC invocations=56 (full 0):
 garbage-first heap   total 344064K, used 95850K [0x0000000604c00000, 0x0000000800000000)
  region size 4096K, 2 young (8192K), 2 survivors (8192K)
 Metaspace       used 106130K, committed 107776K, reserved 1179648K
  class space    used 14804K, committed 15552K, reserved 1048576K
}
Event: 1596.664 GC heap before
{Heap before GC invocations=56 (full 0):
 garbage-first heap   total 344064K, used 292458K [0x0000000604c00000, 0x0000000800000000)
  region size 4096K, 50 young (204800K), 2 survivors (8192K)
 Metaspace       used 106134K, committed 107776K, reserved 1179648K
  class space    used 14805K, committed 15552K, reserved 1048576K
}
Event: 1596.666 GC heap after
{Heap after GC invocations=57 (full 0):
 garbage-first heap   total 344064K, used 96231K [0x0000000604c00000, 0x0000000800000000)
  region size 4096K, 2 young (8192K), 2 survivors (8192K)
 Metaspace       used 106134K, committed 107776K, reserved 1179648K
  class space    used 14805K, committed 15552K, reserved 1048576K
}
Event: 1711.048 GC heap before
{Heap before GC invocations=58 (full 0):
 garbage-first heap   total 327680K, used 284647K [0x0000000604c00000, 0x0000000800000000)
  region size 4096K, 48 young (196608K), 2 survivors (8192K)
 Metaspace       used 106134K, committed 107776K, reserved 1179648K
  class space    used 14805K, committed 15552K, reserved 1048576K
}
Event: 1711.053 GC heap after
{Heap after GC invocations=59 (full 0):
 garbage-first heap   total 327680K, used 95896K [0x0000000604c00000, 0x0000000800000000)
  region size 4096K, 2 young (8192K), 2 survivors (8192K)
 Metaspace       used 106134K, committed 107776K, reserved 1179648K
  class space    used 14805K, committed 15552K, reserved 1048576K
}
Event: 1824.929 GC heap before
{Heap before GC invocations=59 (full 0):
 garbage-first heap   total 327680K, used 284312K [0x0000000604c00000, 0x0000000800000000)
  region size 4096K, 48 young (196608K), 2 survivors (8192K)
 Metaspace       used 106134K, committed 107776K, reserved 1179648K
  class space    used 14805K, committed 15552K, reserved 1048576K
}
Event: 1824.936 GC heap after
{Heap after GC invocations=60 (full 0):
 garbage-first heap   total 327680K, used 92686K [0x0000000604c00000, 0x0000000800000000)
  region size 4096K, 2 young (8192K), 2 survivors (8192K)
 Metaspace       used 106134K, committed 107776K, reserved 1179648K
  class space    used 14805K, committed 15552K, reserved 1048576K
}
Event: 1934.914 GC heap before
{Heap before GC invocations=60 (full 0):
 garbage-first heap   total 327680K, used 281102K [0x0000000604c00000, 0x0000000800000000)
  region size 4096K, 48 young (196608K), 2 survivors (8192K)
 Metaspace       used 106136K, committed 107776K, reserved 1179648K
  class space    used 14806K, committed 15552K, reserved 1048576K
}
Event: 1934.917 GC heap after
{Heap after GC invocations=61 (full 0):
 garbage-first heap   total 327680K, used 93539K [0x0000000604c00000, 0x0000000800000000)
  region size 4096K, 1 young (4096K), 1 survivors (4096K)
 Metaspace       used 106136K, committed 107776K, reserved 1179648K
  class space    used 14806K, committed 15552K, reserved 1048576K
}
Event: 2056.891 GC heap before
{Heap before GC invocations=62 (full 0):
 garbage-first heap   total 327680K, used 286051K [0x0000000604c00000, 0x0000000800000000)
  region size 4096K, 48 young (196608K), 1 survivors (4096K)
 Metaspace       used 106136K, committed 107776K, reserved 1179648K
  class space    used 14806K, committed 15552K, reserved 1048576K
}
Event: 2056.894 GC heap after
{Heap after GC invocations=63 (full 0):
 garbage-first heap   total 327680K, used 93224K [0x0000000604c00000, 0x0000000800000000)
  region size 4096K, 1 young (4096K), 1 survivors (4096K)
 Metaspace       used 106136K, committed 107776K, reserved 1179648K
  class space    used 14806K, committed 15552K, reserved 1048576K
}
Event: 2188.057 GC heap before
{Heap before GC invocations=63 (full 0):
 garbage-first heap   total 327680K, used 285736K [0x0000000604c00000, 0x0000000800000000)
  region size 4096K, 48 young (196608K), 1 survivors (4096K)
 Metaspace       used 106136K, committed 107776K, reserved 1179648K
  class space    used 14806K, committed 15552K, reserved 1048576K
}
Event: 2188.062 GC heap after
{Heap after GC invocations=64 (full 0):
 garbage-first heap   total 327680K, used 91814K [0x0000000604c00000, 0x0000000800000000)
  region size 4096K, 1 young (4096K), 1 survivors (4096K)
 Metaspace       used 106136K, committed 107776K, reserved 1179648K
  class space    used 14806K, committed 15552K, reserved 1048576K
}
Event: 2319.532 GC heap before
{Heap before GC invocations=64 (full 0):
 garbage-first heap   total 327680K, used 284326K [0x0000000604c00000, 0x0000000800000000)
  region size 4096K, 48 young (196608K), 1 survivors (4096K)
 Metaspace       used 106160K, committed 107776K, reserved 1179648K
  class space    used 14812K, committed 15552K, reserved 1048576K
}
Event: 2319.535 GC heap after
{Heap after GC invocations=65 (full 0):
 garbage-first heap   total 327680K, used 91905K [0x0000000604c00000, 0x0000000800000000)
  region size 4096K, 1 young (4096K), 1 survivors (4096K)
 Metaspace       used 106160K, committed 107776K, reserved 1179648K
  class space    used 14812K, committed 15552K, reserved 1048576K
}

Dll operation events (11 events):
Event: 0.005 Loaded shared library D:\sts-4.29.1.RELEASE\plugins\org.eclipse.justj.openjdk.hotspot.jre.full.win32.x86_64_21.0.6.v20250130-0529\jre\bin\java.dll
Event: 0.022 Loaded shared library D:\sts-4.29.1.RELEASE\plugins\org.eclipse.justj.openjdk.hotspot.jre.full.win32.x86_64_21.0.6.v20250130-0529\jre\bin\zip.dll
Event: 0.092 Loaded shared library D:\sts-4.29.1.RELEASE\plugins\org.eclipse.justj.openjdk.hotspot.jre.full.win32.x86_64_21.0.6.v20250130-0529\jre\bin\jimage.dll
Event: 0.097 Loaded shared library D:\sts-4.29.1.RELEASE\plugins\org.eclipse.justj.openjdk.hotspot.jre.full.win32.x86_64_21.0.6.v20250130-0529\jre\bin\net.dll
Event: 0.098 Loaded shared library D:\sts-4.29.1.RELEASE\plugins\org.eclipse.justj.openjdk.hotspot.jre.full.win32.x86_64_21.0.6.v20250130-0529\jre\bin\nio.dll
Event: 0.100 Loaded shared library D:\sts-4.29.1.RELEASE\plugins\org.eclipse.justj.openjdk.hotspot.jre.full.win32.x86_64_21.0.6.v20250130-0529\jre\bin\zip.dll
Event: 0.163 Loaded shared library D:\sts-4.29.1.RELEASE\plugins\org.eclipse.justj.openjdk.hotspot.jre.full.win32.x86_64_21.0.6.v20250130-0529\jre\bin\management.dll
Event: 0.171 Loaded shared library D:\sts-4.29.1.RELEASE\plugins\org.eclipse.justj.openjdk.hotspot.jre.full.win32.x86_64_21.0.6.v20250130-0529\jre\bin\management_ext.dll
Event: 0.315 Loaded shared library D:\sts-4.29.1.RELEASE\plugins\org.eclipse.justj.openjdk.hotspot.jre.full.win32.x86_64_21.0.6.v20250130-0529\jre\bin\extnet.dll
Event: 1.293 Loaded shared library D:\sts-4.29.1.RELEASE\plugins\org.eclipse.justj.openjdk.hotspot.jre.full.win32.x86_64_21.0.6.v20250130-0529\jre\bin\sunmscapi.dll
Event: 3.766 Loaded shared library D:\sts-4.29.1.RELEASE\plugins\org.eclipse.justj.openjdk.hotspot.jre.full.win32.x86_64_21.0.6.v20250130-0529\jre\bin\verify.dll

Deoptimization events (10 events):
Event: 1.682 Thread 0x0000021099b7bb80 DEOPT PACKING pc=0x0000021043e5d50c sp=0x0000009daebfea20
Event: 1.682 Thread 0x0000021099b7bb80 DEOPT UNPACKING pc=0x00000210434b4e42 sp=0x0000009daebfdf98 mode 0
Event: 1.972 Thread 0x0000021099b7bb80 DEOPT PACKING pc=0x0000021043dddeac sp=0x0000009daebfe710
Event: 1.972 Thread 0x0000021099b7bb80 DEOPT UNPACKING pc=0x00000210434b4e42 sp=0x0000009daebfdbc0 mode 0
Event: 4.547 Thread 0x0000021099b7bb80 DEOPT PACKING pc=0x000002104448ba8c sp=0x0000009daebfe130
Event: 4.547 Thread 0x0000021099b7bb80 DEOPT UNPACKING pc=0x00000210434b4e42 sp=0x0000009daebfd6a0 mode 0
Event: 11.666 Thread 0x0000021053a2e4c0 DEOPT PACKING pc=0x00000210447b7bbc sp=0x0000009dae8fefd0
Event: 11.666 Thread 0x0000021053a2e4c0 DEOPT UNPACKING pc=0x00000210434b4e42 sp=0x0000009dae8fe468 mode 0
Event: 27.902 Thread 0x000002109b7c0ae0 DEOPT PACKING pc=0x00000210443afad2 sp=0x0000009dafffa030
Event: 27.902 Thread 0x000002109b7c0ae0 DEOPT UNPACKING pc=0x00000210434b4e42 sp=0x0000009dafff9498 mode 0

Classes loaded (20 events):
Event: 510.057 Loading class sun/text/resources/FormatData_en
Event: 510.057 Loading class sun/text/resources/FormatData_en done
Event: 510.057 Loading class sun/text/resources/FormatData_en_US
Event: 510.057 Loading class sun/text/resources/FormatData_en_US done
Event: 510.057 Loading class sun/util/resources/LocaleData$2
Event: 510.057 Loading class sun/util/resources/LocaleData$2 done
Event: 510.057 Loading class sun/util/resources/LocaleData$SupplementaryStrategy
Event: 510.057 Loading class sun/util/resources/LocaleData$SupplementaryStrategy done
Event: 510.057 Loading class sun/text/resources/JavaTimeSupplementary
Event: 510.057 Loading class sun/text/resources/JavaTimeSupplementary done
Event: 510.057 Loading class sun/text/resources/JavaTimeSupplementary_en
Event: 510.058 Loading class sun/text/resources/JavaTimeSupplementary_en done
Event: 510.058 Loading class sun/text/resources/JavaTimeSupplementary_en_US
Event: 510.058 Loading class sun/text/resources/JavaTimeSupplementary_en_US done
Event: 510.058 Loading class sun/util/resources/ParallelListResourceBundle$KeySet
Event: 510.058 Loading class sun/util/resources/ParallelListResourceBundle$KeySet done
Event: 510.059 Loading class sun/util/locale/provider/CalendarDataUtility$CalendarFieldValueNameGetter
Event: 510.059 Loading class sun/util/locale/provider/CalendarDataUtility$CalendarFieldValueNameGetter done
Event: 989.156 Loading class sun/security/ssl/PreSharedKeyExtension$SHPreSharedKeySpec
Event: 989.156 Loading class sun/security/ssl/PreSharedKeyExtension$SHPreSharedKeySpec done

Classes unloaded (20 events):
Event: 2319.578 Thread 0x00000210539f6c50 Unloading class 0x0000021055d8f800 'java/lang/invoke/LambdaForm$MH+0x0000021055d8f800'
Event: 2319.578 Thread 0x00000210539f6c50 Unloading class 0x0000021055d8f400 'java/lang/invoke/LambdaForm$MH+0x0000021055d8f400'
Event: 2319.578 Thread 0x00000210539f6c50 Unloading class 0x0000021055d8f000 'java/lang/invoke/LambdaForm$MH+0x0000021055d8f000'
Event: 2319.578 Thread 0x00000210539f6c50 Unloading class 0x0000021055d8e800 'jdk/internal/reflect/GeneratedSerializationConstructorAccessor88'
Event: 2319.578 Thread 0x00000210539f6c50 Unloading class 0x0000021055d8d800 'java/lang/invoke/LambdaForm$MH+0x0000021055d8d800'
Event: 2319.578 Thread 0x00000210539f6c50 Unloading class 0x0000021055d8d400 'java/lang/invoke/LambdaForm$MH+0x0000021055d8d400'
Event: 2319.578 Thread 0x00000210539f6c50 Unloading class 0x0000021055d8d000 'java/lang/invoke/LambdaForm$MH+0x0000021055d8d000'
Event: 2319.578 Thread 0x00000210539f6c50 Unloading class 0x0000021055d8c800 'java/lang/invoke/LambdaForm$MH+0x0000021055d8c800'
Event: 2319.578 Thread 0x00000210539f6c50 Unloading class 0x0000021055d8c000 'java/lang/invoke/LambdaForm$MH+0x0000021055d8c000'
Event: 2319.578 Thread 0x00000210539f6c50 Unloading class 0x0000021055d86400 'java/lang/invoke/LambdaForm$MH+0x0000021055d86400'
Event: 2319.578 Thread 0x00000210539f6c50 Unloading class 0x0000021055d86000 'java/lang/invoke/LambdaForm$MH+0x0000021055d86000'
Event: 2319.578 Thread 0x00000210539f6c50 Unloading class 0x0000021055d85c00 'java/lang/invoke/LambdaForm$MH+0x0000021055d85c00'
Event: 2319.578 Thread 0x00000210539f6c50 Unloading class 0x0000021055d85800 'java/lang/invoke/LambdaForm$MH+0x0000021055d85800'
Event: 2319.578 Thread 0x00000210539f6c50 Unloading class 0x0000021055d85400 'java/lang/invoke/LambdaForm$MH+0x0000021055d85400'
Event: 2319.578 Thread 0x00000210539f6c50 Unloading class 0x0000021055d85000 'java/lang/invoke/LambdaForm$MH+0x0000021055d85000'
Event: 2319.578 Thread 0x00000210539f6c50 Unloading class 0x0000021055d84c00 'java/lang/invoke/LambdaForm$MH+0x0000021055d84c00'
Event: 2319.578 Thread 0x00000210539f6c50 Unloading class 0x0000021055d84800 'java/lang/invoke/LambdaForm$MH+0x0000021055d84800'
Event: 2319.578 Thread 0x00000210539f6c50 Unloading class 0x0000021055d84400 'java/lang/invoke/LambdaForm$MH+0x0000021055d84400'
Event: 2319.578 Thread 0x00000210539f6c50 Unloading class 0x0000021055d84000 'java/lang/invoke/LambdaForm$MH+0x0000021055d84000'
Event: 2319.578 Thread 0x00000210539f6c50 Unloading class 0x0000021055d76c00 'java/lang/invoke/LambdaForm$MH+0x0000021055d76c00'

Classes redefined (0 events):
No events

Internal exceptions (20 events):
Event: 14.100 Thread 0x0000021099b7bb80 Exception <a 'java/lang/NoSuchMethodError'{0x00000007ffdcf480}: 'java.lang.Object java.lang.invoke.DirectMethodHandle$Holder.invokeSpecial(java.lang.Object, java.lang.Object, java.lang.Object, java.lang.Object, java.lang.Object, java.lang.Object, java.lang.Object, java.lang.Object, java.lang.Object, java.lang.Object, java.lang.Object, java.lang.Object, java.lang.Object, java.lang.Object, java.lang.Object)'> (0x00000007ffdcf480) 
thrown [s\src\hotspot\share\interpreter\linkResolver.cpp, line 773]
Event: 14.100 Thread 0x0000021099b7bb80 Exception <a 'java/lang/NoSuchMethodError'{0x00000007ffdd37c0}: 'java.lang.Object java.lang.invoke.Invokers$Holder.linkToTargetMethod(java.lang.Object, java.lang.Object, java.lang.Object, java.lang.Object, java.lang.Object, java.lang.Object, java.lang.Object, java.lang.Object, java.lang.Object, java.lang.Object, java.lang.Object, java.lang.Object, java.lang.Object, java.lang.Object)'> (0x00000007ffdd37c0) 
thrown [s\src\hotspot\share\interpreter\linkResolver.cpp, line 773]
Event: 14.292 Thread 0x0000021053a2e4c0 Exception <a 'java/lang/NoSuchMethodError'{0x000000061a221a88}: 'java.lang.Object java.lang.invoke.DirectMethodHandle$Holder.invokeInterface(java.lang.Object, java.lang.Object, java.lang.Object, java.lang.Object, java.lang.Object, java.lang.Object, java.lang.Object)'> (0x000000061a221a88) 
thrown [s\src\hotspot\share\interpreter\linkResolver.cpp, line 773]
Event: 27.688 Thread 0x000002109b7c45f0 Exception <a 'java/lang/NoSuchMethodError'{0x0000000618adfdd8}: 'java.lang.Object java.lang.invoke.DirectMethodHandle$Holder.invokeStatic(java.lang.Object, java.lang.Object, java.lang.Object, int, int)'> (0x0000000618adfdd8) 
thrown [s\src\hotspot\share\interpreter\linkResolver.cpp, line 773]
Event: 27.689 Thread 0x000002109b7c45f0 Exception <a 'java/lang/NoSuchMethodError'{0x0000000618ae3118}: 'java.lang.Object java.lang.invoke.DirectMethodHandle$Holder.invokeStaticInit(java.lang.Object, java.lang.Object, java.lang.Object, int, int)'> (0x0000000618ae3118) 
thrown [s\src\hotspot\share\interpreter\linkResolver.cpp, line 773]
Event: 27.714 Thread 0x000002109b7c0ae0 Exception <a 'java/lang/NoSuchMethodError'{0x000000061847f378}: 'java.lang.Object java.lang.invoke.DirectMethodHandle$Holder.invokeSpecial(java.lang.Object, java.lang.Object, java.lang.Object, java.lang.Object, java.lang.Object, long)'> (0x000000061847f378) 
thrown [s\src\hotspot\share\interpreter\linkResolver.cpp, line 773]
Event: 27.714 Thread 0x000002109b7c0ae0 Exception <a 'java/lang/NoSuchMethodError'{0x0000000618482b58}: 'java.lang.Object java.lang.invoke.Invokers$Holder.linkToTargetMethod(java.lang.Object, java.lang.Object, java.lang.Object, long, java.lang.Object)'> (0x0000000618482b58) 
thrown [s\src\hotspot\share\interpreter\linkResolver.cpp, line 773]
Event: 27.749 Thread 0x000002109b7c0ae0 Exception <a 'java/lang/NoSuchMethodError'{0x0000000618669b50}: 'java.lang.Object java.lang.invoke.DirectMethodHandle$Holder.invokeStatic(java.lang.Object, int, int)'> (0x0000000618669b50) 
thrown [s\src\hotspot\share\interpreter\linkResolver.cpp, line 773]
Event: 27.944 Thread 0x000002109b7c0ae0 Exception <a 'java/lang/NoSuchMethodError'{0x000000061742ca18}: 'java.lang.Object java.lang.invoke.DirectMethodHandle$Holder.invokeStatic(java.lang.Object, java.lang.Object, java.lang.Object, java.lang.Object, int, java.lang.Object)'> (0x000000061742ca18) 
thrown [s\src\hotspot\share\interpreter\linkResolver.cpp, line 773]
Event: 27.944 Thread 0x000002109b7c0ae0 Exception <a 'java/lang/NoSuchMethodError'{0x0000000617434840}: 'java.lang.Object java.lang.invoke.DirectMethodHandle$Holder.newInvokeSpecial(java.lang.Object, java.lang.Object, java.lang.Object, java.lang.Object, int)'> (0x0000000617434840) 
thrown [s\src\hotspot\share\interpreter\linkResolver.cpp, line 773]
Event: 27.944 Thread 0x000002109b7c0ae0 Exception <a 'java/lang/NoSuchMethodError'{0x0000000617439380}: 'java.lang.Object java.lang.invoke.DirectMethodHandle$Holder.invokeSpecial(java.lang.Object, java.lang.Object, java.lang.Object, java.lang.Object, java.lang.Object, int)'> (0x0000000617439380) 
thrown [s\src\hotspot\share\interpreter\linkResolver.cpp, line 773]
Event: 27.944 Thread 0x000002109b7c0ae0 Exception <a 'java/lang/NoSuchMethodError'{0x000000061743d6f8}: 'java.lang.Object java.lang.invoke.Invokers$Holder.linkToTargetMethod(java.lang.Object, java.lang.Object, java.lang.Object, int, java.lang.Object)'> (0x000000061743d6f8) 
thrown [s\src\hotspot\share\interpreter\linkResolver.cpp, line 773]
Event: 43.908 Thread 0x000002109b7c38d0 Exception <a 'java/lang/IncompatibleClassChangeError'{0x0000000615051620}: Found class java.lang.Object, but interface was expected> (0x0000000615051620) 
thrown [s\src\hotspot\share\interpreter\linkResolver.cpp, line 840]
Event: 43.924 Thread 0x000002109b7c38d0 Exception <a 'java/lang/NoSuchMethodError'{0x000000061520ce78}: 'void java.lang.invoke.DirectMethodHandle$Holder.invokeSpecialIFC(java.lang.Object, java.lang.Object, int, java.lang.Object, java.lang.Object, java.lang.Object, java.lang.Object)'> (0x000000061520ce78) 
thrown [s\src\hotspot\share\interpreter\linkResolver.cpp, line 773]
Event: 43.954 Thread 0x000002109b7c38d0 Exception <a 'java/lang/IncompatibleClassChangeError'{0x0000000614c35288}: Found class java.lang.Object, but interface was expected> (0x0000000614c35288) 
thrown [s\src\hotspot\share\interpreter\linkResolver.cpp, line 840]
Event: 43.970 Thread 0x000002109b7c38d0 Exception <a 'java/lang/IncompatibleClassChangeError'{0x0000000614d484e8}: Found class java.lang.Object, but interface was expected> (0x0000000614d484e8) 
thrown [s\src\hotspot\share\interpreter\linkResolver.cpp, line 840]
Event: 88.072 Thread 0x000002109b7c38d0 Exception <a 'java/lang/IncompatibleClassChangeError'{0x000000060fcc7d50}: Found class java.lang.Object, but interface was expected> (0x000000060fcc7d50) 
thrown [s\src\hotspot\share\interpreter\linkResolver.cpp, line 840]
Event: 88.105 Thread 0x000002109b7c38d0 Exception <a 'java/lang/NoSuchMethodError'{0x000000060fe98180}: 'void java.lang.invoke.DirectMethodHandle$Holder.invokeStatic(java.lang.Object, java.lang.Object, java.lang.Object, java.lang.Object, java.lang.Object, java.lang.Object, java.lang.Object)'> (0x000000060fe98180) 
thrown [s\src\hotspot\share\interpreter\linkResolver.cpp, line 773]
Event: 89.821 Thread 0x000002109b7c38d0 Exception <a 'java/lang/NoSuchMethodError'{0x0000000619e53100}: 'int java.lang.invoke.DirectMethodHandle$Holder.invokeStatic(java.lang.Object, java.lang.Object, int, java.lang.Object)'> (0x0000000619e53100) 
thrown [s\src\hotspot\share\interpreter\linkResolver.cpp, line 773]
Event: 614.316 Thread 0x0000021099384ad0 Exception <a 'java/lang/NoSuchMethodError'{0x0000000619217708}: static [B.<clinit>()V> (0x0000000619217708) 
thrown [s\src\hotspot\share\prims\jni.cpp, line 1111]

ZGC Phase Switch (0 events):
No events

VM Operations (20 events):
Event: 1934.917 Executing VM operation: G1CollectForAllocation (G1 Evacuation Pause) done
Event: 1934.943 Executing VM operation: G1PauseRemark
Event: 1934.948 Executing VM operation: G1PauseRemark done
Event: 1934.971 Executing VM operation: G1PauseCleanup
Event: 1934.971 Executing VM operation: G1PauseCleanup done
Event: 2056.891 Executing VM operation: G1CollectForAllocation (G1 Evacuation Pause)
Event: 2056.894 Executing VM operation: G1CollectForAllocation (G1 Evacuation Pause) done
Event: 2147.866 Executing VM operation: Cleanup
Event: 2147.866 Executing VM operation: Cleanup done
Event: 2188.057 Executing VM operation: G1CollectForAllocation (G1 Evacuation Pause)
Event: 2188.062 Executing VM operation: G1CollectForAllocation (G1 Evacuation Pause) done
Event: 2189.071 Executing VM operation: Cleanup
Event: 2189.071 Executing VM operation: Cleanup done
Event: 2190.081 Executing VM operation: Cleanup
Event: 2190.081 Executing VM operation: Cleanup done
Event: 2200.187 Executing VM operation: Cleanup
Event: 2200.187 Executing VM operation: Cleanup done
Event: 2319.532 Executing VM operation: G1CollectForAllocation (G1 Evacuation Pause)
Event: 2319.535 Executing VM operation: G1CollectForAllocation (G1 Evacuation Pause) done
Event: 2319.578 Executing VM operation: G1PauseRemark

Memory protections (0 events):
No events

Nmethod flushes (20 events):
Event: 1596.701 Thread 0x00000210539f6c50 flushing  nmethod 0x0000021044343e90
Event: 1596.701 Thread 0x00000210539f6c50 flushing  nmethod 0x000002104440c290
Event: 1596.701 Thread 0x00000210539f6c50 flushing  nmethod 0x000002104440c790
Event: 1596.701 Thread 0x00000210539f6c50 flushing  nmethod 0x000002104440d010
Event: 1596.701 Thread 0x00000210539f6c50 flushing  nmethod 0x0000021044432890
Event: 1596.701 Thread 0x00000210539f6c50 flushing  nmethod 0x0000021044514d10
Event: 1596.701 Thread 0x00000210539f6c50 flushing  nmethod 0x000002104451ca10
Event: 1596.701 Thread 0x00000210539f6c50 flushing  nmethod 0x000002104451cd10
Event: 1596.701 Thread 0x00000210539f6c50 flushing  nmethod 0x000002104451e310
Event: 1596.701 Thread 0x00000210539f6c50 flushing  nmethod 0x0000021044523810
Event: 1596.701 Thread 0x00000210539f6c50 flushing  nmethod 0x0000021044523c10
Event: 1596.701 Thread 0x00000210539f6c50 flushing  nmethod 0x0000021044524010
Event: 1596.701 Thread 0x00000210539f6c50 flushing  nmethod 0x000002104465e190
Event: 1596.701 Thread 0x00000210539f6c50 flushing  nmethod 0x0000021044663b90
Event: 1596.701 Thread 0x00000210539f6c50 flushing  nmethod 0x00000210446a1910
Event: 1596.701 Thread 0x00000210539f6c50 flushing  nmethod 0x00000210446a1d10
Event: 1596.701 Thread 0x00000210539f6c50 flushing  nmethod 0x00000210446a2110
Event: 1596.701 Thread 0x00000210539f6c50 flushing  nmethod 0x00000210446a5710
Event: 1596.701 Thread 0x00000210539f6c50 flushing  nmethod 0x00000210446adc90
Event: 1596.701 Thread 0x00000210539f6c50 flushing  nmethod 0x0000021044700f10

Events (20 events):
Event: 2189.167 Thread 0x0000021099383720 Thread added: 0x0000021099384440
Event: 2189.167 Thread 0x0000021099384440 Thread exited: 0x0000021099384440
Event: 2189.308 Thread 0x0000021099383720 Thread added: 0x0000021099384440
Event: 2189.315 Thread 0x0000021099383720 Thread added: 0x000002109938a6b0
Event: 2189.315 Thread 0x0000021053a30f60 Thread added: 0x0000021099dc8040
Event: 2189.319 Thread 0x000002109938a6b0 Thread exited: 0x000002109938a6b0
Event: 2189.466 Thread 0x0000021099383720 Thread added: 0x000002109938a6b0
Event: 2189.467 Thread 0x000002109938a6b0 Thread exited: 0x000002109938a6b0
Event: 2189.658 Thread 0x0000021099383720 Thread added: 0x000002109938a6b0
Event: 2189.661 Thread 0x000002109938a6b0 Thread exited: 0x000002109938a6b0
Event: 2189.661 Thread 0x0000021053a30f60 Thread added: 0x000002109ab44bb0
Event: 2189.662 Thread 0x0000021053a30f60 Thread added: 0x00000210a17c5d10
Event: 2189.849 Thread 0x0000021099383720 Thread added: 0x000002109938a020
Event: 2189.850 Thread 0x000002109938a020 Thread exited: 0x000002109938a020
Event: 2197.162 Thread 0x00000210a17c5d10 Thread exited: 0x00000210a17c5d10
Event: 2202.163 Thread 0x000002109ab44bb0 Thread exited: 0x000002109ab44bb0
Event: 2202.163 Thread 0x0000021099dc8040 Thread exited: 0x0000021099dc8040
Event: 2249.161 Thread 0x0000021099387230 Thread exited: 0x0000021099387230
Event: 2250.015 Thread 0x0000021099384440 Thread exited: 0x0000021099384440
Event: 2250.015 Thread 0x0000021099383720 Thread exited: 0x0000021099383720


Dynamic libraries:
0x00007ff7850b0000 - 0x00007ff7850be000 	D:\sts-4.29.1.RELEASE\plugins\org.eclipse.justj.openjdk.hotspot.jre.full.win32.x86_64_21.0.6.v20250130-0529\jre\bin\javaw.exe
0x00007ffd65f00000 - 0x00007ffd66168000 	C:\WINDOWS\SYSTEM32\ntdll.dll
0x00007ffd643f0000 - 0x00007ffd644b9000 	C:\WINDOWS\System32\KERNEL32.DLL
0x00007ffd63310000 - 0x00007ffd63708000 	C:\WINDOWS\System32\KERNELBASE.dll
0x00007ffd63050000 - 0x00007ffd6319b000 	C:\WINDOWS\System32\ucrtbase.dll
0x00007ffd431a0000 - 0x00007ffd431b8000 	D:\sts-4.29.1.RELEASE\plugins\org.eclipse.justj.openjdk.hotspot.jre.full.win32.x86_64_21.0.6.v20250130-0529\jre\bin\jli.dll
0x00007ffd46400000 - 0x00007ffd4641e000 	D:\sts-4.29.1.RELEASE\plugins\org.eclipse.justj.openjdk.hotspot.jre.full.win32.x86_64_21.0.6.v20250130-0529\jre\bin\VCRUNTIME140.dll
0x00007ffd65c40000 - 0x00007ffd65e07000 	C:\WINDOWS\System32\USER32.dll
0x00007ffd63230000 - 0x00007ffd63257000 	C:\WINDOWS\System32\win32u.dll
0x00007ffd644c0000 - 0x00007ffd644eb000 	C:\WINDOWS\System32\GDI32.dll
0x00007ffd622a0000 - 0x00007ffd62534000 	C:\WINDOWS\WinSxS\amd64_microsoft.windows.common-controls_6595b64144ccf1df_6.0.26100.7019_none_3e06ffa0e335b8a8\COMCTL32.dll
0x00007ffd637c0000 - 0x00007ffd638ec000 	C:\WINDOWS\System32\gdi32full.dll
0x00007ffd64230000 - 0x00007ffd642d9000 	C:\WINDOWS\System32\msvcrt.dll
0x00007ffd63260000 - 0x00007ffd63303000 	C:\WINDOWS\System32\msvcp_win.dll
0x00007ffd642f0000 - 0x00007ffd64321000 	C:\WINDOWS\System32\IMM32.DLL
0x00007ffd479a0000 - 0x00007ffd479ac000 	D:\sts-4.29.1.RELEASE\plugins\org.eclipse.justj.openjdk.hotspot.jre.full.win32.x86_64_21.0.6.v20250130-0529\jre\bin\vcruntime140_1.dll
0x00007ffd36490000 - 0x00007ffd3651d000 	D:\sts-4.29.1.RELEASE\plugins\org.eclipse.justj.openjdk.hotspot.jre.full.win32.x86_64_21.0.6.v20250130-0529\jre\bin\msvcp140.dll
0x00007ffd02650000 - 0x00007ffd033e0000 	D:\sts-4.29.1.RELEASE\plugins\org.eclipse.justj.openjdk.hotspot.jre.full.win32.x86_64_21.0.6.v20250130-0529\jre\bin\server\jvm.dll
0x00007ffd64330000 - 0x00007ffd643e4000 	C:\WINDOWS\System32\ADVAPI32.dll
0x00007ffd65e10000 - 0x00007ffd65eb6000 	C:\WINDOWS\System32\sechost.dll
0x00007ffd652e0000 - 0x00007ffd653f8000 	C:\WINDOWS\System32\RPCRT4.dll
0x00007ffd641b0000 - 0x00007ffd64224000 	C:\WINDOWS\System32\WS2_32.dll
0x00007ffd62eb0000 - 0x00007ffd62f0e000 	C:\WINDOWS\SYSTEM32\POWRPROF.dll
0x00007ffd52fb0000 - 0x00007ffd52fbb000 	C:\WINDOWS\SYSTEM32\VERSION.dll
0x00007ffd5c800000 - 0x00007ffd5c835000 	C:\WINDOWS\SYSTEM32\WINMM.dll
0x00007ffd62e90000 - 0x00007ffd62ea4000 	C:\WINDOWS\SYSTEM32\UMPDC.dll
0x00007ffd61440000 - 0x00007ffd6145b000 	C:\WINDOWS\SYSTEM32\kernel.appcore.dll
0x00007ffd43d50000 - 0x00007ffd43d5a000 	D:\sts-4.29.1.RELEASE\plugins\org.eclipse.justj.openjdk.hotspot.jre.full.win32.x86_64_21.0.6.v20250130-0529\jre\bin\jimage.dll
0x00007ffd62830000 - 0x00007ffd62a72000 	C:\WINDOWS\SYSTEM32\DBGHELP.DLL
0x00007ffd658b0000 - 0x00007ffd65c3b000 	C:\WINDOWS\System32\combase.dll
0x00007ffd654d0000 - 0x00007ffd655a7000 	C:\WINDOWS\System32\OLEAUT32.dll
0x00007ffd62700000 - 0x00007ffd6273c000 	C:\WINDOWS\SYSTEM32\dbgcore.DLL
0x00007ffd63710000 - 0x00007ffd637b5000 	C:\WINDOWS\System32\bcryptPrimitives.dll
0x00007ffd43230000 - 0x00007ffd4324f000 	D:\sts-4.29.1.RELEASE\plugins\org.eclipse.justj.openjdk.hotspot.jre.full.win32.x86_64_21.0.6.v20250130-0529\jre\bin\java.dll
0x00007ffd64b80000 - 0x00007ffd652cf000 	C:\WINDOWS\System32\SHELL32.dll
0x00007ffd638f0000 - 0x00007ffd63a5b000 	C:\WINDOWS\System32\wintypes.dll
0x00007ffd5ffa0000 - 0x00007ffd607fd000 	C:\WINDOWS\SYSTEM32\windows.storage.dll
0x00007ffd656f0000 - 0x00007ffd657e2000 	C:\WINDOWS\System32\SHCORE.dll
0x00007ffd63cb0000 - 0x00007ffd63d17000 	C:\WINDOWS\System32\shlwapi.dll
0x00007ffd62f70000 - 0x00007ffd62f99000 	C:\WINDOWS\SYSTEM32\profapi.dll
0x00007ffd43180000 - 0x00007ffd43198000 	D:\sts-4.29.1.RELEASE\plugins\org.eclipse.justj.openjdk.hotspot.jre.full.win32.x86_64_21.0.6.v20250130-0529\jre\bin\zip.dll
0x00007ffd432f0000 - 0x00007ffd43300000 	D:\sts-4.29.1.RELEASE\plugins\org.eclipse.justj.openjdk.hotspot.jre.full.win32.x86_64_21.0.6.v20250130-0529\jre\bin\net.dll
0x00007ffd5c010000 - 0x00007ffd5c138000 	C:\WINDOWS\SYSTEM32\WINHTTP.dll
0x00007ffd619b0000 - 0x00007ffd61a1b000 	C:\WINDOWS\system32\mswsock.dll
0x00007ffd43160000 - 0x00007ffd43176000 	D:\sts-4.29.1.RELEASE\plugins\org.eclipse.justj.openjdk.hotspot.jre.full.win32.x86_64_21.0.6.v20250130-0529\jre\bin\nio.dll
0x00007ffd5d5d0000 - 0x00007ffd5d5da000 	D:\sts-4.29.1.RELEASE\plugins\org.eclipse.justj.openjdk.hotspot.jre.full.win32.x86_64_21.0.6.v20250130-0529\jre\bin\management.dll
0x00007ffd45450000 - 0x00007ffd4545b000 	D:\sts-4.29.1.RELEASE\plugins\org.eclipse.justj.openjdk.hotspot.jre.full.win32.x86_64_21.0.6.v20250130-0529\jre\bin\management_ext.dll
0x00007ffd656e0000 - 0x00007ffd656e8000 	C:\WINDOWS\System32\PSAPI.DLL
0x00007ffd43210000 - 0x00007ffd43228000 	C:\WINDOWS\system32\napinsp.dll
0x00007ffd60d20000 - 0x00007ffd60e4c000 	C:\WINDOWS\SYSTEM32\DNSAPI.dll
0x00007ffd60c90000 - 0x00007ffd60cc4000 	C:\WINDOWS\SYSTEM32\IPHLPAPI.DLL
0x00007ffd642e0000 - 0x00007ffd642ea000 	C:\WINDOWS\System32\NSI.dll
0x00007ffd41950000 - 0x00007ffd41962000 	C:\WINDOWS\System32\winrnr.dll
0x00007ffd41920000 - 0x00007ffd41942000 	C:\WINDOWS\system32\nlansp_c.dll
0x00007ffd41900000 - 0x00007ffd41916000 	C:\WINDOWS\system32\wshbth.dll
0x00007ffd58fd0000 - 0x00007ffd58fdb000 	C:\Windows\System32\rasadhlp.dll
0x00007ffd5c5d0000 - 0x00007ffd5c656000 	C:\WINDOWS\System32\fwpuclnt.dll
0x00007ffd62b80000 - 0x00007ffd62b9b000 	C:\WINDOWS\SYSTEM32\CRYPTSP.dll
0x00007ffd61e60000 - 0x00007ffd61e9a000 	C:\WINDOWS\system32\rsaenh.dll
0x00007ffd61a20000 - 0x00007ffd61a4b000 	C:\WINDOWS\SYSTEM32\USERENV.dll
0x00007ffd62f40000 - 0x00007ffd62f6a000 	C:\WINDOWS\SYSTEM32\bcrypt.dll
0x00007ffd61e50000 - 0x00007ffd61e5c000 	C:\WINDOWS\SYSTEM32\CRYPTBASE.dll
0x00007ffd50060000 - 0x00007ffd50069000 	D:\sts-4.29.1.RELEASE\plugins\org.eclipse.justj.openjdk.hotspot.jre.full.win32.x86_64_21.0.6.v20250130-0529\jre\bin\extnet.dll
0x00007ffd5d540000 - 0x00007ffd5d54e000 	D:\sts-4.29.1.RELEASE\plugins\org.eclipse.justj.openjdk.hotspot.jre.full.win32.x86_64_21.0.6.v20250130-0529\jre\bin\sunmscapi.dll
0x00007ffd63b20000 - 0x00007ffd63c97000 	C:\WINDOWS\System32\CRYPT32.dll
0x00007ffd62120000 - 0x00007ffd62150000 	C:\WINDOWS\SYSTEM32\ncrypt.dll
0x00007ffd62090000 - 0x00007ffd620cf000 	C:\WINDOWS\SYSTEM32\NTASN1.dll
0x00007ffd43150000 - 0x00007ffd43160000 	D:\sts-4.29.1.RELEASE\plugins\org.eclipse.justj.openjdk.hotspot.jre.full.win32.x86_64_21.0.6.v20250130-0529\jre\bin\verify.dll
0x00007ffd32d40000 - 0x00007ffd32d48000 	C:\WINDOWS\system32\wshunix.dll

dbghelp: loaded successfully - version: 4.0.5 - missing functions: none
symbol engine: initialized successfully - sym options: 0x614 - pdb path: .;D:\sts-4.29.1.RELEASE\plugins\org.eclipse.justj.openjdk.hotspot.jre.full.win32.x86_64_21.0.6.v20250130-0529\jre\bin;C:\WINDOWS\SYSTEM32;C:\WINDOWS\WinSxS\amd64_microsoft.windows.common-controls_6595b64144ccf1df_6.0.26100.7019_none_3e06ffa0e335b8a8;D:\sts-4.29.1.RELEASE\plugins\org.eclipse.justj.openjdk.hotspot.jre.full.win32.x86_64_21.0.6.v20250130-0529\jre\bin\server

VM Arguments:
jvm_args: -Dcom.sun.management.jmxremote -Dcom.sun.management.jmxremote.port=49489 -Dcom.sun.management.jmxremote.authenticate=false -Dcom.sun.management.jmxremote.ssl=false -Djava.rmi.server.hostname=localhost -Dspring.jmx.enabled=true -Dmanagement.endpoints.jmx.exposure.include=* -Dspring.application.admin.enabled=true -Dspring.output.ansi.enabled=always -XX:TieredStopAtLevel=1 -Dspring.boot.project.name=maharecruitment-web -Dfile.encoding=UTF-8 -Dstdout.encoding=UTF-8 -Dstderr.encoding=UTF-8 -XX:+ShowCodeDetailsInExceptionMessages 
java_command: com.maharecruitment.gov.in.web.MaharecruitmentParentApplication
java_class_path (initial): C:\Users\Akanksha.Surve\git\NewMaharecuitrment\maharecruitment-web\target\classes;C:\Users\Akanksha.Surve\.m2\repository\org\springframework\boot\spring-boot-starter-web\3.5.3\spring-boot-starter-web-3.5.3.jar;C:\Users\Akanksha.Surve\.m2\repository\org\springframework\boot\spring-boot-starter\3.5.3\spring-boot-starter-3.5.3.jar;C:\Users\Akanksha.Surve\.m2\repository\org\yaml\snakeyaml\2.4\snakeyaml-2.4.jar;C:\Users\Akanksha.Surve\.m2\repository\org\springframework\boot\spring-boot-starter-json\3.5.3\spring-boot-starter-json-3.5.3.jar;C:\Users\Akanksha.Surve\.m2\repository\com\fasterxml\jackson\core\jackson-databind\2.19.1\jackson-databind-2.19.1.jar;C:\Users\Akanksha.Surve\.m2\repository\com\fasterxml\jackson\datatype\jackson-datatype-jdk8\2.19.1\jackson-datatype-jdk8-2.19.1.jar;C:\Users\Akanksha.Surve\.m2\repository\com\fasterxml\jackson\module\jackson-module-parameter-names\2.19.1\jackson-module-parameter-names-2.19.1.jar;C:\Users\Akanksha.Surve\.m2\repository\org\springframework\spring-web\6.2.8\spring-web-6.2.8.jar;C:\Users\Akanksha.Surve\.m2\repository\org\springframework\spring-beans\6.2.8\spring-beans-6.2.8.jar;C:\Users\Akanksha.Surve\.m2\repository\io\micrometer\micrometer-observation\1.15.1\micrometer-observation-1.15.1.jar;C:\Users\Akanksha.Surve\.m2\repository\io\micrometer\micrometer-commons\1.15.1\micrometer-commons-1.15.1.jar;C:\Users\Akanksha.Surve\.m2\repository\org\springframework\spring-webmvc\6.2.8\spring-webmvc-6.2.8.jar;C:\Users\Akanksha.Surve\.m2\repository\org\springframework\spring-context\6.2.8\spring-context-6.2.8.jar;C:\Users\Akanksha.Surve\.m2\repository\org\springframework\spring-expression\6.2.8\spring-expression-6.2.8.jar;C:\Users\Akanksha.Surve\.m2\repository\org\springframework\boot\spring-boot-starter-security\3.5.3\spring-boot-starter-security-3.5.3.jar;C:\Users\Akanksha.Surve\.m2\repository\org\springframework\spring-aop\6.2.8\spring-aop-6.2.8.jar;C:\Users\Akanksha.Surve\.m2\repository\org\springframework\security\spring-security-config\6.5.1\spring-security-config-6.5.1.jar;C:\Users\Akanksha.Surve\.m2\repository\org\springframework\security\spring-security-web\6.5.1\spring-security-web-6.5.1.jar;C:\Users\Akanksha.Surve\.m2\repository\org\springframework\boot\spring-boot-starter-thymeleaf\3.5.3\spring-boot-starter-thymeleaf-3.5.3.jar;C:\Users\Akanksha.Surve\.m2\repository\org\thymeleaf\thymeleaf-spring6\3.1.3.RELEASE\thymeleaf-spring6-3.1.3.RELEASE.jar;C:\Users\Akanksha.Surve\.m2\repository\org\thymeleaf\thymeleaf\3.1.3.RELEASE\thymeleaf-3.1.3.RELEASE.jar;C:\Users\Akanksha.Surve\.m2\repository\org\attoparser\attoparser\2.0.7.RELEASE\attoparser-2.0.7.RELEASE.jar;C:\Users\Akanksha.Surve\.m2\repository\org\unbescape\unbescape\1.1.6.RELEASE\unbescape-1.1.6.RELEASE.jar;C:\Users\Akanksha.Surve\.m2\repository\org\springframework\boot\spring-boot-starter-data-jpa\3.5.3\spring-boot-starter-data-jpa-3.5.3.jar;C:\Users\Akanksha.Surve\.m2\repository\org\springframework\boot\spring-boot-starter-jdbc\3.5.3\spring-boot-starter-jdbc-3.5.3.jar;C:\Users\Akanksha.Surve\.m2\repository\com\zaxxer\HikariCP\6.3.0\HikariCP-6.3.0.jar;C:\Users\Akanksha.Surve\.m2\repository\org\springframework\spring-jdbc\6.2.8\spring-jdbc-6.2.8.jar;C:\Users\Akanksha.Surve\.m2\repository\org\hibernate\orm\hibernate-core\6.6.18.Final\hibernate-core-6.6.18.Final.jar;C:\Users\Akanksha.Surve\.m2\repository\jakarta\persistence\jakarta.persistence-api\3.1.0\jakarta.persistence-api-3.1.0.jar;C:\Users\Akanksha.Surve\.m2\repository\jakarta\transaction\jakarta.transaction-api\2.0.1\jakarta.transaction-api-2.0.1.jar;C:\Users\Akanksha.Surve\.m2\repository\org\jboss\logging\jboss-logging\3.6.1.Final\jboss-logging-3.6.1.Final.jar;C:\Users\Akanksha.Surve\.m2\repository\org\hibernate\common\hibernate-commons-annotations\7.0.3.Final\hibernate-commons-annotations-7.0.3.Final.jar;C:\Users\Akanksha.Surve\.m2\repository\io\smallrye\jandex\3.2.0\jandex-3.2.0.jar;C:\Users\Akanksha.Surve\.m2\repository\com\fasterxml\classmate\1.7.0\classmate-1.7.0.jar;C:\Users\Akanksha.Surve\.m2\repository\net\bytebuddy\byte-buddy\1.17.6\byte-buddy-1.17.6.jar;C:\Users\Akanksha.Surve\.m2\repository\org\glassfish\jaxb\jaxb-runtime\4.0.5\jaxb-runtime-4.0.5.jar;C:\Users\Akanksha.Surve\.m2\repository\org\glassfish\jaxb\jaxb-core\4.0.5\jaxb-core-4.0.5.jar;C:\Users\Akanksha.Surve\.m2\repository\org\glassfish\jaxb\txw2\4.0.5\txw2-4.0.5.jar;C:\Users\Akanksha.Surve\.m2\repository\com\sun\istack\istack-commons-runtime\4.1.2\istack-commons-runtime-4.1.2.jar;C:\Users\Akanksha.Surve\.m2\repository\jakarta\inject\jakarta.inject-api\2.0.1\jakarta.inject-api-2.0.1.jar;C:\Users\Akanksha.Surve\.m2\repository\org\antlr\antlr4-runtime\4.13.0\antlr4-runtime-4.13.0.jar;C:\Users\Akanksha.Surve\.m2\repository\org\springframework\data\spring-data-jpa\3.5.1\spring-data-jpa-3.5.1.jar;C:\Users\Akanksha.Surve\.m2\repository\org\springframework\data\spring-data-commons\3.5.1\spring-data-commons-3.5.1.jar;C:\Users\Akanksha.Surve\.m2\repository\org\springframework\spring-orm\6.2.8\spring-orm-6.2.8.jar;C:\Users\Akanksha.Surve\.m2\repository\org\springframework\spring-tx\6.2.8\spring-tx-6.2.8.jar;C:\Users\Akanksha.Surve\.m2\repository\org\springframework\spring-aspects\6.2.8\spring-aspects-6.2.8.jar;C:\Users\Akanksha.Surve\.m2\repository\org\aspectj\aspectjweaver\1.9.24\aspectjweaver-1.9.24.jar;C:\Users\Akanksha.Surve\.m2\repository\org\springframework\boot\spring-boot-starter-logging\3.5.3\spring-boot-starter-logging-3.5.3.jar;C:\Users\Akanksha.Surve\.m2\repository\ch\qos\logback\logback-classic\1.5.18\logback-classic-1.5.18.jar;C:\Users\Akanksha.Surve\.m2\repository\ch\qos\logback\logback-core\1.5.18\logback-core-1.5.18.jar;C:\Users\Akanksha.Surve\.m2\repository\org\apache\logging\log4j\log4j-to-slf4j\2.24.3\log4j-to-slf4j-2.24.3.jar;C:\Users\Akanksha.Surve\.m2\repository\org\slf4j\jul-to-slf4j\2.0.17\jul-to-slf4j-2.0.17.jar;C:\Users\Akanksha.Surve\.m2\repository\org\springframework\boot\spring-boot-starter-validation\3.5.3\spring-boot-starter-validation-3.5.3.jar;C:\Users\Akanksha.Surve\.m2\repository\org\apache\tomcat\embed\tomcat-embed-el\10.1.42\tomcat-embed-el-10.1.42.jar;C:\Users\Akanksha.Surve\.m2\repository\org\hibernate\validator\hibernate-validator\8.0.2.Final\hibernate-validator-8.0.2.Final.jar;C:\Users\Akanksha.Surve\.m2\repository\jakarta\validation\jakarta.validation-api\3.0.2\jakarta.validation-api-3.0.2.jar;C:\Users\Akanksha.Surve\.m2\repository\org\flywaydb\flyway-core\11.7.2\flyway-core-11.7.2.jar;C:\Users\Akanksha.Surve\.m2\repository\com\fasterxml\jackson\dataformat\jackson-dataformat-toml\2.19.1\jackson-dataformat-toml-2.19.1.jar;C:\Users\Akanksha.Surve\.m2\repository\com\fasterxml\jackson\core\jackson-core\2.19.1\jackson-core-2.19.1.jar;C:\Users\Akanksha.Surve\.m2\repository\com\fasterxml\jackson\datatype\jackson-datatype-jsr310\2.19.1\jackson-datatype-jsr310-2.19.1.jar;C:\Users\Akanksha.Surve\.m2\repository\com\fasterxml\jackson\core\jackson-annotations\2.19.1\jackson-annotations-2.19.1.jar;C:\Users\Akanksha.Surve\.m2\repository\org\flywaydb\flyway-database-postgresql\11.7.2\flyway-database-postgresql-11.7.2.jar;C:\Users\Akanksha.Surve\.m2\repository\org\springframework\boot\spring-boot-starter-tomcat\3.5.3\spring-boot-starter-tomcat-3.5.3.jar;C:\Users\Akanksha.Surve\.m2\repository\jakarta\annotation\jakarta.annotation-api\2.1.1\jakarta.annotation-api-2.1.1.jar;C:\Users\Akanksha.Surve\.m2\repository\org\apache\tomcat\embed\tomcat-embed-core\10.1.42\tomcat-embed-core-10.1.42.jar;C:\Users\Akanksha.Surve\.m2\repository\org\apache\tomcat\embed\tomcat-embed-websocket\10.1.42\tomcat-embed-websocket-10.1.42.jar;C:\Users\Akanksha.Surve\git\NewMaharecuitrment\maharecruitment-common\target\classes;C:\Users\Akanksha.Surve\git\NewMaharecuitrment\maharecruitment-attendance\target\classes;C:\Users\Akanksha.Surve\git\NewMaharecuitrment\maharecruitment-scheduler\target\classes;C:\Users\Akanksha.Surve\git\NewMaharecuitrment\maharecruitment-security\target\classes;C:\Users\Akanksha.Surve\git\NewMaharecuitrment\maharecruitment-auth\target\classes;C:\Users\Akanksha.Surve\git\NewMaharecuitrment\maharecruitment-agency\target\classes;C:\Users\Akanksha.Surve\git\NewMaharecuitrment\maharecruitment-master\target\classes;C:\Users\Akanksha.Surve\git\NewMaharecuitrment\maharecruitment-department\target\classes;C:\Users\Akanksha.Surve\git\NewMaharecuitrment\maharecruitment-invoice\target\classes;C:\Users\Akanksha.Surve\git\NewMaharecuitrment\maharecruitment-recruitment\target\classes;C:\Users\Akanksha.Surve\git\NewMaharecuitrment\maharecruitment-notification\target\classes;C:\Users\Akanksha.Surve\git\NewMaharecuitrment\maharecruitment-workorder\target\classes;C:\Users\Akanksha.Surve\git\NewMaharecuitrment\maharecruitment-audit\target\classes;C:\Users\Akanksha.Surve\.m2\repository\com\google\zxing\core\3.5.4\core-3.5.4.jar;C:\Users\Akanksha.Surve\.m2\repository\com\google\zxing\javase\3.5.4\javase-3.5.4.jar;C:\Users\Akanksha.Surve\.m2\repository\org\jcommander\jcommander\1.85\jcommander-1.85.jar;C:\Users\Akanksha.Surve\.m2\repository\com\github\jai-imageio\jai-imageio-core\1.4.0\jai-imageio-core-1.4.0.jar;C:\Users\Akanksha.Surve\.m2\repository\org\thymeleaf\extras\thymeleaf-extras-springsecurity6\3.1.3.RELEASE\thymeleaf-extras-springsecurity6-3.1.3.RELEASE.jar;C:\Users\Akanksha.Surve\.m2\repository\org\slf4j\slf4j-api\2.0.17\slf4j-api-2.0.17.jar;C:\Users\Akanksha.Surve\.m2\repository\org\springframework\boot\spring-boot-devtools\3.5.3\spring-boot-devtools-3.5.3.jar;C:\Users\Akanksha.Surve\.m2\repository\org\springframework\boot\spring-boot\3.5.3\spring-boot-3.5.3.jar;C:\Users\Akanksha.Surve\.m2\repository\org\springframework\boot\spring-boot-autoconfigure\3.5.3\spring-boot-autoconfigure-3.5.3.jar;C:\Users\Akanksha.Surve\.m2\repository\org\postgresql\postgresql\42.7.7\postgresql-42.7.7.jar;C:\Users\Akanksha.Surve\.m2\repository\org\checkerframework\checker-qual\3.49.3\checker-qual-3.49.3.jar;C:\Users\Akanksha.Surve\.m2\repository\org\projectlombok\lombok\1.18.38\lombok-1.18.38.jar;C:\Users\Akanksha.Surve\.m2\repository\jakarta\xml\bind\jakarta.xml.bind-api\4.0.2\jakarta.xml.bind-api-4.0.2.jar;C:\Users\Akanksha.Surve\.m2\repository\jakarta\activation\jakarta.activation-api\2.1.3\jakarta.activation-api-2.1.3.jar;C:\Users\Akanksha.Surve\.m2\repository\org\springframework\spring-core\6.2.8\spring-core-6.2.8.jar;C:\Users\Akanksha.Surve\.m2\repository\org\springframework\spring-jcl\6.2.8\spring-jcl-6.2.8.jar;C:\Users\Akanksha.Surve\.m2\repository\org\springframework\security\spring-security-core\6.5.1\spring-security-core-6.5.1.jar;C:\Users\Akanksha.Surve\.m2\repository\org\springframework\security\spring-security-crypto\6.5.1\spring-security-crypto-6.5.1.jar;C:\Users\Akanksha.Surve\.m2\repository\org\springframework\boot\spring-boot-starter-mail\3.5.3\spring-boot-starter-mail-3.5.3.jar;C:\Users\Akanksha.Surve\.m2\repository\org\springframework\spring-context-support\6.2.8\spring-context-support-6.2.8.jar;C:\Users\Akanksha.Surve\.m2\repository\org\eclipse\angus\jakarta.mail\2.0.3\jakarta.mail-2.0.3.jar;C:\Users\Akanksha.Surve\.m2\repository\org\eclipse\angus\angus-activation\2.0.2\angus-activation-2.0.2.jar;C:\Users\Akanksha.Surve\.m2\repository\org\apache\poi\poi-ooxml\5.2.3\poi-ooxml-5.2.3.jar;C:\Users\Akanksha.Surve\.m2\repository\org\apache\poi\poi\5.2.3\poi-5.2.3.jar;C:\Users\Akanksha.Surve\.m2\repository\commons-codec\commons-codec\1.18.0\commons-codec-1.18.0.jar;C:\Users\Akanksha.Surve\.m2\repository\org\apache\commons\commons-math3\3.6.1\commons-math3-3.6.1.jar;C:\Users\Akanksha.Surve\.m2\repository\com\zaxxer\SparseBitSet\1.2\SparseBitSet-1.2.jar;C:\Users\Akanksha.Surve\.m2\repository\org\apache\poi\poi-ooxml-lite\5.2.3\poi-ooxml-lite-5.2.3.jar;C:\Users\Akanksha.Surve\.m2\repository\org\apache\xmlbeans\xmlbeans\5.1.1\xmlbeans-5.1.1.jar;C:\Users\Akanksha.Surve\.m2\repository\org\apache\commons\commons-compress\1.21\commons-compress-1.21.jar;C:\Users\Akanksha.Surve\.m2\repository\commons-io\commons-io\2.11.0\commons-io-2.11.0.jar;C:\Users\Akanksha.Surve\.m2\repository\com\github\virtuald\curvesapi\1.07\curvesapi-1.07.jar;C:\Users\Akanksha.Surve\.m2\repository\org\apache\logging\log4j\log4j-api\2.24.3\log4j-api-2.24.3.jar;C:\Users\Akanksha.Surve\.m2\repository\org\apache\commons\commons-collections4\4.4\commons-collections4-4.4.jar;C:\Users\Akanksha.Surve\.m2\repository\cn\apiclub\tool\simplecaptcha\1.2.2\simplecaptcha-1.2.2.jar;C:\Users\Akanksha.Surve\.m2\repository\org\mapstruct\mapstruct\1.5.2.Final\mapstruct-1.5.2.Final.jar;C:\Users\Akanksha.Surve\.m2\repository\org\mapstruct\mapstruct-processor\1.5.2.Final\mapstruct-processor-1.5.2.Final.jar
Launcher Type: SUN_STANDARD

[Global flags]
     intx CICompilerCount                          = 12                                        {product} {ergonomic}
     uint ConcGCThreads                            = 3                                         {product} {ergonomic}
     uint G1ConcRefinementThreads                  = 13                                        {product} {ergonomic}
   size_t G1HeapRegionSize                         = 4194304                                   {product} {ergonomic}
    uintx GCDrainStackTargetSize                   = 64                                        {product} {ergonomic}
   size_t InitialHeapSize                          = 532676608                                 {product} {ergonomic}
     bool ManagementServer                         = true                                      {product} {command line}
   size_t MarkStackSize                            = 4194304                                   {product} {ergonomic}
   size_t MaxHeapSize                              = 8510242816                                {product} {ergonomic}
   size_t MaxNewSize                               = 5104467968                                {product} {ergonomic}
   size_t MinHeapDeltaBytes                        = 4194304                                   {product} {ergonomic}
   size_t MinHeapSize                              = 8388608                                   {product} {ergonomic}
    uintx NonNMethodCodeHeapSize                   = 4096                                   {pd product} {ergonomic}
    uintx NonProfiledCodeHeapSize                  = 0                                      {pd product} {ergonomic}
     bool ProfileInterpreter                       = false                                  {pd product} {command line}
    uintx ProfiledCodeHeapSize                     = 0                                      {pd product} {ergonomic}
     bool ShowCodeDetailsInExceptionMessages       = true                                   {manageable} {command line}
   size_t SoftMaxHeapSize                          = 8510242816                             {manageable} {ergonomic}
     intx TieredStopAtLevel                        = 1                                         {product} {command line}
     bool UseCompressedOops                        = true                           {product lp64_product} {ergonomic}
     bool UseG1GC                                  = true                                      {product} {ergonomic}
     bool UseLargePagesIndividualAllocation        = false                                  {pd product} {ergonomic}

Logging:
Log output configuration:
 #0: stdout all=warning uptime,level,tags foldmultilines=false
 #1: stderr all=off uptime,level,tags foldmultilines=false

Environment Variables:
PATH=D:/sts-4.29.1.RELEASE//plugins/org.eclipse.justj.openjdk.hotspot.jre.full.win32.x86_64_21.0.6.v20250130-0529/jre/bin/server;D:/sts-4.29.1.RELEASE//plugins/org.eclipse.justj.openjdk.hotspot.jre.full.win32.x86_64_21.0.6.v20250130-0529/jre/bin;C:\Program Files\Common Files\Oracle\Java\javapath;C:\Program Files (x86)\Common Files\Oracle\Java\javapath;C:\WINDOWS\system32;C:\WINDOWS;C:\WINDOWS\System32\Wbem;C:\WINDOWS\System32\WindowsPowerShell\v1.0\;C:\WINDOWS\System32\OpenSSH\;C:\Program Files\PuTTY\;C:\Program Files\nodejs\;C:\Users\Akanksha.Surve\AppData\Local\Microsoft\WindowsApps;C:\Users\Akanksha.Surve\AppData\Roaming\npm;C:\Users\Akanksha.Surve\AppData\Local\Programs\Git\cmd;C:\Users\Akanksha.Surve\AppData\Local\Programs\Antigravity\bin;D:\sts-4.29.1.RELEASE;
USERNAME=Akanksha.Surve
OS=Windows_NT
PROCESSOR_IDENTIFIER=Intel64 Family 6 Model 191 Stepping 2, GenuineIntel
TMP=C:\Users\AKANKS~1.SUR\AppData\Local\Temp
TEMP=C:\Users\AKANKS~1.SUR\AppData\Local\Temp




Periodic native trim disabled

---------------  S Y S T E M  ---------------

OS:
 Windows 11 , 64 bit Build 26100 (10.0.26100.7019)
OS uptime: 0 days 20:16 hours
Hyper-V role detected

CPU: total 16 (initial active 16) (8 cores per cpu, 2 threads per core) family 6 model 191 stepping 2 microcode 0x3a, cx8, cmov, fxsr, ht, mmx, 3dnowpref, sse, sse2, sse3, ssse3, sse4.1, sse4.2, popcnt, lzcnt, tsc, tscinvbit, avx, avx2, aes, erms, clmul, bmi1, bmi2, adx, sha, fma, vzeroupper, clflush, clflushopt, clwb, hv, serialize, rdtscp, rdpid, fsrm, f16c, cet_ibt, cet_ss
Processor Information for the first 16 processors :
  Max Mhz: 2500, Current Mhz: 2500, Mhz Limit: 2500

Memory: 4k page, system-wide physical 32454M (16925M free)
TotalPageFile size 34502M (AvailPageFile size 12609M)
current process WorkingSet (physical memory assigned to process): 529M, peak: 598M
current process commit charge ("private bytes"): 610M, peak: 640M

vm_info: OpenJDK 64-Bit Server VM (21.0.6+7-LTS) for windows-amd64 JRE (21.0.6+7-LTS), built on 2025-01-21T00:00:00Z by "admin" with MS VC++ 17.7 (VS2022)

END.
